Archive member included because of file (symbol)

tonclib/lib\libtonc.a(tonc_input.o)
                              main.o (key_poll)
tonclib/lib\libtonc.a(tonc_oam.o)
                              main.o (oam_init)
tonclib/lib\libtonc.a(tte_init_se.o)
                              main.o (tte_init_se)
tonclib/lib\libtonc.a(tte_main.o)
                              tonclib/lib\libtonc.a(tte_init_se.o) (tte_init_base)
tonclib/lib\libtonc.a(tonc_bios.o)
                              tonclib/lib\libtonc.a(tonc_input.o) (VBlankIntrWait)
tonclib/lib\libtonc.a(tonc_bios_ex.o)
                              tonclib/lib\libtonc.a(tte_main.o) (VBlankIntrDelay)
tonclib/lib\libtonc.a(tonc_memcpy.o)
                              main.o (memcpy32)
tonclib/lib\libtonc.a(sys8.o)
                              main.o (sys8Font)
tonclib/lib\libtonc.a(tonc_surface.o)
                              tonclib/lib\libtonc.a(tte_init_se.o) (srf_init)
tonclib/lib\libtonc.a(se_drawg.o)
                              tonclib/lib\libtonc.a(tte_init_se.o) (se_erase)
tonclib/lib\libtonc.a(tonc_sbmp16.o)
                              tonclib/lib\libtonc.a(se_drawg.o) (sbmp16_rect)
tonclib/lib\libtonc.a(tonc_memset.o)
                              tonclib/lib\libtonc.a(tonc_sbmp16.o) (memset16)
q:/devkitpro1.5.3/devkitarm/bin/../lib/gcc/arm-none-eabi/4.7.1/thumb\libgcc.a(_divsi3.o)
                              main.o (__aeabi_idiv)
q:/devkitpro1.5.3/devkitarm/bin/../lib/gcc/arm-none-eabi/4.7.1/thumb\libgcc.a(_dvmd_tls.o)
                              q:/devkitpro1.5.3/devkitarm/bin/../lib/gcc/arm-none-eabi/4.7.1/thumb\libgcc.a(_divsi3.o) (__aeabi_idiv0)
q:/devkitpro1.5.3/devkitarm/bin/../lib/gcc/arm-none-eabi/4.7.1/../../../../arm-none-eabi/lib/thumb\libc.a(lib_a-ctype_.o)
                              tonclib/lib\libtonc.a(tte_main.o) (__ctype_ptr__)
q:/devkitpro1.5.3/devkitarm/bin/../lib/gcc/arm-none-eabi/4.7.1/../../../../arm-none-eabi/lib/thumb\libc.a(lib_a-init.o)
                              q:/devkitpro1.5.3/devkitarm/bin/../lib/gcc/arm-none-eabi/4.7.1/../../../../arm-none-eabi/lib/thumb/gba_crt0.o (__libc_init_array)
q:/devkitpro1.5.3/devkitarm/bin/../lib/gcc/arm-none-eabi/4.7.1/../../../../arm-none-eabi/lib/thumb\libc.a(lib_a-memcpy-stub.o)
                              main.o (memcpy)
q:/devkitpro1.5.3/devkitarm/bin/../lib/gcc/arm-none-eabi/4.7.1/../../../../arm-none-eabi/lib/thumb\libc.a(lib_a-memset.o)
                              tonclib/lib\libtonc.a(tte_main.o) (memset)
q:/devkitpro1.5.3/devkitarm/bin/../lib/gcc/arm-none-eabi/4.7.1/../../../../arm-none-eabi/lib/thumb\libc.a(lib_a-sprintf.o)
                              main.o (sprintf)
q:/devkitpro1.5.3/devkitarm/bin/../lib/gcc/arm-none-eabi/4.7.1/../../../../arm-none-eabi/lib/thumb\libc.a(lib_a-strtol.o)
                              tonclib/lib\libtonc.a(tte_main.o) (strtol)
q:/devkitpro1.5.3/devkitarm/bin/../lib/gcc/arm-none-eabi/4.7.1/../../../../arm-none-eabi/lib/thumb\libc.a(lib_a-svfprintf.o)
                              q:/devkitpro1.5.3/devkitarm/bin/../lib/gcc/arm-none-eabi/4.7.1/../../../../arm-none-eabi/lib/thumb\libc.a(lib_a-sprintf.o) (_svfprintf_r)
q:/devkitpro1.5.3/devkitarm/bin/../lib/gcc/arm-none-eabi/4.7.1/../../../../arm-none-eabi/lib/thumb\libc.a(lib_a-wcrtomb.o)
                              q:/devkitpro1.5.3/devkitarm/bin/../lib/gcc/arm-none-eabi/4.7.1/../../../../arm-none-eabi/lib/thumb\libc.a(lib_a-svfprintf.o) (_wcrtomb_r)
q:/devkitpro1.5.3/devkitarm/bin/../lib/gcc/arm-none-eabi/4.7.1/../../../../arm-none-eabi/lib/thumb\libc.a(lib_a-wcsrtombs.o)
                              q:/devkitpro1.5.3/devkitarm/bin/../lib/gcc/arm-none-eabi/4.7.1/../../../../arm-none-eabi/lib/thumb\libc.a(lib_a-svfprintf.o) (_wcsrtombs_r)
q:/devkitpro1.5.3/devkitarm/bin/../lib/gcc/arm-none-eabi/4.7.1/../../../../arm-none-eabi/lib/thumb\libc.a(lib_a-wctomb_r.o)
                              q:/devkitpro1.5.3/devkitarm/bin/../lib/gcc/arm-none-eabi/4.7.1/../../../../arm-none-eabi/lib/thumb\libc.a(lib_a-wcrtomb.o) (__wctomb)
q:/devkitpro1.5.3/devkitarm/bin/../lib/gcc/arm-none-eabi/4.7.1/../../../../arm-none-eabi/lib/thumb\libc.a(lib_a-dtoa.o)
                              q:/devkitpro1.5.3/devkitarm/bin/../lib/gcc/arm-none-eabi/4.7.1/../../../../arm-none-eabi/lib/thumb\libc.a(lib_a-svfprintf.o) (_dtoa_r)
q:/devkitpro1.5.3/devkitarm/bin/../lib/gcc/arm-none-eabi/4.7.1/../../../../arm-none-eabi/lib/thumb\libc.a(lib_a-freer.o)
                              q:/devkitpro1.5.3/devkitarm/bin/../lib/gcc/arm-none-eabi/4.7.1/../../../../arm-none-eabi/lib/thumb\libc.a(lib_a-svfprintf.o) (_free_r)
q:/devkitpro1.5.3/devkitarm/bin/../lib/gcc/arm-none-eabi/4.7.1/../../../../arm-none-eabi/lib/thumb\libc.a(lib_a-impure.o)
                              q:/devkitpro1.5.3/devkitarm/bin/../lib/gcc/arm-none-eabi/4.7.1/../../../../arm-none-eabi/lib/thumb\libc.a(lib_a-sprintf.o) (_impure_ptr)
[...]
Memory Configuration

Name             Origin             Length             Attributes
rom              0x08000000         0x02000000
iwram            0x03000000         0x00008000
ewram            0x02000000         0x00040000
*default*        0x00000000         0xffffffff

Linker script and memory map

                0x08000000                __text_start = ORIGIN (rom)
                0x02040000                __eheap_end = (ORIGIN (ewram) + 0x40000)
                0x03000000                __iwram_start = ORIGIN (iwram)
                0x03008000                __iwram_top = (ORIGIN (iwram) + 0x8000)
                0x03007fa0                __sp_irq = (__iwram_top - 0x60)
                0x03007f00                __sp_usr = (__sp_irq - 0xa0)
                0x03007ff8                __irq_flags = 0x3007ff8
                0x08000000                . = __text_start

.init           0x08000000      0x21c
 *(.init)
 .init          0x08000000      0x210 q:/devkitpro1.5.3/devkitarm/bin/../lib/gcc/arm-none-eabi/4.7.1/../../../../arm-none-eabi/lib/thumb/gba_crt0.o
                0x08000000                _start
                0x080000c4                __boot_method
                0x080000c5                __slave_number
                0x080000e0                start_vector
 .init          0x08000210        0x4 q:/devkitpro1.5.3/devkitarm/bin/../lib/gcc/arm-none-eabi/4.7.1/thumb/crti.o
                0x08000210                _init
 .init          0x08000214        0x8 q:/devkitpro1.5.3/devkitarm/bin/../lib/gcc/arm-none-eabi/4.7.1/thumb/crtn.o
                0x0800021c                . = ALIGN (0x4)

.plt            0x0800021c        0x0
 *(.plt)
                0x0800021c                . = ALIGN (0x4)

.text           0x08000220     0xca10
 *(EXCLUDE_FILE(*.iwram*) .text)
 .text          0x08000220        0x0 q:/devkitpro1.5.3/devkitarm/bin/../lib/gcc/arm-none-eabi/4.7.1/../../../../arm-none-eabi/lib/thumb/gba_crt0.o
 .text          0x08000220        0x0 q:/devkitpro1.5.3/devkitarm/bin/../lib/gcc/arm-none-eabi/4.7.1/thumb/crti.o
 .text          0x08000220       0xd0 q:/devkitpro1.5.3/devkitarm/bin/../lib/gcc/arm-none-eabi/4.7.1/thumb/crtbegin.o
 .text          0x080002f0     0x2c34 main.o
                0x080002f0                isOdd
                0x08000304                merge
                0x080003c8                collision
                0x08000428                correctBox
                0x08000460                move
                0x08000608                createGrid
                0x08000634                addBackground
                0x080006b0                init
                0x08000b8c                initTutorial
                0x08000cd4                initStage1
                0x08000e50                initStage2
                0x08001074                initStage3
                0x08001230                initStage4
                0x080014fc                initStage5
                0x080017a4                initStage6
                0x08001ac4                draw
                0x08001e80                attractModeInit
                0x08002110                update
                0x08002e0c                attractModeUdate
 .text          0x08002f24        0x0 boxes/BoxClear.o
 .text          0x08002f24        0x0 boxes/Box1.o
 .text          0x08002f24        0x0 boxes/Box2.o
 .text          0x08002f24        0x0 boxes/Box3.o
 .text          0x08002f24        0x0 boxes/Box4.o
 .text          0x08002f24        0x0 boxes/Box5.o
 .text          0x08002f24        0x0 boxes/Box6.o
 .text          0x08002f24        0x0 boxes/Box7.o
 .text          0x08002f24        0x0 boxes/Box8.o
 .text          0x08002f24        0x0 boxes/Box9.o
 .text          0x08002f24        0x0 dropbox/DBox1clear.o
 .text          0x08002f24        0x0 dropbox/DBox2clear.o
 .text          0x08002f24        0x0 dropbox/DBox3clear.o
 .text          0x08002f24        0x0 dropbox/DBox4clear.o
 .text          0x08002f24        0x0 dropbox/DBox5clear.o
 .text          0x08002f24        0x0 dropbox/DBox6clear.o
 .text          0x08002f24        0x0 dropbox/DBox7clear.o
 .text          0x08002f24        0x0 dropbox/DBox8clear.o
 .text          0x08002f24        0x0 dropbox/DBox9clear.o
 .text          0x08002f24        0x0 dropbox/DBoxclear.o
 .text          0x08002f24        0x0 levels/StageTutPnP.o
 .text          0x08002f24        0x0 levels/StageTutPnPWALLS.o
 .text          0x08002f24        0x0 levels/Stage1Color.o
 .text          0x08002f24        0x0 levels/Stage1ColorWalls.o
 .text          0x08002f24        0x0 levels/Stage2ColorCombo.o
 .text          0x08002f24        0x0 levels/Stage2ColorComboWALL.o
 .text          0x08002f24        0x0 levels/Stage3NumberCombo.o
 .text          0x08002f24        0x0 levels/Stage3NumberComboWalls.o
 .text          0x08002f24        0x0 levels/Stage4.o
 .text          0x08002f24        0x0 levels/Stage4Walls.o
 .text          0x08002f24        0x0 levels/Stage5new.o
 .text          0x08002f24        0x0 levels/Stage5newWalls.o
 .text          0x08002f24        0x0 levels/Stage6Both.o
 .text          0x08002f24        0x0 levels/Stage6BothWalls.o
 .text          0x08002f24        0x0 levels/Stage7Both.o
 .text          0x08002f24        0x0 levels/Stage7BothWalls.o
 .text          0x08002f24        0x0 levels/Stage9Both.o
 .text          0x08002f24        0x0 levels/Stage9Walls.o
 .text          0x08002f24        0x0 other/EndZone.o
 .text          0x08002f24        0x0 player.o
 .text          0x08002f24        0x0 other/MovingBlocks.o
 .text          0x08002f24       0xac tonclib/lib\libtonc.a(tonc_input.o)
                0x08002f24                key_poll
                0x08002f7c                key_wait_till_hit
                0x08002fa0                key_repeat
                0x08002fac                key_repeat_mask
                0x08002fbc                key_repeat_limits
 .text          0x08002fd0       0xcc tonclib/lib\libtonc.a(tonc_oam.o)
                0x08002fd0                oam_init
                0x0800301c                obj_copy
                0x08003048                obj_hide_multi
                0x08003070                obj_unhide_multi
 .text          0x0800309c      0x15c tonclib/lib\libtonc.a(tte_init_se.o)
                0x0800309c                tte_init_se
 .text          0x080031f8      0x9e0 tonclib/lib\libtonc.a(tte_main.o)
                0x080031f8                dummy_drawg
                0x080031fc                dummy_erase
                0x08003200                tte_set_context
                0x0800321c                tte_set_color_attr
                0x0800322c                tte_set_color_attrs
                0x08003248                tte_set_color
                0x0800326c                tte_set_colors
                0x080032a8                tte_init_base
                0x0800333c                utf8_decode_char
                0x080033ec                tte_cmd_skip
                0x08003400                tte_cmd_next
                0x0800343c                tte_putc
                0x0800348c                tte_erase_rect
                0x080034a8                tte_erase_screen
                0x080034cc                tte_erase_line
                0x080034f4                tte_cmd_default
                0x080039b0                tte_write
                0x08003a9c                tte_write_ex
                0x08003acc                tte_get_text_size
                0x08003bb8                tte_set_margins
 .text          0x08003bd8       0x8c tonclib/lib\libtonc.a(tonc_bios.o)
                0x08003bd8                SoftReset
                0x08003bdc                RegisterRamReset
                0x08003be0                Halt
                0x08003be4                Stop
                0x08003be8                IntrWait
                0x08003bec                VBlankIntrWait
                0x08003bf0                Div
                0x08003bf4                DivArm
                0x08003bf8                Sqrt
                0x08003bfc                ArcTan
                0x08003c00                ArcTan2
                0x08003c04                CpuSet
                0x08003c08                CpuFastSet
                0x08003c0c                BiosCheckSum
                0x08003c10                BgAffineSet
                0x08003c14                ObjAffineSet
                0x08003c18                BitUnPack
                0x08003c1c                LZ77UnCompWram
                0x08003c20                LZ77UnCompVram
                0x08003c24                HuffUnComp
                0x08003c28                RLUnCompWram
                0x08003c2c                RLUnCompVram
                0x08003c30                Diff8bitUnFilterWram
                0x08003c34                Diff8bitUnFilterVram
                0x08003c38                Diff16bitUnFilter
                0x08003c3c                SoundBias
                0x08003c40                SoundDriverInit
                0x08003c44                SoundDriverMode
                0x08003c48                SoundDriverMain
                0x08003c4c                SoundDriverVSync
                0x08003c50                SoundChannelClear
                0x08003c54                MidiKey2Freq
                0x08003c58                MultiBoot
                0x08003c5c                SoundDriverVSyncOff
                0x08003c60                SoundDriverVSyncOn
 .text          0x08003c64       0x54 tonclib/lib\libtonc.a(tonc_bios_ex.o)
                0x08003c64                VBlankIntrDelay
                0x08003c74                DivSafe
                0x08003c88                Mod
                0x08003c90                DivAbs
                0x08003c98                DivArmMod
                0x08003ca0                DivArmAbs
                0x08003ca8                CpuFastFill
 .text          0x08003cb8       0x44 tonclib/lib\libtonc.a(tonc_memcpy.o)
                0x08003cb8                memcpy16
 .text          0x08003cfc        0x0 tonclib/lib\libtonc.a(sys8.o)
 .text          0x08003cfc      0x138 tonclib/lib\libtonc.a(tonc_surface.o)
                0x08003cfc                srf_init
                0x08003db4                srf_pal_copy
                0x08003dd4                srf_get_ptr
 .text          0x08003e34      0x174 tonclib/lib\libtonc.a(se_drawg.o)
                0x08003e34                se_erase
                0x08003e64                se_drawg_w8h8
                0x08003e90                se_drawg_w8h16
                0x08003ecc                se_drawg
                0x08003f3c                se_drawg_s
 .text          0x08003fa8      0x4d8 tonclib/lib\libtonc.a(tonc_sbmp16.o)
                0x08003fa8                sbmp16_get_pixel
                0x08003fb8                sbmp16_plot
                0x08003fcc                sbmp16_vline
                0x08004004                sbmp16_line
                0x080040e0                sbmp16_hline
                0x0800410c                sbmp16_frame
                0x08004198                sbmp16_rect
                0x080041f8                sbmp16_blit
                0x08004334                sbmp16_floodfill_internal
                0x08004458                sbmp16_floodfill
 .text          0x08004480       0x3c tonclib/lib\libtonc.a(tonc_memset.o)
                0x08004480                memset16
 .text          0x080044bc      0x150 q:/devkitpro1.5.3/devkitarm/bin/../lib/gcc/arm-none-eabi/4.7.1/thumb\libgcc.a(_divsi3.o)
                0x080044bc                __divsi3
                0x080044bc                __aeabi_idiv
                0x080045ec                __aeabi_idivmod
 .text          0x0800460c        0x4 q:/devkitpro1.5.3/devkitarm/bin/../lib/gcc/arm-none-eabi/4.7.1/thumb\libgcc.a(_dvmd_tls.o)
                0x0800460c                __aeabi_idiv0
                0x0800460c                __aeabi_ldiv0
 .text          0x08004610       0x10 q:/devkitpro1.5.3/devkitarm/bin/../lib/gcc/arm-none-eabi/4.7.1/../../../../arm-none-eabi/lib/thumb\libc.a(lib_a-ctype_.o)
                0x08004610                __set_ctype
 .text          0x08004620       0x54 q:/devkitpro1.5.3/devkitarm/bin/../lib/gcc/arm-none-eabi/4.7.1/../../../../arm-none-eabi/lib/thumb\libc.a(lib_a-init.o)
                0x08004620                __libc_init_array
 .text          0x08004674       0x90 q:/devkitpro1.5.3/devkitarm/bin/../lib/gcc/arm-none-eabi/4.7.1/../../../../arm-none-eabi/lib/thumb\libc.a(lib_a-memcpy-stub.o)
                0x08004674                memcpy
 .text          0x08004704       0x98 q:/devkitpro1.5.3/devkitarm/bin/../lib/gcc/arm-none-eabi/4.7.1/../../../../arm-none-eabi/lib/thumb\libc.a(lib_a-memset.o)
                0x08004704                memset
 .text          0x0800479c       0x84 q:/devkitpro1.5.3/devkitarm/bin/../lib/gcc/arm-none-eabi/4.7.1/../../../../arm-none-eabi/lib/thumb\libc.a(lib_a-sprintf.o)
                0x0800479c                _sprintf_r
                0x080047dc                sprintf
 .text          0x08004820      0x190 q:/devkitpro1.5.3/devkitarm/bin/../lib/gcc/arm-none-eabi/4.7.1/../../../../arm-none-eabi/lib/thumb\libc.a(lib_a-strtol.o)
                0x08004820                _strtol_r
                0x08004990                strtol
 .text          0x080049b0     0x1728 q:/devkitpro1.5.3/devkitarm/bin/../lib/gcc/arm-none-eabi/4.7.1/../../../../arm-none-eabi/lib/thumb\libc.a(lib_a-svfprintf.o)
                0x080049b0                _svfprintf_r
 .text          0x080060d8       0xe8 q:/devkitpro1.5.3/devkitarm/bin/../lib/gcc/arm-none-eabi/4.7.1/../../../../arm-none-eabi/lib/thumb\libc.a(lib_a-wcrtomb.o)
                0x080060d8                _wcrtomb_r
                0x08006140                wcrtomb
 .text          0x080061c0       0x40 q:/devkitpro1.5.3/devkitarm/bin/../lib/gcc/arm-none-eabi/4.7.1/../../../../arm-none-eabi/lib/thumb\libc.a(lib_a-wcsrtombs.o)
                0x080061c0                _wcsrtombs_r
                0x080061d8                wcsrtombs
 .text          0x08006200      0x2a4 q:/devkitpro1.5.3/devkitarm/bin/../lib/gcc/arm-none-eabi/4.7.1/../../../../arm-none-eabi/lib/thumb\libc.a(lib_a-wctomb_r.o)
                0x08006200                __utf8_wctomb
                0x080062b4                _wctomb_r
                0x080062ec                __ascii_wctomb
                0x0800630c                __sjis_wctomb
                0x08006388                __eucjp_wctomb
                0x08006424                __jis_wctomb
 *fill*         0x080064a4        0x4 ff
 .text          0x080064a8     0x10a0 q:/devkitpro1.5.3/devkitarm/bin/../lib/gcc/arm-none-eabi/4.7.1/../../../../arm-none-eabi/lib/thumb\libc.a(lib_a-dtoa.o)
                0x08006600                _dtoa_r
 .text          0x08007548      0x238 q:/devkitpro1.5.3/devkitarm/bin/../lib/gcc/arm-none-eabi/4.7.1/../../../../arm-none-eabi/lib/thumb\libc.a(lib_a-freer.o)
                0x08007548                _malloc_trim_r
                0x080075ec                _free_r
 .text          0x08007780        0x0 q:/devkitpro1.5.3/devkitarm/bin/../lib/gcc/arm-none-eabi/4.7.1/../../../../arm-none-eabi/lib/thumb\libc.a(lib_a-impure.o)
 .text          0x08007780      0x950 q:/devkitpro1.5.3/devkitarm/bin/../lib/gcc/arm-none-eabi/4.7.1/../../../../arm-none-eabi/lib/thumb\libc.a(lib_a-locale.o)
                0x08007e74                _setlocale_r
                0x08008070                __locale_charset
                0x08008078                __locale_mb_cur_max
                0x08008084                __locale_msgcharset
                0x08008090                __locale_cjk_lang
                0x0800809c                _localeconv_r
                0x080080a8                setlocale
                0x080080c4                localeconv
 .text          0x080080d0      0x51c q:/devkitpro1.5.3/devkitarm/bin/../lib/gcc/arm-none-eabi/4.7.1/../../../../arm-none-eabi/lib/thumb\libc.a(lib_a-mallocr.o)
                0x080080d0                _malloc_r
 .text          0x080085ec      0x584 q:/devkitpro1.5.3/devkitarm/bin/../lib/gcc/arm-none-eabi/4.7.1/../../../../arm-none-eabi/lib/thumb\libc.a(lib_a-mbtowc_r.o)
                0x080085ec                __utf8_mbtowc
                0x0800884c                _mbtowc_r
                0x08008888                __ascii_mbtowc
                0x080088b8                __sjis_mbtowc
                0x08008978                __eucjp_mbtowc
                0x08008a40                __jis_mbtowc
 .text          0x08008b70       0x98 q:/devkitpro1.5.3/devkitarm/bin/../lib/gcc/arm-none-eabi/4.7.1/../../../../arm-none-eabi/lib/thumb\libc.a(lib_a-memchr-stub.o)
                0x08008b70                memchr
 .text          0x08008c08        0x8 q:/devkitpro1.5.3/devkitarm/bin/../lib/gcc/arm-none-eabi/4.7.1/../../../../arm-none-eabi/lib/thumb\libc.a(lib_a-mlock.o)
                0x08008c08                __malloc_lock
                0x08008c0c                __malloc_unlock
 .text          0x08008c10      0x978 q:/devkitpro1.5.3/devkitarm/bin/../lib/gcc/arm-none-eabi/4.7.1/../../../../arm-none-eabi/lib/thumb\libc.a(lib_a-mprec.o)
                0x08008c10                _Balloc
                0x08008c64                _Bfree
                0x08008c7c                __multadd
                0x08008d28                __s2b
                0x08008dc4                __hi0bits
                0x08008dfc                __lo0bits
                0x08008e5c                __i2b
                0x08008e74                __multiply
                0x08008fd8                __pow5mult
                0x08009088                __lshift
                0x08009158                __mcmp
                0x08009194                __mdiff
                0x08009284                __ulp
                0x080092cc                __b2d
                0x08009370                __d2b
                0x08009428                __ratio
                0x080094a4                _mprec_log10
                0x080094e4                __copybits
                0x0800952c                __any_on
 .text          0x08009588       0x5c q:/devkitpro1.5.3/devkitarm/bin/../lib/gcc/arm-none-eabi/4.7.1/../../../../arm-none-eabi/lib/thumb\libc.a(lib_a-s_fpclassify.o)
                0x08009588                __fpclassifyd
 .text          0x080095e4       0x50 q:/devkitpro1.5.3/devkitarm/bin/../lib/gcc/arm-none-eabi/4.7.1/../../../../arm-none-eabi/lib/thumb\libc.a(lib_a-strcasecmp.o)
                0x080095e4                strcasecmp
 .text          0x08009634       0x50 q:/devkitpro1.5.3/devkitarm/bin/../lib/gcc/arm-none-eabi/4.7.1/../../../../arm-none-eabi/lib/thumb\libc.a(lib_a-strcat.o)
                0x08009634                strcat
 .text          0x08009684       0xd4 q:/devkitpro1.5.3/devkitarm/bin/../lib/gcc/arm-none-eabi/4.7.1/../../../../arm-none-eabi/lib/thumb\libc.a(lib_a-strchr.o)
                0x08009684                strchr
 .text          0x08009758       0x14 q:/devkitpro1.5.3/devkitarm/bin/../lib/gcc/arm-none-eabi/4.7.1/../../../../arm-none-eabi/lib/thumb\libc.a(lib_a-strcmp.o)
                0x08009758                strcmp
 .text          0x0800976c       0x10 q:/devkitpro1.5.3/devkitarm/bin/../lib/gcc/arm-none-eabi/4.7.1/../../../../arm-none-eabi/lib/thumb\libc.a(lib_a-strcpy.o)
                0x0800976c                strcpy
 .text          0x0800977c       0x48 q:/devkitpro1.5.3/devkitarm/bin/../lib/gcc/arm-none-eabi/4.7.1/../../../../arm-none-eabi/lib/thumb\libc.a(lib_a-strlcpy.o)
                0x0800977c                strlcpy
 .text          0x080097c4       0x10 q:/devkitpro1.5.3/devkitarm/bin/../lib/gcc/arm-none-eabi/4.7.1/../../../../arm-none-eabi/lib/thumb\libc.a(lib_a-strlen.o)
                0x080097c4                strlen
 .text          0x080097d4       0x60 q:/devkitpro1.5.3/devkitarm/bin/../lib/gcc/arm-none-eabi/4.7.1/../../../../arm-none-eabi/lib/thumb\libc.a(lib_a-strncasecmp.o)
                0x080097d4                strncasecmp
 .text          0x08009834       0xbc q:/devkitpro1.5.3/devkitarm/bin/../lib/gcc/arm-none-eabi/4.7.1/../../../../arm-none-eabi/lib/thumb\libc.a(lib_a-strncmp.o)
                0x08009834                strncmp
 .text          0x080098f0       0x60 q:/devkitpro1.5.3/devkitarm/bin/../lib/gcc/arm-none-eabi/4.7.1/../../../../arm-none-eabi/lib/thumb\libc.a(lib_a-strncpy.o)
                0x080098f0                strncpy
 .text          0x08009950      0xeb4 q:/devkitpro1.5.3/devkitarm/bin/../lib/gcc/arm-none-eabi/4.7.1/../../../../arm-none-eabi/lib/thumb\libc.a(lib_a-svfiprintf.o)
                0x08009950                __ssprint_r
                0x08009a80                _svfiprintf_r
 .text          0x0800a804      0x150 q:/devkitpro1.5.3/devkitarm/bin/../lib/gcc/arm-none-eabi/4.7.1/../../../../arm-none-eabi/lib/thumb\libc.a(lib_a-wcsnrtombs.o)
                0x0800a804                _wcsnrtombs_r
                0x0800a924                wcsnrtombs
 .text          0x0800a954       0x64 q:/devkitpro1.5.3/devkitarm/bin/../lib/gcc/arm-none-eabi/4.7.1/../../../../arm-none-eabi/lib/thumb\libc.a(lib_a-callocr.o)
                0x0800a954                _calloc_r
 .text          0x0800a9b8       0xa8 q:/devkitpro1.5.3/devkitarm/bin/../lib/gcc/arm-none-eabi/4.7.1/../../../../arm-none-eabi/lib/thumb\libc.a(lib_a-getenv_r.o)
                0x0800a9b8                _findenv_r
                0x0800aa50                _getenv_r
 .text          0x0800aa60       0xb0 q:/devkitpro1.5.3/devkitarm/bin/../lib/gcc/arm-none-eabi/4.7.1/../../../../arm-none-eabi/lib/thumb\libc.a(lib_a-memmove.o)
                0x0800aa60                memmove
 .text          0x0800ab10      0x3e8 q:/devkitpro1.5.3/devkitarm/bin/../lib/gcc/arm-none-eabi/4.7.1/../../../../arm-none-eabi/lib/thumb\libc.a(lib_a-reallocr.o)
                0x0800ab10                _realloc_r
 .text          0x0800aef8        0x0 q:/devkitpro1.5.3/devkitarm/bin/../lib/gcc/arm-none-eabi/4.7.1/../../../../arm-none-eabi/lib/thumb\libc.a(lib_a-environ.o)
 .text          0x0800aef8        0x8 q:/devkitpro1.5.3/devkitarm/bin/../lib/gcc/arm-none-eabi/4.7.1/../../../../arm-none-eabi/lib/thumb\libc.a(lib_a-envlock.o)
                0x0800aef8                __env_lock
                0x0800aefc                __env_unlock
 .text          0x0800af00       0x54 q:/devkitpro1.5.3/devkitarm/bin/../lib/gcc/arm-none-eabi/4.7.1/../../../../arm-none-eabi/lib/thumb\libsysbase.a(sbrk.o)
                0x0800af00                _sbrk_r
 .text          0x0800af54        0x0 q:/devkitpro1.5.3/devkitarm/bin/../lib/gcc/arm-none-eabi/4.7.1/../../../../arm-none-eabi/lib/thumb\libsysbase.a(malloc_vars.o)
 .text          0x0800af54      0x11c q:/devkitpro1.5.3/devkitarm/bin/../lib/gcc/arm-none-eabi/4.7.1/thumb\libgcc.a(_udivsi3.o)
                0x0800af54                __aeabi_uidiv
                0x0800af54                __udivsi3
                0x0800b050                __aeabi_uidivmod
 .text          0x0800b070      0x41c q:/devkitpro1.5.3/devkitarm/bin/../lib/gcc/arm-none-eabi/4.7.1/thumb\libgcc.a(_arm_addsubdf3.o)
                0x0800b070                __aeabi_drsub
                0x0800b078                __aeabi_dsub
                0x0800b078                __subdf3
                0x0800b07c                __aeabi_dadd
                0x0800b07c                __adddf3
                0x0800b38c                __floatunsidf
                0x0800b38c                __aeabi_ui2d
                0x0800b3b0                __floatsidf
                0x0800b3b0                __aeabi_i2d
                0x0800b3d8                __aeabi_f2d
                0x0800b3d8                __extendsfdf2
                0x0800b418                __floatundidf
                0x0800b418                __aeabi_ul2d
                0x0800b42c                __floatdidf
                0x0800b42c                __aeabi_l2d
 .text          0x0800b48c      0x49c q:/devkitpro1.5.3/devkitarm/bin/../lib/gcc/arm-none-eabi/4.7.1/thumb\libgcc.a(_arm_muldivdf3.o)
                0x0800b48c                __aeabi_dmul
                0x0800b48c                __muldf3
                0x0800b71c                __divdf3
                0x0800b71c                __aeabi_ddiv
 .text          0x0800b928      0x144 q:/devkitpro1.5.3/devkitarm/bin/../lib/gcc/arm-none-eabi/4.7.1/thumb\libgcc.a(_arm_cmpdf2.o)
                0x0800b928                __gtdf2
                0x0800b928                __gedf2
                0x0800b930                __ltdf2
                0x0800b930                __ledf2
                0x0800b938                __nedf2
                0x0800b938                __eqdf2
                0x0800b938                __cmpdf2
                0x0800b9c0                __aeabi_cdrcmple
                0x0800b9dc                __aeabi_cdcmpeq
                0x0800b9dc                __aeabi_cdcmple
                0x0800b9f4                __aeabi_dcmpeq
                0x0800ba0c                __aeabi_dcmplt
                0x0800ba24                __aeabi_dcmple
                0x0800ba3c                __aeabi_dcmpge
                0x0800ba54                __aeabi_dcmpgt
 .text          0x0800ba6c       0x5c q:/devkitpro1.5.3/devkitarm/bin/../lib/gcc/arm-none-eabi/4.7.1/thumb\libgcc.a(_arm_fixdfsi.o)
                0x0800ba6c                __aeabi_d2iz
                0x0800ba6c                __fixdfsi
 .text          0x0800bac8       0x3c q:/devkitpro1.5.3/devkitarm/bin/../lib/gcc/arm-none-eabi/4.7.1/thumb\libgcc.a(_aeabi_uldivmod.o)
                0x0800bac8                __aeabi_uldivmod
 .text          0x0800bb04       0x7c q:/devkitpro1.5.3/devkitarm/bin/../lib/gcc/arm-none-eabi/4.7.1/thumb\libgcc.a(bpabi.o)
                0x0800bb04                __gnu_ldivmod_helper
                0x0800bb44                __gnu_uldivmod_helper
 .text          0x0800bb80       0x4c q:/devkitpro1.5.3/devkitarm/bin/../lib/gcc/arm-none-eabi/4.7.1/thumb\libgcc.a(_muldi3.o)
                0x0800bb80                __muldi3
                0x0800bb80                __aeabi_lmul
 .text          0x0800bbcc      0x3d4 q:/devkitpro1.5.3/devkitarm/bin/../lib/gcc/arm-none-eabi/4.7.1/thumb\libgcc.a(_divdi3.o)
                0x0800bbcc                __divdi3
 .text          0x0800bfa0      0x3a0 q:/devkitpro1.5.3/devkitarm/bin/../lib/gcc/arm-none-eabi/4.7.1/thumb\libgcc.a(_udivdi3.o)
                0x0800bfa0                __udivdi3
 .text          0x0800c340       0x48 q:/devkitpro1.5.3/devkitarm/bin/../lib/gcc/arm-none-eabi/4.7.1/thumb\libgcc.a(_clzsi2.o)
                0x0800c340                __clzsi2
 .text          0x0800c388        0x0 q:/devkitpro1.5.3/devkitarm/bin/../lib/gcc/arm-none-eabi/4.7.1/thumb/crtend.o
 .text          0x0800c388        0x0 q:/devkitpro1.5.3/devkitarm/bin/../lib/gcc/arm-none-eabi/4.7.1/thumb/crtn.o
 *(.text .stub .text.* .gnu.linkonce.t.*)
 .text.startup  0x0800c388      0x7ec main.o
                0x0800c388                main
 *fill*         0x0800cb74        0x4 ff
 .text.startup.stub
                0x0800cb78       0xac linker stubs
 *(.text.*personality*)
 *(.gnu.warning)
 *(.glue_7t)
 .glue_7t       0x00000000        0x0 linker stubs
 *(.glue_7)
 .glue_7        0x00000000        0x0 linker stubs
 *(.vfp11_veneer)
 .vfp11_veneer  0x00000000        0x0 linker stubs
                0x0800cc24                . = ALIGN (0x4)
                0x0800cc24                __text_end = .

.v4_bx          0x0800cc30        0x0
 .v4_bx         0x00000000        0x0 linker stubs

.iplt           0x0800cc30        0x0
 .iplt          0x00000000        0x0 q:/devkitpro1.5.3/devkitarm/bin/../lib/gcc/arm-none-eabi/4.7.1/../../../../arm-none-eabi/lib/thumb/gba_crt0.o

.fini           0x0800cc30        0xc
 *(.fini)
 .fini          0x0800cc30        0x4 q:/devkitpro1.5.3/devkitarm/bin/../lib/gcc/arm-none-eabi/4.7.1/thumb/crti.o
                0x0800cc30                _fini
 .fini          0x0800cc34        0x8 q:/devkitpro1.5.3/devkitarm/bin/../lib/gcc/arm-none-eabi/4.7.1/thumb/crtn.o
                0x0800cc3c                . = ALIGN (0x4)

.rodata         0x0800cc40     0xfc4c
 *(.rodata)
 .rodata        0x0800cc40       0x6c main.o
 .rodata        0x0800ccac      0x220 boxes/BoxClear.o
                0x0800ccac                BoxClearPal
                0x0800ceac                BoxClearTiles
 .rodata        0x0800cecc      0x220 boxes/Box1.o
                0x0800cecc                Box1Pal
                0x0800d0cc                Box1Tiles
 .rodata        0x0800d0ec      0x220 boxes/Box2.o
                0x0800d0ec                Box2Pal
                0x0800d2ec                Box2Tiles
 .rodata        0x0800d30c      0x220 boxes/Box3.o
                0x0800d30c                Box3Pal
                0x0800d50c                Box3Tiles
 .rodata        0x0800d52c      0x220 boxes/Box4.o
                0x0800d52c                Box4Pal
                0x0800d72c                Box4Tiles
 .rodata        0x0800d74c      0x220 boxes/Box5.o
                0x0800d74c                Box5Pal
                0x0800d94c                Box5Tiles
 .rodata        0x0800d96c      0x220 boxes/Box6.o
                0x0800d96c                Box6Pal
                0x0800db6c                Box6Tiles
 .rodata        0x0800db8c      0x220 boxes/Box7.o
                0x0800db8c                Box7Pal
                0x0800dd8c                Box7Tiles
 .rodata        0x0800ddac      0x220 boxes/Box8.o
                0x0800ddac                Box8Pal
                0x0800dfac                Box8Tiles
 .rodata        0x0800dfcc      0x220 boxes/Box9.o
                0x0800dfcc                Box9Pal
                0x0800e1cc                Box9Tiles
 .rodata        0x0800e1ec      0x220 dropbox/DBox1clear.o
                0x0800e1ec                DBox1clearPal
                0x0800e3ec                DBox1clearTiles
 .rodata        0x0800e40c      0x220 dropbox/DBox2clear.o
                0x0800e40c                DBox2clearPal
                0x0800e60c                DBox2clearTiles
 .rodata        0x0800e62c      0x220 dropbox/DBox3clear.o
                0x0800e62c                DBox3clearPal
                0x0800e82c                DBox3clearTiles
 .rodata        0x0800e84c      0x220 dropbox/DBox4clear.o
                0x0800e84c                DBox4clearPal
                0x0800ea4c                DBox4clearTiles
 .rodata        0x0800ea6c      0x220 dropbox/DBox5clear.o
                0x0800ea6c                DBox5clearPal
                0x0800ec6c                DBox5clearTiles
 .rodata        0x0800ec8c      0x220 dropbox/DBox6clear.o
                0x0800ec8c                DBox6clearPal
                0x0800ee8c                DBox6clearTiles
 .rodata        0x0800eeac      0x220 dropbox/DBox7clear.o
                0x0800eeac                DBox7clearPal
                0x0800f0ac                DBox7clearTiles
 .rodata        0x0800f0cc      0x220 dropbox/DBox8clear.o
                0x0800f0cc                DBox8clearPal
                0x0800f2cc                DBox8clearTiles
 .rodata        0x0800f2ec      0x220 dropbox/DBox9clear.o
                0x0800f2ec                DBox9clearPal
                0x0800f4ec                DBox9clearTiles
 .rodata        0x0800f50c      0x220 dropbox/DBoxclear.o
                0x0800f50c                DBoxclearPal
                0x0800f70c                DBoxclearTiles
 .rodata        0x0800f72c      0xa40 levels/StageTutPnP.o
                0x0800f72c                StageTutPnPPal
                0x0800f92c                StageTutPnPMap
                0x0801012c                StageTutPnPTiles
 .rodata        0x0801016c      0xa40 levels/StageTutPnPWALLS.o
                0x0801016c                StageTutPnPWALLSPal
                0x0801036c                StageTutPnPWALLSMap
                0x08010b6c                StageTutPnPWALLSTiles
 .rodata        0x08010bac      0xa40 levels/Stage1Color.o
                0x08010bac                Stage1ColorPal
                0x08010dac                Stage1ColorMap
                0x080115ac                Stage1ColorTiles
 .rodata        0x080115ec      0xa40 levels/Stage1ColorWalls.o
                0x080115ec                Stage1ColorWallsPal
                0x080117ec                Stage1ColorWallsMap
                0x08011fec                Stage1ColorWallsTiles
 .rodata        0x0801202c      0xa40 levels/Stage2ColorCombo.o
                0x0801202c                Stage2ColorComboPal
                0x0801222c                Stage2ColorComboMap
                0x08012a2c                Stage2ColorComboTiles
 .rodata        0x08012a6c      0xa40 levels/Stage2ColorComboWALL.o
                0x08012a6c                Stage2ColorComboWALLPal
                0x08012c6c                Stage2ColorComboWALLMap
                0x0801346c                Stage2ColorComboWALLTiles
 .rodata        0x080134ac      0xa40 levels/Stage3NumberCombo.o
                0x080134ac                Stage3NumberComboPal
                0x080136ac                Stage3NumberComboMap
                0x08013eac                Stage3NumberComboTiles
 .rodata        0x08013eec      0xa40 levels/Stage3NumberComboWalls.o
                0x08013eec                Stage3NumberComboWallsPal
                0x080140ec                Stage3NumberComboWallsMap
                0x080148ec                Stage3NumberComboWallsTiles
 .rodata        0x0801492c      0xa40 levels/Stage4.o
                0x0801492c                Stage4Pal
                0x08014b2c                Stage4Map
                0x0801532c                Stage4Tiles
 .rodata        0x0801536c      0xa40 levels/Stage4Walls.o
                0x0801536c                Stage4WallsPal
                0x0801556c                Stage4WallsMap
                0x08015d6c                Stage4WallsTiles
 .rodata        0x08015dac      0xa40 levels/Stage5new.o
                0x08015dac                Stage5newPal
                0x08015fac                Stage5newMap
                0x080167ac                Stage5newTiles
 .rodata        0x080167ec      0xa40 levels/Stage5newWalls.o
                0x080167ec                Stage5newWallsPal
                0x080169ec                Stage5newWallsMap
                0x080171ec                Stage5newWallsTiles
 .rodata        0x0801722c      0xa40 levels/Stage6Both.o
                0x0801722c                Stage6BothPal
                0x0801742c                Stage6BothMap
                0x08017c2c                Stage6BothTiles
 .rodata        0x08017c6c      0xa40 levels/Stage6BothWalls.o
                0x08017c6c                Stage6BothWallsPal
                0x08017e6c                Stage6BothWallsMap
                0x0801866c                Stage6BothWallsTiles
 .rodata        0x080186ac      0xa40 levels/Stage7Both.o
                0x080186ac                Stage7BothPal
                0x080188ac                Stage7BothMap
                0x080190ac                Stage7BothTiles
 .rodata        0x080190ec      0xa40 levels/Stage7BothWalls.o
                0x080190ec                Stage7BothWallsPal
                0x080192ec                Stage7BothWallsMap
                0x08019aec                Stage7BothWallsTiles
 .rodata        0x08019b2c      0xa40 levels/Stage9Both.o
                0x08019b2c                Stage9BothPal
                0x08019d2c                Stage9BothMap
                0x0801a52c                Stage9BothTiles
 .rodata        0x0801a56c      0xa40 levels/Stage9Walls.o
                0x0801a56c                Stage9WallsPal
                0x0801a76c                Stage9WallsMap
                0x0801af6c                Stage9WallsTiles
 .rodata        0x0801afac      0x220 other/EndZone.o
                0x0801afac                EndZonePal
                0x0801b1ac                EndZoneTiles
 .rodata        0x0801b1cc      0x220 player.o
                0x0801b1cc                playerPal
                0x0801b3cc                playerTiles
 .rodata        0x0801b3ec      0x220 other/MovingBlocks.o
                0x0801b3ec                MovingBlocksPal
                0x0801b5ec                MovingBlocksTiles
 .rodata        0x0801b60c      0x1f0 tonclib/lib\libtonc.a(tte_main.o)
 .rodata        0x0801b7fc      0x318 tonclib/lib\libtonc.a(sys8.o)
                0x0801b7fc                sys8Font
                0x0801b814                sys8Glyphs
 .rodata        0x0801bb14       0x1c tonclib/lib\libtonc.a(tonc_surface.o)
 .rodata        0x0801bb30       0x3c tonclib/lib\libtonc.a(tonc_sbmp16.o)
                0x0801bb30                bmp16_tab
                0x0801bb58                m3_surface
 .rodata        0x0801bb6c      0x104 q:/devkitpro1.5.3/devkitarm/bin/../lib/gcc/arm-none-eabi/4.7.1/../../../../arm-none-eabi/lib/thumb\libc.a(lib_a-ctype_.o)
                0x0801bb6c                _ctype_
 .rodata        0x0801bc70      0x184 q:/devkitpro1.5.3/devkitarm/bin/../lib/gcc/arm-none-eabi/4.7.1/../../../../arm-none-eabi/lib/thumb\libc.a(lib_a-svfprintf.o)
 .rodata        0x0801bdf4        0x4 q:/devkitpro1.5.3/devkitarm/bin/../lib/gcc/arm-none-eabi/4.7.1/../../../../arm-none-eabi/lib/thumb\libc.a(lib_a-impure.o)
                0x0801bdf4                _global_impure_ptr
 .rodata        0x0801bdf8       0xf0 q:/devkitpro1.5.3/devkitarm/bin/../lib/gcc/arm-none-eabi/4.7.1/../../../../arm-none-eabi/lib/thumb\libc.a(lib_a-locale.o)
 .rodata        0x0801bee8       0xa8 q:/devkitpro1.5.3/devkitarm/bin/../lib/gcc/arm-none-eabi/4.7.1/../../../../arm-none-eabi/lib/thumb\libc.a(lib_a-mbtowc_r.o)
 .rodata        0x0801bf90      0x128 q:/devkitpro1.5.3/devkitarm/bin/../lib/gcc/arm-none-eabi/4.7.1/../../../../arm-none-eabi/lib/thumb\libc.a(lib_a-mprec.o)
                0x0801bfa0                __mprec_tens
                0x0801c068                __mprec_tinytens
                0x0801c090                __mprec_bigtens
 .rodata        0x0801c0b8      0x184 q:/devkitpro1.5.3/devkitarm/bin/../lib/gcc/arm-none-eabi/4.7.1/../../../../arm-none-eabi/lib/thumb\libc.a(lib_a-svfiprintf.o)
 *all.rodata*(*)
 *(.roda)
 *(.rodata.*)
 .rodata.str1.4
                0x0801c23c      0x4c7 main.o
                                0x4c8 (size before relaxing)
 *fill*         0x0801c703        0x1 ff
 .rodata.str1.4
                0x0801c704        0x6 tonclib/lib\libtonc.a(tonc_sbmp16.o)
                                  0x8 (size before relaxing)
 *fill*         0x0801c70a        0x2 ff
 .rodata.str1.4
                0x0801c70c       0x42 q:/devkitpro1.5.3/devkitarm/bin/../lib/gcc/arm-none-eabi/4.7.1/../../../../arm-none-eabi/lib/thumb\libc.a(lib_a-svfprintf.o)
                                 0x44 (size before relaxing)
 *fill*         0x0801c74e        0x2 ff
 .rodata.str1.4
                0x0801c750       0x10 q:/devkitpro1.5.3/devkitarm/bin/../lib/gcc/arm-none-eabi/4.7.1/../../../../arm-none-eabi/lib/thumb\libc.a(lib_a-dtoa.o)
                                 0x14 (size before relaxing)
 .rodata.str1.4
                0x0801c760        0x2 q:/devkitpro1.5.3/devkitarm/bin/../lib/gcc/arm-none-eabi/4.7.1/../../../../arm-none-eabi/lib/thumb\libc.a(lib_a-impure.o)
                                  0x4 (size before relaxing)
 *fill*         0x0801c762        0x2 ff
 .rodata.str1.4
                0x0801c764      0x128 q:/devkitpro1.5.3/devkitarm/bin/../lib/gcc/arm-none-eabi/4.7.1/../../../../arm-none-eabi/lib/thumb\libc.a(lib_a-locale.o)
                                0x130 (size before relaxing)
 .rodata.str1.4
                0x00000000       0x30 q:/devkitpro1.5.3/devkitarm/bin/../lib/gcc/arm-none-eabi/4.7.1/../../../../arm-none-eabi/lib/thumb\libc.a(lib_a-svfiprintf.o)
 *(.gnu.linkonce.r*)
                0x0801c88c                . = ALIGN (0x4)

.ARM.extab
 *(.ARM.extab* .gnu.linkonce.armextab.*)
                0x0801c88c                __exidx_start = .

.ARM.exidx
 *(.ARM.exidx* .gnu.linkonce.armexidx.*)
                0x0801c88c                __exidx_end = .

.ctors          0x0801c88c        0x0
 *crtbegin.o(.ctors)
 *(EXCLUDE_FILE(*crtend.o) .ctors)
 *(SORT(.ctors.*))
 *(.ctors)
                0x0801c88c                . = ALIGN (0x4)

.dtors          0x0801c88c        0x0
 *crtbegin.o(.dtors)
 *(EXCLUDE_FILE(*crtend.o) .dtors)
 *(SORT(.dtors.*))
 *(.dtors)
                0x0801c88c                . = ALIGN (0x4)

.eh_frame       0x0801c88c        0x4
 *(.eh_frame)
 .eh_frame      0x0801c88c        0x0 q:/devkitpro1.5.3/devkitarm/bin/../lib/gcc/arm-none-eabi/4.7.1/thumb/crtbegin.o
 .eh_frame      0x0801c88c        0x4 q:/devkitpro1.5.3/devkitarm/bin/../lib/gcc/arm-none-eabi/4.7.1/thumb/crtend.o
                0x0801c890                . = ALIGN (0x4)

.gcc_except_table
                0x0801c890        0x0
 *(.gcc_except_table)
                0x0801c890                . = ALIGN (0x4)
                0x0801c890                __iwram_lma = .

.iwram          0x03000000       0x84 load address 0x0801c890
                0x03000000                __iwram_start__ = ABSOLUTE (.)
 *(.iwram)
 .iwram         0x03000000       0x38 tonclib/lib\libtonc.a(tonc_memcpy.o)
                0x03000000                memcpy32
 .iwram         0x03000038       0x4c tonclib/lib\libtonc.a(tonc_memset.o)
                0x03000038                memset32
 *iwram.*(.text)
                0x03000084                . = ALIGN (0x4)
                0x03000084                __iwram_end__ = ABSOLUTE (.)
                0x0801c914                __data_lma = (__iwram_lma + SIZEOF (.iwram))

.rel.dyn        0x03000084        0x0 load address 0x0801c914
 .rel.iplt      0x00000000        0x0 q:/devkitpro1.5.3/devkitarm/bin/../lib/gcc/arm-none-eabi/4.7.1/../../../../arm-none-eabi/lib/thumb/gba_crt0.o

.bss            0x03000084     0x190c
                0x03000084                __bss_start = ABSOLUTE (.)
                0x03000084                __bss_start__ = ABSOLUTE (.)
 *(.dynbss)
 *(.gnu.linkonce.b*)
 *(.bss*)
 .bss           0x03000084        0x0 q:/devkitpro1.5.3/devkitarm/bin/../lib/gcc/arm-none-eabi/4.7.1/../../../../arm-none-eabi/lib/thumb/gba_crt0.o
 .bss           0x03000084        0x0 q:/devkitpro1.5.3/devkitarm/bin/../lib/gcc/arm-none-eabi/4.7.1/thumb/crti.o
 .bss           0x03000084       0x1c q:/devkitpro1.5.3/devkitarm/bin/../lib/gcc/arm-none-eabi/4.7.1/thumb/crtbegin.o
 .bss           0x030000a0       0x28 main.o
                0x030000a0                backgroundX
                0x030000a4                backgroundY
                0x030000a8                gameState
                0x030000ac                currentState
                0x030000b0                numStep
                0x030000b4                lvl1Played
                0x030000b5                lvl2Played
                0x030000b6                lvl3Played
                0x030000b7                lvl4Played
                0x030000b8                lvl5Played
                0x030000b9                lvl6Played
                0x030000bc                menuState
                0x030000c0                menuSelection
                0x030000c4                pScore
 .bss           0x030000c8        0x0 boxes/BoxClear.o
 .bss           0x030000c8        0x0 boxes/Box1.o
 .bss           0x030000c8        0x0 boxes/Box2.o
 .bss           0x030000c8        0x0 boxes/Box3.o
 .bss           0x030000c8        0x0 boxes/Box4.o
 .bss           0x030000c8        0x0 boxes/Box5.o
 .bss           0x030000c8        0x0 boxes/Box6.o
 .bss           0x030000c8        0x0 boxes/Box7.o
 .bss           0x030000c8        0x0 boxes/Box8.o
 .bss           0x030000c8        0x0 boxes/Box9.o
 .bss           0x030000c8        0x0 dropbox/DBox1clear.o
 .bss           0x030000c8        0x0 dropbox/DBox2clear.o
 .bss           0x030000c8        0x0 dropbox/DBox3clear.o
 .bss           0x030000c8        0x0 dropbox/DBox4clear.o
 .bss           0x030000c8        0x0 dropbox/DBox5clear.o
 .bss           0x030000c8        0x0 dropbox/DBox6clear.o
 .bss           0x030000c8        0x0 dropbox/DBox7clear.o
 .bss           0x030000c8        0x0 dropbox/DBox8clear.o
 .bss           0x030000c8        0x0 dropbox/DBox9clear.o
 .bss           0x030000c8        0x0 dropbox/DBoxclear.o
 .bss           0x030000c8        0x0 levels/StageTutPnP.o
 .bss           0x030000c8        0x0 levels/StageTutPnPWALLS.o
 .bss           0x030000c8        0x0 levels/Stage1Color.o
 .bss           0x030000c8        0x0 levels/Stage1ColorWalls.o
 .bss           0x030000c8        0x0 levels/Stage2ColorCombo.o
 .bss           0x030000c8        0x0 levels/Stage2ColorComboWALL.o
 .bss           0x030000c8        0x0 levels/Stage3NumberCombo.o
 .bss           0x030000c8        0x0 levels/Stage3NumberComboWalls.o
 .bss           0x030000c8        0x0 levels/Stage4.o
 .bss           0x030000c8        0x0 levels/Stage4Walls.o
 .bss           0x030000c8        0x0 levels/Stage5new.o
 .bss           0x030000c8        0x0 levels/Stage5newWalls.o
 .bss           0x030000c8        0x0 levels/Stage6Both.o
 .bss           0x030000c8        0x0 levels/Stage6BothWalls.o
 .bss           0x030000c8        0x0 levels/Stage7Both.o
 .bss           0x030000c8        0x0 levels/Stage7BothWalls.o
 .bss           0x030000c8        0x0 levels/Stage9Both.o
 .bss           0x030000c8        0x0 levels/Stage9Walls.o
 .bss           0x030000c8        0x0 other/EndZone.o
 .bss           0x030000c8        0x0 player.o
 .bss           0x030000c8        0x0 other/MovingBlocks.o
 .bss           0x030000c8        0x4 tonclib/lib\libtonc.a(tonc_input.o)
                0x030000c8                __key_curr
                0x030000ca                __key_prev
 .bss           0x030000cc        0x0 tonclib/lib\libtonc.a(tonc_oam.o)
 .bss           0x030000cc        0x0 tonclib/lib\libtonc.a(tte_init_se.o)
 .bss           0x030000cc        0x0 tonclib/lib\libtonc.a(tte_main.o)
 .bss           0x030000cc        0x0 tonclib/lib\libtonc.a(tonc_bios.o)
 .bss           0x030000cc        0x0 tonclib/lib\libtonc.a(tonc_bios_ex.o)
 .bss           0x030000cc        0x0 tonclib/lib\libtonc.a(tonc_memcpy.o)
 .bss           0x030000cc        0x0 tonclib/lib\libtonc.a(sys8.o)
 .bss           0x030000cc        0x0 tonclib/lib\libtonc.a(tonc_surface.o)
 .bss           0x030000cc        0x0 tonclib/lib\libtonc.a(se_drawg.o)
 .bss           0x030000cc        0x0 tonclib/lib\libtonc.a(tonc_sbmp16.o)
 .bss           0x030000cc        0x0 tonclib/lib\libtonc.a(tonc_memset.o)
 .bss           0x030000cc        0x0 q:/devkitpro1.5.3/devkitarm/bin/../lib/gcc/arm-none-eabi/4.7.1/thumb\libgcc.a(_divsi3.o)
 .bss           0x030000cc        0x0 q:/devkitpro1.5.3/devkitarm/bin/../lib/gcc/arm-none-eabi/4.7.1/thumb\libgcc.a(_dvmd_tls.o)
 .bss           0x030000cc        0x0 q:/devkitpro1.5.3/devkitarm/bin/../lib/gcc/arm-none-eabi/4.7.1/../../../../arm-none-eabi/lib/thumb\libc.a(lib_a-ctype_.o)
 .bss           0x030000cc        0x0 q:/devkitpro1.5.3/devkitarm/bin/../lib/gcc/arm-none-eabi/4.7.1/../../../../arm-none-eabi/lib/thumb\libc.a(lib_a-init.o)
 .bss           0x030000cc        0x0 q:/devkitpro1.5.3/devkitarm/bin/../lib/gcc/arm-none-eabi/4.7.1/../../../../arm-none-eabi/lib/thumb\libc.a(lib_a-memcpy-stub.o)
 .bss           0x030000cc        0x0 q:/devkitpro1.5.3/devkitarm/bin/../lib/gcc/arm-none-eabi/4.7.1/../../../../arm-none-eabi/lib/thumb\libc.a(lib_a-memset.o)
 .bss           0x030000cc        0x0 q:/devkitpro1.5.3/devkitarm/bin/../lib/gcc/arm-none-eabi/4.7.1/../../../../arm-none-eabi/lib/thumb\libc.a(lib_a-sprintf.o)
 .bss           0x030000cc        0x0 q:/devkitpro1.5.3/devkitarm/bin/../lib/gcc/arm-none-eabi/4.7.1/../../../../arm-none-eabi/lib/thumb\libc.a(lib_a-strtol.o)
 .bss           0x030000cc        0x0 q:/devkitpro1.5.3/devkitarm/bin/../lib/gcc/arm-none-eabi/4.7.1/../../../../arm-none-eabi/lib/thumb\libc.a(lib_a-svfprintf.o)
 .bss           0x030000cc        0x0 q:/devkitpro1.5.3/devkitarm/bin/../lib/gcc/arm-none-eabi/4.7.1/../../../../arm-none-eabi/lib/thumb\libc.a(lib_a-wcrtomb.o)
 .bss           0x030000cc        0x0 q:/devkitpro1.5.3/devkitarm/bin/../lib/gcc/arm-none-eabi/4.7.1/../../../../arm-none-eabi/lib/thumb\libc.a(lib_a-wcsrtombs.o)
 .bss           0x030000cc        0x0 q:/devkitpro1.5.3/devkitarm/bin/../lib/gcc/arm-none-eabi/4.7.1/../../../../arm-none-eabi/lib/thumb\libc.a(lib_a-wctomb_r.o)
 .bss           0x030000cc        0x0 q:/devkitpro1.5.3/devkitarm/bin/../lib/gcc/arm-none-eabi/4.7.1/../../../../arm-none-eabi/lib/thumb\libc.a(lib_a-dtoa.o)
 .bss           0x030000cc        0x0 q:/devkitpro1.5.3/devkitarm/bin/../lib/gcc/arm-none-eabi/4.7.1/../../../../arm-none-eabi/lib/thumb\libc.a(lib_a-freer.o)
 .bss           0x030000cc        0x0 q:/devkitpro1.5.3/devkitarm/bin/../lib/gcc/arm-none-eabi/4.7.1/../../../../arm-none-eabi/lib/thumb\libc.a(lib_a-impure.o)
 .bss           0x030000cc      0x2b8 q:/devkitpro1.5.3/devkitarm/bin/../lib/gcc/arm-none-eabi/4.7.1/../../../../arm-none-eabi/lib/thumb\libc.a(lib_a-locale.o)
                0x03000378                _PathLocale
                0x0300037c                __mlocale_changed
                0x03000380                __nlocale_changed
 .bss           0x03000384       0x34 q:/devkitpro1.5.3/devkitarm/bin/../lib/gcc/arm-none-eabi/4.7.1/../../../../arm-none-eabi/lib/thumb\libc.a(lib_a-mallocr.o)
                0x03000384                __malloc_top_pad
                0x03000388                __malloc_current_mallinfo
                0x030003b0                __malloc_max_sbrked_mem
                0x030003b4                __malloc_max_total_mem
 .bss           0x030003b8        0x0 q:/devkitpro1.5.3/devkitarm/bin/../lib/gcc/arm-none-eabi/4.7.1/../../../../arm-none-eabi/lib/thumb\libc.a(lib_a-mbtowc_r.o)
 .bss           0x030003b8        0x0 q:/devkitpro1.5.3/devkitarm/bin/../lib/gcc/arm-none-eabi/4.7.1/../../../../arm-none-eabi/lib/thumb\libc.a(lib_a-memchr-stub.o)
 .bss           0x030003b8        0x0 q:/devkitpro1.5.3/devkitarm/bin/../lib/gcc/arm-none-eabi/4.7.1/../../../../arm-none-eabi/lib/thumb\libc.a(lib_a-mlock.o)
 .bss           0x030003b8        0x0 q:/devkitpro1.5.3/devkitarm/bin/../lib/gcc/arm-none-eabi/4.7.1/../../../../arm-none-eabi/lib/thumb\libc.a(lib_a-mprec.o)
 .bss           0x030003b8        0x0 q:/devkitpro1.5.3/devkitarm/bin/../lib/gcc/arm-none-eabi/4.7.1/../../../../arm-none-eabi/lib/thumb\libc.a(lib_a-s_fpclassify.o)
 .bss           0x030003b8        0x0 q:/devkitpro1.5.3/devkitarm/bin/../lib/gcc/arm-none-eabi/4.7.1/../../../../arm-none-eabi/lib/thumb\libc.a(lib_a-strcasecmp.o)
 .bss           0x030003b8        0x0 q:/devkitpro1.5.3/devkitarm/bin/../lib/gcc/arm-none-eabi/4.7.1/../../../../arm-none-eabi/lib/thumb\libc.a(lib_a-strcat.o)
 .bss           0x030003b8        0x0 q:/devkitpro1.5.3/devkitarm/bin/../lib/gcc/arm-none-eabi/4.7.1/../../../../arm-none-eabi/lib/thumb\libc.a(lib_a-strchr.o)
 .bss           0x030003b8        0x0 q:/devkitpro1.5.3/devkitarm/bin/../lib/gcc/arm-none-eabi/4.7.1/../../../../arm-none-eabi/lib/thumb\libc.a(lib_a-strcmp.o)
 .bss           0x030003b8        0x0 q:/devkitpro1.5.3/devkitarm/bin/../lib/gcc/arm-none-eabi/4.7.1/../../../../arm-none-eabi/lib/thumb\libc.a(lib_a-strcpy.o)
 .bss           0x030003b8        0x0 q:/devkitpro1.5.3/devkitarm/bin/../lib/gcc/arm-none-eabi/4.7.1/../../../../arm-none-eabi/lib/thumb\libc.a(lib_a-strlcpy.o)
 .bss           0x030003b8        0x0 q:/devkitpro1.5.3/devkitarm/bin/../lib/gcc/arm-none-eabi/4.7.1/../../../../arm-none-eabi/lib/thumb\libc.a(lib_a-strlen.o)
 .bss           0x030003b8        0x0 q:/devkitpro1.5.3/devkitarm/bin/../lib/gcc/arm-none-eabi/4.7.1/../../../../arm-none-eabi/lib/thumb\libc.a(lib_a-strncasecmp.o)
 .bss           0x030003b8        0x0 q:/devkitpro1.5.3/devkitarm/bin/../lib/gcc/arm-none-eabi/4.7.1/../../../../arm-none-eabi/lib/thumb\libc.a(lib_a-strncmp.o)
 .bss           0x030003b8        0x0 q:/devkitpro1.5.3/devkitarm/bin/../lib/gcc/arm-none-eabi/4.7.1/../../../../arm-none-eabi/lib/thumb\libc.a(lib_a-strncpy.o)
 .bss           0x030003b8        0x0 q:/devkitpro1.5.3/devkitarm/bin/../lib/gcc/arm-none-eabi/4.7.1/../../../../arm-none-eabi/lib/thumb\libc.a(lib_a-svfiprintf.o)
 .bss           0x030003b8        0x0 q:/devkitpro1.5.3/devkitarm/bin/../lib/gcc/arm-none-eabi/4.7.1/../../../../arm-none-eabi/lib/thumb\libc.a(lib_a-wcsnrtombs.o)
 .bss           0x030003b8        0x0 q:/devkitpro1.5.3/devkitarm/bin/../lib/gcc/arm-none-eabi/4.7.1/../../../../arm-none-eabi/lib/thumb\libc.a(lib_a-callocr.o)
 .bss           0x030003b8        0x0 q:/devkitpro1.5.3/devkitarm/bin/../lib/gcc/arm-none-eabi/4.7.1/../../../../arm-none-eabi/lib/thumb\libc.a(lib_a-getenv_r.o)
 .bss           0x030003b8        0x0 q:/devkitpro1.5.3/devkitarm/bin/../lib/gcc/arm-none-eabi/4.7.1/../../../../arm-none-eabi/lib/thumb\libc.a(lib_a-memmove.o)
 .bss           0x030003b8        0x0 q:/devkitpro1.5.3/devkitarm/bin/../lib/gcc/arm-none-eabi/4.7.1/../../../../arm-none-eabi/lib/thumb\libc.a(lib_a-reallocr.o)
 .bss           0x030003b8        0x4 q:/devkitpro1.5.3/devkitarm/bin/../lib/gcc/arm-none-eabi/4.7.1/../../../../arm-none-eabi/lib/thumb\libc.a(lib_a-environ.o)
 .bss           0x030003bc        0x0 q:/devkitpro1.5.3/devkitarm/bin/../lib/gcc/arm-none-eabi/4.7.1/../../../../arm-none-eabi/lib/thumb\libc.a(lib_a-envlock.o)
 .bss           0x030003bc        0x4 q:/devkitpro1.5.3/devkitarm/bin/../lib/gcc/arm-none-eabi/4.7.1/../../../../arm-none-eabi/lib/thumb\libsysbase.a(sbrk.o)
 .bss           0x030003c0        0x8 q:/devkitpro1.5.3/devkitarm/bin/../lib/gcc/arm-none-eabi/4.7.1/../../../../arm-none-eabi/lib/thumb\libsysbase.a(malloc_vars.o)
                0x030003c0                fake_heap_start
                0x030003c4                fake_heap_end
 .bss           0x030003c8        0x0 q:/devkitpro1.5.3/devkitarm/bin/../lib/gcc/arm-none-eabi/4.7.1/thumb\libgcc.a(_udivsi3.o)
 .bss           0x030003c8        0x0 q:/devkitpro1.5.3/devkitarm/bin/../lib/gcc/arm-none-eabi/4.7.1/thumb\libgcc.a(_arm_addsubdf3.o)
 .bss           0x030003c8        0x0 q:/devkitpro1.5.3/devkitarm/bin/../lib/gcc/arm-none-eabi/4.7.1/thumb\libgcc.a(_arm_muldivdf3.o)
 .bss           0x030003c8        0x0 q:/devkitpro1.5.3/devkitarm/bin/../lib/gcc/arm-none-eabi/4.7.1/thumb\libgcc.a(_arm_cmpdf2.o)
 .bss           0x030003c8        0x0 q:/devkitpro1.5.3/devkitarm/bin/../lib/gcc/arm-none-eabi/4.7.1/thumb\libgcc.a(_arm_fixdfsi.o)
 .bss           0x030003c8        0x0 q:/devkitpro1.5.3/devkitarm/bin/../lib/gcc/arm-none-eabi/4.7.1/thumb\libgcc.a(_aeabi_uldivmod.o)
 .bss           0x030003c8        0x0 q:/devkitpro1.5.3/devkitarm/bin/../lib/gcc/arm-none-eabi/4.7.1/thumb\libgcc.a(bpabi.o)
 .bss           0x030003c8        0x0 q:/devkitpro1.5.3/devkitarm/bin/../lib/gcc/arm-none-eabi/4.7.1/thumb\libgcc.a(_muldi3.o)
 .bss           0x030003c8        0x0 q:/devkitpro1.5.3/devkitarm/bin/../lib/gcc/arm-none-eabi/4.7.1/thumb\libgcc.a(_divdi3.o)
 .bss           0x030003c8        0x0 q:/devkitpro1.5.3/devkitarm/bin/../lib/gcc/arm-none-eabi/4.7.1/thumb\libgcc.a(_udivdi3.o)
 .bss           0x030003c8        0x0 q:/devkitpro1.5.3/devkitarm/bin/../lib/gcc/arm-none-eabi/4.7.1/thumb\libgcc.a(_clzsi2.o)
 .bss           0x030003c8        0x0 q:/devkitpro1.5.3/devkitarm/bin/../lib/gcc/arm-none-eabi/4.7.1/thumb/crtend.o
 .bss           0x030003c8        0x0 q:/devkitpro1.5.3/devkitarm/bin/../lib/gcc/arm-none-eabi/4.7.1/thumb/crtn.o
 *(COMMON)
 COMMON         0x030003c8     0x1580 main.o
                0x030003c8                dropboxes
                0x03000608                list
                0x03000740                player
                0x0300075c                boxes
                0x0300099c                world_grid
                0x0300119c                end
                0x030011b8                gates
                0x03001538                obj_buffer
                0x03001938                xDistance
                0x0300193c                currBox
                0x03001940                nextBuffer
                0x03001944                yDistance
 COMMON         0x03001948       0x48 tonclib/lib\libtonc.a(tte_main.o)
                0x03001948                __tte_main_context
                0x03001990                . = ALIGN (0x4)
                0x03001990                __bss_end__ = ABSOLUTE (.)

.data           0x03001990      0x9f4 load address 0x0801c914
                0x03001990                __data_start__ = ABSOLUTE (.)
 *(.data)
 .data          0x03001990        0x0 q:/devkitpro1.5.3/devkitarm/bin/../lib/gcc/arm-none-eabi/4.7.1/../../../../arm-none-eabi/lib/thumb/gba_crt0.o
 .data          0x03001990        0x0 q:/devkitpro1.5.3/devkitarm/bin/../lib/gcc/arm-none-eabi/4.7.1/thumb/crti.o
 .data          0x03001990        0x4 q:/devkitpro1.5.3/devkitarm/bin/../lib/gcc/arm-none-eabi/4.7.1/thumb/crtbegin.o
                0x03001990                __dso_handle
 .data          0x03001994       0x18 main.o
                0x03001994                screenWidth
                0x03001998                screenHeight
                0x0300199c                hScore
                0x030019a0                levelSelection
                0x030019a4                simplePlayer
                0x030019a8                obj_aff_buffer
 .data          0x030019ac        0x0 boxes/BoxClear.o
 .data          0x030019ac        0x0 boxes/Box1.o
 .data          0x030019ac        0x0 boxes/Box2.o
 .data          0x030019ac        0x0 boxes/Box3.o
 .data          0x030019ac        0x0 boxes/Box4.o
 .data          0x030019ac        0x0 boxes/Box5.o
 .data          0x030019ac        0x0 boxes/Box6.o
 .data          0x030019ac        0x0 boxes/Box7.o
 .data          0x030019ac        0x0 boxes/Box8.o
 .data          0x030019ac        0x0 boxes/Box9.o
 .data          0x030019ac        0x0 dropbox/DBox1clear.o
 .data          0x030019ac        0x0 dropbox/DBox2clear.o
 .data          0x030019ac        0x0 dropbox/DBox3clear.o
 .data          0x030019ac        0x0 dropbox/DBox4clear.o
 .data          0x030019ac        0x0 dropbox/DBox5clear.o
 .data          0x030019ac        0x0 dropbox/DBox6clear.o
 .data          0x030019ac        0x0 dropbox/DBox7clear.o
 .data          0x030019ac        0x0 dropbox/DBox8clear.o
 .data          0x030019ac        0x0 dropbox/DBox9clear.o
 .data          0x030019ac        0x0 dropbox/DBoxclear.o
 .data          0x030019ac        0x0 levels/StageTutPnP.o
 .data          0x030019ac        0x0 levels/StageTutPnPWALLS.o
 .data          0x030019ac        0x0 levels/Stage1Color.o
 .data          0x030019ac        0x0 levels/Stage1ColorWalls.o
 .data          0x030019ac        0x0 levels/Stage2ColorCombo.o
 .data          0x030019ac        0x0 levels/Stage2ColorComboWALL.o
 .data          0x030019ac        0x0 levels/Stage3NumberCombo.o
 .data          0x030019ac        0x0 levels/Stage3NumberComboWalls.o
 .data          0x030019ac        0x0 levels/Stage4.o
 .data          0x030019ac        0x0 levels/Stage4Walls.o
 .data          0x030019ac        0x0 levels/Stage5new.o
 .data          0x030019ac        0x0 levels/Stage5newWalls.o
 .data          0x030019ac        0x0 levels/Stage6Both.o
 .data          0x030019ac        0x0 levels/Stage6BothWalls.o
 .data          0x030019ac        0x0 levels/Stage7Both.o
 .data          0x030019ac        0x0 levels/Stage7BothWalls.o
 .data          0x030019ac        0x0 levels/Stage9Both.o
 .data          0x030019ac        0x0 levels/Stage9Walls.o
 .data          0x030019ac        0x0 other/EndZone.o
 .data          0x030019ac        0x0 player.o
 .data          0x030019ac        0x0 other/MovingBlocks.o
 .data          0x030019ac        0x8 tonclib/lib\libtonc.a(tonc_input.o)
                0x030019ac                __key_rpt
 .data          0x030019b4        0x0 tonclib/lib\libtonc.a(tonc_oam.o)
 .data          0x030019b4        0x0 tonclib/lib\libtonc.a(tte_init_se.o)
 .data          0x030019b4        0x4 tonclib/lib\libtonc.a(tte_main.o)
                0x030019b4                gp_tte_context
 .data          0x030019b8        0x0 tonclib/lib\libtonc.a(tonc_bios.o)
 .data          0x030019b8        0x0 tonclib/lib\libtonc.a(tonc_bios_ex.o)
 .data          0x030019b8        0x0 tonclib/lib\libtonc.a(tonc_memcpy.o)
 .data          0x030019b8        0x0 tonclib/lib\libtonc.a(sys8.o)
 .data          0x030019b8        0x0 tonclib/lib\libtonc.a(tonc_surface.o)
 .data          0x030019b8        0x0 tonclib/lib\libtonc.a(se_drawg.o)
 .data          0x030019b8        0x0 tonclib/lib\libtonc.a(tonc_sbmp16.o)
 .data          0x030019b8        0x0 tonclib/lib\libtonc.a(tonc_memset.o)
 .data          0x030019b8        0x0 q:/devkitpro1.5.3/devkitarm/bin/../lib/gcc/arm-none-eabi/4.7.1/thumb\libgcc.a(_divsi3.o)
 .data          0x030019b8        0x0 q:/devkitpro1.5.3/devkitarm/bin/../lib/gcc/arm-none-eabi/4.7.1/thumb\libgcc.a(_dvmd_tls.o)
 .data          0x030019b8        0x4 q:/devkitpro1.5.3/devkitarm/bin/../lib/gcc/arm-none-eabi/4.7.1/../../../../arm-none-eabi/lib/thumb\libc.a(lib_a-ctype_.o)
                0x030019b8                __ctype_ptr__
 .data          0x030019bc        0x0 q:/devkitpro1.5.3/devkitarm/bin/../lib/gcc/arm-none-eabi/4.7.1/../../../../arm-none-eabi/lib/thumb\libc.a(lib_a-init.o)
 .data          0x030019bc        0x0 q:/devkitpro1.5.3/devkitarm/bin/../lib/gcc/arm-none-eabi/4.7.1/../../../../arm-none-eabi/lib/thumb\libc.a(lib_a-memcpy-stub.o)
 .data          0x030019bc        0x0 q:/devkitpro1.5.3/devkitarm/bin/../lib/gcc/arm-none-eabi/4.7.1/../../../../arm-none-eabi/lib/thumb\libc.a(lib_a-memset.o)
 .data          0x030019bc        0x0 q:/devkitpro1.5.3/devkitarm/bin/../lib/gcc/arm-none-eabi/4.7.1/../../../../arm-none-eabi/lib/thumb\libc.a(lib_a-sprintf.o)
 .data          0x030019bc        0x0 q:/devkitpro1.5.3/devkitarm/bin/../lib/gcc/arm-none-eabi/4.7.1/../../../../arm-none-eabi/lib/thumb\libc.a(lib_a-strtol.o)
 .data          0x030019bc        0x0 q:/devkitpro1.5.3/devkitarm/bin/../lib/gcc/arm-none-eabi/4.7.1/../../../../arm-none-eabi/lib/thumb\libc.a(lib_a-svfprintf.o)
 .data          0x030019bc        0x0 q:/devkitpro1.5.3/devkitarm/bin/../lib/gcc/arm-none-eabi/4.7.1/../../../../arm-none-eabi/lib/thumb\libc.a(lib_a-wcrtomb.o)
 .data          0x030019bc        0x0 q:/devkitpro1.5.3/devkitarm/bin/../lib/gcc/arm-none-eabi/4.7.1/../../../../arm-none-eabi/lib/thumb\libc.a(lib_a-wcsrtombs.o)
 .data          0x030019bc        0x4 q:/devkitpro1.5.3/devkitarm/bin/../lib/gcc/arm-none-eabi/4.7.1/../../../../arm-none-eabi/lib/thumb\libc.a(lib_a-wctomb_r.o)
                0x030019bc                __wctomb
 .data          0x030019c0        0x0 q:/devkitpro1.5.3/devkitarm/bin/../lib/gcc/arm-none-eabi/4.7.1/../../../../arm-none-eabi/lib/thumb\libc.a(lib_a-dtoa.o)
 .data          0x030019c0        0x0 q:/devkitpro1.5.3/devkitarm/bin/../lib/gcc/arm-none-eabi/4.7.1/../../../../arm-none-eabi/lib/thumb\libc.a(lib_a-freer.o)
 .data          0x030019c0      0x430 q:/devkitpro1.5.3/devkitarm/bin/../lib/gcc/arm-none-eabi/4.7.1/../../../../arm-none-eabi/lib/thumb\libc.a(lib_a-impure.o)
                0x030019c0                _impure_ptr
 .data          0x03001df0      0x17c q:/devkitpro1.5.3/devkitarm/bin/../lib/gcc/arm-none-eabi/4.7.1/../../../../arm-none-eabi/lib/thumb\libc.a(lib_a-locale.o)
                0x03001df0                __default_locale
                0x03001f10                __mb_cur_max
 .data          0x03001f6c      0x410 q:/devkitpro1.5.3/devkitarm/bin/../lib/gcc/arm-none-eabi/4.7.1/../../../../arm-none-eabi/lib/thumb\libc.a(lib_a-mallocr.o)
                0x03001f6c                __malloc_av_
                0x03002374                __malloc_sbrk_base
                0x03002378                __malloc_trim_threshold
 .data          0x0300237c        0x4 q:/devkitpro1.5.3/devkitarm/bin/../lib/gcc/arm-none-eabi/4.7.1/../../../../arm-none-eabi/lib/thumb\libc.a(lib_a-mbtowc_r.o)
                0x0300237c                __mbtowc
 .data          0x03002380        0x0 q:/devkitpro1.5.3/devkitarm/bin/../lib/gcc/arm-none-eabi/4.7.1/../../../../arm-none-eabi/lib/thumb\libc.a(lib_a-memchr-stub.o)
 .data          0x03002380        0x0 q:/devkitpro1.5.3/devkitarm/bin/../lib/gcc/arm-none-eabi/4.7.1/../../../../arm-none-eabi/lib/thumb\libc.a(lib_a-mlock.o)
 .data          0x03002380        0x0 q:/devkitpro1.5.3/devkitarm/bin/../lib/gcc/arm-none-eabi/4.7.1/../../../../arm-none-eabi/lib/thumb\libc.a(lib_a-mprec.o)
 .data          0x03002380        0x0 q:/devkitpro1.5.3/devkitarm/bin/../lib/gcc/arm-none-eabi/4.7.1/../../../../arm-none-eabi/lib/thumb\libc.a(lib_a-s_fpclassify.o)
 .data          0x03002380        0x0 q:/devkitpro1.5.3/devkitarm/bin/../lib/gcc/arm-none-eabi/4.7.1/../../../../arm-none-eabi/lib/thumb\libc.a(lib_a-strcasecmp.o)
 .data          0x03002380        0x0 q:/devkitpro1.5.3/devkitarm/bin/../lib/gcc/arm-none-eabi/4.7.1/../../../../arm-none-eabi/lib/thumb\libc.a(lib_a-strcat.o)
 .data          0x03002380        0x0 q:/devkitpro1.5.3/devkitarm/bin/../lib/gcc/arm-none-eabi/4.7.1/../../../../arm-none-eabi/lib/thumb\libc.a(lib_a-strchr.o)
 .data          0x03002380        0x0 q:/devkitpro1.5.3/devkitarm/bin/../lib/gcc/arm-none-eabi/4.7.1/../../../../arm-none-eabi/lib/thumb\libc.a(lib_a-strcmp.o)
 .data          0x03002380        0x0 q:/devkitpro1.5.3/devkitarm/bin/../lib/gcc/arm-none-eabi/4.7.1/../../../../arm-none-eabi/lib/thumb\libc.a(lib_a-strcpy.o)
 .data          0x03002380        0x0 q:/devkitpro1.5.3/devkitarm/bin/../lib/gcc/arm-none-eabi/4.7.1/../../../../arm-none-eabi/lib/thumb\libc.a(lib_a-strlcpy.o)
 .data          0x03002380        0x0 q:/devkitpro1.5.3/devkitarm/bin/../lib/gcc/arm-none-eabi/4.7.1/../../../../arm-none-eabi/lib/thumb\libc.a(lib_a-strlen.o)
 .data          0x03002380        0x0 q:/devkitpro1.5.3/devkitarm/bin/../lib/gcc/arm-none-eabi/4.7.1/../../../../arm-none-eabi/lib/thumb\libc.a(lib_a-strncasecmp.o)
 .data          0x03002380        0x0 q:/devkitpro1.5.3/devkitarm/bin/../lib/gcc/arm-none-eabi/4.7.1/../../../../arm-none-eabi/lib/thumb\libc.a(lib_a-strncmp.o)
 .data          0x03002380        0x0 q:/devkitpro1.5.3/devkitarm/bin/../lib/gcc/arm-none-eabi/4.7.1/../../../../arm-none-eabi/lib/thumb\libc.a(lib_a-strncpy.o)
 .data          0x03002380        0x0 q:/devkitpro1.5.3/devkitarm/bin/../lib/gcc/arm-none-eabi/4.7.1/../../../../arm-none-eabi/lib/thumb\libc.a(lib_a-svfiprintf.o)
 .data          0x03002380        0x0 q:/devkitpro1.5.3/devkitarm/bin/../lib/gcc/arm-none-eabi/4.7.1/../../../../arm-none-eabi/lib/thumb\libc.a(lib_a-wcsnrtombs.o)
 .data          0x03002380        0x0 q:/devkitpro1.5.3/devkitarm/bin/../lib/gcc/arm-none-eabi/4.7.1/../../../../arm-none-eabi/lib/thumb\libc.a(lib_a-callocr.o)
 .data          0x03002380        0x0 q:/devkitpro1.5.3/devkitarm/bin/../lib/gcc/arm-none-eabi/4.7.1/../../../../arm-none-eabi/lib/thumb\libc.a(lib_a-getenv_r.o)
 .data          0x03002380        0x0 q:/devkitpro1.5.3/devkitarm/bin/../lib/gcc/arm-none-eabi/4.7.1/../../../../arm-none-eabi/lib/thumb\libc.a(lib_a-memmove.o)
 .data          0x03002380        0x0 q:/devkitpro1.5.3/devkitarm/bin/../lib/gcc/arm-none-eabi/4.7.1/../../../../arm-none-eabi/lib/thumb\libc.a(lib_a-reallocr.o)
 .data          0x03002380        0x4 q:/devkitpro1.5.3/devkitarm/bin/../lib/gcc/arm-none-eabi/4.7.1/../../../../arm-none-eabi/lib/thumb\libc.a(lib_a-environ.o)
                0x03002380                environ
 .data          0x03002384        0x0 q:/devkitpro1.5.3/devkitarm/bin/../lib/gcc/arm-none-eabi/4.7.1/../../../../arm-none-eabi/lib/thumb\libc.a(lib_a-envlock.o)
 .data          0x03002384        0x0 q:/devkitpro1.5.3/devkitarm/bin/../lib/gcc/arm-none-eabi/4.7.1/../../../../arm-none-eabi/lib/thumb\libsysbase.a(sbrk.o)
 .data          0x03002384        0x0 q:/devkitpro1.5.3/devkitarm/bin/../lib/gcc/arm-none-eabi/4.7.1/../../../../arm-none-eabi/lib/thumb\libsysbase.a(malloc_vars.o)
 .data          0x03002384        0x0 q:/devkitpro1.5.3/devkitarm/bin/../lib/gcc/arm-none-eabi/4.7.1/thumb\libgcc.a(_udivsi3.o)
 .data          0x03002384        0x0 q:/devkitpro1.5.3/devkitarm/bin/../lib/gcc/arm-none-eabi/4.7.1/thumb\libgcc.a(_arm_addsubdf3.o)
 .data          0x03002384        0x0 q:/devkitpro1.5.3/devkitarm/bin/../lib/gcc/arm-none-eabi/4.7.1/thumb\libgcc.a(_arm_muldivdf3.o)
 .data          0x03002384        0x0 q:/devkitpro1.5.3/devkitarm/bin/../lib/gcc/arm-none-eabi/4.7.1/thumb\libgcc.a(_arm_cmpdf2.o)
 .data          0x03002384        0x0 q:/devkitpro1.5.3/devkitarm/bin/../lib/gcc/arm-none-eabi/4.7.1/thumb\libgcc.a(_arm_fixdfsi.o)
 .data          0x03002384        0x0 q:/devkitpro1.5.3/devkitarm/bin/../lib/gcc/arm-none-eabi/4.7.1/thumb\libgcc.a(_aeabi_uldivmod.o)
 .data          0x03002384        0x0 q:/devkitpro1.5.3/devkitarm/bin/../lib/gcc/arm-none-eabi/4.7.1/thumb\libgcc.a(bpabi.o)
 .data          0x03002384        0x0 q:/devkitpro1.5.3/devkitarm/bin/../lib/gcc/arm-none-eabi/4.7.1/thumb\libgcc.a(_muldi3.o)
 .data          0x03002384        0x0 q:/devkitpro1.5.3/devkitarm/bin/../lib/gcc/arm-none-eabi/4.7.1/thumb\libgcc.a(_divdi3.o)
 .data          0x03002384        0x0 q:/devkitpro1.5.3/devkitarm/bin/../lib/gcc/arm-none-eabi/4.7.1/thumb\libgcc.a(_udivdi3.o)
 .data          0x03002384        0x0 q:/devkitpro1.5.3/devkitarm/bin/../lib/gcc/arm-none-eabi/4.7.1/thumb\libgcc.a(_clzsi2.o)
 .data          0x03002384        0x0 q:/devkitpro1.5.3/devkitarm/bin/../lib/gcc/arm-none-eabi/4.7.1/thumb/crtend.o
 .data          0x03002384        0x0 q:/devkitpro1.5.3/devkitarm/bin/../lib/gcc/arm-none-eabi/4.7.1/thumb/crtn.o
 *(.data.*)
 *(.gnu.linkonce.d*)
                0x03002384                . = ALIGN (0x4)
                0x0801d308                __preinit_lma = (__data_lma + SIZEOF (.data))

.igot.plt       0x03002384        0x0 load address 0x0801d308
 .igot.plt      0x00000000        0x0 q:/devkitpro1.5.3/devkitarm/bin/../lib/gcc/arm-none-eabi/4.7.1/../../../../arm-none-eabi/lib/thumb/gba_crt0.o

.tm_clone_table
                0x03002384        0x0 load address 0x0801d308
 .tm_clone_table
                0x03002384        0x0 q:/devkitpro1.5.3/devkitarm/bin/../lib/gcc/arm-none-eabi/4.7.1/thumb/crtbegin.o
 .tm_clone_table
                0x03002384        0x0 q:/devkitpro1.5.3/devkitarm/bin/../lib/gcc/arm-none-eabi/4.7.1/thumb/crtend.o

.preinit_array  0x03002384        0x0 load address 0x0801d308
                0x03002384                __preinit_array_start = ABSOLUTE (.)
 *(.preinit_array)
                0x03002384                __preinit_array_end = ABSOLUTE (.)
                0x0801d308                __init_lma = (__preinit_lma + SIZEOF (.preinit_array))

.init_array     0x03002384        0x4 load address 0x0801d308
                0x03002384                __init_array_start = ABSOLUTE (.)
 *(SORT(.init_array.*))
 *(.init_array)
 .init_array    0x03002384        0x4 q:/devkitpro1.5.3/devkitarm/bin/../lib/gcc/arm-none-eabi/4.7.1/thumb/crtbegin.o
                0x03002388                __init_array_end = ABSOLUTE (.)
                0x0801d30c                __fini_lma = (__init_lma + SIZEOF (.init_array))

.fini_array     0x03002388        0x4 load address 0x0801d30c
                0x03002388                __fini_array_start = ABSOLUTE (.)
 *(SORT(.fini_array.*))
 *(.fini_array)
 .fini_array    0x03002388        0x4 q:/devkitpro1.5.3/devkitarm/bin/../lib/gcc/arm-none-eabi/4.7.1/thumb/crtbegin.o
                0x0300238c                __fini_array_end = ABSOLUTE (.)
                0x0801d310                __jcr_lma = (__fini_lma + SIZEOF (.fini_array))

.jcr            0x0300238c        0x4 load address 0x0801d310
 *(.jcr)
 .jcr           0x0300238c        0x0 q:/devkitpro1.5.3/devkitarm/bin/../lib/gcc/arm-none-eabi/4.7.1/thumb/crtbegin.o
 .jcr           0x0300238c        0x4 q:/devkitpro1.5.3/devkitarm/bin/../lib/gcc/arm-none-eabi/4.7.1/thumb/crtend.o
                0x03002390                __data_end__ = ABSOLUTE (.)
                0x0801d314                __iwram_overlay_lma = (__jcr_lma + SIZEOF (.jcr))
                0x03002390                __iwram_overlay_start = .

.iwram0         0x03002390        0x0 load address 0x0801d314
 *(.iwram0)
                0x03002390                . = ALIGN (0x4)
                0x0801d314                PROVIDE (__load_start_iwram0, LOADADDR (.iwram0))
                0x0801d314                PROVIDE (__load_stop_iwram0, (LOADADDR (.iwram0) + SIZEOF (.iwram0)))

.iwram1         0x03002390        0x0
 *(.iwram1)
                0x03002390                . = ALIGN (0x4)
                0x03002390                PROVIDE (__load_start_iwram1, LOADADDR (.iwram1))
                0x03002390                PROVIDE (__load_stop_iwram1, (LOADADDR (.iwram1) + SIZEOF (.iwram1)))

.iwram2         0x03002390        0x0
 *(.iwram2)
                0x03002390                . = ALIGN (0x4)
                0x03002390                PROVIDE (__load_start_iwram2, LOADADDR (.iwram2))
                0x03002390                PROVIDE (__load_stop_iwram2, (LOADADDR (.iwram2) + SIZEOF (.iwram2)))

.iwram3         0x03002390        0x0
 *(.iwram3)
                0x03002390                . = ALIGN (0x4)
                0x03002390                PROVIDE (__load_start_iwram3, LOADADDR (.iwram3))
                0x03002390                PROVIDE (__load_stop_iwram3, (LOADADDR (.iwram3) + SIZEOF (.iwram3)))

.iwram4         0x03002390        0x0
 *(.iwram4)
                0x03002390                . = ALIGN (0x4)
                0x03002390                PROVIDE (__load_start_iwram4, LOADADDR (.iwram4))
                0x03002390                PROVIDE (__load_stop_iwram4, (LOADADDR (.iwram4) + SIZEOF (.iwram4)))

.iwram5         0x03002390        0x0
 *(.iwram5)
                0x03002390                . = ALIGN (0x4)
                0x03002390                PROVIDE (__load_start_iwram5, LOADADDR (.iwram5))
                0x03002390                PROVIDE (__load_stop_iwram5, (LOADADDR (.iwram5) + SIZEOF (.iwram5)))

.iwram6         0x03002390        0x0
 *(.iwram6)
                0x03002390                . = ALIGN (0x4)
                0x03002390                PROVIDE (__load_start_iwram6, LOADADDR (.iwram6))
                0x03002390                PROVIDE (__load_stop_iwram6, (LOADADDR (.iwram6) + SIZEOF (.iwram6)))

.iwram7         0x03002390        0x0
 *(.iwram7)
                0x03002390                . = ALIGN (0x4)
                0x03002390                PROVIDE (__load_start_iwram7, LOADADDR (.iwram7))
                0x03002390                PROVIDE (__load_stop_iwram7, (LOADADDR (.iwram7) + SIZEOF (.iwram7)))

.iwram8         0x03002390        0x0
 *(.iwram8)
                0x03002390                . = ALIGN (0x4)
                0x03002390                PROVIDE (__load_start_iwram8, LOADADDR (.iwram8))
                0x03002390                PROVIDE (__load_stop_iwram8, (LOADADDR (.iwram8) + SIZEOF (.iwram8)))

.iwram9         0x03002390        0x0
 *(.iwram9)
                0x03002390                . = ALIGN (0x4)
                0x03002390                PROVIDE (__load_start_iwram9, LOADADDR (.iwram9))
                0x03002390                PROVIDE (__load_stop_iwram9, (LOADADDR (.iwram9) + SIZEOF (.iwram9)))
                0x03002390                __iwram_overlay_end = .
                0x0801d314                __ewram_lma = (__iwram_overlay_lma + (__iwram_overlay_end - __iwram_overlay_start))
                0x03002390                __iheap_start = .
                0x02000000                __ewram_start = ORIGIN (ewram)

.ewram          0x02000000       0x14 load address 0x0801d314
 *(.ewram)
 .ewram         0x02000000       0x14 tonclib/lib\libtonc.a(tonc_sbmp16.o)
                0x02000000                m5_surface
                0x02000014                . = ALIGN (0x4)
                0x02000014                __ewram_end = ABSOLUTE (.)
                0x0801d328                __pad_lma = (__ewram_lma + SIZEOF (.ewram))

.sbss           0x02000014        0x0
                0x02000014                __sbss_start__ = ABSOLUTE (.)
 *(.sbss)
                0x02000014                . = ALIGN (0x4)
                0x02000014                __sbss_end__ = ABSOLUTE (.)
                0x02000014                __end__ = ABSOLUTE (.)
                0x02000014                __eheap_start = ABSOLUTE (.)

.pad            0x02000014        0x8 load address 0x0801d328
                0x02000014        0x4 LONG 0x52416b64
                0x02000018        0x4 LONG 0x4d
                0x0200001c                . = ALIGN (0x4)
                0x0801d330                __rom_end__ = (__pad_lma + SIZEOF (.pad))

.stab
 *(.stab)

.stabstr
 *(.stabstr)

.stab.excl
 *(.stab.excl)

.stab.exclstr
 *(.stab.exclstr)

.stab.index
 *(.stab.index)

.stab.indexstr
 *(.stab.indexstr)

.comment        0x00000000       0x22
 *(.comment)
 .comment       0x00000000       0x22 q:/devkitpro1.5.3/devkitarm/bin/../lib/gcc/arm-none-eabi/4.7.1/thumb/crtbegin.o
                                 0x23 (size before relaxing)
 .comment       0x00000000       0x23 main.o
 .comment       0x00000000       0x23 boxes/BoxClear.o
 .comment       0x00000000       0x23 boxes/Box1.o
 .comment       0x00000000       0x23 boxes/Box2.o
 .comment       0x00000000       0x23 boxes/Box3.o
 .comment       0x00000000       0x23 boxes/Box4.o
 .comment       0x00000000       0x23 boxes/Box5.o
 .comment       0x00000000       0x23 boxes/Box6.o
 .comment       0x00000000       0x23 boxes/Box7.o
 .comment       0x00000000       0x23 boxes/Box8.o
 .comment       0x00000000       0x23 boxes/Box9.o
 .comment       0x00000000       0x23 dropbox/DBox1clear.o
 .comment       0x00000000       0x23 dropbox/DBox2clear.o
 .comment       0x00000000       0x23 dropbox/DBox3clear.o
 .comment       0x00000000       0x23 dropbox/DBox4clear.o
 .comment       0x00000000       0x23 dropbox/DBox5clear.o
 .comment       0x00000000       0x23 dropbox/DBox6clear.o
 .comment       0x00000000       0x23 dropbox/DBox7clear.o
 .comment       0x00000000       0x23 dropbox/DBox8clear.o
 .comment       0x00000000       0x23 dropbox/DBox9clear.o
 .comment       0x00000000       0x23 dropbox/DBoxclear.o
 .comment       0x00000000       0x23 levels/StageTutPnP.o
 .comment       0x00000000       0x23 levels/StageTutPnPWALLS.o
 .comment       0x00000000       0x23 levels/Stage1Color.o
 .comment       0x00000000       0x23 levels/Stage1ColorWalls.o
 .comment       0x00000000       0x23 levels/Stage2ColorCombo.o
 .comment       0x00000000       0x23 levels/Stage2ColorComboWALL.o
 .comment       0x00000000       0x23 levels/Stage3NumberCombo.o
 .comment       0x00000000       0x23 levels/Stage3NumberComboWalls.o
 .comment       0x00000000       0x23 levels/Stage4.o
 .comment       0x00000000       0x23 levels/Stage4Walls.o
 .comment       0x00000000       0x23 levels/Stage5new.o
 .comment       0x00000000       0x23 levels/Stage5newWalls.o
 .comment       0x00000000       0x23 levels/Stage6Both.o
 .comment       0x00000000       0x23 levels/Stage6BothWalls.o
 .comment       0x00000000       0x23 levels/Stage7Both.o
 .comment       0x00000000       0x23 levels/Stage7BothWalls.o
 .comment       0x00000000       0x23 levels/Stage9Both.o
 .comment       0x00000000       0x23 levels/Stage9Walls.o
 .comment       0x00000000       0x23 other/EndZone.o
 .comment       0x00000000       0x23 player.o
 .comment       0x00000000       0x23 other/MovingBlocks.o
 .comment       0x00000000       0x23 tonclib/lib\libtonc.a(tonc_input.o)
 .comment       0x00000000       0x23 tonclib/lib\libtonc.a(tonc_oam.o)
 .comment       0x00000000       0x23 tonclib/lib\libtonc.a(tte_init_se.o)
 .comment       0x00000000       0x23 tonclib/lib\libtonc.a(tte_main.o)
 .comment       0x00000000       0x23 tonclib/lib\libtonc.a(tonc_surface.o)
 .comment       0x00000000       0x23 tonclib/lib\libtonc.a(se_drawg.o)
 .comment       0x00000000       0x23 tonclib/lib\libtonc.a(tonc_sbmp16.o)
 .comment       0x00000000       0x23 q:/devkitpro1.5.3/devkitarm/bin/../lib/gcc/arm-none-eabi/4.7.1/../../../../arm-none-eabi/lib/thumb\libc.a(lib_a-ctype_.o)
 .comment       0x00000000       0x23 q:/devkitpro1.5.3/devkitarm/bin/../lib/gcc/arm-none-eabi/4.7.1/../../../../arm-none-eabi/lib/thumb\libc.a(lib_a-init.o)
 .comment       0x00000000       0x23 q:/devkitpro1.5.3/devkitarm/bin/../lib/gcc/arm-none-eabi/4.7.1/../../../../arm-none-eabi/lib/thumb\libc.a(lib_a-memcpy-stub.o)
 .comment       0x00000000       0x23 q:/devkitpro1.5.3/devkitarm/bin/../lib/gcc/arm-none-eabi/4.7.1/../../../../arm-none-eabi/lib/thumb\libc.a(lib_a-memset.o)
 .comment       0x00000000       0x23 q:/devkitpro1.5.3/devkitarm/bin/../lib/gcc/arm-none-eabi/4.7.1/../../../../arm-none-eabi/lib/thumb\libc.a(lib_a-sprintf.o)
 .comment       0x00000000       0x23 q:/devkitpro1.5.3/devkitarm/bin/../lib/gcc/arm-none-eabi/4.7.1/../../../../arm-none-eabi/lib/thumb\libc.a(lib_a-strtol.o)
 .comment       0x00000000       0x23 q:/devkitpro1.5.3/devkitarm/bin/../lib/gcc/arm-none-eabi/4.7.1/../../../../arm-none-eabi/lib/thumb\libc.a(lib_a-svfprintf.o)
 .comment       0x00000000       0x23 q:/devkitpro1.5.3/devkitarm/bin/../lib/gcc/arm-none-eabi/4.7.1/../../../../arm-none-eabi/lib/thumb\libc.a(lib_a-wcrtomb.o)
 .comment       0x00000000       0x23 q:/devkitpro1.5.3/devkitarm/bin/../lib/gcc/arm-none-eabi/4.7.1/../../../../arm-none-eabi/lib/thumb\libc.a(lib_a-wcsrtombs.o)
 .comment       0x00000000       0x23 q:/devkitpro1.5.3/devkitarm/bin/../lib/gcc/arm-none-eabi/4.7.1/../../../../arm-none-eabi/lib/thumb\libc.a(lib_a-wctomb_r.o)
 .comment       0x00000000       0x23 q:/devkitpro1.5.3/devkitarm/bin/../lib/gcc/arm-none-eabi/4.7.1/../../../../arm-none-eabi/lib/thumb\libc.a(lib_a-dtoa.o)
 .comment       0x00000000       0x23 q:/devkitpro1.5.3/devkitarm/bin/../lib/gcc/arm-none-eabi/4.7.1/../../../../arm-none-eabi/lib/thumb\libc.a(lib_a-freer.o)
 .comment       0x00000000       0x23 q:/devkitpro1.5.3/devkitarm/bin/../lib/gcc/arm-none-eabi/4.7.1/../../../../arm-none-eabi/lib/thumb\libc.a(lib_a-impure.o)
 .comment       0x00000000       0x23 q:/devkitpro1.5.3/devkitarm/bin/../lib/gcc/arm-none-eabi/4.7.1/../../../../arm-none-eabi/lib/thumb\libc.a(lib_a-locale.o)
 .comment       0x00000000       0x23 q:/devkitpro1.5.3/devkitarm/bin/../lib/gcc/arm-none-eabi/4.7.1/../../../../arm-none-eabi/lib/thumb\libc.a(lib_a-mallocr.o)
 .comment       0x00000000       0x23 q:/devkitpro1.5.3/devkitarm/bin/../lib/gcc/arm-none-eabi/4.7.1/../../../../arm-none-eabi/lib/thumb\libc.a(lib_a-mbtowc_r.o)
 .comment       0x00000000       0x23 q:/devkitpro1.5.3/devkitarm/bin/../lib/gcc/arm-none-eabi/4.7.1/../../../../arm-none-eabi/lib/thumb\libc.a(lib_a-memchr-stub.o)
 .comment       0x00000000       0x23 q:/devkitpro1.5.3/devkitarm/bin/../lib/gcc/arm-none-eabi/4.7.1/../../../../arm-none-eabi/lib/thumb\libc.a(lib_a-mlock.o)
 .comment       0x00000000       0x23 q:/devkitpro1.5.3/devkitarm/bin/../lib/gcc/arm-none-eabi/4.7.1/../../../../arm-none-eabi/lib/thumb\libc.a(lib_a-mprec.o)
 .comment       0x00000000       0x23 q:/devkitpro1.5.3/devkitarm/bin/../lib/gcc/arm-none-eabi/4.7.1/../../../../arm-none-eabi/lib/thumb\libc.a(lib_a-s_fpclassify.o)
 .comment       0x00000000       0x23 q:/devkitpro1.5.3/devkitarm/bin/../lib/gcc/arm-none-eabi/4.7.1/../../../../arm-none-eabi/lib/thumb\libc.a(lib_a-strcasecmp.o)
 .comment       0x00000000       0x23 q:/devkitpro1.5.3/devkitarm/bin/../lib/gcc/arm-none-eabi/4.7.1/../../../../arm-none-eabi/lib/thumb\libc.a(lib_a-strcat.o)
 .comment       0x00000000       0x23 q:/devkitpro1.5.3/devkitarm/bin/../lib/gcc/arm-none-eabi/4.7.1/../../../../arm-none-eabi/lib/thumb\libc.a(lib_a-strchr.o)
 .comment       0x00000000       0x23 q:/devkitpro1.5.3/devkitarm/bin/../lib/gcc/arm-none-eabi/4.7.1/../../../../arm-none-eabi/lib/thumb\libc.a(lib_a-strcmp.o)
 .comment       0x00000000       0x23 q:/devkitpro1.5.3/devkitarm/bin/../lib/gcc/arm-none-eabi/4.7.1/../../../../arm-none-eabi/lib/thumb\libc.a(lib_a-strcpy.o)
 .comment       0x00000000       0x23 q:/devkitpro1.5.3/devkitarm/bin/../lib/gcc/arm-none-eabi/4.7.1/../../../../arm-none-eabi/lib/thumb\libc.a(lib_a-strlcpy.o)
 .comment       0x00000000       0x23 q:/devkitpro1.5.3/devkitarm/bin/../lib/gcc/arm-none-eabi/4.7.1/../../../../arm-none-eabi/lib/thumb\libc.a(lib_a-strlen.o)
 .comment       0x00000000       0x23 q:/devkitpro1.5.3/devkitarm/bin/../lib/gcc/arm-none-eabi/4.7.1/../../../../arm-none-eabi/lib/thumb\libc.a(lib_a-strncasecmp.o)
 .comment       0x00000000       0x23 q:/devkitpro1.5.3/devkitarm/bin/../lib/gcc/arm-none-eabi/4.7.1/../../../../arm-none-eabi/lib/thumb\libc.a(lib_a-strncmp.o)
 .comment       0x00000000       0x23 q:/devkitpro1.5.3/devkitarm/bin/../lib/gcc/arm-none-eabi/4.7.1/../../../../arm-none-eabi/lib/thumb\libc.a(lib_a-strncpy.o)
 .comment       0x00000000       0x23 q:/devkitpro1.5.3/devkitarm/bin/../lib/gcc/arm-none-eabi/4.7.1/../../../../arm-none-eabi/lib/thumb\libc.a(lib_a-svfiprintf.o)
 .comment       0x00000000       0x23 q:/devkitpro1.5.3/devkitarm/bin/../lib/gcc/arm-none-eabi/4.7.1/../../../../arm-none-eabi/lib/thumb\libc.a(lib_a-wcsnrtombs.o)
 .comment       0x00000000       0x23 q:/devkitpro1.5.3/devkitarm/bin/../lib/gcc/arm-none-eabi/4.7.1/../../../../arm-none-eabi/lib/thumb\libc.a(lib_a-callocr.o)
 .comment       0x00000000       0x23 q:/devkitpro1.5.3/devkitarm/bin/../lib/gcc/arm-none-eabi/4.7.1/../../../../arm-none-eabi/lib/thumb\libc.a(lib_a-getenv_r.o)
 .comment       0x00000000       0x23 q:/devkitpro1.5.3/devkitarm/bin/../lib/gcc/arm-none-eabi/4.7.1/../../../../arm-none-eabi/lib/thumb\libc.a(lib_a-memmove.o)
 .comment       0x00000000       0x23 q:/devkitpro1.5.3/devkitarm/bin/../lib/gcc/arm-none-eabi/4.7.1/../../../../arm-none-eabi/lib/thumb\libc.a(lib_a-reallocr.o)
 .comment       0x00000000       0x23 q:/devkitpro1.5.3/devkitarm/bin/../lib/gcc/arm-none-eabi/4.7.1/../../../../arm-none-eabi/lib/thumb\libc.a(lib_a-environ.o)
 .comment       0x00000000       0x23 q:/devkitpro1.5.3/devkitarm/bin/../lib/gcc/arm-none-eabi/4.7.1/../../../../arm-none-eabi/lib/thumb\libc.a(lib_a-envlock.o)
 .comment       0x00000000       0x23 q:/devkitpro1.5.3/devkitarm/bin/../lib/gcc/arm-none-eabi/4.7.1/../../../../arm-none-eabi/lib/thumb\libsysbase.a(sbrk.o)
 .comment       0x00000000       0x23 q:/devkitpro1.5.3/devkitarm/bin/../lib/gcc/arm-none-eabi/4.7.1/../../../../arm-none-eabi/lib/thumb\libsysbase.a(malloc_vars.o)
 .comment       0x00000000       0x23 q:/devkitpro1.5.3/devkitarm/bin/../lib/gcc/arm-none-eabi/4.7.1/thumb\libgcc.a(bpabi.o)
 .comment       0x00000000       0x23 q:/devkitpro1.5.3/devkitarm/bin/../lib/gcc/arm-none-eabi/4.7.1/thumb\libgcc.a(_muldi3.o)
 .comment       0x00000000       0x23 q:/devkitpro1.5.3/devkitarm/bin/../lib/gcc/arm-none-eabi/4.7.1/thumb\libgcc.a(_divdi3.o)
 .comment       0x00000000       0x23 q:/devkitpro1.5.3/devkitarm/bin/../lib/gcc/arm-none-eabi/4.7.1/thumb\libgcc.a(_udivdi3.o)
 .comment       0x00000000       0x23 q:/devkitpro1.5.3/devkitarm/bin/../lib/gcc/arm-none-eabi/4.7.1/thumb/crtend.o

.debug
 *(.debug)

.line
 *(.line)

.debug_srcinfo
 *(.debug_srcinfo)

.debug_sfnames
 *(.debug_sfnames)

.debug_aranges
 *(.debug_aranges)

.debug_pubnames
 *(.debug_pubnames)

.debug_info
 *(.debug_info)

.debug_abbrev
 *(.debug_abbrev)

.debug_line
 *(.debug_line)

.debug_frame
 *(.debug_frame)

.debug_str
 *(.debug_str)

.debug_loc
 *(.debug_loc)

.debug_macinfo
 *(.debug_macinfo)

.debug_weaknames
 *(.debug_weaknames)

.debug_funcnames
 *(.debug_funcnames)

.debug_typenames
 *(.debug_typenames)

.debug_varnames
 *(.debug_varnames)

.stack          0x00080000        0x0
                0x00080000                _stack = .
 *(.stack)

.note.gnu.arm.ident
 *(.note.gnu.arm.ident)

.ARM.attributes
                0x00000000       0x2d
 *(.ARM.attributes)
 .ARM.attributes
                0x00000000       0x18 q:/devkitpro1.5.3/devkitarm/bin/../lib/gcc/arm-none-eabi/4.7.1/../../../../arm-none-eabi/lib/thumb/gba_crt0.o
 .ARM.attributes
                0x00000018       0x18 q:/devkitpro1.5.3/devkitarm/bin/../lib/gcc/arm-none-eabi/4.7.1/thumb/crti.o
 .ARM.attributes
                0x00000030       0x32 q:/devkitpro1.5.3/devkitarm/bin/../lib/gcc/arm-none-eabi/4.7.1/thumb/crtbegin.o
 .ARM.attributes
                0x00000062       0x32 main.o
 .ARM.attributes
                0x00000094       0x32 boxes/BoxClear.o
 .ARM.attributes
                0x000000c6       0x32 boxes/Box1.o
 .ARM.attributes
                0x000000f8       0x32 boxes/Box2.o
 .ARM.attributes
                0x0000012a       0x32 boxes/Box3.o
 .ARM.attributes
                0x0000015c       0x32 boxes/Box4.o
 .ARM.attributes
                0x0000018e       0x32 boxes/Box5.o
 .ARM.attributes
                0x000001c0       0x32 boxes/Box6.o
 .ARM.attributes
                0x000001f2       0x32 boxes/Box7.o
 .ARM.attributes
                0x00000224       0x32 boxes/Box8.o
 .ARM.attributes
                0x00000256       0x32 boxes/Box9.o
 .ARM.attributes
                0x00000288       0x32 dropbox/DBox1clear.o
 .ARM.attributes
                0x000002ba       0x32 dropbox/DBox2clear.o
 .ARM.attributes
                0x000002ec       0x32 dropbox/DBox3clear.o
 .ARM.attributes
                0x0000031e       0x32 dropbox/DBox4clear.o
 .ARM.attributes
                0x00000350       0x32 dropbox/DBox5clear.o
 .ARM.attributes
                0x00000382       0x32 dropbox/DBox6clear.o
 .ARM.attributes
                0x000003b4       0x32 dropbox/DBox7clear.o
 .ARM.attributes
                0x000003e6       0x32 dropbox/DBox8clear.o
 .ARM.attributes
                0x00000418       0x32 dropbox/DBox9clear.o
 .ARM.attributes
                0x0000044a       0x32 dropbox/DBoxclear.o
 .ARM.attributes
                0x0000047c       0x32 levels/StageTutPnP.o
 .ARM.attributes
                0x000004ae       0x32 levels/StageTutPnPWALLS.o
 .ARM.attributes
                0x000004e0       0x32 levels/Stage1Color.o
 .ARM.attributes
                0x00000512       0x32 levels/Stage1ColorWalls.o
 .ARM.attributes
                0x00000544       0x32 levels/Stage2ColorCombo.o
 .ARM.attributes
                0x00000576       0x32 levels/Stage2ColorComboWALL.o
 .ARM.attributes
                0x000005a8       0x32 levels/Stage3NumberCombo.o
 .ARM.attributes
                0x000005da       0x32 levels/Stage3NumberComboWalls.o
 .ARM.attributes
                0x0000060c       0x32 levels/Stage4.o
 .ARM.attributes
                0x0000063e       0x32 levels/Stage4Walls.o
 .ARM.attributes
                0x00000670       0x32 levels/Stage5new.o
 .ARM.attributes
                0x000006a2       0x32 levels/Stage5newWalls.o
 .ARM.attributes
                0x000006d4       0x32 levels/Stage6Both.o
 .ARM.attributes
                0x00000706       0x32 levels/Stage6BothWalls.o
 .ARM.attributes
                0x00000738       0x32 levels/Stage7Both.o
 .ARM.attributes
                0x0000076a       0x32 levels/Stage7BothWalls.o
 .ARM.attributes
                0x0000079c       0x32 levels/Stage9Both.o
 .ARM.attributes
                0x000007ce       0x32 levels/Stage9Walls.o
 .ARM.attributes
                0x00000800       0x32 other/EndZone.o
 .ARM.attributes
                0x00000832       0x32 player.o
 .ARM.attributes
                0x00000864       0x32 other/MovingBlocks.o
 .ARM.attributes
                0x00000896       0x32 tonclib/lib\libtonc.a(tonc_input.o)
 .ARM.attributes
                0x000008c8       0x32 tonclib/lib\libtonc.a(tonc_oam.o)
 .ARM.attributes
                0x000008fa       0x32 tonclib/lib\libtonc.a(tte_init_se.o)
 .ARM.attributes
                0x0000092c       0x32 tonclib/lib\libtonc.a(tte_main.o)
 .ARM.attributes
                0x0000095e       0x16 tonclib/lib\libtonc.a(tonc_bios.o)
 .ARM.attributes
                0x00000974       0x16 tonclib/lib\libtonc.a(tonc_bios_ex.o)
 .ARM.attributes
                0x0000098a       0x18 tonclib/lib\libtonc.a(tonc_memcpy.o)
 .ARM.attributes
                0x000009a2       0x16 tonclib/lib\libtonc.a(sys8.o)
 .ARM.attributes
                0x000009b8       0x32 tonclib/lib\libtonc.a(tonc_surface.o)
 .ARM.attributes
                0x000009ea       0x32 tonclib/lib\libtonc.a(se_drawg.o)
 .ARM.attributes
                0x00000a1c       0x32 tonclib/lib\libtonc.a(tonc_sbmp16.o)
 .ARM.attributes
                0x00000a4e       0x18 tonclib/lib\libtonc.a(tonc_memset.o)
 .ARM.attributes
                0x00000a66       0x1a q:/devkitpro1.5.3/devkitarm/bin/../lib/gcc/arm-none-eabi/4.7.1/thumb\libgcc.a(_divsi3.o)
 .ARM.attributes
                0x00000a80       0x18 q:/devkitpro1.5.3/devkitarm/bin/../lib/gcc/arm-none-eabi/4.7.1/thumb\libgcc.a(_dvmd_tls.o)
 .ARM.attributes
                0x00000a98       0x32 q:/devkitpro1.5.3/devkitarm/bin/../lib/gcc/arm-none-eabi/4.7.1/../../../../arm-none-eabi/lib/thumb\libc.a(lib_a-ctype_.o)
 .ARM.attributes
                0x00000aca       0x32 q:/devkitpro1.5.3/devkitarm/bin/../lib/gcc/arm-none-eabi/4.7.1/../../../../arm-none-eabi/lib/thumb\libc.a(lib_a-init.o)
 .ARM.attributes