Archive member included because of file (symbol)

tonclib/lib\libtonc.a(tonc_input.o)
                              main.o (key_poll)
tonclib/lib\libtonc.a(tonc_oam.o)
                              main.o (oam_init)
tonclib/lib\libtonc.a(tte_init_se.o)
                              main.o (tte_init_se)
tonclib/lib\libtonc.a(tte_main.o)
                              tonclib/lib\libtonc.a(tte_init_se.o) (tte_init_base)
tonclib/lib\libtonc.a(tonc_bios.o)
                              tonclib/lib\libtonc.a(tonc_input.o) (VBlankIntrWait)
tonclib/lib\libtonc.a(tonc_bios_ex.o)
                              tonclib/lib\libtonc.a(tte_main.o) (VBlankIntrDelay)
tonclib/lib\libtonc.a(tonc_memcpy.o)
                              main.o (memcpy32)
tonclib/lib\libtonc.a(sys8.o)
                              main.o (sys8Font)
tonclib/lib\libtonc.a(tonc_surface.o)
                              tonclib/lib\libtonc.a(tte_init_se.o) (srf_init)
tonclib/lib\libtonc.a(se_drawg.o)
                              tonclib/lib\libtonc.a(tte_init_se.o) (se_erase)
tonclib/lib\libtonc.a(tonc_sbmp16.o)
                              tonclib/lib\libtonc.a(se_drawg.o) (sbmp16_rect)
tonclib/lib\libtonc.a(tonc_memset.o)
                              tonclib/lib\libtonc.a(tonc_sbmp16.o) (memset16)
q:/devkitpro1.5.3/devkitarm/bin/../lib/gcc/arm-none-eabi/4.7.1/thumb\libgcc.a(_divsi3.o)
                              tonclib/lib\libtonc.a(tte_main.o) (__aeabi_idiv)
q:/devkitpro1.5.3/devkitarm/bin/../lib/gcc/arm-none-eabi/4.7.1/thumb\libgcc.a(_dvmd_tls.o)
                              q:/devkitpro1.5.3/devkitarm/bin/../lib/gcc/arm-none-eabi/4.7.1/thumb\libgcc.a(_divsi3.o) (__aeabi_idiv0)
q:/devkitpro1.5.3/devkitarm/bin/../lib/gcc/arm-none-eabi/4.7.1/../../../../arm-none-eabi/lib/thumb\libc.a(lib_a-ctype_.o)
                              tonclib/lib\libtonc.a(tte_main.o) (__ctype_ptr__)
q:/devkitpro1.5.3/devkitarm/bin/../lib/gcc/arm-none-eabi/4.7.1/../../../../arm-none-eabi/lib/thumb\libc.a(lib_a-init.o)
                              q:/devkitpro1.5.3/devkitarm/bin/../lib/gcc/arm-none-eabi/4.7.1/../../../../arm-none-eabi/lib/thumb/gba_crt0.o (__libc_init_array)
q:/devkitpro1.5.3/devkitarm/bin/../lib/gcc/arm-none-eabi/4.7.1/../../../../arm-none-eabi/lib/thumb\libc.a(lib_a-memcpy-stub.o)
                              main.o (memcpy)
q:/devkitpro1.5.3/devkitarm/bin/../lib/gcc/arm-none-eabi/4.7.1/../../../../arm-none-eabi/lib/thumb\libc.a(lib_a-memset.o)
                              tonclib/lib\libtonc.a(tte_main.o) (memset)
q:/devkitpro1.5.3/devkitarm/bin/../lib/gcc/arm-none-eabi/4.7.1/../../../../arm-none-eabi/lib/thumb\libc.a(lib_a-strtol.o)
                              tonclib/lib\libtonc.a(tte_main.o) (strtol)
q:/devkitpro1.5.3/devkitarm/bin/../lib/gcc/arm-none-eabi/4.7.1/../../../../arm-none-eabi/lib/thumb\libc.a(lib_a-impure.o)
                              q:/devkitpro1.5.3/devkitarm/bin/../lib/gcc/arm-none-eabi/4.7.1/../../../../arm-none-eabi/lib/thumb\libc.a(lib_a-strtol.o) (_impure_ptr)
q:/devkitpro1.5.3/devkitarm/bin/../lib/gcc/arm-none-eabi/4.7.1/../../../../arm-none-eabi/lib/thumb\libsysbase.a(malloc_vars.o)
                              q:/devkitpro1.5.3/devkitarm/bin/../lib/gcc/arm-none-eabi/4.7.1/../../../../arm-none-eabi/lib/thumb/gba_crt0.o (fake_heap_end)
q:/devkitpro1.5.3/devkitarm/bin/../lib/gcc/arm-none-eabi/4.7.1/thumb\libgcc.a(_udivsi3.o)
                              q:/devkitpro1.5.3/devkitarm/bin/../lib/gcc/arm-none-eabi/4.7.1/../../../../arm-none-eabi/lib/thumb\libc.a(lib_a-strtol.o) (__aeabi_uidiv)

Allocating common symbols
Common symbol       size              file

gate                0x1c              main.o
player              0x1c              main.o
boxes               0x168             main.o
world_grid          0x800             main.o
__tte_main_context  0x48              tonclib/lib\libtonc.a(tte_main.o)
obj_buffer          0x400             main.o
xDistance           0x4               main.o
nextBuffer          0x4               main.o
yDistance           0x4               main.o

Memory Configuration

Name             Origin             Length             Attributes
rom              0x08000000         0x02000000
iwram            0x03000000         0x00008000
ewram            0x02000000         0x00040000
*default*        0x00000000         0xffffffff

Linker script and memory map

                0x08000000                __text_start = ORIGIN (rom)
                0x02040000                __eheap_end = (ORIGIN (ewram) + 0x40000)
                0x03000000                __iwram_start = ORIGIN (iwram)
                0x03008000                __iwram_top = (ORIGIN (iwram) + 0x8000)
                0x03007fa0                __sp_irq = (__iwram_top - 0x60)
                0x03007f00                __sp_usr = (__sp_irq - 0xa0)
                0x03007ff8                __irq_flags = 0x3007ff8
                0x08000000                . = __text_start

.init           0x08000000      0x21c
 *(.init)
 .init          0x08000000      0x210 q:/devkitpro1.5.3/devkitarm/bin/../lib/gcc/arm-none-eabi/4.7.1/../../../../arm-none-eabi/lib/thumb/gba_crt0.o
                0x08000000                _start
                0x080000c4                __boot_method
                0x080000c5                __slave_number
                0x080000e0                start_vector
 .init          0x08000210        0x4 q:/devkitpro1.5.3/devkitarm/bin/../lib/gcc/arm-none-eabi/4.7.1/thumb/crti.o
                0x08000210                _init
 .init          0x08000214        0x8 q:/devkitpro1.5.3/devkitarm/bin/../lib/gcc/arm-none-eabi/4.7.1/thumb/crtn.o
                0x0800021c                . = ALIGN (0x4)

.plt            0x0800021c        0x0
 *(.plt)
                0x0800021c                . = ALIGN (0x4)

.text           0x08000220     0x2c88
 *(EXCLUDE_FILE(*.iwram*) .text)
 .text          0x08000220        0x0 q:/devkitpro1.5.3/devkitarm/bin/../lib/gcc/arm-none-eabi/4.7.1/../../../../arm-none-eabi/lib/thumb/gba_crt0.o
 .text          0x08000220        0x0 q:/devkitpro1.5.3/devkitarm/bin/../lib/gcc/arm-none-eabi/4.7.1/thumb/crti.o
 .text          0x08000220       0xd0 q:/devkitpro1.5.3/devkitarm/bin/../lib/gcc/arm-none-eabi/4.7.1/thumb/crtbegin.o
 .text          0x080002f0      0xeb0 main.o
                0x080002f0                boxCollision
                0x08000328                createGrid
                0x08000354                addBackground
                0x080003d0                init
                0x08000634                initStage1
                0x080006ac                initStage2
                0x0800074c                update
                0x08000f9c                draw
 .text          0x080011a0        0x0 player.o
 .text          0x080011a0        0x0 stage1.o
 .text          0x080011a0        0x0 stage1Floor.o
 .text          0x080011a0        0x0 stage2.o
 .text          0x080011a0        0x0 stage2Floor.o
 .text          0x080011a0        0x0 boxes/BoxClear.o
 .text          0x080011a0        0x0 boxes/Box1.o
 .text          0x080011a0        0x0 boxes/Box2.o
 .text          0x080011a0        0x0 boxes/Box3.o
 .text          0x080011a0        0x0 boxes/Box4.o
 .text          0x080011a0        0x0 boxes/Box5.o
 .text          0x080011a0        0x0 boxes/Box6.o
 .text          0x080011a0        0x0 boxes/Box7.o
 .text          0x080011a0        0x0 boxes/Box8.o
 .text          0x080011a0        0x0 boxes/Box9.o
 .text          0x080011a0        0x0 tempGate.o
 .text          0x080011a0       0xac tonclib/lib\libtonc.a(tonc_input.o)
                0x080011a0                key_poll
                0x080011f8                key_wait_till_hit
                0x0800121c                key_repeat
                0x08001228                key_repeat_mask
                0x08001238                key_repeat_limits
 .text          0x0800124c       0xcc tonclib/lib\libtonc.a(tonc_oam.o)
                0x0800124c                oam_init
                0x08001298                obj_copy
                0x080012c4                obj_hide_multi
                0x080012ec                obj_unhide_multi
 .text          0x08001318      0x15c tonclib/lib\libtonc.a(tte_init_se.o)
                0x08001318                tte_init_se
 .text          0x08001474      0x9e0 tonclib/lib\libtonc.a(tte_main.o)
                0x08001474                dummy_drawg
                0x08001478                dummy_erase
                0x0800147c                tte_set_context
                0x08001498                tte_set_color_attr
                0x080014a8                tte_set_color_attrs
                0x080014c4                tte_set_color
                0x080014e8                tte_set_colors
                0x08001524                tte_init_base
                0x080015b8                utf8_decode_char
                0x08001668                tte_cmd_skip
                0x0800167c                tte_cmd_next
                0x080016b8                tte_putc
                0x08001708                tte_erase_rect
                0x08001724                tte_erase_screen
                0x08001748                tte_erase_line
                0x08001770                tte_cmd_default
                0x08001c2c                tte_write
                0x08001d18                tte_write_ex
                0x08001d48                tte_get_text_size
                0x08001e34                tte_set_margins
 .text          0x08001e54       0x8c tonclib/lib\libtonc.a(tonc_bios.o)
                0x08001e54                SoftReset
                0x08001e58                RegisterRamReset
                0x08001e5c                Halt
                0x08001e60                Stop
                0x08001e64                IntrWait
                0x08001e68                VBlankIntrWait
                0x08001e6c                Div
                0x08001e70                DivArm
                0x08001e74                Sqrt
                0x08001e78                ArcTan
                0x08001e7c                ArcTan2
                0x08001e80                CpuSet
                0x08001e84                CpuFastSet
                0x08001e88                BiosCheckSum
                0x08001e8c                BgAffineSet
                0x08001e90                ObjAffineSet
                0x08001e94                BitUnPack
                0x08001e98                LZ77UnCompWram
                0x08001e9c                LZ77UnCompVram
                0x08001ea0                HuffUnComp
                0x08001ea4                RLUnCompWram
                0x08001ea8                RLUnCompVram
                0x08001eac                Diff8bitUnFilterWram
                0x08001eb0                Diff8bitUnFilterVram
                0x08001eb4                Diff16bitUnFilter
                0x08001eb8                SoundBias
                0x08001ebc                SoundDriverInit
                0x08001ec0                SoundDriverMode
                0x08001ec4                SoundDriverMain
                0x08001ec8                SoundDriverVSync
                0x08001ecc                SoundChannelClear
                0x08001ed0                MidiKey2Freq
                0x08001ed4                MultiBoot
                0x08001ed8                SoundDriverVSyncOff
                0x08001edc                SoundDriverVSyncOn
 .text          0x08001ee0       0x54 tonclib/lib\libtonc.a(tonc_bios_ex.o)
                0x08001ee0                VBlankIntrDelay
                0x08001ef0                DivSafe
                0x08001f04                Mod
                0x08001f0c                DivAbs
                0x08001f14                DivArmMod
                0x08001f1c                DivArmAbs
                0x08001f24                CpuFastFill
 .text          0x08001f34       0x44 tonclib/lib\libtonc.a(tonc_memcpy.o)
                0x08001f34                memcpy16
 .text          0x08001f78        0x0 tonclib/lib\libtonc.a(sys8.o)
 .text          0x08001f78      0x138 tonclib/lib\libtonc.a(tonc_surface.o)
                0x08001f78                srf_init
                0x08002030                srf_pal_copy
                0x08002050                srf_get_ptr
 .text          0x080020b0      0x174 tonclib/lib\libtonc.a(se_drawg.o)
                0x080020b0                se_erase
                0x080020e0                se_drawg_w8h8
                0x0800210c                se_drawg_w8h16
                0x08002148                se_drawg
                0x080021b8                se_drawg_s
 .text          0x08002224      0x4d8 tonclib/lib\libtonc.a(tonc_sbmp16.o)
                0x08002224                sbmp16_get_pixel
                0x08002234                sbmp16_plot
                0x08002248                sbmp16_vline
                0x08002280                sbmp16_line
                0x0800235c                sbmp16_hline
                0x08002388                sbmp16_frame
                0x08002414                sbmp16_rect
                0x08002474                sbmp16_blit
                0x080025b0                sbmp16_floodfill_internal
                0x080026d4                sbmp16_floodfill
 .text          0x080026fc       0x3c tonclib/lib\libtonc.a(tonc_memset.o)
                0x080026fc                memset16
 .text          0x08002738      0x150 q:/devkitpro1.5.3/devkitarm/bin/../lib/gcc/arm-none-eabi/4.7.1/thumb\libgcc.a(_divsi3.o)
                0x08002738                __divsi3
                0x08002738                __aeabi_idiv
                0x08002868                __aeabi_idivmod
 .text          0x08002888        0x4 q:/devkitpro1.5.3/devkitarm/bin/../lib/gcc/arm-none-eabi/4.7.1/thumb\libgcc.a(_dvmd_tls.o)
                0x08002888                __aeabi_idiv0
                0x08002888                __aeabi_ldiv0
 .text          0x0800288c       0x10 q:/devkitpro1.5.3/devkitarm/bin/../lib/gcc/arm-none-eabi/4.7.1/../../../../arm-none-eabi/lib/thumb\libc.a(lib_a-ctype_.o)
                0x0800288c                __set_ctype
 .text          0x0800289c       0x54 q:/devkitpro1.5.3/devkitarm/bin/../lib/gcc/arm-none-eabi/4.7.1/../../../../arm-none-eabi/lib/thumb\libc.a(lib_a-init.o)
                0x0800289c                __libc_init_array
 .text          0x080028f0       0x90 q:/devkitpro1.5.3/devkitarm/bin/../lib/gcc/arm-none-eabi/4.7.1/../../../../arm-none-eabi/lib/thumb\libc.a(lib_a-memcpy-stub.o)
                0x080028f0                memcpy
 .text          0x08002980       0x98 q:/devkitpro1.5.3/devkitarm/bin/../lib/gcc/arm-none-eabi/4.7.1/../../../../arm-none-eabi/lib/thumb\libc.a(lib_a-memset.o)
                0x08002980                memset
 .text          0x08002a18      0x190 q:/devkitpro1.5.3/devkitarm/bin/../lib/gcc/arm-none-eabi/4.7.1/../../../../arm-none-eabi/lib/thumb\libc.a(lib_a-strtol.o)
                0x08002a18                _strtol_r
                0x08002b88                strtol
 .text          0x08002ba8        0x0 q:/devkitpro1.5.3/devkitarm/bin/../lib/gcc/arm-none-eabi/4.7.1/../../../../arm-none-eabi/lib/thumb\libc.a(lib_a-impure.o)
 .text          0x08002ba8        0x0 q:/devkitpro1.5.3/devkitarm/bin/../lib/gcc/arm-none-eabi/4.7.1/../../../../arm-none-eabi/lib/thumb\libsysbase.a(malloc_vars.o)
 .text          0x08002ba8      0x11c q:/devkitpro1.5.3/devkitarm/bin/../lib/gcc/arm-none-eabi/4.7.1/thumb\libgcc.a(_udivsi3.o)
                0x08002ba8                __aeabi_uidiv
                0x08002ba8                __udivsi3
                0x08002ca4                __aeabi_uidivmod
 .text          0x08002cc4        0x0 q:/devkitpro1.5.3/devkitarm/bin/../lib/gcc/arm-none-eabi/4.7.1/thumb/crtend.o
 .text          0x08002cc4        0x0 q:/devkitpro1.5.3/devkitarm/bin/../lib/gcc/arm-none-eabi/4.7.1/thumb/crtn.o
 *(.text .stub .text.* .gnu.linkonce.t.*)
 .text.startup  0x08002cc4      0x1bc main.o
                0x08002cc4                main
 .text.startup.stub
                0x08002e80       0x24 linker stubs
 *(.text.*personality*)
 *(.gnu.warning)
 *(.glue_7t)
 .glue_7t       0x00000000        0x0 linker stubs
 *(.glue_7)
 .glue_7        0x00000000        0x0 linker stubs
 *(.vfp11_veneer)
 .vfp11_veneer  0x00000000        0x0 linker stubs
                0x08002ea4                . = ALIGN (0x4)
                0x08002ea4                __text_end = .

.v4_bx          0x08002ea8        0x0
 .v4_bx         0x00000000        0x0 linker stubs

.iplt           0x08002ea8        0x0
 .iplt          0x00000000        0x0 q:/devkitpro1.5.3/devkitarm/bin/../lib/gcc/arm-none-eabi/4.7.1/../../../../arm-none-eabi/lib/thumb/gba_crt0.o

.fini           0x08002ea8        0xc
 *(.fini)
 .fini          0x08002ea8        0x4 q:/devkitpro1.5.3/devkitarm/bin/../lib/gcc/arm-none-eabi/4.7.1/thumb/crti.o
                0x08002ea8                _fini
 .fini          0x08002eac        0x8 q:/devkitpro1.5.3/devkitarm/bin/../lib/gcc/arm-none-eabi/4.7.1/thumb/crtn.o
                0x08002eb4                . = ALIGN (0x4)

.rodata         0x08002eb4     0x49f8
 *(.rodata)
 .rodata        0x08002eb4      0x220 player.o
                0x08002eb4                playerPal
                0x080030b4                playerTiles
 .rodata        0x080030d4      0xa40 stage1.o
                0x080030d4                stage1Pal
                0x080032d4                stage1Map
                0x08003ad4                stage1Tiles
 .rodata        0x08003b14      0xa40 stage1Floor.o
                0x08003b14                stage1FloorPal
                0x08003d14                stage1FloorMap
                0x08004514                stage1FloorTiles
 .rodata        0x08004554      0xa40 stage2.o
                0x08004554                stage2Pal
                0x08004754                stage2Map
                0x08004f54                stage2Tiles
 .rodata        0x08004f94      0xa40 stage2Floor.o
                0x08004f94                stage2FloorPal
                0x08005194                stage2FloorMap
                0x08005994                stage2FloorTiles
 .rodata        0x080059d4      0x220 boxes/BoxClear.o
                0x080059d4                BoxClearPal
                0x08005bd4                BoxClearTiles
 .rodata        0x08005bf4      0x220 boxes/Box1.o
                0x08005bf4                Box1Pal
                0x08005df4                Box1Tiles
 .rodata        0x08005e14      0x220 boxes/Box2.o
                0x08005e14                Box2Pal
                0x08006014                Box2Tiles
 .rodata        0x08006034      0x220 boxes/Box3.o
                0x08006034                Box3Pal
                0x08006234                Box3Tiles
 .rodata        0x08006254      0x220 boxes/Box4.o
                0x08006254                Box4Pal
                0x08006454                Box4Tiles
 .rodata        0x08006474      0x220 boxes/Box5.o
                0x08006474                Box5Pal
                0x08006674                Box5Tiles
 .rodata        0x08006694      0x220 boxes/Box6.o
                0x08006694                Box6Pal
                0x08006894                Box6Tiles
 .rodata        0x080068b4      0x220 boxes/Box7.o
                0x080068b4                Box7Pal
                0x08006ab4                Box7Tiles
 .rodata        0x08006ad4      0x220 boxes/Box8.o
                0x08006ad4                Box8Pal
                0x08006cd4                Box8Tiles
 .rodata        0x08006cf4      0x220 boxes/Box9.o
                0x08006cf4                Box9Pal
                0x08006ef4                Box9Tiles
 .rodata        0x08006f14      0x220 tempGate.o
                0x08006f14                tempGatePal
                0x08007114                tempGateTiles
 .rodata        0x08007134      0x1f0 tonclib/lib\libtonc.a(tte_main.o)
 .rodata        0x08007324      0x318 tonclib/lib\libtonc.a(sys8.o)
                0x08007324                sys8Font
                0x0800733c                sys8Glyphs
 .rodata        0x0800763c       0x1c tonclib/lib\libtonc.a(tonc_surface.o)
 .rodata        0x08007658       0x3c tonclib/lib\libtonc.a(tonc_sbmp16.o)
                0x08007658                bmp16_tab
                0x08007680                m3_surface
 .rodata        0x08007694      0x104 q:/devkitpro1.5.3/devkitarm/bin/../lib/gcc/arm-none-eabi/4.7.1/../../../../arm-none-eabi/lib/thumb\libc.a(lib_a-ctype_.o)
                0x08007694                _ctype_
 .rodata        0x08007798        0x4 q:/devkitpro1.5.3/devkitarm/bin/../lib/gcc/arm-none-eabi/4.7.1/../../../../arm-none-eabi/lib/thumb\libc.a(lib_a-impure.o)
                0x08007798                _global_impure_ptr
 *all.rodata*(*)
 *(.roda)
 *(.rodata.*)
 .rodata.str1.4
                0x0800779c      0x104 main.o
 .rodata.str1.4
                0x080078a0        0x6 tonclib/lib\libtonc.a(tonc_sbmp16.o)
                                  0x8 (size before relaxing)
 *fill*         0x080078a6        0x2 ff
 .rodata.str1.4
                0x080078a8        0x4 q:/devkitpro1.5.3/devkitarm/bin/../lib/gcc/arm-none-eabi/4.7.1/../../../../arm-none-eabi/lib/thumb\libc.a(lib_a-impure.o)
 *(.gnu.linkonce.r*)
                0x080078ac                . = ALIGN (0x4)

.ARM.extab
 *(.ARM.extab* .gnu.linkonce.armextab.*)
                0x080078ac                __exidx_start = .

.ARM.exidx
 *(.ARM.exidx* .gnu.linkonce.armexidx.*)
                0x080078ac                __exidx_end = .

.ctors          0x080078ac        0x0
 *crtbegin.o(.ctors)
 *(EXCLUDE_FILE(*crtend.o) .ctors)
 *(SORT(.ctors.*))
 *(.ctors)
                0x080078ac                . = ALIGN (0x4)

.dtors          0x080078ac        0x0
 *crtbegin.o(.dtors)
 *(EXCLUDE_FILE(*crtend.o) .dtors)
 *(SORT(.dtors.*))
 *(.dtors)
                0x080078ac                . = ALIGN (0x4)

.eh_frame       0x080078ac        0x4
 *(.eh_frame)
 .eh_frame      0x080078ac        0x0 q:/devkitpro1.5.3/devkitarm/bin/../lib/gcc/arm-none-eabi/4.7.1/thumb/crtbegin.o
 .eh_frame      0x080078ac        0x4 q:/devkitpro1.5.3/devkitarm/bin/../lib/gcc/arm-none-eabi/4.7.1/thumb/crtend.o
                0x080078b0                . = ALIGN (0x4)

.gcc_except_table
                0x080078b0        0x0
 *(.gcc_except_table)
                0x080078b0                . = ALIGN (0x4)
                0x080078b0                __iwram_lma = .

.iwram          0x03000000       0x84 load address 0x080078b0
                0x03000000                __iwram_start__ = ABSOLUTE (.)
 *(.iwram)
 .iwram         0x03000000       0x38 tonclib/lib\libtonc.a(tonc_memcpy.o)
                0x03000000                memcpy32
 .iwram         0x03000038       0x4c tonclib/lib\libtonc.a(tonc_memset.o)
                0x03000038                memset32
 *iwram.*(.text)
                0x03000084                . = ALIGN (0x4)
                0x03000084                __iwram_end__ = ABSOLUTE (.)
                0x08007934                __data_lma = (__iwram_lma + SIZEOF (.iwram))

.rel.dyn        0x03000084        0x0 load address 0x08007934
 .rel.iplt      0x00000000        0x0 q:/devkitpro1.5.3/devkitarm/bin/../lib/gcc/arm-none-eabi/4.7.1/../../../../arm-none-eabi/lib/thumb/gba_crt0.o

.bss            0x03000084      0xe2c
                0x03000084                __bss_start = ABSOLUTE (.)
                0x03000084                __bss_start__ = ABSOLUTE (.)
 *(.dynbss)
 *(.gnu.linkonce.b*)
 *(.bss*)
 .bss           0x03000084        0x0 q:/devkitpro1.5.3/devkitarm/bin/../lib/gcc/arm-none-eabi/4.7.1/../../../../arm-none-eabi/lib/thumb/gba_crt0.o
 .bss           0x03000084        0x0 q:/devkitpro1.5.3/devkitarm/bin/../lib/gcc/arm-none-eabi/4.7.1/thumb/crti.o
 .bss           0x03000084       0x1c q:/devkitpro1.5.3/devkitarm/bin/../lib/gcc/arm-none-eabi/4.7.1/thumb/crtbegin.o
 .bss           0x030000a0       0x10 main.o
                0x030000a0                backgroundX
                0x030000a4                backgroundY
                0x030000a8                gameState
                0x030000ac                menuSelection
 .bss           0x030000b0        0x0 player.o
 .bss           0x030000b0        0x0 stage1.o
 .bss           0x030000b0        0x0 stage1Floor.o
 .bss           0x030000b0        0x0 stage2.o
 .bss           0x030000b0        0x0 stage2Floor.o
 .bss           0x030000b0        0x0 boxes/BoxClear.o
 .bss           0x030000b0        0x0 boxes/Box1.o
 .bss           0x030000b0        0x0 boxes/Box2.o
 .bss           0x030000b0        0x0 boxes/Box3.o
 .bss           0x030000b0        0x0 boxes/Box4.o
 .bss           0x030000b0        0x0 boxes/Box5.o
 .bss           0x030000b0        0x0 boxes/Box6.o
 .bss           0x030000b0        0x0 boxes/Box7.o
 .bss           0x030000b0        0x0 boxes/Box8.o
 .bss           0x030000b0        0x0 boxes/Box9.o
 .bss           0x030000b0        0x0 tempGate.o
 .bss           0x030000b0        0x4 tonclib/lib\libtonc.a(tonc_input.o)
                0x030000b0                __key_curr
                0x030000b2                __key_prev
 .bss           0x030000b4        0x0 tonclib/lib\libtonc.a(tonc_oam.o)
 .bss           0x030000b4        0x0 tonclib/lib\libtonc.a(tte_init_se.o)
 .bss           0x030000b4        0x0 tonclib/lib\libtonc.a(tte_main.o)
 .bss           0x030000b4        0x0 tonclib/lib\libtonc.a(tonc_bios.o)
 .bss           0x030000b4        0x0 tonclib/lib\libtonc.a(tonc_bios_ex.o)
 .bss           0x030000b4        0x0 tonclib/lib\libtonc.a(tonc_memcpy.o)
 .bss           0x030000b4        0x0 tonclib/lib\libtonc.a(sys8.o)
 .bss           0x030000b4        0x0 tonclib/lib\libtonc.a(tonc_surface.o)
 .bss           0x030000b4        0x0 tonclib/lib\libtonc.a(se_drawg.o)
 .bss           0x030000b4        0x0 tonclib/lib\libtonc.a(tonc_sbmp16.o)
 .bss           0x030000b4        0x0 tonclib/lib\libtonc.a(tonc_memset.o)
 .bss           0x030000b4        0x0 q:/devkitpro1.5.3/devkitarm/bin/../lib/gcc/arm-none-eabi/4.7.1/thumb\libgcc.a(_divsi3.o)
 .bss           0x030000b4        0x0 q:/devkitpro1.5.3/devkitarm/bin/../lib/gcc/arm-none-eabi/4.7.1/thumb\libgcc.a(_dvmd_tls.o)
 .bss           0x030000b4        0x0 q:/devkitpro1.5.3/devkitarm/bin/../lib/gcc/arm-none-eabi/4.7.1/../../../../arm-none-eabi/lib/thumb\libc.a(lib_a-ctype_.o)
 .bss           0x030000b4        0x0 q:/devkitpro1.5.3/devkitarm/bin/../lib/gcc/arm-none-eabi/4.7.1/../../../../arm-none-eabi/lib/thumb\libc.a(lib_a-init.o)
 .bss           0x030000b4        0x0 q:/devkitpro1.5.3/devkitarm/bin/../lib/gcc/arm-none-eabi/4.7.1/../../../../arm-none-eabi/lib/thumb\libc.a(lib_a-memcpy-stub.o)
 .bss           0x030000b4        0x0 q:/devkitpro1.5.3/devkitarm/bin/../lib/gcc/arm-none-eabi/4.7.1/../../../../arm-none-eabi/lib/thumb\libc.a(lib_a-memset.o)
 .bss           0x030000b4        0x0 q:/devkitpro1.5.3/devkitarm/bin/../lib/gcc/arm-none-eabi/4.7.1/../../../../arm-none-eabi/lib/thumb\libc.a(lib_a-strtol.o)
 .bss           0x030000b4        0x0 q:/devkitpro1.5.3/devkitarm/bin/../lib/gcc/arm-none-eabi/4.7.1/../../../../arm-none-eabi/lib/thumb\libc.a(lib_a-impure.o)
 .bss           0x030000b4        0x8 q:/devkitpro1.5.3/devkitarm/bin/../lib/gcc/arm-none-eabi/4.7.1/../../../../arm-none-eabi/lib/thumb\libsysbase.a(malloc_vars.o)
                0x030000b4                fake_heap_start
                0x030000b8                fake_heap_end
 .bss           0x030000bc        0x0 q:/devkitpro1.5.3/devkitarm/bin/../lib/gcc/arm-none-eabi/4.7.1/thumb\libgcc.a(_udivsi3.o)
 .bss           0x030000bc        0x0 q:/devkitpro1.5.3/devkitarm/bin/../lib/gcc/arm-none-eabi/4.7.1/thumb/crtend.o
 .bss           0x030000bc        0x0 q:/devkitpro1.5.3/devkitarm/bin/../lib/gcc/arm-none-eabi/4.7.1/thumb/crtn.o
 *(COMMON)
 COMMON         0x030000bc      0xdac main.o
                0x030000bc                gate
                0x030000d8                player
                0x030000f4                boxes
                0x0300025c                world_grid
                0x03000a5c                obj_buffer
                0x03000e5c                xDistance
                0x03000e60                nextBuffer
                0x03000e64                yDistance
 COMMON         0x03000e68       0x48 tonclib/lib\libtonc.a(tte_main.o)
                0x03000e68                __tte_main_context
                0x03000eb0                . = ALIGN (0x4)
                0x03000eb0                __bss_end__ = ABSOLUTE (.)

.data           0x03000eb0      0x458 load address 0x08007934
                0x03000eb0                __data_start__ = ABSOLUTE (.)
 *(.data)
 .data          0x03000eb0        0x0 q:/devkitpro1.5.3/devkitarm/bin/../lib/gcc/arm-none-eabi/4.7.1/../../../../arm-none-eabi/lib/thumb/gba_crt0.o
 .data          0x03000eb0        0x0 q:/devkitpro1.5.3/devkitarm/bin/../lib/gcc/arm-none-eabi/4.7.1/thumb/crti.o
 .data          0x03000eb0        0x4 q:/devkitpro1.5.3/devkitarm/bin/../lib/gcc/arm-none-eabi/4.7.1/thumb/crtbegin.o
                0x03000eb0                __dso_handle
 .data          0x03000eb4       0x10 main.o
                0x03000eb4                screenWidth
                0x03000eb8                screenHeight
                0x03000ebc                simplePlayer
                0x03000ec0                obj_aff_buffer
 .data          0x03000ec4        0x0 player.o
 .data          0x03000ec4        0x0 stage1.o
 .data          0x03000ec4        0x0 stage1Floor.o
 .data          0x03000ec4        0x0 stage2.o
 .data          0x03000ec4        0x0 stage2Floor.o
 .data          0x03000ec4        0x0 boxes/BoxClear.o
 .data          0x03000ec4        0x0 boxes/Box1.o
 .data          0x03000ec4        0x0 boxes/Box2.o
 .data          0x03000ec4        0x0 boxes/Box3.o
 .data          0x03000ec4        0x0 boxes/Box4.o
 .data          0x03000ec4        0x0 boxes/Box5.o
 .data          0x03000ec4        0x0 boxes/Box6.o
 .data          0x03000ec4        0x0 boxes/Box7.o
 .data          0x03000ec4        0x0 boxes/Box8.o
 .data          0x03000ec4        0x0 boxes/Box9.o
 .data          0x03000ec4        0x0 tempGate.o
 .data          0x03000ec4        0x8 tonclib/lib\libtonc.a(tonc_input.o)
                0x03000ec4                __key_rpt
 .data          0x03000ecc        0x0 tonclib/lib\libtonc.a(tonc_oam.o)
 .data          0x03000ecc        0x0 tonclib/lib\libtonc.a(tte_init_se.o)
 .data          0x03000ecc        0x4 tonclib/lib\libtonc.a(tte_main.o)
                0x03000ecc                gp_tte_context
 .data          0x03000ed0        0x0 tonclib/lib\libtonc.a(tonc_bios.o)
 .data          0x03000ed0        0x0 tonclib/lib\libtonc.a(tonc_bios_ex.o)
 .data          0x03000ed0        0x0 tonclib/lib\libtonc.a(tonc_memcpy.o)
 .data          0x03000ed0        0x0 tonclib/lib\libtonc.a(sys8.o)
 .data          0x03000ed0        0x0 tonclib/lib\libtonc.a(tonc_surface.o)
 .data          0x03000ed0        0x0 tonclib/lib\libtonc.a(se_drawg.o)
 .data          0x03000ed0        0x0 tonclib/lib\libtonc.a(tonc_sbmp16.o)
 .data          0x03000ed0        0x0 tonclib/lib\libtonc.a(tonc_memset.o)
 .data          0x03000ed0        0x0 q:/devkitpro1.5.3/devkitarm/bin/../lib/gcc/arm-none-eabi/4.7.1/thumb\libgcc.a(_divsi3.o)
 .data          0x03000ed0        0x0 q:/devkitpro1.5.3/devkitarm/bin/../lib/gcc/arm-none-eabi/4.7.1/thumb\libgcc.a(_dvmd_tls.o)
 .data          0x03000ed0        0x4 q:/devkitpro1.5.3/devkitarm/bin/../lib/gcc/arm-none-eabi/4.7.1/../../../../arm-none-eabi/lib/thumb\libc.a(lib_a-ctype_.o)
                0x03000ed0                __ctype_ptr__
 .data          0x03000ed4        0x0 q:/devkitpro1.5.3/devkitarm/bin/../lib/gcc/arm-none-eabi/4.7.1/../../../../arm-none-eabi/lib/thumb\libc.a(lib_a-init.o)
 .data          0x03000ed4        0x0 q:/devkitpro1.5.3/devkitarm/bin/../lib/gcc/arm-none-eabi/4.7.1/../../../../arm-none-eabi/lib/thumb\libc.a(lib_a-memcpy-stub.o)
 .data          0x03000ed4        0x0 q:/devkitpro1.5.3/devkitarm/bin/../lib/gcc/arm-none-eabi/4.7.1/../../../../arm-none-eabi/lib/thumb\libc.a(lib_a-memset.o)
 .data          0x03000ed4        0x0 q:/devkitpro1.5.3/devkitarm/bin/../lib/gcc/arm-none-eabi/4.7.1/../../../../arm-none-eabi/lib/thumb\libc.a(lib_a-strtol.o)
 *fill*         0x03000ed4        0x4 ff
 .data          0x03000ed8      0x430 q:/devkitpro1.5.3/devkitarm/bin/../lib/gcc/arm-none-eabi/4.7.1/../../../../arm-none-eabi/lib/thumb\libc.a(lib_a-impure.o)
                0x03000ed8                _impure_ptr
 .data          0x03001308        0x0 q:/devkitpro1.5.3/devkitarm/bin/../lib/gcc/arm-none-eabi/4.7.1/../../../../arm-none-eabi/lib/thumb\libsysbase.a(malloc_vars.o)
 .data          0x03001308        0x0 q:/devkitpro1.5.3/devkitarm/bin/../lib/gcc/arm-none-eabi/4.7.1/thumb\libgcc.a(_udivsi3.o)
 .data          0x03001308        0x0 q:/devkitpro1.5.3/devkitarm/bin/../lib/gcc/arm-none-eabi/4.7.1/thumb/crtend.o
 .data          0x03001308        0x0 q:/devkitpro1.5.3/devkitarm/bin/../lib/gcc/arm-none-eabi/4.7.1/thumb/crtn.o
 *(.data.*)
 *(.gnu.linkonce.d*)
                0x03001308                . = ALIGN (0x4)
                0x08007d8c                __preinit_lma = (__data_lma + SIZEOF (.data))

.igot.plt       0x03001308        0x0 load address 0x08007d8c
 .igot.plt      0x00000000        0x0 q:/devkitpro1.5.3/devkitarm/bin/../lib/gcc/arm-none-eabi/4.7.1/../../../../arm-none-eabi/lib/thumb/gba_crt0.o

.tm_clone_table
                0x03001308        0x0 load address 0x08007d8c
 .tm_clone_table
                0x03001308        0x0 q:/devkitpro1.5.3/devkitarm/bin/../lib/gcc/arm-none-eabi/4.7.1/thumb/crtbegin.o
 .tm_clone_table
                0x03001308        0x0 q:/devkitpro1.5.3/devkitarm/bin/../lib/gcc/arm-none-eabi/4.7.1/thumb/crtend.o

.preinit_array  0x03001308        0x0 load address 0x08007d8c
                0x03001308                __preinit_array_start = ABSOLUTE (.)
 *(.preinit_array)
                0x03001308                __preinit_array_end = ABSOLUTE (.)
                0x08007d8c                __init_lma = (__preinit_lma + SIZEOF (.preinit_array))

.init_array     0x03001308        0x4 load address 0x08007d8c
                0x03001308                __init_array_start = ABSOLUTE (.)
 *(SORT(.init_array.*))
 *(.init_array)
 .init_array    0x03001308        0x4 q:/devkitpro1.5.3/devkitarm/bin/../lib/gcc/arm-none-eabi/4.7.1/thumb/crtbegin.o
                0x0300130c                __init_array_end = ABSOLUTE (.)
                0x08007d90                __fini_lma = (__init_lma + SIZEOF (.init_array))

.fini_array     0x0300130c        0x4 load address 0x08007d90
                0x0300130c                __fini_array_start = ABSOLUTE (.)
 *(SORT(.fini_array.*))
 *(.fini_array)
 .fini_array    0x0300130c        0x4 q:/devkitpro1.5.3/devkitarm/bin/../lib/gcc/arm-none-eabi/4.7.1/thumb/crtbegin.o
                0x03001310                __fini_array_end = ABSOLUTE (.)
                0x08007d94                __jcr_lma = (__fini_lma + SIZEOF (.fini_array))

.jcr            0x03001310        0x4 load address 0x08007d94
 *(.jcr)
 .jcr           0x03001310        0x0 q:/devkitpro1.5.3/devkitarm/bin/../lib/gcc/arm-none-eabi/4.7.1/thumb/crtbegin.o
 .jcr           0x03001310        0x4 q:/devkitpro1.5.3/devkitarm/bin/../lib/gcc/arm-none-eabi/4.7.1/thumb/crtend.o
                0x03001314                __data_end__ = ABSOLUTE (.)
                0x08007d98                __iwram_overlay_lma = (__jcr_lma + SIZEOF (.jcr))
                0x03001314                __iwram_overlay_start = .

.iwram0         0x03001314        0x0 load address 0x08007d98
 *(.iwram0)
                0x03001314                . = ALIGN (0x4)
                0x08007d98                PROVIDE (__load_start_iwram0, LOADADDR (.iwram0))
                0x08007d98                PROVIDE (__load_stop_iwram0, (LOADADDR (.iwram0) + SIZEOF (.iwram0)))

.iwram1         0x03001314        0x0
 *(.iwram1)
                0x03001314                . = ALIGN (0x4)
                0x03001314                PROVIDE (__load_start_iwram1, LOADADDR (.iwram1))
                0x03001314                PROVIDE (__load_stop_iwram1, (LOADADDR (.iwram1) + SIZEOF (.iwram1)))

.iwram2         0x03001314        0x0
 *(.iwram2)
                0x03001314                . = ALIGN (0x4)
                0x03001314                PROVIDE (__load_start_iwram2, LOADADDR (.iwram2))
                0x03001314                PROVIDE (__load_stop_iwram2, (LOADADDR (.iwram2) + SIZEOF (.iwram2)))

.iwram3         0x03001314        0x0
 *(.iwram3)
                0x03001314                . = ALIGN (0x4)
                0x03001314                PROVIDE (__load_start_iwram3, LOADADDR (.iwram3))
                0x03001314                PROVIDE (__load_stop_iwram3, (LOADADDR (.iwram3) + SIZEOF (.iwram3)))

.iwram4         0x03001314        0x0
 *(.iwram4)
                0x03001314                . = ALIGN (0x4)
                0x03001314                PROVIDE (__load_start_iwram4, LOADADDR (.iwram4))
                0x03001314                PROVIDE (__load_stop_iwram4, (LOADADDR (.iwram4) + SIZEOF (.iwram4)))

.iwram5         0x03001314        0x0
 *(.iwram5)
                0x03001314                . = ALIGN (0x4)
                0x03001314                PROVIDE (__load_start_iwram5, LOADADDR (.iwram5))
                0x03001314                PROVIDE (__load_stop_iwram5, (LOADADDR (.iwram5) + SIZEOF (.iwram5)))

.iwram6         0x03001314        0x0
 *(.iwram6)
                0x03001314                . = ALIGN (0x4)
                0x03001314                PROVIDE (__load_start_iwram6, LOADADDR (.iwram6))
                0x03001314                PROVIDE (__load_stop_iwram6, (LOADADDR (.iwram6) + SIZEOF (.iwram6)))

.iwram7         0x03001314        0x0
 *(.iwram7)
                0x03001314                . = ALIGN (0x4)
                0x03001314                PROVIDE (__load_start_iwram7, LOADADDR (.iwram7))
                0x03001314                PROVIDE (__load_stop_iwram7, (LOADADDR (.iwram7) + SIZEOF (.iwram7)))

.iwram8         0x03001314        0x0
 *(.iwram8)
                0x03001314                . = ALIGN (0x4)
                0x03001314                PROVIDE (__load_start_iwram8, LOADADDR (.iwram8))
                0x03001314                PROVIDE (__load_stop_iwram8, (LOADADDR (.iwram8) + SIZEOF (.iwram8)))

.iwram9         0x03001314        0x0
 *(.iwram9)
                0x03001314                . = ALIGN (0x4)
                0x03001314                PROVIDE (__load_start_iwram9, LOADADDR (.iwram9))
                0x03001314                PROVIDE (__load_stop_iwram9, (LOADADDR (.iwram9) + SIZEOF (.iwram9)))
                0x03001314                __iwram_overlay_end = .
                0x08007d98                __ewram_lma = (__iwram_overlay_lma + (__iwram_overlay_end - __iwram_overlay_start))
                0x03001314                __iheap_start = .
                0x02000000                __ewram_start = ORIGIN (ewram)

.ewram          0x02000000       0x14 load address 0x08007d98
 *(.ewram)
 .ewram         0x02000000       0x14 tonclib/lib\libtonc.a(tonc_sbmp16.o)
                0x02000000                m5_surface
                0x02000014                . = ALIGN (0x4)
                0x02000014                __ewram_end = ABSOLUTE (.)
                0x08007dac                __pad_lma = (__ewram_lma + SIZEOF (.ewram))

.sbss           0x02000014        0x0
                0x02000014                __sbss_start__ = ABSOLUTE (.)
 *(.sbss)
                0x02000014                . = ALIGN (0x4)
                0x02000014                __sbss_end__ = ABSOLUTE (.)
                0x02000014                __end__ = ABSOLUTE (.)
                0x02000014                __eheap_start = ABSOLUTE (.)

.pad            0x02000014        0x8 load address 0x08007dac
                0x02000014        0x4 LONG 0x52416b64
                0x02000018        0x4 LONG 0x4d
                0x0200001c                . = ALIGN (0x4)
                0x08007db4                __rom_end__ = (__pad_lma + SIZEOF (.pad))

.stab
 *(.stab)

.stabstr
 *(.stabstr)

.stab.excl
 *(.stab.excl)

.stab.exclstr
 *(.stab.exclstr)

.stab.index
 *(.stab.index)

.stab.indexstr
 *(.stab.indexstr)

.comment        0x00000000       0x44
 *(.comment)
 .comment       0x00000000       0x22 q:/devkitpro1.5.3/devkitarm/bin/../lib/gcc/arm-none-eabi/4.7.1/thumb/crtbegin.o
                                 0x23 (size before relaxing)
 .comment       0x00000000       0x23 main.o
 .comment       0x00000022       0x22 player.o
                                 0x23 (size before relaxing)
 .comment       0x00000000       0x23 stage1.o
 .comment       0x00000000       0x23 stage1Floor.o
 .comment       0x00000000       0x23 stage2.o
 .comment       0x00000000       0x23 stage2Floor.o
 .comment       0x00000000       0x23 boxes/BoxClear.o
 .comment       0x00000000       0x23 boxes/Box1.o
 .comment       0x00000000       0x23 boxes/Box2.o
 .comment       0x00000000       0x23 boxes/Box3.o
 .comment       0x00000000       0x23 boxes/Box4.o
 .comment       0x00000000       0x23 boxes/Box5.o
 .comment       0x00000000       0x23 boxes/Box6.o
 .comment       0x00000000       0x23 boxes/Box7.o
 .comment       0x00000000       0x23 boxes/Box8.o
 .comment       0x00000000       0x23 boxes/Box9.o
 .comment       0x00000000       0x23 tempGate.o
 .comment       0x00000000       0x23 tonclib/lib\libtonc.a(tonc_input.o)
 .comment       0x00000000       0x23 tonclib/lib\libtonc.a(tonc_oam.o)
 .comment       0x00000000       0x23 tonclib/lib\libtonc.a(tte_init_se.o)
 .comment       0x00000000       0x23 tonclib/lib\libtonc.a(tte_main.o)
 .comment       0x00000000       0x23 tonclib/lib\libtonc.a(tonc_surface.o)
 .comment       0x00000000       0x23 tonclib/lib\libtonc.a(se_drawg.o)
 .comment       0x00000000       0x23 tonclib/lib\libtonc.a(tonc_sbmp16.o)
 .comment       0x00000000       0x23 q:/devkitpro1.5.3/devkitarm/bin/../lib/gcc/arm-none-eabi/4.7.1/../../../../arm-none-eabi/lib/thumb\libc.a(lib_a-ctype_.o)
 .comment       0x00000000       0x23 q:/devkitpro1.5.3/devkitarm/bin/../lib/gcc/arm-none-eabi/4.7.1/../../../../arm-none-eabi/lib/thumb\libc.a(lib_a-init.o)
 .comment       0x00000000       0x23 q:/devkitpro1.5.3/devkitarm/bin/../lib/gcc/arm-none-eabi/4.7.1/../../../../arm-none-eabi/lib/thumb\libc.a(lib_a-memcpy-stub.o)
 .comment       0x00000000       0x23 q:/devkitpro1.5.3/devkitarm/bin/../lib/gcc/arm-none-eabi/4.7.1/../../../../arm-none-eabi/lib/thumb\libc.a(lib_a-memset.o)
 .comment       0x00000000       0x23 q:/devkitpro1.5.3/devkitarm/bin/../lib/gcc/arm-none-eabi/4.7.1/../../../../arm-none-eabi/lib/thumb\libc.a(lib_a-strtol.o)
 .comment       0x00000000       0x23 q:/devkitpro1.5.3/devkitarm/bin/../lib/gcc/arm-none-eabi/4.7.1/../../../../arm-none-eabi/lib/thumb\libc.a(lib_a-impure.o)
 .comment       0x00000000       0x23 q:/devkitpro1.5.3/devkitarm/bin/../lib/gcc/arm-none-eabi/4.7.1/../../../../arm-none-eabi/lib/thumb\libsysbase.a(malloc_vars.o)
 .comment       0x00000000       0x23 q:/devkitpro1.5.3/devkitarm/bin/../lib/gcc/arm-none-eabi/4.7.1/thumb/crtend.o

.debug
 *(.debug)

.line
 *(.line)

.debug_srcinfo
 *(.debug_srcinfo)

.debug_sfnames
 *(.debug_sfnames)

.debug_aranges
 *(.debug_aranges)

.debug_pubnames
 *(.debug_pubnames)

.debug_info
 *(.debug_info)

.debug_abbrev
 *(.debug_abbrev)

.debug_line
 *(.debug_line)

.debug_frame
 *(.debug_frame)

.debug_str
 *(.debug_str)

.debug_loc
 *(.debug_loc)

.debug_macinfo
 *(.debug_macinfo)

.debug_weaknames
 *(.debug_weaknames)

.debug_funcnames
 *(.debug_funcnames)

.debug_typenames
 *(.debug_typenames)

.debug_varnames
 *(.debug_varnames)

.stack          0x00080000        0x0
                0x00080000                _stack = .
 *(.stack)

.note.gnu.arm.ident
 *(.note.gnu.arm.ident)

.ARM.attributes
                0x00000000       0x2b
 *(.ARM.attributes)
 .ARM.attributes
                0x00000000       0x18 q:/devkitpro1.5.3/devkitarm/bin/../lib/gcc/arm-none-eabi/4.7.1/../../../../arm-none-eabi/lib/thumb/gba_crt0.o
 .ARM.attributes
                0x00000018       0x18 q:/devkitpro1.5.3/devkitarm/bin/../lib/gcc/arm-none-eabi/4.7.1/thumb/crti.o
 .ARM.attributes
                0x00000030       0x32 q:/devkitpro1.5.3/devkitarm/bin/../lib/gcc/arm-none-eabi/4.7.1/thumb/crtbegin.o
 .ARM.attributes
                0x00000062       0x32 main.o
 .ARM.attributes
                0x00000094       0x30 player.o
 .ARM.attributes
                0x000000c4       0x30 stage1.o
 .ARM.attributes
                0x000000f4       0x30 stage1Floor.o
 .ARM.attributes
                0x00000124       0x30 stage2.o
 .ARM.attributes
                0x00000154       0x30 stage2Floor.o
 .ARM.attributes
                0x00000184       0x32 boxes/BoxClear.o
 .ARM.attributes
                0x000001b6       0x32 boxes/Box1.o
 .ARM.attributes
                0x000001e8       0x32 boxes/Box2.o
 .ARM.attributes
                0x0000021a       0x32 boxes/Box3.o
 .ARM.attributes
                0x0000024c       0x32 boxes/Box4.o
 .ARM.attributes
                0x0000027e       0x32 boxes/Box5.o
 .ARM.attributes
                0x000002b0       0x32 boxes/Box6.o
 .ARM.attributes
                0x000002e2       0x32 boxes/Box7.o
 .ARM.attributes
                0x00000314       0x32 boxes/Box8.o
 .ARM.attributes
                0x00000346       0x32 boxes/Box9.o
 .ARM.attributes
                0x00000378       0x32 tempGate.o
 .ARM.attributes
                0x000003aa       0x32 tonclib/lib\libtonc.a(tonc_input.o)
 .ARM.attributes
                0x000003dc       0x32 tonclib/lib\libtonc.a(tonc_oam.o)
 .ARM.attributes
                0x0000040e       0x32 tonclib/lib\libtonc.a(tte_init_se.o)
 .ARM.attributes
                0x00000440       0x32 tonclib/lib\libtonc.a(tte_main.o)
 .ARM.attributes
                0x00000472       0x16 tonclib/lib\libtonc.a(tonc_bios.o)
 .ARM.attributes
                0x00000488       0x16 tonclib/lib\libtonc.a(tonc_bios_ex.o)
 .ARM.attributes
                0x0000049e       0x18 tonclib/lib\libtonc.a(tonc_memcpy.o)
 .ARM.attributes
                0x000004b6       0x16 tonclib/lib\libtonc.a(sys8.o)
 .ARM.attributes
                0x000004cc       0x32 tonclib/lib\libtonc.a(tonc_surface.o)
 .ARM.attributes
                0x000004fe       0x32 tonclib/lib\libtonc.a(se_drawg.o)
 .ARM.attributes
                0x00000530       0x32 tonclib/lib\libtonc.a(tonc_sbmp16.o)
 .ARM.attributes
                0x00000562       0x18 tonclib/lib\libtonc.a(tonc_memset.o)
 .ARM.attributes
                0x0000057a       0x1a q:/devkitpro1.5.3/devkitarm/bin/../lib/gcc/arm-none-eabi/4.7.1/thumb\libgcc.a(_divsi3.o)
 .ARM.attributes
                0x00000594       0x18 q:/devkitpro1.5.3/devkitarm/bin/../lib/gcc/arm-none-eabi/4.7.1/thumb\libgcc.a(_dvmd_tls.o)
 .ARM.attributes
                0x000005ac       0x32 q:/devkitpro1.5.3/devkitarm/bin/../lib/gcc/arm-none-eabi/4.7.1/../../../../arm-none-eabi/lib/thumb\libc.a(lib_a-ctype_.o)
 .ARM.attributes
                0x000005de       0x32 q:/devkitpro1.5.3/devkitarm/bin/../lib/gcc/arm-none-eabi/4.7.1/../../../../arm-none-eabi/lib/thumb\libc.a(lib_a-init.o)
 .ARM.attributes
                0x00000610       0x32 q:/devkitpro1.5.3/devkitarm/bin/../lib/gcc/arm-none-eabi/4.7.1/../../../../arm-none-eabi/lib/thumb\libc.a(lib_a-memcpy-stub.o)
 .ARM.attributes
                0x00000642       0x32 q:/devkitpro1.5.3/devkitarm/bin/../lib/gcc/arm-none-eabi/4.7.1/../../../../arm-none-eabi/lib/thumb\libc.a(lib_a-memset.o)
 .ARM.attributes
                0x00000674       0x32 q:/devkitpro1.5.3/devkitarm/bin/../lib/gcc/arm-none-eabi/4.7.1/../../../../arm-none-eabi/lib/thumb\libc.a(lib_a-strtol.o)
 .ARM.attributes
                0x000006a6       0x32 q:/devkitpro1.5.3/devkitarm/bin/../lib/gcc/arm-none-eabi/4.7.1/../../../../arm-none-eabi/lib/thumb\libc.a(lib_a-impure.o)
 .ARM.attributes
                0x000006d8       0x32 q:/devkitpro1.5.3/devkitarm/bin/../lib/gcc/arm-none-eabi/4.7.1/../../../../arm-none-eabi/lib/thumb\libsysbase.a(malloc_vars.o)
 .ARM.attributes
                0x0000070a       0x1a q:/devkitpro1.5.3/devkitarm/bin/../lib/gcc/arm-none-eabi/4.7.1/thumb\libgcc.a(_udivsi3.o)
 .ARM.attributes
                0x00000724       0x32 q:/devkitpro1.5.3/devkitarm/bin/../lib/gcc/arm-none-eabi/4.7.1/thumb/crtend.o
 .ARM.attributes
                0x00000756       0x18 q:/devkitpro1.5.3/devkitarm/bin/../lib/gcc/arm-none-eabi/4.7.1/thumb/crtn.o

/DISCARD/
 *(.note.GNU-stack)
LOAD q:/devkitpro1.5.3/devkitarm/bin/../lib/gcc/arm-none-eabi/4.7.1/../../../../arm-none-eabi/lib/thumb/gba_crt0.o
LOAD q:/devkitpro1.5.3/devkitarm/bin/../lib/gcc/arm-none-eabi/4.7.1/thumb/crti.o
LOAD q:/devkitpro1.5.3/devkitarm/bin/../lib/gcc/arm-none-eabi/4.7.1/thumb/crtbegin.o
LOAD main.o
LOAD player.o
LOAD stage1.o
LOAD stage1Floor.o
LOAD stage2.o
LOAD stage2Floor.o
LOAD boxes/BoxClear.o
LOAD boxes/Box1.o
LOAD boxes/Box2.o
LOAD boxes/Box3.o
LOAD boxes/Box4.o
LOAD boxes/Box5.o
LOAD boxes/Box6.o
LOAD boxes/Box7.o
LOAD boxes/Box8.o
LOAD boxes/Box9.o
LOAD tempGate.o
LOAD tonclib/lib\libtonc.a
START GROUP
LOAD q:/devkitpro1.5.3/devkitarm/bin/../lib/gcc/arm-none-eabi/4.7.1/thumb\libgcc.a
LOAD q:/devkitpro1.5.3/devkitarm/bin/../lib/gcc/arm-none-eabi/4.7.1/../../../../arm-none-eabi/lib/thumb\libc.a
LOAD q:/devkitpro1.5.3/devkitarm/bin/../lib/gcc/arm-none-eabi/4.7.1/../../../../arm-none-eabi/lib/thumb\libsysbase.a
END GROUP
LOAD q:/devkitpro1.5.3/devkitarm/bin/../lib/gcc/arm-none-eabi/4.7.1/thumb/crtend.o
LOAD q:/devkitpro1.5.3/devkitarm/bin/../lib/gcc/arm-none-eabi/4.7.1/thumb/crtn.o
OUTPUT(main.elf elf32-littlearm)
