Archive member included because of file (symbol)

tonclib/lib\libtonc.a(tonc_input.o)
                              main.o (key_poll)
tonclib/lib\libtonc.a(tonc_oam.o)
                              main.o (oam_init)
tonclib/lib\libtonc.a(tte_init_se.o)
                              main.o (tte_init_se)
tonclib/lib\libtonc.a(tte_main.o)
                              tonclib/lib\libtonc.a(tte_init_se.o) (tte_init_base)
tonclib/lib\libtonc.a(tonc_bios.o)
                              tonclib/lib\libtonc.a(tonc_input.o) (VBlankIntrWait)
tonclib/lib\libtonc.a(tonc_bios_ex.o)
                              tonclib/lib\libtonc.a(tte_main.o) (VBlankIntrDelay)
tonclib/lib\libtonc.a(tonc_memcpy.o)
                              main.o (memcpy32)
tonclib/lib\libtonc.a(sys8.o)
                              main.o (sys8Font)
tonclib/lib\libtonc.a(tonc_surface.o)
                              tonclib/lib\libtonc.a(tte_init_se.o) (srf_init)
tonclib/lib\libtonc.a(se_drawg.o)
                              tonclib/lib\libtonc.a(tte_init_se.o) (se_erase)
tonclib/lib\libtonc.a(tonc_sbmp16.o)
                              tonclib/lib\libtonc.a(se_drawg.o) (sbmp16_rect)
tonclib/lib\libtonc.a(tonc_memset.o)
                              tonclib/lib\libtonc.a(tonc_sbmp16.o) (memset16)
c:/devkitpro/devkitarm/bin/../lib/gcc/arm-none-eabi/4.9.2/thumb\libgcc.a(_divsi3.o)
                              main.o (__aeabi_idiv)
c:/devkitpro/devkitarm/bin/../lib/gcc/arm-none-eabi/4.9.2/thumb\libgcc.a(_dvmd_tls.o)
                              c:/devkitpro/devkitarm/bin/../lib/gcc/arm-none-eabi/4.9.2/thumb\libgcc.a(_divsi3.o) (__aeabi_idiv0)
c:/devkitpro/devkitarm/bin/../lib/gcc/arm-none-eabi/4.9.2/../../../../arm-none-eabi/lib/thumb\libc.a(lib_a-ctype_.o)
                              tonclib/lib\libtonc.a(tte_main.o) (__ctype_ptr__)
c:/devkitpro/devkitarm/bin/../lib/gcc/arm-none-eabi/4.9.2/../../../../arm-none-eabi/lib/thumb\libc.a(lib_a-init.o)
                              c:/devkitpro/devkitarm/bin/../lib/gcc/arm-none-eabi/4.9.2/../../../../arm-none-eabi/lib/thumb/gba_crt0.o (__libc_init_array)
c:/devkitpro/devkitarm/bin/../lib/gcc/arm-none-eabi/4.9.2/../../../../arm-none-eabi/lib/thumb\libc.a(lib_a-memcpy-stub.o)
                              main.o (memcpy)
c:/devkitpro/devkitarm/bin/../lib/gcc/arm-none-eabi/4.9.2/../../../../arm-none-eabi/lib/thumb\libc.a(lib_a-memset.o)
                              tonclib/lib\libtonc.a(tte_main.o) (memset)
c:/devkitpro/devkitarm/bin/../lib/gcc/arm-none-eabi/4.9.2/../../../../arm-none-eabi/lib/thumb\libc.a(lib_a-sprintf.o)
                              main.o (sprintf)
c:/devkitpro/devkitarm/bin/../lib/gcc/arm-none-eabi/4.9.2/../../../../arm-none-eabi/lib/thumb\libc.a(lib_a-strtol.o)
                              tonclib/lib\libtonc.a(tte_main.o) (strtol)
c:/devkitpro/devkitarm/bin/../lib/gcc/arm-none-eabi/4.9.2/../../../../arm-none-eabi/lib/thumb\libc.a(lib_a-svfprintf.o)
                              c:/devkitpro/devkitarm/bin/../lib/gcc/arm-none-eabi/4.9.2/../../../../arm-none-eabi/lib/thumb\libc.a(lib_a-sprintf.o) (_svfprintf_r)
c:/devkitpro/devkitarm/bin/../lib/gcc/arm-none-eabi/4.9.2/../../../../arm-none-eabi/lib/thumb\libc.a(lib_a-wcrtomb.o)
                              c:/devkitpro/devkitarm/bin/../lib/gcc/arm-none-eabi/4.9.2/../../../../arm-none-eabi/lib/thumb\libc.a(lib_a-svfprintf.o) (_wcrtomb_r)
c:/devkitpro/devkitarm/bin/../lib/gcc/arm-none-eabi/4.9.2/../../../../arm-none-eabi/lib/thumb\libc.a(lib_a-wcsrtombs.o)
                              c:/devkitpro/devkitarm/bin/../lib/gcc/arm-none-eabi/4.9.2/../../../../arm-none-eabi/lib/thumb\libc.a(lib_a-svfprintf.o) (_wcsrtombs_r)
c:/devkitpro/devkitarm/bin/../lib/gcc/arm-none-eabi/4.9.2/../../../../arm-none-eabi/lib/thumb\libc.a(lib_a-wctomb_r.o)
                              c:/devkitpro/devkitarm/bin/../lib/gcc/arm-none-eabi/4.9.2/../../../../arm-none-eabi/lib/thumb\libc.a(lib_a-wcrtomb.o) (__wctomb)
c:/devkitpro/devkitarm/bin/../lib/gcc/arm-none-eabi/4.9.2/../../../../arm-none-eabi/lib/thumb\libc.a(lib_a-dtoa.o)
                              c:/devkitpro/devkitarm/bin/../lib/gcc/arm-none-eabi/4.9.2/../../../../arm-none-eabi/lib/thumb\libc.a(lib_a-svfprintf.o) (_dtoa_r)
c:/devkitpro/devkitarm/bin/../lib/gcc/arm-none-eabi/4.9.2/../../../../arm-none-eabi/lib/thumb\libc.a(lib_a-freer.o)
                              c:/devkitpro/devkitarm/bin/../lib/gcc/arm-none-eabi/4.9.2/../../../../arm-none-eabi/lib/thumb\libc.a(lib_a-svfprintf.o) (_free_r)
c:/devkitpro/devkitarm/bin/../lib/gcc/arm-none-eabi/4.9.2/../../../../arm-none-eabi/lib/thumb\libc.a(lib_a-impure.o)
                              c:/devkitpro/devkitarm/bin/../lib/gcc/arm-none-eabi/4.9.2/../../../../arm-none-eabi/lib/thumb\libc.a(lib_a-sprintf.o) (_impure_ptr)
c:/devkitpro/devkitarm/bin/../lib/gcc/arm-none-eabi/4.9.2/../../../../arm-none-eabi/lib/thumb\libc.a(lib_a-locale.o)
[...]
Memory Configuration

Name             Origin             Length             Attributes
rom              0x08000000         0x02000000
iwram            0x03000000         0x00008000
ewram            0x02000000         0x00040000
*default*        0x00000000         0xffffffff

Linker script and memory map

                0x08000000                __text_start = ORIGIN (rom)
                0x02040000                __eheap_end = (ORIGIN (ewram) + 0x40000)
                0x03000000                __iwram_start = ORIGIN (iwram)
                0x03008000                __iwram_top = (ORIGIN (iwram) + 0x8000)
                0x03007fa0                __sp_irq = (__iwram_top - 0x60)
                0x03007f00                __sp_usr = (__sp_irq - 0xa0)
                0x03007ff8                __irq_flags = 0x3007ff8
                0x08000000                . = __text_start

.init           0x08000000      0x21c
 *(.init)
 .init          0x08000000      0x210 c:/devkitpro/devkitarm/bin/../lib/gcc/arm-none-eabi/4.9.2/../../../../arm-none-eabi/lib/thumb/gba_crt0.o
                0x08000000                _start
                0x080000c4                __boot_method
                0x080000c5                __slave_number
                0x080000e0                start_vector
 .init          0x08000210        0x4 c:/devkitpro/devkitarm/bin/../lib/gcc/arm-none-eabi/4.9.2/thumb/crti.o
                0x08000210                _init
 .init          0x08000214        0x8 c:/devkitpro/devkitarm/bin/../lib/gcc/arm-none-eabi/4.9.2/thumb/crtn.o
                0x0800021c                . = ALIGN (0x4)

.plt            0x0800021c        0x0
 *(.plt)
                0x0800021c                . = ALIGN (0x4)

.text           0x08000220     0xf888
 *(EXCLUDE_FILE(*.iwram*) .text)
 .text          0x08000220        0x0 c:/devkitpro/devkitarm/bin/../lib/gcc/arm-none-eabi/4.9.2/../../../../arm-none-eabi/lib/thumb/gba_crt0.o
 .text          0x08000220        0x0 c:/devkitpro/devkitarm/bin/../lib/gcc/arm-none-eabi/4.9.2/thumb/crti.o
 .text          0x08000220       0xd4 c:/devkitpro/devkitarm/bin/../lib/gcc/arm-none-eabi/4.9.2/thumb/crtbegin.o
 .text          0x080002f4     0x2d08 main.o
                0x080002f4                isOdd
                0x08000308                merge
                0x080003e4                collision
                0x08000448                correctBox
                0x08000490                move
                0x08000624                createGrid
                0x08000654                addBackground
                0x080006d0                init
                0x08000c1c                initTutorial
                0x08000d68                initStage1
                0x08000ee0                initStage2
                0x080010f0                initStage3
                0x080012b0                initStage4
                0x08001564                initStage5
                0x08001800                initStage6
                0x08001b10                draw
                0x08001ec0                attractModeInit
                0x0800212c                update
                0x08002ee4                attractModeUdate
 .text          0x08002ffc        0x0 boxes/BoxClear.o
 .text          0x08002ffc        0x0 boxes/Box1.o
 .text          0x08002ffc        0x0 boxes/Box2.o
 .text          0x08002ffc        0x0 boxes/Box3.o
 .text          0x08002ffc        0x0 boxes/Box4.o
 .text          0x08002ffc        0x0 boxes/Box5.o
 .text          0x08002ffc        0x0 boxes/Box6.o
 .text          0x08002ffc        0x0 boxes/Box7.o
 .text          0x08002ffc        0x0 boxes/Box8.o
 .text          0x08002ffc        0x0 boxes/Box9.o
 .text          0x08002ffc        0x0 dropbox/DBox1clear.o
 .text          0x08002ffc        0x0 dropbox/DBox2clear.o
 .text          0x08002ffc        0x0 dropbox/DBox3clear.o
 .text          0x08002ffc        0x0 dropbox/DBox4clear.o
 .text          0x08002ffc        0x0 dropbox/DBox5clear.o
 .text          0x08002ffc        0x0 dropbox/DBox6clear.o
 .text          0x08002ffc        0x0 dropbox/DBox7clear.o
 .text          0x08002ffc        0x0 dropbox/DBox8clear.o
 .text          0x08002ffc        0x0 dropbox/DBox9clear.o
 .text          0x08002ffc        0x0 dropbox/DBoxclear.o
 .text          0x08002ffc        0x0 levels/StageTutPnP.o
 .text          0x08002ffc        0x0 levels/StageTutPnPWALLS.o
 .text          0x08002ffc        0x0 levels/Stage1Color.o
 .text          0x08002ffc        0x0 levels/Stage1ColorWalls.o
 .text          0x08002ffc        0x0 levels/Stage2ColorCombo.o
 .text          0x08002ffc        0x0 levels/Stage2ColorComboWALL.o
 .text          0x08002ffc        0x0 levels/Stage3NumberCombo.o
 .text          0x08002ffc        0x0 levels/Stage3NumberComboWalls.o
 .text          0x08002ffc        0x0 levels/Stage4.o
 .text          0x08002ffc        0x0 levels/Stage4Walls.o
 .text          0x08002ffc        0x0 levels/Stage5new.o
 .text          0x08002ffc        0x0 levels/Stage5newWalls.o
 .text          0x08002ffc        0x0 levels/Stage6Both.o
 .text          0x08002ffc        0x0 levels/Stage6BothWalls.o
 .text          0x08002ffc        0x0 levels/Stage7Both.o
 .text          0x08002ffc        0x0 levels/Stage7BothWalls.o
 .text          0x08002ffc        0x0 levels/Stage9Both.o
 .text          0x08002ffc        0x0 levels/Stage9Walls.o
 .text          0x08002ffc        0x0 other/EndZone.o
 .text          0x08002ffc        0x0 player.o
 .text          0x08002ffc        0x0 other/MovingBlocks.o
 .text          0x08002ffc       0xac tonclib/lib\libtonc.a(tonc_input.o)
                0x08002ffc                key_poll
                0x08003054                key_wait_till_hit
                0x08003078                key_repeat
                0x08003084                key_repeat_mask
                0x08003094                key_repeat_limits
 .text          0x080030a8       0xcc tonclib/lib\libtonc.a(tonc_oam.o)
                0x080030a8                oam_init
                0x080030f4                obj_copy
                0x08003120                obj_hide_multi
                0x08003148                obj_unhide_multi
 .text          0x08003174      0x15c tonclib/lib\libtonc.a(tte_init_se.o)
                0x08003174                tte_init_se
 .text          0x080032d0      0x9e0 tonclib/lib\libtonc.a(tte_main.o)
                0x080032d0                dummy_drawg
                0x080032d4                dummy_erase
                0x080032d8                tte_set_context
                0x080032f4                tte_set_color_attr
                0x08003304                tte_set_color_attrs
                0x08003320                tte_set_color
                0x08003344                tte_set_colors
                0x08003380                tte_init_base
                0x08003414                utf8_decode_char
                0x080034c4                tte_cmd_skip
                0x080034d8                tte_cmd_next
                0x08003514                tte_putc
                0x08003564                tte_erase_rect
                0x08003580                tte_erase_screen
                0x080035a4                tte_erase_line
                0x080035cc                tte_cmd_default
                0x08003a88                tte_write
                0x08003b74                tte_write_ex
                0x08003ba4                tte_get_text_size
                0x08003c90                tte_set_margins
 .text          0x08003cb0       0x8c tonclib/lib\libtonc.a(tonc_bios.o)
                0x08003cb0                SoftReset
                0x08003cb4                RegisterRamReset
                0x08003cb8                Halt
                0x08003cbc                Stop
                0x08003cc0                IntrWait
                0x08003cc4                VBlankIntrWait
                0x08003cc8                Div
                0x08003ccc                DivArm
                0x08003cd0                Sqrt
                0x08003cd4                ArcTan
                0x08003cd8                ArcTan2
                0x08003cdc                CpuSet
                0x08003ce0                CpuFastSet
                0x08003ce4                BiosCheckSum
                0x08003ce8                BgAffineSet
                0x08003cec                ObjAffineSet
                0x08003cf0                BitUnPack
                0x08003cf4                LZ77UnCompWram
                0x08003cf8                LZ77UnCompVram
                0x08003cfc                HuffUnComp
                0x08003d00                RLUnCompWram
                0x08003d04                RLUnCompVram
                0x08003d08                Diff8bitUnFilterWram
                0x08003d0c                Diff8bitUnFilterVram
                0x08003d10                Diff16bitUnFilter
                0x08003d14                SoundBias
                0x08003d18                SoundDriverInit
                0x08003d1c                SoundDriverMode
                0x08003d20                SoundDriverMain
                0x08003d24                SoundDriverVSync
                0x08003d28                SoundChannelClear
                0x08003d2c                MidiKey2Freq
                0x08003d30                MultiBoot
                0x08003d34                SoundDriverVSyncOff
                0x08003d38                SoundDriverVSyncOn
 .text          0x08003d3c       0x54 tonclib/lib\libtonc.a(tonc_bios_ex.o)
                0x08003d3c                VBlankIntrDelay
                0x08003d4c                DivSafe
                0x08003d60                Mod
                0x08003d68                DivAbs
                0x08003d70                DivArmMod
                0x08003d78                DivArmAbs
                0x08003d80                CpuFastFill
 .text          0x08003d90       0x44 tonclib/lib\libtonc.a(tonc_memcpy.o)
                0x08003d90                memcpy16
 .text          0x08003dd4        0x0 tonclib/lib\libtonc.a(sys8.o)
 .text          0x08003dd4      0x138 tonclib/lib\libtonc.a(tonc_surface.o)
                0x08003dd4                srf_init
                0x08003e8c                srf_pal_copy
                0x08003eac                srf_get_ptr
 .text          0x08003f0c      0x174 tonclib/lib\libtonc.a(se_drawg.o)
                0x08003f0c                se_erase
                0x08003f3c                se_drawg_w8h8
                0x08003f68                se_drawg_w8h16
                0x08003fa4                se_drawg
                0x08004014                se_drawg_s
 .text          0x08004080      0x4d8 tonclib/lib\libtonc.a(tonc_sbmp16.o)
                0x08004080                sbmp16_get_pixel
                0x08004090                sbmp16_plot
                0x080040a4                sbmp16_vline
                0x080040dc                sbmp16_line
                0x080041b8                sbmp16_hline
                0x080041e4                sbmp16_frame
                0x08004270                sbmp16_rect
                0x080042d0                sbmp16_blit
                0x0800440c                sbmp16_floodfill_internal
                0x08004530                sbmp16_floodfill
 .text          0x08004558       0x3c tonclib/lib\libtonc.a(tonc_memset.o)
                0x08004558                memset16
 .text          0x08004594      0x150 c:/devkitpro/devkitarm/bin/../lib/gcc/arm-none-eabi/4.9.2/thumb\libgcc.a(_divsi3.o)
                0x08004594                __divsi3
                0x08004594                __aeabi_idiv
                0x080046c4                __aeabi_idivmod
 .text          0x080046e4        0x4 c:/devkitpro/devkitarm/bin/../lib/gcc/arm-none-eabi/4.9.2/thumb\libgcc.a(_dvmd_tls.o)
                0x080046e4                __aeabi_idiv0
                0x080046e4                __aeabi_ldiv0
 .text          0x080046e8       0x10 c:/devkitpro/devkitarm/bin/../lib/gcc/arm-none-eabi/4.9.2/../../../../arm-none-eabi/lib/thumb\libc.a(lib_a-ctype_.o)
                0x080046e8                __set_ctype
 .text          0x080046f8       0x58 c:/devkitpro/devkitarm/bin/../lib/gcc/arm-none-eabi/4.9.2/../../../../arm-none-eabi/lib/thumb\libc.a(lib_a-init.o)
                0x080046f8                __libc_init_array
 .text          0x08004750       0x84 c:/devkitpro/devkitarm/bin/../lib/gcc/arm-none-eabi/4.9.2/../../../../arm-none-eabi/lib/thumb\libc.a(lib_a-memcpy-stub.o)
                0x08004750                memcpy
 .text          0x080047d4       0x98 c:/devkitpro/devkitarm/bin/../lib/gcc/arm-none-eabi/4.9.2/../../../../arm-none-eabi/lib/thumb\libc.a(lib_a-memset.o)
                0x080047d4                memset
 .text          0x0800486c       0x84 c:/devkitpro/devkitarm/bin/../lib/gcc/arm-none-eabi/4.9.2/../../../../arm-none-eabi/lib/thumb\libc.a(lib_a-sprintf.o)
                0x0800486c                _sprintf_r
                0x080048ac                sprintf
 .text          0x080048f0      0x17c c:/devkitpro/devkitarm/bin/../lib/gcc/arm-none-eabi/4.9.2/../../../../arm-none-eabi/lib/thumb\libc.a(lib_a-strtol.o)
                0x080048f0                _strtol_r
                0x08004a4c                strtol
 *fill*         0x08004a6c        0x4 ff
 .text          0x08004a70     0x3238 c:/devkitpro/devkitarm/bin/../lib/gcc/arm-none-eabi/4.9.2/../../../../arm-none-eabi/lib/thumb\libc.a(lib_a-svfprintf.o)
                0x08004f14                _svfprintf_r
 .text          0x08007ca8       0xdc c:/devkitpro/devkitarm/bin/../lib/gcc/arm-none-eabi/4.9.2/../../../../arm-none-eabi/lib/thumb\libc.a(lib_a-wcrtomb.o)
                0x08007ca8                _wcrtomb_r
                0x08007d10                wcrtomb
 .text          0x08007d84       0x40 c:/devkitpro/devkitarm/bin/../lib/gcc/arm-none-eabi/4.9.2/../../../../arm-none-eabi/lib/thumb\libc.a(lib_a-wcsrtombs.o)
                0x08007d84                _wcsrtombs_r
                0x08007d9c                wcsrtombs
 .text          0x08007dc4      0x29c c:/devkitpro/devkitarm/bin/../lib/gcc/arm-none-eabi/4.9.2/../../../../arm-none-eabi/lib/thumb\libc.a(lib_a-wctomb_r.o)
                0x08007dc4                __utf8_wctomb
                0x08007e84                _wctomb_r
                0x08007ebc                __ascii_wctomb
                0x08007ed8                __sjis_wctomb
                0x08007f58                __eucjp_wctomb
                0x08007fe0                __jis_wctomb
 .text          0x08008060     0x11f8 c:/devkitpro/devkitarm/bin/../lib/gcc/arm-none-eabi/4.9.2/../../../../arm-none-eabi/lib/thumb\libc.a(lib_a-dtoa.o)
                0x080081c0                _dtoa_r
 .text          0x08009258      0x254 c:/devkitpro/devkitarm/bin/../lib/gcc/arm-none-eabi/4.9.2/../../../../arm-none-eabi/lib/thumb\libc.a(lib_a-freer.o)
                0x08009258                _malloc_trim_r
                0x080092fc                _free_r
 .text          0x080094ac        0x0 c:/devkitpro/devkitarm/bin/../lib/gcc/arm-none-eabi/4.9.2/../../../../arm-none-eabi/lib/thumb\libc.a(lib_a-impure.o)
 .text          0x080094ac      0x96c c:/devkitpro/devkitarm/bin/../lib/gcc/arm-none-eabi/4.9.2/../../../../arm-none-eabi/lib/thumb\libc.a(lib_a-locale.o)
                0x08009b90                _setlocale_r
                0x08009db8                __locale_charset
                0x08009dc0                __locale_mb_cur_max
                0x08009dcc                __locale_msgcharset
                0x08009dd8                __locale_cjk_lang
                0x08009de4                _localeconv_r
                0x08009df0                setlocale
                0x08009e0c                localeconv
 .text          0x08009e18      0x540 c:/devkitpro/devkitarm/bin/../lib/gcc/arm-none-eabi/4.9.2/../../../../arm-none-eabi/lib/thumb\libc.a(lib_a-mallocr.o)
                0x08009e18                _malloc_r
 .text          0x0800a358      0x5f0 c:/devkitpro/devkitarm/bin/../lib/gcc/arm-none-eabi/4.9.2/../../../../arm-none-eabi/lib/thumb\libc.a(lib_a-mbtowc_r.o)
                0x0800a358                __utf8_mbtowc
                0x0800a614                _mbtowc_r
                0x0800a650                __ascii_mbtowc
                0x0800a67c                __sjis_mbtowc
                0x0800a730                __eucjp_mbtowc
                0x0800a800                __jis_mbtowc
 .text          0x0800a948       0x8c c:/devkitpro/devkitarm/bin/../lib/gcc/arm-none-eabi/4.9.2/../../../../arm-none-eabi/lib/thumb\libc.a(lib_a-memchr-stub.o)
                0x0800a948                memchr
 .text          0x0800a9d4        0x8 c:/devkitpro/devkitarm/bin/../lib/gcc/arm-none-eabi/4.9.2/../../../../arm-none-eabi/lib/thumb\libc.a(lib_a-mlock.o)
                0x0800a9d4                __malloc_lock
                0x0800a9d8                __malloc_unlock
 *fill*         0x0800a9dc        0x4 ff
 .text          0x0800a9e0      0x9c0 c:/devkitpro/devkitarm/bin/../lib/gcc/arm-none-eabi/4.9.2/../../../../arm-none-eabi/lib/thumb\libc.a(lib_a-mprec.o)
                0x0800a9e0                _Balloc
                0x0800aa34                _Bfree
                0x0800aa48                __multadd
                0x0800aae4                __s2b
                0x0800ab80                __hi0bits
                0x0800abbc                __lo0bits
                0x0800ac18                __i2b
                0x0800ac30                __multiply
                0x0800ad98                __pow5mult
                0x0800ae58                __lshift
                0x0800af28                __mcmp
                0x0800af64                __mdiff
                0x0800b050                __ulp
                0x0800b0a0                __b2d
                0x0800b180                __d2b
                0x0800b240                __ratio
                0x0800b2b4                _mprec_log10
                0x0800b2f4                __copybits
                0x0800b338                __any_on
 .text          0x0800b3a0       0x5c c:/devkitpro/devkitarm/bin/../lib/gcc/arm-none-eabi/4.9.2/../../../../arm-none-eabi/lib/thumb\libc.a(lib_a-s_fpclassify.o)
                0x0800b3a0                __fpclassifyd
 *fill*         0x0800b3fc        0x4 ff
 .text          0x0800b400       0x80 c:/devkitpro/devkitarm/bin/../lib/gcc/arm-none-eabi/4.9.2/../../../../arm-none-eabi/lib/thumb\libc.a(lib_a-s_frexp.o)
                0x0800b400                frexp
 .text          0x0800b480       0x58 c:/devkitpro/devkitarm/bin/../lib/gcc/arm-none-eabi/4.9.2/../../../../arm-none-eabi/lib/thumb\libc.a(lib_a-strcasecmp.o)
                0x0800b480                strcasecmp
 .text          0x0800b4d8       0x54 c:/devkitpro/devkitarm/bin/../lib/gcc/arm-none-eabi/4.9.2/../../../../arm-none-eabi/lib/thumb\libc.a(lib_a-strcat.o)
                0x0800b4d8                strcat
 .text          0x0800b52c       0xdc c:/devkitpro/devkitarm/bin/../lib/gcc/arm-none-eabi/4.9.2/../../../../arm-none-eabi/lib/thumb\libc.a(lib_a-strchr.o)
                0x0800b52c                strchr
 .text          0x0800b608       0x14 c:/devkitpro/devkitarm/bin/../lib/gcc/arm-none-eabi/4.9.2/../../../../arm-none-eabi/lib/thumb\libc.a(lib_a-strcmp.o)
                0x0800b608                strcmp
 .text          0x0800b61c       0x10 c:/devkitpro/devkitarm/bin/../lib/gcc/arm-none-eabi/4.9.2/../../../../arm-none-eabi/lib/thumb\libc.a(lib_a-strcpy.o)
                0x0800b61c                strcpy
 .text          0x0800b62c       0x4c c:/devkitpro/devkitarm/bin/../lib/gcc/arm-none-eabi/4.9.2/../../../../arm-none-eabi/lib/thumb\libc.a(lib_a-strlcpy.o)
                0x0800b62c                strlcpy
 .text          0x0800b678       0x10 c:/devkitpro/devkitarm/bin/../lib/gcc/arm-none-eabi/4.9.2/../../../../arm-none-eabi/lib/thumb\libc.a(lib_a-strlen.o)
                0x0800b678                strlen
 .text          0x0800b688       0x5c c:/devkitpro/devkitarm/bin/../lib/gcc/arm-none-eabi/4.9.2/../../../../arm-none-eabi/lib/thumb\libc.a(lib_a-strncasecmp.o)
                0x0800b688                strncasecmp
 .text          0x0800b6e4       0x98 c:/devkitpro/devkitarm/bin/../lib/gcc/arm-none-eabi/4.9.2/../../../../arm-none-eabi/lib/thumb\libc.a(lib_a-strncmp.o)
                0x0800b6e4                strncmp
 .text          0x0800b77c       0x7c c:/devkitpro/devkitarm/bin/../lib/gcc/arm-none-eabi/4.9.2/../../../../arm-none-eabi/lib/thumb\libc.a(lib_a-strncpy.o)
                0x0800b77c                strncpy
 .text          0x0800b7f8     0x2368 c:/devkitpro/devkitarm/bin/../lib/gcc/arm-none-eabi/4.9.2/../../../../arm-none-eabi/lib/thumb\libc.a(lib_a-svfiprintf.o)
                0x0800bca8                __ssprint_r
                0x0800bddc                _svfiprintf_r
 .text          0x0800db60      0x13c c:/devkitpro/devkitarm/bin/../lib/gcc/arm-none-eabi/4.9.2/../../../../arm-none-eabi/lib/thumb\libc.a(lib_a-wcsnrtombs.o)
                0x0800db60                _wcsnrtombs_r
                0x0800dc6c                wcsnrtombs
 .text          0x0800dc9c       0x64 c:/devkitpro/devkitarm/bin/../lib/gcc/arm-none-eabi/4.9.2/../../../../arm-none-eabi/lib/thumb\libc.a(lib_a-callocr.o)
                0x0800dc9c                _calloc_r
 .text          0x0800dd00       0xa8 c:/devkitpro/devkitarm/bin/../lib/gcc/arm-none-eabi/4.9.2/../../../../arm-none-eabi/lib/thumb\libc.a(lib_a-getenv_r.o)
                0x0800dd00                _findenv_r
                0x0800dd98                _getenv_r
 .text          0x0800dda8       0x9c c:/devkitpro/devkitarm/bin/../lib/gcc/arm-none-eabi/4.9.2/../../../../arm-none-eabi/lib/thumb\libc.a(lib_a-memmove.o)
                0x0800dda8                memmove
 .text          0x0800de44      0x3dc c:/devkitpro/devkitarm/bin/../lib/gcc/arm-none-eabi/4.9.2/../../../../arm-none-eabi/lib/thumb\libc.a(lib_a-reallocr.o)
                0x0800de44                _realloc_r
 .text          0x0800e220        0x0 c:/devkitpro/devkitarm/bin/../lib/gcc/arm-none-eabi/4.9.2/../../../../arm-none-eabi/lib/thumb\libc.a(lib_a-environ.o)
 .text          0x0800e220        0x8 c:/devkitpro/devkitarm/bin/../lib/gcc/arm-none-eabi/4.9.2/../../../../arm-none-eabi/lib/thumb\libc.a(lib_a-envlock.o)
                0x0800e220                __env_lock
                0x0800e224                __env_unlock
 .text          0x0800e228       0x54 c:/devkitpro/devkitarm/bin/../lib/gcc/arm-none-eabi/4.9.2/../../../../arm-none-eabi/lib/thumb\libsysbase.a(sbrk.o)
                0x0800e228                _sbrk_r
 .text          0x0800e27c        0x0 c:/devkitpro/devkitarm/bin/../lib/gcc/arm-none-eabi/4.9.2/../../../../arm-none-eabi/lib/thumb\libsysbase.a(malloc_vars.o)
 .text          0x0800e27c      0x11c c:/devkitpro/devkitarm/bin/../lib/gcc/arm-none-eabi/4.9.2/thumb\libgcc.a(_udivsi3.o)
                0x0800e27c                __aeabi_uidiv
                0x0800e27c                __udivsi3
                0x0800e378                __aeabi_uidivmod
 .text          0x0800e398      0x41c c:/devkitpro/devkitarm/bin/../lib/gcc/arm-none-eabi/4.9.2/thumb\libgcc.a(_arm_addsubdf3.o)
                0x0800e398                __aeabi_drsub
                0x0800e3a0                __aeabi_dsub
                0x0800e3a0                __subdf3
                0x0800e3a4                __aeabi_dadd
                0x0800e3a4                __adddf3
                0x0800e6b4                __floatunsidf
                0x0800e6b4                __aeabi_ui2d
                0x0800e6d8                __floatsidf
                0x0800e6d8                __aeabi_i2d
                0x0800e700                __aeabi_f2d
                0x0800e700                __extendsfdf2
                0x0800e740                __floatundidf
                0x0800e740                __aeabi_ul2d
                0x0800e754                __floatdidf
                0x0800e754                __aeabi_l2d
 .text          0x0800e7b4      0x49c c:/devkitpro/devkitarm/bin/../lib/gcc/arm-none-eabi/4.9.2/thumb\libgcc.a(_arm_muldivdf3.o)
                0x0800e7b4                __aeabi_dmul
                0x0800e7b4                __muldf3
                0x0800ea44                __divdf3
                0x0800ea44                __aeabi_ddiv
 .text          0x0800ec50      0x144 c:/devkitpro/devkitarm/bin/../lib/gcc/arm-none-eabi/4.9.2/thumb\libgcc.a(_arm_cmpdf2.o)
                0x0800ec50                __gtdf2
                0x0800ec50                __gedf2
                0x0800ec58                __ltdf2
                0x0800ec58                __ledf2
                0x0800ec60                __nedf2
                0x0800ec60                __eqdf2
                0x0800ec60                __cmpdf2
                0x0800ece8                __aeabi_cdrcmple
                0x0800ed04                __aeabi_cdcmpeq
                0x0800ed04                __aeabi_cdcmple
                0x0800ed1c                __aeabi_dcmpeq
                0x0800ed34                __aeabi_dcmplt
                0x0800ed4c                __aeabi_dcmple
                0x0800ed64                __aeabi_dcmpge
                0x0800ed7c                __aeabi_dcmpgt
 .text          0x0800ed94       0x5c c:/devkitpro/devkitarm/bin/../lib/gcc/arm-none-eabi/4.9.2/thumb\libgcc.a(_arm_fixdfsi.o)
                0x0800ed94                __aeabi_d2iz
                0x0800ed94                __fixdfsi
 .text          0x0800edf0       0x3c c:/devkitpro/devkitarm/bin/../lib/gcc/arm-none-eabi/4.9.2/thumb\libgcc.a(_aeabi_uldivmod.o)
                0x0800edf0                __aeabi_uldivmod
 .text          0x0800ee2c       0x74 c:/devkitpro/devkitarm/bin/../lib/gcc/arm-none-eabi/4.9.2/thumb\libgcc.a(bpabi.o)
                0x0800ee2c                __gnu_ldivmod_helper
                0x0800ee68                __gnu_uldivmod_helper
 .text          0x0800eea0       0x60 c:/devkitpro/devkitarm/bin/../lib/gcc/arm-none-eabi/4.9.2/thumb\libgcc.a(_muldi3.o)
                0x0800eea0                __muldi3
                0x0800eea0                __aeabi_lmul
 .text          0x0800ef00      0x1f4 c:/devkitpro/devkitarm/bin/../lib/gcc/arm-none-eabi/4.9.2/thumb\libgcc.a(_divdi3.o)
                0x0800ef00                __divdi3
 .text          0x0800f0f4      0x15c c:/devkitpro/devkitarm/bin/../lib/gcc/arm-none-eabi/4.9.2/thumb\libgcc.a(_udivdi3.o)
                0x0800f0f4                __udivdi3
 .text          0x0800f250       0x28 c:/devkitpro/devkitarm/bin/../lib/gcc/arm-none-eabi/4.9.2/thumb\libgcc.a(_clzdi2.o)
                0x0800f250                __clzdi2
 .text          0x0800f278       0x48 c:/devkitpro/devkitarm/bin/../lib/gcc/arm-none-eabi/4.9.2/thumb\libgcc.a(_clzsi2.o)
                0x0800f278                __clzsi2
 .text          0x0800f2c0        0x0 c:/devkitpro/devkitarm/bin/../lib/gcc/arm-none-eabi/4.9.2/thumb/crtend.o
 .text          0x0800f2c0        0x0 c:/devkitpro/devkitarm/bin/../lib/gcc/arm-none-eabi/4.9.2/thumb/crtn.o
 *(.text .stub .text.* .gnu.linkonce.t.*)
 .text.startup  0x0800f2c0      0x730 main.o
                0x0800f2c0                main
 .text.startup.__stub
                0x0800f9f0       0xac linker stubs
 *(.text.*personality*)
 *(.gnu.warning)
 *(.glue_7t)
 .glue_7t       0x00000000        0x0 linker stubs
 *(.glue_7)
 .glue_7        0x00000000        0x0 linker stubs
 *(.vfp11_veneer)
 .vfp11_veneer  0x00000000        0x0 linker stubs
                0x0800fa9c                . = ALIGN (0x4)
                0x0800fa9c                __text_end = .

.v4_bx          0x0800faa8        0x0
 .v4_bx         0x00000000        0x0 linker stubs

.iplt           0x0800faa8        0x0
 .iplt          0x00000000        0x0 c:/devkitpro/devkitarm/bin/../lib/gcc/arm-none-eabi/4.9.2/../../../../arm-none-eabi/lib/thumb/gba_crt0.o

.fini           0x0800faa8        0xc
 *(.fini)
 .fini          0x0800faa8        0x4 c:/devkitpro/devkitarm/bin/../lib/gcc/arm-none-eabi/4.9.2/thumb/crti.o
                0x0800faa8                _fini
 .fini          0x0800faac        0x8 c:/devkitpro/devkitarm/bin/../lib/gcc/arm-none-eabi/4.9.2/thumb/crtn.o
                0x0800fab4                . = ALIGN (0x4)

.rodata         0x0800fab8    0x10134
 *(.rodata)
 .rodata        0x0800fab8       0x6c main.o
 .rodata        0x0800fb24      0x220 boxes/BoxClear.o
                0x0800fb24                BoxClearPal
                0x0800fd24                BoxClearTiles
 .rodata        0x0800fd44      0x220 boxes/Box1.o
                0x0800fd44                Box1Pal
                0x0800ff44                Box1Tiles
 .rodata        0x0800ff64      0x220 boxes/Box2.o
                0x0800ff64                Box2Pal
                0x08010164                Box2Tiles
 .rodata        0x08010184      0x220 boxes/Box3.o
                0x08010184                Box3Pal
                0x08010384                Box3Tiles
 .rodata        0x080103a4      0x220 boxes/Box4.o
                0x080103a4                Box4Pal
                0x080105a4                Box4Tiles
 .rodata        0x080105c4      0x220 boxes/Box5.o
                0x080105c4                Box5Pal
                0x080107c4                Box5Tiles
 .rodata        0x080107e4      0x220 boxes/Box6.o
                0x080107e4                Box6Pal
                0x080109e4                Box6Tiles
 .rodata        0x08010a04      0x220 boxes/Box7.o
                0x08010a04                Box7Pal
                0x08010c04                Box7Tiles
 .rodata        0x08010c24      0x220 boxes/Box8.o
                0x08010c24                Box8Pal
                0x08010e24                Box8Tiles
 .rodata        0x08010e44      0x220 boxes/Box9.o
                0x08010e44                Box9Pal
                0x08011044                Box9Tiles
 .rodata        0x08011064      0x220 dropbox/DBox1clear.o
                0x08011064                DBox1clearPal
                0x08011264                DBox1clearTiles
 .rodata        0x08011284      0x220 dropbox/DBox2clear.o
                0x08011284                DBox2clearPal
                0x08011484                DBox2clearTiles
 .rodata        0x080114a4      0x220 dropbox/DBox3clear.o
                0x080114a4                DBox3clearPal
                0x080116a4                DBox3clearTiles
 .rodata        0x080116c4      0x220 dropbox/DBox4clear.o
                0x080116c4                DBox4clearPal
                0x080118c4                DBox4clearTiles
 .rodata        0x080118e4      0x220 dropbox/DBox5clear.o
                0x080118e4                DBox5clearPal
                0x08011ae4                DBox5clearTiles
 .rodata        0x08011b04      0x220 dropbox/DBox6clear.o
                0x08011b04                DBox6clearPal
                0x08011d04                DBox6clearTiles
 .rodata        0x08011d24      0x220 dropbox/DBox7clear.o
                0x08011d24                DBox7clearPal
                0x08011f24                DBox7clearTiles
 .rodata        0x08011f44      0x220 dropbox/DBox8clear.o
                0x08011f44                DBox8clearPal
                0x08012144                DBox8clearTiles
 .rodata        0x08012164      0x220 dropbox/DBox9clear.o
                0x08012164                DBox9clearPal
                0x08012364                DBox9clearTiles
 .rodata        0x08012384      0x220 dropbox/DBoxclear.o
                0x08012384                DBoxclearPal
                0x08012584                DBoxclearTiles
 .rodata        0x080125a4      0xa40 levels/StageTutPnP.o
                0x080125a4                StageTutPnPPal
                0x080127a4                StageTutPnPMap
                0x08012fa4                StageTutPnPTiles
 .rodata        0x08012fe4      0xa40 levels/StageTutPnPWALLS.o
                0x08012fe4                StageTutPnPWALLSPal
                0x080131e4                StageTutPnPWALLSMap
                0x080139e4                StageTutPnPWALLSTiles
 .rodata        0x08013a24      0xa40 levels/Stage1Color.o
                0x08013a24                Stage1ColorPal
                0x08013c24                Stage1ColorMap
                0x08014424                Stage1ColorTiles
 .rodata        0x08014464      0xa40 levels/Stage1ColorWalls.o
                0x08014464                Stage1ColorWallsPal
                0x08014664                Stage1ColorWallsMap
                0x08014e64                Stage1ColorWallsTiles
 .rodata        0x08014ea4      0xa40 levels/Stage2ColorCombo.o
                0x08014ea4                Stage2ColorComboPal
                0x080150a4                Stage2ColorComboMap
                0x080158a4                Stage2ColorComboTiles
 .rodata        0x080158e4      0xa40 levels/Stage2ColorComboWALL.o
                0x080158e4                Stage2ColorComboWALLPal
                0x08015ae4                Stage2ColorComboWALLMap
                0x080162e4                Stage2ColorComboWALLTiles
 .rodata        0x08016324      0xa40 levels/Stage3NumberCombo.o
                0x08016324                Stage3NumberComboPal
                0x08016524                Stage3NumberComboMap
                0x08016d24                Stage3NumberComboTiles
 .rodata        0x08016d64      0xa40 levels/Stage3NumberComboWalls.o
                0x08016d64                Stage3NumberComboWallsPal
                0x08016f64                Stage3NumberComboWallsMap
                0x08017764                Stage3NumberComboWallsTiles
 .rodata        0x080177a4      0xa40 levels/Stage4.o
                0x080177a4                Stage4Pal
                0x080179a4                Stage4Map
                0x080181a4                Stage4Tiles
 .rodata        0x080181e4      0xa40 levels/Stage4Walls.o
                0x080181e4                Stage4WallsPal
                0x080183e4                Stage4WallsMap
                0x08018be4                Stage4WallsTiles
 .rodata        0x08018c24      0xa40 levels/Stage5new.o
                0x08018c24                Stage5newPal
                0x08018e24                Stage5newMap
                0x08019624                Stage5newTiles
 .rodata        0x08019664      0xa40 levels/Stage5newWalls.o
                0x08019664                Stage5newWallsPal
                0x08019864                Stage5newWallsMap
                0x0801a064                Stage5newWallsTiles
 .rodata        0x0801a0a4      0xa40 levels/Stage6Both.o
                0x0801a0a4                Stage6BothPal
                0x0801a2a4                Stage6BothMap
                0x0801aaa4                Stage6BothTiles
 .rodata        0x0801aae4      0xa40 levels/Stage6BothWalls.o
                0x0801aae4                Stage6BothWallsPal
                0x0801ace4                Stage6BothWallsMap
                0x0801b4e4                Stage6BothWallsTiles
 .rodata        0x0801b524      0xa40 levels/Stage7Both.o
                0x0801b524                Stage7BothPal
                0x0801b724                Stage7BothMap
                0x0801bf24                Stage7BothTiles
 .rodata        0x0801bf64      0xa40 levels/Stage7BothWalls.o
                0x0801bf64                Stage7BothWallsPal
                0x0801c164                Stage7BothWallsMap
                0x0801c964                Stage7BothWallsTiles
 .rodata        0x0801c9a4      0xa40 levels/Stage9Both.o
                0x0801c9a4                Stage9BothPal
                0x0801cba4                Stage9BothMap
                0x0801d3a4                Stage9BothTiles
 .rodata        0x0801d3e4      0xa40 levels/Stage9Walls.o
                0x0801d3e4                Stage9WallsPal
                0x0801d5e4                Stage9WallsMap
                0x0801dde4                Stage9WallsTiles
 .rodata        0x0801de24      0x220 other/EndZone.o
                0x0801de24                EndZonePal
                0x0801e024                EndZoneTiles
 .rodata        0x0801e044      0x220 player.o
                0x0801e044                playerPal
                0x0801e244                playerTiles
 .rodata        0x0801e264      0x220 other/MovingBlocks.o
                0x0801e264                MovingBlocksPal
                0x0801e464                MovingBlocksTiles
 .rodata        0x0801e484      0x1f0 tonclib/lib\libtonc.a(tte_main.o)
 .rodata        0x0801e674      0x318 tonclib/lib\libtonc.a(sys8.o)
                0x0801e674                sys8Font
                0x0801e68c                sys8Glyphs
 .rodata        0x0801e98c       0x1c tonclib/lib\libtonc.a(tonc_surface.o)
 .rodata        0x0801e9a8       0x3c tonclib/lib\libtonc.a(tonc_sbmp16.o)
                0x0801e9a8                bmp16_tab
                0x0801e9d0                m3_surface
 .rodata        0x0801e9e4      0x104 c:/devkitpro/devkitarm/bin/../lib/gcc/arm-none-eabi/4.9.2/../../../../arm-none-eabi/lib/thumb\libc.a(lib_a-ctype_.o)
                0x0801e9e4                _ctype_
 .rodata        0x0801eae8      0x384 c:/devkitpro/devkitarm/bin/../lib/gcc/arm-none-eabi/4.9.2/../../../../arm-none-eabi/lib/thumb\libc.a(lib_a-svfprintf.o)
 .rodata        0x0801ee6c        0x4 c:/devkitpro/devkitarm/bin/../lib/gcc/arm-none-eabi/4.9.2/../../../../arm-none-eabi/lib/thumb\libc.a(lib_a-impure.o)
                0x0801ee6c                _global_impure_ptr
 .rodata        0x0801ee70       0xf0 c:/devkitpro/devkitarm/bin/../lib/gcc/arm-none-eabi/4.9.2/../../../../arm-none-eabi/lib/thumb\libc.a(lib_a-locale.o)
 .rodata        0x0801ef60       0xa8 c:/devkitpro/devkitarm/bin/../lib/gcc/arm-none-eabi/4.9.2/../../../../arm-none-eabi/lib/thumb\libc.a(lib_a-mbtowc_r.o)
 .rodata        0x0801f008      0x128 c:/devkitpro/devkitarm/bin/../lib/gcc/arm-none-eabi/4.9.2/../../../../arm-none-eabi/lib/thumb\libc.a(lib_a-mprec.o)
                0x0801f018                __mprec_tens
                0x0801f0e0                __mprec_tinytens
                0x0801f108                __mprec_bigtens
 .rodata        0x0801f130      0x55c c:/devkitpro/devkitarm/bin/../lib/gcc/arm-none-eabi/4.9.2/../../../../arm-none-eabi/lib/thumb\libc.a(lib_a-svfiprintf.o)
                0x0801f494                __chclass
                0x0801f594                __state_table
                0x0801f600                __action_table
 *all.rodata*(*)
 *(.roda)
 *(.rodata.*)
 .rodata.str1.4
                0x0801f68c      0x3d7 main.o
                                0x3d8 (size before relaxing)
 *fill*         0x0801fa63        0x1 ff
 .rodata.str1.4
                0x0801fa64        0x6 tonclib/lib\libtonc.a(tonc_sbmp16.o)
                                  0x8 (size before relaxing)
 *fill*         0x0801fa6a        0x2 ff
 .rodata.str1.4
                0x0801fa6c       0x42 c:/devkitpro/devkitarm/bin/../lib/gcc/arm-none-eabi/4.9.2/../../../../arm-none-eabi/lib/thumb\libc.a(lib_a-svfprintf.o)
                                 0x44 (size before relaxing)
 *fill*         0x0801faae        0x2 ff
 .rodata.str1.4
                0x0801fab0       0x10 c:/devkitpro/devkitarm/bin/../lib/gcc/arm-none-eabi/4.9.2/../../../../arm-none-eabi/lib/thumb\libc.a(lib_a-dtoa.o)
                                 0x14 (size before relaxing)
 .rodata.str1.4
                0x0801fac0        0x2 c:/devkitpro/devkitarm/bin/../lib/gcc/arm-none-eabi/4.9.2/../../../../arm-none-eabi/lib/thumb\libc.a(lib_a-impure.o)
                                  0x4 (size before relaxing)
 *fill*         0x0801fac2        0x2 ff
 .rodata.str1.4
                0x0801fac4      0x128 c:/devkitpro/devkitarm/bin/../lib/gcc/arm-none-eabi/4.9.2/../../../../arm-none-eabi/lib/thumb\libc.a(lib_a-locale.o)
                                0x130 (size before relaxing)
 .rodata.str1.4
                0x00000000       0x30 c:/devkitpro/devkitarm/bin/../lib/gcc/arm-none-eabi/4.9.2/../../../../arm-none-eabi/lib/thumb\libc.a(lib_a-svfiprintf.o)
 *(.gnu.linkonce.r*)
                0x0801fbec                . = ALIGN (0x4)

.ARM.extab
 *(.ARM.extab* .gnu.linkonce.armextab.*)
                0x0801fbec                __exidx_start = .

.ARM.exidx
 *(.ARM.exidx* .gnu.linkonce.armexidx.*)
                0x0801fbec                __exidx_end = .

.ctors          0x0801fbec        0x0
 *crtbegin.o(.ctors)
 *(EXCLUDE_FILE(*crtend.o) .ctors)
 *(SORT(.ctors.*))
 *(.ctors)
                0x0801fbec                . = ALIGN (0x4)

.dtors          0x0801fbec        0x0
 *crtbegin.o(.dtors)
 *(EXCLUDE_FILE(*crtend.o) .dtors)
 *(SORT(.dtors.*))
 *(.dtors)
                0x0801fbec                . = ALIGN (0x4)

.eh_frame       0x0801fbec        0x4
 *(.eh_frame)
 .eh_frame      0x0801fbec        0x0 c:/devkitpro/devkitarm/bin/../lib/gcc/arm-none-eabi/4.9.2/thumb/crtbegin.o
 .eh_frame      0x0801fbec        0x4 c:/devkitpro/devkitarm/bin/../lib/gcc/arm-none-eabi/4.9.2/thumb/crtend.o
                0x0801fbf0                . = ALIGN (0x4)

.gcc_except_table
                0x0801fbf0        0x0
 *(.gcc_except_table)
                0x0801fbf0                . = ALIGN (0x4)
                0x0801fbf0                __iwram_lma = .

.iwram          0x03000000       0x84 load address 0x0801fbf0
                0x03000000                __iwram_start__ = ABSOLUTE (.)
 *(.iwram)
 .iwram         0x03000000       0x38 tonclib/lib\libtonc.a(tonc_memcpy.o)
                0x03000000                memcpy32
 .iwram         0x03000038       0x4c tonclib/lib\libtonc.a(tonc_memset.o)
                0x03000038                memset32
 *iwram.*(.text)
                0x03000084                . = ALIGN (0x4)
                0x03000084                __iwram_end__ = ABSOLUTE (.)
                0x0801fc74                __data_lma = (__iwram_lma + SIZEOF (.iwram))

.rel.dyn        0x03000084        0x0 load address 0x0801fc74
 .rel.iplt      0x00000000        0x0 c:/devkitpro/devkitarm/bin/../lib/gcc/arm-none-eabi/4.9.2/../../../../arm-none-eabi/lib/thumb/gba_crt0.o

.bss            0x03000084     0x1904
                0x03000084                __bss_start = ABSOLUTE (.)
                0x03000084                __bss_start__ = ABSOLUTE (.)
 *(.dynbss)
 *(.gnu.linkonce.b*)
 *(.bss*)
 .bss           0x03000084        0x0 c:/devkitpro/devkitarm/bin/../lib/gcc/arm-none-eabi/4.9.2/../../../../arm-none-eabi/lib/thumb/gba_crt0.o
 .bss           0x03000084        0x0 c:/devkitpro/devkitarm/bin/../lib/gcc/arm-none-eabi/4.9.2/thumb/crti.o
 .bss           0x03000084       0x1c c:/devkitpro/devkitarm/bin/../lib/gcc/arm-none-eabi/4.9.2/thumb/crtbegin.o
 .bss           0x030000a0       0x20 main.o
                0x030000a0                backgroundX
                0x030000a4                backgroundY
                0x030000a8                gameState
                0x030000ac                currentState
                0x030000b0                numStep
                0x030000b4                menuState
                0x030000b8                menuSelection
                0x030000bc                pScore
 .bss           0x030000c0        0x0 boxes/BoxClear.o
 .bss           0x030000c0        0x0 boxes/Box1.o
 .bss           0x030000c0        0x0 boxes/Box2.o
 .bss           0x030000c0        0x0 boxes/Box3.o
 .bss           0x030000c0        0x0 boxes/Box4.o
 .bss           0x030000c0        0x0 boxes/Box5.o
 .bss           0x030000c0        0x0 boxes/Box6.o
 .bss           0x030000c0        0x0 boxes/Box7.o
 .bss           0x030000c0        0x0 boxes/Box8.o
 .bss           0x030000c0        0x0 boxes/Box9.o
 .bss           0x030000c0        0x0 dropbox/DBox1clear.o
 .bss           0x030000c0        0x0 dropbox/DBox2clear.o
 .bss           0x030000c0        0x0 dropbox/DBox3clear.o
 .bss           0x030000c0        0x0 dropbox/DBox4clear.o
 .bss           0x030000c0        0x0 dropbox/DBox5clear.o
 .bss           0x030000c0        0x0 dropbox/DBox6clear.o
 .bss           0x030000c0        0x0 dropbox/DBox7clear.o
 .bss           0x030000c0        0x0 dropbox/DBox8clear.o
 .bss           0x030000c0        0x0 dropbox/DBox9clear.o
 .bss           0x030000c0        0x0 dropbox/DBoxclear.o
 .bss           0x030000c0        0x0 levels/StageTutPnP.o
 .bss           0x030000c0        0x0 levels/StageTutPnPWALLS.o
 .bss           0x030000c0        0x0 levels/Stage1Color.o
 .bss           0x030000c0        0x0 levels/Stage1ColorWalls.o
 .bss           0x030000c0        0x0 levels/Stage2ColorCombo.o
 .bss           0x030000c0        0x0 levels/Stage2ColorComboWALL.o
 .bss           0x030000c0        0x0 levels/Stage3NumberCombo.o
 .bss           0x030000c0        0x0 levels/Stage3NumberComboWalls.o
 .bss           0x030000c0        0x0 levels/Stage4.o
 .bss           0x030000c0        0x0 levels/Stage4Walls.o
 .bss           0x030000c0        0x0 levels/Stage5new.o
 .bss           0x030000c0        0x0 levels/Stage5newWalls.o
 .bss           0x030000c0        0x0 levels/Stage6Both.o
 .bss           0x030000c0        0x0 levels/Stage6BothWalls.o
 .bss           0x030000c0        0x0 levels/Stage7Both.o
 .bss           0x030000c0        0x0 levels/Stage7BothWalls.o
 .bss           0x030000c0        0x0 levels/Stage9Both.o
 .bss           0x030000c0        0x0 levels/Stage9Walls.o
 .bss           0x030000c0        0x0 other/EndZone.o
 .bss           0x030000c0        0x0 player.o
 .bss           0x030000c0        0x0 other/MovingBlocks.o
 .bss           0x030000c0        0x4 tonclib/lib\libtonc.a(tonc_input.o)
                0x030000c0                __key_curr
                0x030000c2                __key_prev
 .bss           0x030000c4        0x0 tonclib/lib\libtonc.a(tonc_oam.o)
 .bss           0x030000c4        0x0 tonclib/lib\libtonc.a(tte_init_se.o)
 .bss           0x030000c4        0x0 tonclib/lib\libtonc.a(tte_main.o)
 .bss           0x030000c4        0x0 tonclib/lib\libtonc.a(tonc_bios.o)
 .bss           0x030000c4        0x0 tonclib/lib\libtonc.a(tonc_bios_ex.o)
 .bss           0x030000c4        0x0 tonclib/lib\libtonc.a(tonc_memcpy.o)
 .bss           0x030000c4        0x0 tonclib/lib\libtonc.a(sys8.o)
 .bss           0x030000c4        0x0 tonclib/lib\libtonc.a(tonc_surface.o)
 .bss           0x030000c4        0x0 tonclib/lib\libtonc.a(se_drawg.o)
 .bss           0x030000c4        0x0 tonclib/lib\libtonc.a(tonc_sbmp16.o)
 .bss           0x030000c4        0x0 tonclib/lib\libtonc.a(tonc_memset.o)
 .bss           0x030000c4        0x0 c:/devkitpro/devkitarm/bin/../lib/gcc/arm-none-eabi/4.9.2/thumb\libgcc.a(_divsi3.o)
 .bss           0x030000c4        0x0 c:/devkitpro/devkitarm/bin/../lib/gcc/arm-none-eabi/4.9.2/thumb\libgcc.a(_dvmd_tls.o)
 .bss           0x030000c4        0x0 c:/devkitpro/devkitarm/bin/../lib/gcc/arm-none-eabi/4.9.2/../../../../arm-none-eabi/lib/thumb\libc.a(lib_a-ctype_.o)
 .bss           0x030000c4        0x0 c:/devkitpro/devkitarm/bin/../lib/gcc/arm-none-eabi/4.9.2/../../../../arm-none-eabi/lib/thumb\libc.a(lib_a-init.o)
 .bss           0x030000c4        0x0 c:/devkitpro/devkitarm/bin/../lib/gcc/arm-none-eabi/4.9.2/../../../../arm-none-eabi/lib/thumb\libc.a(lib_a-memcpy-stub.o)
 .bss           0x030000c4        0x0 c:/devkitpro/devkitarm/bin/../lib/gcc/arm-none-eabi/4.9.2/../../../../arm-none-eabi/lib/thumb\libc.a(lib_a-memset.o)
 .bss           0x030000c4        0x0 c:/devkitpro/devkitarm/bin/../lib/gcc/arm-none-eabi/4.9.2/../../../../arm-none-eabi/lib/thumb\libc.a(lib_a-sprintf.o)
 .bss           0x030000c4        0x0 c:/devkitpro/devkitarm/bin/../lib/gcc/arm-none-eabi/4.9.2/../../../../arm-none-eabi/lib/thumb\libc.a(lib_a-strtol.o)
 .bss           0x030000c4        0x0 c:/devkitpro/devkitarm/bin/../lib/gcc/arm-none-eabi/4.9.2/../../../../arm-none-eabi/lib/thumb\libc.a(lib_a-svfprintf.o)
 .bss           0x030000c4        0x0 c:/devkitpro/devkitarm/bin/../lib/gcc/arm-none-eabi/4.9.2/../../../../arm-none-eabi/lib/thumb\libc.a(lib_a-wcrtomb.o)
 .bss           0x030000c4        0x0 c:/devkitpro/devkitarm/bin/../lib/gcc/arm-none-eabi/4.9.2/../../../../arm-none-eabi/lib/thumb\libc.a(lib_a-wcsrtombs.o)
 .bss           0x030000c4        0x0 c:/devkitpro/devkitarm/bin/../lib/gcc/arm-none-eabi/4.9.2/../../../../arm-none-eabi/lib/thumb\libc.a(lib_a-wctomb_r.o)
 .bss           0x030000c4        0x0 c:/devkitpro/devkitarm/bin/../lib/gcc/arm-none-eabi/4.9.2/../../../../arm-none-eabi/lib/thumb\libc.a(lib_a-dtoa.o)
 .bss           0x030000c4        0x0 c:/devkitpro/devkitarm/bin/../lib/gcc/arm-none-eabi/4.9.2/../../../../arm-none-eabi/lib/thumb\libc.a(lib_a-freer.o)
 .bss           0x030000c4        0x0 c:/devkitpro/devkitarm/bin/../lib/gcc/arm-none-eabi/4.9.2/../../../../arm-none-eabi/lib/thumb\libc.a(lib_a-impure.o)
 .bss           0x030000c4      0x2b8 c:/devkitpro/devkitarm/bin/../lib/gcc/arm-none-eabi/4.9.2/../../../../arm-none-eabi/lib/thumb\libc.a(lib_a-locale.o)
                0x03000370                _PathLocale
                0x03000374                __mlocale_changed
                0x03000378                __nlocale_changed
 .bss           0x0300037c       0x34 c:/devkitpro/devkitarm/bin/../lib/gcc/arm-none-eabi/4.9.2/../../../../arm-none-eabi/lib/thumb\libc.a(lib_a-mallocr.o)
                0x0300037c                __malloc_top_pad
                0x03000380                __malloc_current_mallinfo
                0x030003a8                __malloc_max_sbrked_mem
                0x030003ac                __malloc_max_total_mem
 .bss           0x030003b0        0x0 c:/devkitpro/devkitarm/bin/../lib/gcc/arm-none-eabi/4.9.2/../../../../arm-none-eabi/lib/thumb\libc.a(lib_a-mbtowc_r.o)
 .bss           0x030003b0        0x0 c:/devkitpro/devkitarm/bin/../lib/gcc/arm-none-eabi/4.9.2/../../../../arm-none-eabi/lib/thumb\libc.a(lib_a-memchr-stub.o)
 .bss           0x030003b0        0x0 c:/devkitpro/devkitarm/bin/../lib/gcc/arm-none-eabi/4.9.2/../../../../arm-none-eabi/lib/thumb\libc.a(lib_a-mlock.o)
 .bss           0x030003b0        0x0 c:/devkitpro/devkitarm/bin/../lib/gcc/arm-none-eabi/4.9.2/../../../../arm-none-eabi/lib/thumb\libc.a(lib_a-mprec.o)
 .bss           0x030003b0        0x0 c:/devkitpro/devkitarm/bin/../lib/gcc/arm-none-eabi/4.9.2/../../../../arm-none-eabi/lib/thumb\libc.a(lib_a-s_fpclassify.o)
 .bss           0x030003b0        0x0 c:/devkitpro/devkitarm/bin/../lib/gcc/arm-none-eabi/4.9.2/../../../../arm-none-eabi/lib/thumb\libc.a(lib_a-s_frexp.o)
 .bss           0x030003b0        0x0 c:/devkitpro/devkitarm/bin/../lib/gcc/arm-none-eabi/4.9.2/../../../../arm-none-eabi/lib/thumb\libc.a(lib_a-strcasecmp.o)
 .bss           0x030003b0        0x0 c:/devkitpro/devkitarm/bin/../lib/gcc/arm-none-eabi/4.9.2/../../../../arm-none-eabi/lib/thumb\libc.a(lib_a-strcat.o)
 .bss           0x030003b0        0x0 c:/devkitpro/devkitarm/bin/../lib/gcc/arm-none-eabi/4.9.2/../../../../arm-none-eabi/lib/thumb\libc.a(lib_a-strchr.o)
 .bss           0x030003b0        0x0 c:/devkitpro/devkitarm/bin/../lib/gcc/arm-none-eabi/4.9.2/../../../../arm-none-eabi/lib/thumb\libc.a(lib_a-strcmp.o)
 .bss           0x030003b0        0x0 c:/devkitpro/devkitarm/bin/../lib/gcc/arm-none-eabi/4.9.2/../../../../arm-none-eabi/lib/thumb\libc.a(lib_a-strcpy.o)
 .bss           0x030003b0        0x0 c:/devkitpro/devkitarm/bin/../lib/gcc/arm-none-eabi/4.9.2/../../../../arm-none-eabi/lib/thumb\libc.a(lib_a-strlcpy.o)
 .bss           0x030003b0        0x0 c:/devkitpro/devkitarm/bin/../lib/gcc/arm-none-eabi/4.9.2/../../../../arm-none-eabi/lib/thumb\libc.a(lib_a-strlen.o)
 .bss           0x030003b0        0x0 c:/devkitpro/devkitarm/bin/../lib/gcc/arm-none-eabi/4.9.2/../../../../arm-none-eabi/lib/thumb\libc.a(lib_a-strncasecmp.o)
 .bss           0x030003b0        0x0 c:/devkitpro/devkitarm/bin/../lib/gcc/arm-none-eabi/4.9.2/../../../../arm-none-eabi/lib/thumb\libc.a(lib_a-strncmp.o)
 .bss           0x030003b0        0x0 c:/devkitpro/devkitarm/bin/../lib/gcc/arm-none-eabi/4.9.2/../../../../arm-none-eabi/lib/thumb\libc.a(lib_a-strncpy.o)
 .bss           0x030003b0        0x0 c:/devkitpro/devkitarm/bin/../lib/gcc/arm-none-eabi/4.9.2/../../../../arm-none-eabi/lib/thumb\libc.a(lib_a-svfiprintf.o)
 .bss           0x030003b0        0x0 c:/devkitpro/devkitarm/bin/../lib/gcc/arm-none-eabi/4.9.2/../../../../arm-none-eabi/lib/thumb\libc.a(lib_a-wcsnrtombs.o)
 .bss           0x030003b0        0x0 c:/devkitpro/devkitarm/bin/../lib/gcc/arm-none-eabi/4.9.2/../../../../arm-none-eabi/lib/thumb\libc.a(lib_a-callocr.o)
 .bss           0x030003b0        0x0 c:/devkitpro/devkitarm/bin/../lib/gcc/arm-none-eabi/4.9.2/../../../../arm-none-eabi/lib/thumb\libc.a(lib_a-getenv_r.o)
 .bss           0x030003b0        0x0 c:/devkitpro/devkitarm/bin/../lib/gcc/arm-none-eabi/4.9.2/../../../../arm-none-eabi/lib/thumb\libc.a(lib_a-memmove.o)
 .bss           0x030003b0        0x0 c:/devkitpro/devkitarm/bin/../lib/gcc/arm-none-eabi/4.9.2/../../../../arm-none-eabi/lib/thumb\libc.a(lib_a-reallocr.o)
 .bss           0x030003b0        0x4 c:/devkitpro/devkitarm/bin/../lib/gcc/arm-none-eabi/4.9.2/../../../../arm-none-eabi/lib/thumb\libc.a(lib_a-environ.o)
 .bss           0x030003b4        0x0 c:/devkitpro/devkitarm/bin/../lib/gcc/arm-none-eabi/4.9.2/../../../../arm-none-eabi/lib/thumb\libc.a(lib_a-envlock.o)
 .bss           0x030003b4        0x4 c:/devkitpro/devkitarm/bin/../lib/gcc/arm-none-eabi/4.9.2/../../../../arm-none-eabi/lib/thumb\libsysbase.a(sbrk.o)
 .bss           0x030003b8        0x8 c:/devkitpro/devkitarm/bin/../lib/gcc/arm-none-eabi/4.9.2/../../../../arm-none-eabi/lib/thumb\libsysbase.a(malloc_vars.o)
                0x030003b8                fake_heap_start
                0x030003bc                fake_heap_end
 .bss           0x030003c0        0x0 c:/devkitpro/devkitarm/bin/../lib/gcc/arm-none-eabi/4.9.2/thumb\libgcc.a(_udivsi3.o)
 .bss           0x030003c0        0x0 c:/devkitpro/devkitarm/bin/../lib/gcc/arm-none-eabi/4.9.2/thumb\libgcc.a(_arm_addsubdf3.o)
 .bss           0x030003c0        0x0 c:/devkitpro/devkitarm/bin/../lib/gcc/arm-none-eabi/4.9.2/thumb\libgcc.a(_arm_muldivdf3.o)
 .bss           0x030003c0        0x0 c:/devkitpro/devkitarm/bin/../lib/gcc/arm-none-eabi/4.9.2/thumb\libgcc.a(_arm_cmpdf2.o)
 .bss           0x030003c0        0x0 c:/devkitpro/devkitarm/bin/../lib/gcc/arm-none-eabi/4.9.2/thumb\libgcc.a(_arm_fixdfsi.o)
 .bss           0x030003c0        0x0 c:/devkitpro/devkitarm/bin/../lib/gcc/arm-none-eabi/4.9.2/thumb\libgcc.a(_aeabi_uldivmod.o)
 .bss           0x030003c0        0x0 c:/devkitpro/devkitarm/bin/../lib/gcc/arm-none-eabi/4.9.2/thumb\libgcc.a(bpabi.o)
 .bss           0x030003c0        0x0 c:/devkitpro/devkitarm/bin/../lib/gcc/arm-none-eabi/4.9.2/thumb\libgcc.a(_muldi3.o)
 .bss           0x030003c0        0x0 c:/devkitpro/devkitarm/bin/../lib/gcc/arm-none-eabi/4.9.2/thumb\libgcc.a(_divdi3.o)
 .bss           0x030003c0        0x0 c:/devkitpro/devkitarm/bin/../lib/gcc/arm-none-eabi/4.9.2/thumb\libgcc.a(_udivdi3.o)
 .bss           0x030003c0        0x0 c:/devkitpro/devkitarm/bin/../lib/gcc/arm-none-eabi/4.9.2/thumb\libgcc.a(_clzdi2.o)
 .bss           0x030003c0        0x0 c:/devkitpro/devkitarm/bin/../lib/gcc/arm-none-eabi/4.9.2/thumb\libgcc.a(_clzsi2.o)
 .bss           0x030003c0        0x0 c:/devkitpro/devkitarm/bin/../lib/gcc/arm-none-eabi/4.9.2/thumb/crtend.o
 .bss           0x030003c0        0x0 c:/devkitpro/devkitarm/bin/../lib/gcc/arm-none-eabi/4.9.2/thumb/crtn.o
 *(COMMON)
 COMMON         0x030003c0     0x1580 main.o
                0x030003c0                dropboxes
                0x03000600                list
                0x03000738                player
                0x03000754                boxes
                0x03000994                world_grid
                0x03001194                end
                0x030011b0                gates
                0x03001530                obj_buffer
                0x03001930                xDistance
                0x03001934                currBox
                0x03001938                nextBuffer
                0x0300193c                yDistance
 COMMON         0x03001940       0x48 tonclib/lib\libtonc.a(tte_main.o)
                0x03001940                __tte_main_context
                0x03001988                . = ALIGN (0x4)
                0x03001988                __bss_end__ = ABSOLUTE (.)

.data           0x03001988      0x9f4 load address 0x0801fc74
                0x03001988                __data_start__ = ABSOLUTE (.)
 *(.data)
 .data          0x03001988        0x0 c:/devkitpro/devkitarm/bin/../lib/gcc/arm-none-eabi/4.9.2/../../../../arm-none-eabi/lib/thumb/gba_crt0.o
 .data          0x03001988        0x0 c:/devkitpro/devkitarm/bin/../lib/gcc/arm-none-eabi/4.9.2/thumb/crti.o
 .data          0x03001988        0x4 c:/devkitpro/devkitarm/bin/../lib/gcc/arm-none-eabi/4.9.2/thumb/crtbegin.o
                0x03001988                __dso_handle
 .data          0x0300198c       0x18 main.o
                0x0300198c                screenWidth
                0x03001990                screenHeight
                0x03001994                hScore
                0x03001998                levelSelection
                0x0300199c                simplePlayer
                0x030019a0                obj_aff_buffer
 .data          0x030019a4        0x0 boxes/BoxClear.o
 .data          0x030019a4        0x0 boxes/Box1.o
 .data          0x030019a4        0x0 boxes/Box2.o
 .data          0x030019a4        0x0 boxes/Box3.o
 .data          0x030019a4        0x0 boxes/Box4.o
 .data          0x030019a4        0x0 boxes/Box5.o
 .data          0x030019a4        0x0 boxes/Box6.o
 .data          0x030019a4        0x0 boxes/Box7.o
 .data          0x030019a4        0x0 boxes/Box8.o
 .data          0x030019a4        0x0 boxes/Box9.o
 .data          0x030019a4        0x0 dropbox/DBox1clear.o
 .data          0x030019a4        0x0 dropbox/DBox2clear.o
 .data          0x030019a4        0x0 dropbox/DBox3clear.o
 .data          0x030019a4        0x0 dropbox/DBox4clear.o
 .data          0x030019a4        0x0 dropbox/DBox5clear.o
 .data          0x030019a4        0x0 dropbox/DBox6clear.o
 .data          0x030019a4        0x0 dropbox/DBox7clear.o
 .data          0x030019a4        0x0 dropbox/DBox8clear.o
 .data          0x030019a4        0x0 dropbox/DBox9clear.o
 .data          0x030019a4        0x0 dropbox/DBoxclear.o
 .data          0x030019a4        0x0 levels/StageTutPnP.o
 .data          0x030019a4        0x0 levels/StageTutPnPWALLS.o
 .data          0x030019a4        0x0 levels/Stage1Color.o
 .data          0x030019a4        0x0 levels/Stage1ColorWalls.o
 .data          0x030019a4        0x0 levels/Stage2ColorCombo.o
 .data          0x030019a4        0x0 levels/Stage2ColorComboWALL.o
 .data          0x030019a4        0x0 levels/Stage3NumberCombo.o
 .data          0x030019a4        0x0 levels/Stage3NumberComboWalls.o
 .data          0x030019a4        0x0 levels/Stage4.o
 .data          0x030019a4        0x0 levels/Stage4Walls.o
 .data          0x030019a4        0x0 levels/Stage5new.o
 .data          0x030019a4        0x0 levels/Stage5newWalls.o
 .data          0x030019a4        0x0 levels/Stage6Both.o
 .data          0x030019a4        0x0 levels/Stage6BothWalls.o
 .data          0x030019a4        0x0 levels/Stage7Both.o
 .data          0x030019a4        0x0 levels/Stage7BothWalls.o
 .data          0x030019a4        0x0 levels/Stage9Both.o
 .data          0x030019a4        0x0 levels/Stage9Walls.o
 .data          0x030019a4        0x0 other/EndZone.o
 .data          0x030019a4        0x0 player.o
 .data          0x030019a4        0x0 other/MovingBlocks.o
 .data          0x030019a4        0x8 tonclib/lib\libtonc.a(tonc_input.o)
                0x030019a4                __key_rpt
 .data          0x030019ac        0x0 tonclib/lib\libtonc.a(tonc_oam.o)
 .data          0x030019ac        0x0 tonclib/lib\libtonc.a(tte_init_se.o)
 .data          0x030019ac        0x4 tonclib/lib\libtonc.a(tte_main.o)
                0x030019ac                gp_tte_context
 .data          0x030019b0        0x0 tonclib/lib\libtonc.a(tonc_bios.o)
 .data          0x030019b0        0x0 tonclib/lib\libtonc.a(tonc_bios_ex.o)
 .data          0x030019b0        0x0 tonclib/lib\libtonc.a(tonc_memcpy.o)
 .data          0x030019b0        0x0 tonclib/lib\libtonc.a(sys8.o)
 .data          0x030019b0        0x0 tonclib/lib\libtonc.a(tonc_surface.o)
 .data          0x030019b0        0x0 tonclib/lib\libtonc.a(se_drawg.o)
 .data          0x030019b0        0x0 tonclib/lib\libtonc.a(tonc_sbmp16.o)
 .data          0x030019b0        0x0 tonclib/lib\libtonc.a(tonc_memset.o)
 .data          0x030019b0        0x0 c:/devkitpro/devkitarm/bin/../lib/gcc/arm-none-eabi/4.9.2/thumb\libgcc.a(_divsi3.o)
 .data          0x030019b0        0x0 c:/devkitpro/devkitarm/bin/../lib/gcc/arm-none-eabi/4.9.2/thumb\libgcc.a(_dvmd_tls.o)
 .data          0x030019b0        0x4 c:/devkitpro/devkitarm/bin/../lib/gcc/arm-none-eabi/4.9.2/../../../../arm-none-eabi/lib/thumb\libc.a(lib_a-ctype_.o)
                0x030019b0                __ctype_ptr__
 .data          0x030019b4        0x0 c:/devkitpro/devkitarm/bin/../lib/gcc/arm-none-eabi/4.9.2/../../../../arm-none-eabi/lib/thumb\libc.a(lib_a-init.o)
 .data          0x030019b4        0x0 c:/devkitpro/devkitarm/bin/../lib/gcc/arm-none-eabi/4.9.2/../../../../arm-none-eabi/lib/thumb\libc.a(lib_a-memcpy-stub.o)
 .data          0x030019b4        0x0 c:/devkitpro/devkitarm/bin/../lib/gcc/arm-none-eabi/4.9.2/../../../../arm-none-eabi/lib/thumb\libc.a(lib_a-memset.o)
 .data          0x030019b4        0x0 c:/devkitpro/devkitarm/bin/../lib/gcc/arm-none-eabi/4.9.2/../../../../arm-none-eabi/lib/thumb\libc.a(lib_a-sprintf.o)
 .data          0x030019b4        0x0 c:/devkitpro/devkitarm/bin/../lib/gcc/arm-none-eabi/4.9.2/../../../../arm-none-eabi/lib/thumb\libc.a(lib_a-strtol.o)
 .data          0x030019b4        0x0 c:/devkitpro/devkitarm/bin/../lib/gcc/arm-none-eabi/4.9.2/../../../../arm-none-eabi/lib/thumb\libc.a(lib_a-svfprintf.o)
 .data          0x030019b4        0x0 c:/devkitpro/devkitarm/bin/../lib/gcc/arm-none-eabi/4.9.2/../../../../arm-none-eabi/lib/thumb\libc.a(lib_a-wcrtomb.o)
 .data          0x030019b4        0x0 c:/devkitpro/devkitarm/bin/../lib/gcc/arm-none-eabi/4.9.2/../../../../arm-none-eabi/lib/thumb\libc.a(lib_a-wcsrtombs.o)
 .data          0x030019b4        0x4 c:/devkitpro/devkitarm/bin/../lib/gcc/arm-none-eabi/4.9.2/../../../../arm-none-eabi/lib/thumb\libc.a(lib_a-wctomb_r.o)
                0x030019b4                __wctomb
 .data          0x030019b8        0x0 c:/devkitpro/devkitarm/bin/../lib/gcc/arm-none-eabi/4.9.2/../../../../arm-none-eabi/lib/thumb\libc.a(lib_a-dtoa.o)
 .data          0x030019b8        0x0 c:/devkitpro/devkitarm/bin/../lib/gcc/arm-none-eabi/4.9.2/../../../../arm-none-eabi/lib/thumb\libc.a(lib_a-freer.o)
 .data          0x030019b8      0x430 c:/devkitpro/devkitarm/bin/../lib/gcc/arm-none-eabi/4.9.2/../../../../arm-none-eabi/lib/thumb\libc.a(lib_a-impure.o)
                0x030019b8                _impure_ptr
 .data          0x03001de8      0x17c c:/devkitpro/devkitarm/bin/../lib/gcc/arm-none-eabi/4.9.2/../../../../arm-none-eabi/lib/thumb\libc.a(lib_a-locale.o)
                0x03001de8                __default_locale
                0x03001f08                __mb_cur_max
 .data          0x03001f64      0x410 c:/devkitpro/devkitarm/bin/../lib/gcc/arm-none-eabi/4.9.2/../../../../arm-none-eabi/lib/thumb\libc.a(lib_a-mallocr.o)
                0x03001f64                __malloc_av_
                0x0300236c                __malloc_sbrk_base
                0x03002370                __malloc_trim_threshold
 .data          0x03002374        0x4 c:/devkitpro/devkitarm/bin/../lib/gcc/arm-none-eabi/4.9.2/../../../../arm-none-eabi/lib/thumb\libc.a(lib_a-mbtowc_r.o)
                0x03002374                __mbtowc
 .data          0x03002378        0x0 c:/devkitpro/devkitarm/bin/../lib/gcc/arm-none-eabi/4.9.2/../../../../arm-none-eabi/lib/thumb\libc.a(lib_a-memchr-stub.o)
 .data          0x03002378        0x0 c:/devkitpro/devkitarm/bin/../lib/gcc/arm-none-eabi/4.9.2/../../../../arm-none-eabi/lib/thumb\libc.a(lib_a-mlock.o)
 .data          0x03002378        0x0 c:/devkitpro/devkitarm/bin/../lib/gcc/arm-none-eabi/4.9.2/../../../../arm-none-eabi/lib/thumb\libc.a(lib_a-mprec.o)
 .data          0x03002378        0x0 c:/devkitpro/devkitarm/bin/../lib/gcc/arm-none-eabi/4.9.2/../../../../arm-none-eabi/lib/thumb\libc.a(lib_a-s_fpclassify.o)
 .data          0x03002378        0x0 c:/devkitpro/devkitarm/bin/../lib/gcc/arm-none-eabi/4.9.2/../../../../arm-none-eabi/lib/thumb\libc.a(lib_a-s_frexp.o)
 .data          0x03002378        0x0 c:/devkitpro/devkitarm/bin/../lib/gcc/arm-none-eabi/4.9.2/../../../../arm-none-eabi/lib/thumb\libc.a(lib_a-strcasecmp.o)
 .data          0x03002378        0x0 c:/devkitpro/devkitarm/bin/../lib/gcc/arm-none-eabi/4.9.2/../../../../arm-none-eabi/lib/thumb\libc.a(lib_a-strcat.o)
 .data          0x03002378        0x0 c:/devkitpro/devkitarm/bin/../lib/gcc/arm-none-eabi/4.9.2/../../../../arm-none-eabi/lib/thumb\libc.a(lib_a-strchr.o)
 .data          0x03002378        0x0 c:/devkitpro/devkitarm/bin/../lib/gcc/arm-none-eabi/4.9.2/../../../../arm-none-eabi/lib/thumb\libc.a(lib_a-strcmp.o)
 .data          0x03002378        0x0 c:/devkitpro/devkitarm/bin/../lib/gcc/arm-none-eabi/4.9.2/../../../../arm-none-eabi/lib/thumb\libc.a(lib_a-strcpy.o)
 .data          0x03002378        0x0 c:/devkitpro/devkitarm/bin/../lib/gcc/arm-none-eabi/4.9.2/../../../../arm-none-eabi/lib/thumb\libc.a(lib_a-strlcpy.o)
 .data          0x03002378        0x0 c:/devkitpro/devkitarm/bin/../lib/gcc/arm-none-eabi/4.9.2/../../../../arm-none-eabi/lib/thumb\libc.a(lib_a-strlen.o)
 .data          0x03002378        0x0 c:/devkitpro/devkitarm/bin/../lib/gcc/arm-none-eabi/4.9.2/../../../../arm-none-eabi/lib/thumb\libc.a(lib_a-strncasecmp.o)
 .data          0x03002378        0x0 c:/devkitpro/devkitarm/bin/../lib/gcc/arm-none-eabi/4.9.2/../../../../arm-none-eabi/lib/thumb\libc.a(lib_a-strncmp.o)
 .data          0x03002378        0x0 c:/devkitpro/devkitarm/bin/../lib/gcc/arm-none-eabi/4.9.2/../../../../arm-none-eabi/lib/thumb\libc.a(lib_a-strncpy.o)
 .data          0x03002378        0x0 c:/devkitpro/devkitarm/bin/../lib/gcc/arm-none-eabi/4.9.2/../../../../arm-none-eabi/lib/thumb\libc.a(lib_a-svfiprintf.o)
 .data          0x03002378        0x0 c:/devkitpro/devkitarm/bin/../lib/gcc/arm-none-eabi/4.9.2/../../../../arm-none-eabi/lib/thumb\libc.a(lib_a-wcsnrtombs.o)
 .data          0x03002378        0x0 c:/devkitpro/devkitarm/bin/../lib/gcc/arm-none-eabi/4.9.2/../../../../arm-none-eabi/lib/thumb\libc.a(lib_a-callocr.o)
 .data          0x03002378        0x0 c:/devkitpro/devkitarm/bin/../lib/gcc/arm-none-eabi/4.9.2/../../../../arm-none-eabi/lib/thumb\libc.a(lib_a-getenv_r.o)
 .data          0x03002378        0x0 c:/devkitpro/devkitarm/bin/../lib/gcc/arm-none-eabi/4.9.2/../../../../arm-none-eabi/lib/thumb\libc.a(lib_a-memmove.o)
 .data          0x03002378        0x0 c:/devkitpro/devkitarm/bin/../lib/gcc/arm-none-eabi/4.9.2/../../../../arm-none-eabi/lib/thumb\libc.a(lib_a-reallocr.o)
 .data          0x03002378        0x4 c:/devkitpro/devkitarm/bin/../lib/gcc/arm-none-eabi/4.9.2/../../../../arm-none-eabi/lib/thumb\libc.a(lib_a-environ.o)
                0x03002378                environ
 .data          0x0300237c        0x0 c:/devkitpro/devkitarm/bin/../lib/gcc/arm-none-eabi/4.9.2/../../../../arm-none-eabi/lib/thumb\libc.a(lib_a-envlock.o)
 .data          0x0300237c        0x0 c:/devkitpro/devkitarm/bin/../lib/gcc/arm-none-eabi/4.9.2/../../../../arm-none-eabi/lib/thumb\libsysbase.a(sbrk.o)
 .data          0x0300237c        0x0 c:/devkitpro/devkitarm/bin/../lib/gcc/arm-none-eabi/4.9.2/../../../../arm-none-eabi/lib/thumb\libsysbase.a(malloc_vars.o)
 .data          0x0300237c        0x0 c:/devkitpro/devkitarm/bin/../lib/gcc/arm-none-eabi/4.9.2/thumb\libgcc.a(_udivsi3.o)
 .data          0x0300237c        0x0 c:/devkitpro/devkitarm/bin/../lib/gcc/arm-none-eabi/4.9.2/thumb\libgcc.a(_arm_addsubdf3.o)
 .data          0x0300237c        0x0 c:/devkitpro/devkitarm/bin/../lib/gcc/arm-none-eabi/4.9.2/thumb\libgcc.a(_arm_muldivdf3.o)
 .data          0x0300237c        0x0 c:/devkitpro/devkitarm/bin/../lib/gcc/arm-none-eabi/4.9.2/thumb\libgcc.a(_arm_cmpdf2.o)
 .data          0x0300237c        0x0 c:/devkitpro/devkitarm/bin/../lib/gcc/arm-none-eabi/4.9.2/thumb\libgcc.a(_arm_fixdfsi.o)
 .data          0x0300237c        0x0 c:/devkitpro/devkitarm/bin/../lib/gcc/arm-none-eabi/4.9.2/thumb\libgcc.a(_aeabi_uldivmod.o)
 .data          0x0300237c        0x0 c:/devkitpro/devkitarm/bin/../lib/gcc/arm-none-eabi/4.9.2/thumb\libgcc.a(bpabi.o)
 .data          0x0300237c        0x0 c:/devkitpro/devkitarm/bin/../lib/gcc/arm-none-eabi/4.9.2/thumb\libgcc.a(_muldi3.o)
 .data          0x0300237c        0x0 c:/devkitpro/devkitarm/bin/../lib/gcc/arm-none-eabi/4.9.2/thumb\libgcc.a(_divdi3.o)
 .data          0x0300237c        0x0 c:/devkitpro/devkitarm/bin/../lib/gcc/arm-none-eabi/4.9.2/thumb\libgcc.a(_udivdi3.o)
 .data          0x0300237c        0x0 c:/devkitpro/devkitarm/bin/../lib/gcc/arm-none-eabi/4.9.2/thumb\libgcc.a(_clzdi2.o)
 .data          0x0300237c        0x0 c:/devkitpro/devkitarm/bin/../lib/gcc/arm-none-eabi/4.9.2/thumb\libgcc.a(_clzsi2.o)
 .data          0x0300237c        0x0 c:/devkitpro/devkitarm/bin/../lib/gcc/arm-none-eabi/4.9.2/thumb/crtend.o
 .data          0x0300237c        0x0 c:/devkitpro/devkitarm/bin/../lib/gcc/arm-none-eabi/4.9.2/thumb/crtn.o
 *(.data.*)
 *(.gnu.linkonce.d*)
                0x0300237c                . = ALIGN (0x4)
                0x08020668                __preinit_lma = (__data_lma + SIZEOF (.data))

.igot.plt       0x0300237c        0x0 load address 0x08020668
 .igot.plt      0x00000000        0x0 c:/devkitpro/devkitarm/bin/../lib/gcc/arm-none-eabi/4.9.2/../../../../arm-none-eabi/lib/thumb/gba_crt0.o

.tm_clone_table
                0x0300237c        0x0 load address 0x08020668
 .tm_clone_table
                0x0300237c        0x0 c:/devkitpro/devkitarm/bin/../lib/gcc/arm-none-eabi/4.9.2/thumb/crtbegin.o
 .tm_clone_table
                0x0300237c        0x0 c:/devkitpro/devkitarm/bin/../lib/gcc/arm-none-eabi/4.9.2/thumb/crtend.o

.preinit_array  0x0300237c        0x0 load address 0x08020668
                0x0300237c                __preinit_array_start = ABSOLUTE (.)
 *(.preinit_array)
                0x0300237c                __preinit_array_end = ABSOLUTE (.)
                0x08020668                __init_lma = (__preinit_lma + SIZEOF (.preinit_array))

.init_array     0x0300237c        0x4 load address 0x08020668
                0x0300237c                __init_array_start = ABSOLUTE (.)
 *(SORT(.init_array.*))
 *(.init_array)
 .init_array    0x0300237c        0x4 c:/devkitpro/devkitarm/bin/../lib/gcc/arm-none-eabi/4.9.2/thumb/crtbegin.o
                0x03002380                __init_array_end = ABSOLUTE (.)
                0x0802066c                __fini_lma = (__init_lma + SIZEOF (.init_array))

.fini_array     0x03002380        0x4 load address 0x0802066c
                0x03002380                __fini_array_start = ABSOLUTE (.)
 *(SORT(.fini_array.*))
 *(.fini_array)
 .fini_array    0x03002380        0x4 c:/devkitpro/devkitarm/bin/../lib/gcc/arm-none-eabi/4.9.2/thumb/crtbegin.o
                0x03002384                __fini_array_end = ABSOLUTE (.)
                0x08020670                __jcr_lma = (__fini_lma + SIZEOF (.fini_array))

.jcr            0x03002384        0x4 load address 0x08020670
 *(.jcr)
 .jcr           0x03002384        0x0 c:/devkitpro/devkitarm/bin/../lib/gcc/arm-none-eabi/4.9.2/thumb/crtbegin.o
 .jcr           0x03002384        0x4 c:/devkitpro/devkitarm/bin/../lib/gcc/arm-none-eabi/4.9.2/thumb/crtend.o
                0x03002388                __data_end__ = ABSOLUTE (.)
                0x08020674                __iwram_overlay_lma = (__jcr_lma + SIZEOF (.jcr))
                0x03002388                __iwram_overlay_start = .

.iwram0         0x03002388        0x0 load address 0x08020674
 *(.iwram0)
                0x03002388                . = ALIGN (0x4)
                0x08020674                PROVIDE (__load_start_iwram0, LOADADDR (.iwram0))
                0x08020674                PROVIDE (__load_stop_iwram0, (LOADADDR (.iwram0) + SIZEOF (.iwram0)))

.iwram1         0x03002388        0x0
 *(.iwram1)
                0x03002388                . = ALIGN (0x4)
                0x03002388                PROVIDE (__load_start_iwram1, LOADADDR (.iwram1))
                0x03002388                PROVIDE (__load_stop_iwram1, (LOADADDR (.iwram1) + SIZEOF (.iwram1)))

.iwram2         0x03002388        0x0
 *(.iwram2)
                0x03002388                . = ALIGN (0x4)
                0x03002388                PROVIDE (__load_start_iwram2, LOADADDR (.iwram2))
                0x03002388                PROVIDE (__load_stop_iwram2, (LOADADDR (.iwram2) + SIZEOF (.iwram2)))

.iwram3         0x03002388        0x0
 *(.iwram3)
                0x03002388                . = ALIGN (0x4)
                0x03002388                PROVIDE (__load_start_iwram3, LOADADDR (.iwram3))
                0x03002388                PROVIDE (__load_stop_iwram3, (LOADADDR (.iwram3) + SIZEOF (.iwram3)))

.iwram4         0x03002388        0x0
 *(.iwram4)
                0x03002388                . = ALIGN (0x4)
                0x03002388                PROVIDE (__load_start_iwram4, LOADADDR (.iwram4))
                0x03002388                PROVIDE (__load_stop_iwram4, (LOADADDR (.iwram4) + SIZEOF (.iwram4)))

.iwram5         0x03002388        0x0
 *(.iwram5)
                0x03002388                . = ALIGN (0x4)
                0x03002388                PROVIDE (__load_start_iwram5, LOADADDR (.iwram5))
                0x03002388                PROVIDE (__load_stop_iwram5, (LOADADDR (.iwram5) + SIZEOF (.iwram5)))

.iwram6         0x03002388        0x0
 *(.iwram6)
                0x03002388                . = ALIGN (0x4)
                0x03002388                PROVIDE (__load_start_iwram6, LOADADDR (.iwram6))
                0x03002388                PROVIDE (__load_stop_iwram6, (LOADADDR (.iwram6) + SIZEOF (.iwram6)))

.iwram7         0x03002388        0x0
 *(.iwram7)
                0x03002388                . = ALIGN (0x4)
                0x03002388                PROVIDE (__load_start_iwram7, LOADADDR (.iwram7))
                0x03002388                PROVIDE (__load_stop_iwram7, (LOADADDR (.iwram7) + SIZEOF (.iwram7)))

.iwram8         0x03002388        0x0
 *(.iwram8)
                0x03002388                . = ALIGN (0x4)
                0x03002388                PROVIDE (__load_start_iwram8, LOADADDR (.iwram8))
                0x03002388                PROVIDE (__load_stop_iwram8, (LOADADDR (.iwram8) + SIZEOF (.iwram8)))

.iwram9         0x03002388        0x0
 *(.iwram9)
                0x03002388                . = ALIGN (0x4)
                0x03002388                PROVIDE (__load_start_iwram9, LOADADDR (.iwram9))
                0x03002388                PROVIDE (__load_stop_iwram9, (LOADADDR (.iwram9) + SIZEOF (.iwram9)))
                0x03002388                __iwram_overlay_end = .
                0x08020674                __ewram_lma = (__iwram_overlay_lma + (__iwram_overlay_end - __iwram_overlay_start))
                0x03002388                __iheap_start = .
                0x02000000                __ewram_start = ORIGIN (ewram)

.ewram          0x02000000       0x14 load address 0x08020674
 *(.ewram)
 .ewram         0x02000000       0x14 tonclib/lib\libtonc.a(tonc_sbmp16.o)
                0x02000000                m5_surface
                0x02000014                . = ALIGN (0x4)
                0x02000014                __ewram_end = ABSOLUTE (.)
                0x08020688                __pad_lma = (__ewram_lma + SIZEOF (.ewram))

.sbss           0x02000014        0x0
                0x02000014                __sbss_start__ = ABSOLUTE (.)
 *(.sbss)
                0x02000014                . = ALIGN (0x4)
                0x02000014                __sbss_end__ = ABSOLUTE (.)
                0x02000014                __end__ = ABSOLUTE (.)
                0x02000014                __eheap_start = ABSOLUTE (.)

.pad            0x02000014        0x8 load address 0x08020688
                0x02000014        0x4 LONG 0x52416b64
                0x02000018        0x4 LONG 0x4d
                0x0200001c                . = ALIGN (0x4)
                0x08020690                __rom_end__ = (__pad_lma + SIZEOF (.pad))

.stab
 *(.stab)

.stabstr
 *(.stabstr)

.stab.excl
 *(.stab.excl)

.stab.exclstr
 *(.stab.exclstr)

.stab.index
 *(.stab.index)

.stab.indexstr
 *(.stab.indexstr)

.comment        0x00000000       0x44
 *(.comment)
 .comment       0x00000000       0x22 c:/devkitpro/devkitarm/bin/../lib/gcc/arm-none-eabi/4.9.2/thumb/crtbegin.o
                                 0x23 (size before relaxing)
 .comment       0x00000000       0x23 main.o
 .comment       0x00000000       0x23 boxes/BoxClear.o
 .comment       0x00000000       0x23 boxes/Box1.o
 .comment       0x00000000       0x23 boxes/Box2.o
 .comment       0x00000000       0x23 boxes/Box3.o
 .comment       0x00000000       0x23 boxes/Box4.o
 .comment       0x00000000       0x23 boxes/Box5.o
 .comment       0x00000000       0x23 boxes/Box6.o
 .comment       0x00000000       0x23 boxes/Box7.o
 .comment       0x00000000       0x23 boxes/Box8.o
 .comment       0x00000000       0x23 boxes/Box9.o
 .comment       0x00000000       0x23 dropbox/DBox1clear.o
 .comment       0x00000000       0x23 dropbox/DBox2clear.o
 .comment       0x00000000       0x23 dropbox/DBox3clear.o
 .comment       0x00000000       0x23 dropbox/DBox4clear.o
 .comment       0x00000000       0x23 dropbox/DBox5clear.o
 .comment       0x00000000       0x23 dropbox/DBox6clear.o
 .comment       0x00000000       0x23 dropbox/DBox7clear.o
 .comment       0x00000000       0x23 dropbox/DBox8clear.o
 .comment       0x00000000       0x23 dropbox/DBox9clear.o
 .comment       0x00000000       0x23 dropbox/DBoxclear.o
 .comment       0x00000022       0x22 levels/StageTutPnP.o
                                 0x23 (size before relaxing)
 .comment       0x00000000       0x23 levels/StageTutPnPWALLS.o
 .comment       0x00000000       0x23 levels/Stage1Color.o
 .comment       0x00000000       0x23 levels/Stage1ColorWalls.o
 .comment       0x00000000       0x23 levels/Stage2ColorCombo.o
 .comment       0x00000000       0x23 levels/Stage2ColorComboWALL.o
 .comment       0x00000000       0x23 levels/Stage3NumberCombo.o
 .comment       0x00000000       0x23 levels/Stage3NumberComboWalls.o
 .comment       0x00000000       0x23 levels/Stage4.o
 .comment       0x00000000       0x23 levels/Stage4Walls.o
 .comment       0x00000000       0x23 levels/Stage5new.o
 .comment       0x00000000       0x23 levels/Stage5newWalls.o
 .comment       0x00000000       0x23 levels/Stage6Both.o
 .comment       0x00000000       0x23 levels/Stage6BothWalls.o
 .comment       0x00000000       0x23 levels/Stage7Both.o
 .comment       0x00000000       0x23 levels/Stage7BothWalls.o
 .comment       0x00000000       0x23 levels/Stage9Both.o
 .comment       0x00000000       0x23 levels/Stage9Walls.o
 .comment       0x00000000       0x23 other/EndZone.o
 .comment       0x00000000       0x23 player.o
 .comment       0x00000000       0x23 other/MovingBlocks.o
 .comment       0x00000000       0x23 tonclib/lib\libtonc.a(tonc_input.o)
 .comment       0x00000000       0x23 tonclib/lib\libtonc.a(tonc_oam.o)
 .comment       0x00000000       0x23 tonclib/lib\libtonc.a(tte_init_se.o)
 .comment       0x00000000       0x23 tonclib/lib\libtonc.a(tte_main.o)
 .comment       0x00000000       0x23 tonclib/lib\libtonc.a(tonc_surface.o)
 .comment       0x00000000       0x23 tonclib/lib\libtonc.a(se_drawg.o)
 .comment       0x00000000       0x23 tonclib/lib\libtonc.a(tonc_sbmp16.o)
 .comment       0x00000000       0x23 c:/devkitpro/devkitarm/bin/../lib/gcc/arm-none-eabi/4.9.2/../../../../arm-none-eabi/lib/thumb\libc.a(lib_a-ctype_.o)
 .comment       0x00000000       0x23 c:/devkitpro/devkitarm/bin/../lib/gcc/arm-none-eabi/4.9.2/../../../../arm-none-eabi/lib/thumb\libc.a(lib_a-init.o)
 .comment       0x00000000       0x23 c:/devkitpro/devkitarm/bin/../lib/gcc/arm-none-eabi/4.9.2/../../../../arm-none-eabi/lib/thumb\libc.a(lib_a-memcpy-stub.o)
 .comment       0x00000000       0x23 c:/devkitpro/devkitarm/bin/../lib/gcc/arm-none-eabi/4.9.2/../../../../arm-none-eabi/lib/thumb\libc.a(lib_a-memset.o)
 .comment       0x00000000       0x23 c:/devkitpro/devkitarm/bin/../lib/gcc/arm-none-eabi/4.9.2/../../../../arm-none-eabi/lib/thumb\libc.a(lib_a-sprintf.o)
 .comment       0x00000000       0x23 c:/devkitpro/devkitarm/bin/../lib/gcc/arm-none-eabi/4.9.2/../../../../arm-none-eabi/lib/thumb\libc.a(lib_a-strtol.o)
 .comment       0x00000000       0x23 c:/devkitpro/devkitarm/bin/../lib/gcc/arm-none-eabi/4.9.2/../../../../arm-none-eabi/lib/thumb\libc.a(lib_a-svfprintf.o)
 .comment       0x00000000       0x23 c:/devkitpro/devkitarm/bin/../lib/gcc/arm-none-eabi/4.9.2/../../../../arm-none-eabi/lib/thumb\libc.a(lib_a-wcrtomb.o)
 .comment       0x00000000       0x23 c:/devkitpro/devkitarm/bin/../lib/gcc/arm-none-eabi/4.9.2/../../../../arm-none-eabi/lib/thumb\libc.a(lib_a-wcsrtombs.o)
 .comment       0x00000000       0x23 c:/devkitpro/devkitarm/bin/../lib/gcc/arm-none-eabi/4.9.2/../../../../arm-none-eabi/lib/thumb\libc.a(lib_a-wctomb_r.o)
 .comment       0x00000000       0x23 c:/devkitpro/devkitarm/bin/../lib/gcc/arm-none-eabi/4.9.2/../../../../arm-none-eabi/lib/thumb\libc.a(lib_a-dtoa.o)
 .comment       0x00000000       0x23 c:/devkitpro/devkitarm/bin/../lib/gcc/arm-none-eabi/4.9.2/../../../../arm-none-eabi/lib/thumb\libc.a(lib_a-freer.o)
 .comment       0x00000000       0x23 c:/devkitpro/devkitarm/bin/../lib/gcc/arm-none-eabi/4.9.2/../../../../arm-none-eabi/lib/thumb\libc.a(lib_a-impure.o)
 .comment       0x00000000       0x23 c:/devkitpro/devkitarm/bin/../lib/gcc/arm-none-eabi/4.9.2/../../../../arm-none-eabi/lib/thumb\libc.a(lib_a-locale.o)
 .comment       0x00000000       0x23 c:/devkitpro/devkitarm/bin/../lib/gcc/arm-none-eabi/4.9.2/../../../../arm-none-eabi/lib/thumb\libc.a(lib_a-mallocr.o)
 .comment       0x00000000       0x23 c:/devkitpro/devkitarm/bin/../lib/gcc/arm-none-eabi/4.9.2/../../../../arm-none-eabi/lib/thumb\libc.a(lib_a-mbtowc_r.o)
 .comment       0x00000000       0x23 c:/devkitpro/devkitarm/bin/../lib/gcc/arm-none-eabi/4.9.2/../../../../arm-none-eabi/lib/thumb\libc.a(lib_a-memchr-stub.o)
 .comment       0x00000000       0x23 c:/devkitpro/devkitarm/bin/../lib/gcc/arm-none-eabi/4.9.2/../../../../arm-none-eabi/lib/thumb\libc.a(lib_a-mlock.o)
 .comment       0x00000000       0x23 c:/devkitpro/devkitarm/bin/../lib/gcc/arm-none-eabi/4.9.2/../../../../arm-none-eabi/lib/thumb\libc.a(lib_a-mprec.o)
 .comment       0x00000000       0x23 c:/devkitpro/devkitarm/bin/../lib/gcc/arm-none-eabi/4.9.2/../../../../arm-none-eabi/lib/thumb\libc.a(lib_a-s_fpclassify.o)
 .comment       0x00000000       0x23 c:/devkitpro/devkitarm/bin/../lib/gcc/arm-none-eabi/4.9.2/../../../../arm-none-eabi/lib/thumb\libc.a(lib_a-s_frexp.o)
 .comment       0x00000000       0x23 c:/devkitpro/devkitarm/bin/../lib/gcc/arm-none-eabi/4.9.2/../../../../arm-none-eabi/lib/thumb\libc.a(lib_a-strcasecmp.o)
 .comment       0x00000000       0x23 c:/devkitpro/devkitarm/bin/../lib/gcc/arm-none-eabi/4.9.2/../../../../arm-none-eabi/lib/thumb\libc.a(lib_a-strcat.o)
 .comment       0x00000000       0x23 c:/devkitpro/devkitarm/bin/../lib/gcc/arm-none-eabi/4.9.2/../../../../arm-none-eabi/lib/thumb\libc.a(lib_a-strchr.o)
 .comment       0x00000000       0x23 c:/devkitpro/devkitarm/bin/../lib/gcc/arm-none-eabi/4.9.2/../../../../arm-none-eabi/lib/thumb\libc.a(lib_a-strcpy.o)
 .comment       0x00000000       0x23 c:/devkitpro/devkitarm/bin/../lib/gcc/arm-none-eabi/4.9.2/../../../../arm-none-eabi/lib/thumb\libc.a(lib_a-strlcpy.o)
 .comment       0x00000000       0x23 c:/devkitpro/devkitarm/bin/../lib/gcc/arm-none-eabi/4.9.2/../../../../arm-none-eabi/lib/thumb\libc.a(lib_a-strlen.o)
 .comment       0x00000000       0x23 c:/devkitpro/devkitarm/bin/../lib/gcc/arm-none-eabi/4.9.2/../../../../arm-none-eabi/lib/thumb\libc.a(lib_a-strncasecmp.o)
 .comment       0x00000000       0x23 c:/devkitpro/devkitarm/bin/../lib/gcc/arm-none-eabi/4.9.2/../../../../arm-none-eabi/lib/thumb\libc.a(lib_a-strncmp.o)
 .comment       0x00000000       0x23 c:/devkitpro/devkitarm/bin/../lib/gcc/arm-none-eabi/4.9.2/../../../../arm-none-eabi/lib/thumb\libc.a(lib_a-strncpy.o)
 .comment       0x00000000       0x23 c:/devkitpro/devkitarm/bin/../lib/gcc/arm-none-eabi/4.9.2/../../../../arm-none-eabi/lib/thumb\libc.a(lib_a-svfiprintf.o)
 .comment       0x00000000       0x23 c:/devkitpro/devkitarm/bin/../lib/gcc/arm-none-eabi/4.9.2/../../../../arm-none-eabi/lib/thumb\libc.a(lib_a-wcsnrtombs.o)
 .comment       0x00000000       0x23 c:/devkitpro/devkitarm/bin/../lib/gcc/arm-none-eabi/4.9.2/../../../../arm-none-eabi/lib/thumb\libc.a(lib_a-callocr.o)
 .comment       0x00000000       0x23 c:/devkitpro/devkitarm/bin/../lib/gcc/arm-none-eabi/4.9.2/../../../../arm-none-eabi/lib/thumb\libc.a(lib_a-getenv_r.o)
 .comment       0x00000000       0x23 c:/devkitpro/devkitarm/bin/../lib/gcc/arm-none-eabi/4.9.2/../../../../arm-none-eabi/lib/thumb\libc.a(lib_a-memmove.o)
 .comment       0x00000000       0x23 c:/devkitpro/devkitarm/bin/../lib/gcc/arm-none-eabi/4.9.2/../../../../arm-none-eabi/lib/thumb\libc.a(lib_a-reallocr.o)
 .comment       0x00000000       0x23 c:/devkitpro/devkitarm/bin/../lib/gcc/arm-none-eabi/4.9.2/../../../../arm-none-eabi/lib/thumb\libc.a(lib_a-environ.o)
 .comment       0x00000000       0x23 c:/devkitpro/devkitarm/bin/../lib/gcc/arm-none-eabi/4.9.2/../../../../arm-none-eabi/lib/thumb\libc.a(lib_a-envlock.o)
 .comment       0x00000000       0x23 c:/devkitpro/devkitarm/bin/../lib/gcc/arm-none-eabi/4.9.2/../../../../arm-none-eabi/lib/thumb\libsysbase.a(sbrk.o)
 .comment       0x00000000       0x23 c:/devkitpro/devkitarm/bin/../lib/gcc/arm-none-eabi/4.9.2/../../../../arm-none-eabi/lib/thumb\libsysbase.a(malloc_vars.o)
 .comment       0x00000000       0x23 c:/devkitpro/devkitarm/bin/../lib/gcc/arm-none-eabi/4.9.2/thumb\libgcc.a(bpabi.o)
 .comment       0x00000000       0x23 c:/devkitpro/devkitarm/bin/../lib/gcc/arm-none-eabi/4.9.2/thumb\libgcc.a(_muldi3.o)
 .comment       0x00000000       0x23 c:/devkitpro/devkitarm/bin/../lib/gcc/arm-none-eabi/4.9.2/thumb\libgcc.a(_divdi3.o)
 .comment       0x00000000       0x23 c:/devkitpro/devkitarm/bin/../lib/gcc/arm-none-eabi/4.9.2/thumb\libgcc.a(_udivdi3.o)
 .comment       0x00000000       0x23 c:/devkitpro/devkitarm/bin/../lib/gcc/arm-none-eabi/4.9.2/thumb/crtend.o

.debug
 *(.debug)

.line
 *(.line)

.debug_srcinfo
 *(.debug_srcinfo)

.debug_sfnames
 *(.debug_sfnames)

.debug_aranges
 *(.debug_aranges)

.debug_pubnames
 *(.debug_pubnames)

.debug_info
 *(.debug_info)

.debug_abbrev
 *(.debug_abbrev)

.debug_line
 *(.debug_line)

.debug_frame
 *(.debug_frame)

.debug_str
 *(.debug_str)

.debug_loc
 *(.debug_loc)

.debug_macinfo
 *(.debug_macinfo)

.debug_weaknames
 *(.debug_weaknames)

.debug_funcnames
 *(.debug_funcnames)

.debug_typenames
 *(.debug_typenames)

.debug_varnames
 *(.debug_varnames)

.stack          0x00080000        0x0
                0x00080000                _stack = .
 *(.stack)

.note.gnu.arm.ident
 *(.note.gnu.arm.ident)

.ARM.attributes
                0x00000000       0x2d
 *(.ARM.attributes)
 .ARM.attributes
                0x00000000       0x16 c:/devkitpro/devkitarm/bin/../lib/gcc/arm-none-eabi/4.9.2/../../../../arm-none-eabi/lib/thumb/gba_crt0.o
 .ARM.attributes
                0x00000016       0x16 c:/devkitpro/devkitarm/bin/../lib/gcc/arm-none-eabi/4.9.2/thumb/crti.o
 .ARM.attributes
                0x0000002c       0x30 c:/devkitpro/devkitarm/bin/../lib/gcc/arm-none-eabi/4.9.2/thumb/crtbegin.o
 .ARM.attributes
                0x0000005c       0x30 main.o
 .ARM.attributes
                0x0000008c       0x30 boxes/BoxClear.o
 .ARM.attributes
                0x000000bc       0x30 boxes/Box1.o
 .ARM.attributes
                0x000000ec       0x30 boxes/Box2.o
 .ARM.attributes
                0x0000011c       0x30 boxes/Box3.o
 .ARM.attributes
                0x0000014c       0x30 boxes/Box4.o
 .ARM.attributes
                0x0000017c       0x30 boxes/Box5.o
 .ARM.attributes
                0x000001ac       0x30 boxes/Box6.o
 .ARM.attributes
                0x000001dc       0x30 boxes/Box7.o
 .ARM.attributes
                0x0000020c       0x30 boxes/Box8.o
 .ARM.attributes
                0x0000023c       0x30 boxes/Box9.o
 .ARM.attributes
                0x0000026c       0x30 dropbox/DBox1clear.o
 .ARM.attributes
                0x0000029c       0x30 dropbox/DBox2clear.o
 .ARM.attributes
                0x000002cc       0x30 dropbox/DBox3clear.o
 .ARM.attributes
                0x000002fc       0x30 dropbox/DBox4clear.o
 .ARM.attributes
                0x0000032c       0x30 dropbox/DBox5clear.o
 .ARM.attributes
                0x0000035c       0x30 dropbox/DBox6clear.o
 .ARM.attributes
                0x0000038c       0x30 dropbox/DBox7clear.o
 .ARM.attributes
                0x000003bc       0x30 dropbox/DBox8clear.o
 .ARM.attributes
                0x000003ec       0x30 dropbox/DBox9clear.o
 .ARM.attributes
                0x0000041c       0x30 dropbox/DBoxclear.o
 .ARM.attributes
                0x0000044c       0x32 levels/StageTutPnP.o
 .ARM.attributes
                0x0000047e       0x32 levels/StageTutPnPWALLS.o
 .ARM.attributes
                0x000004b0       0x32 levels/Stage1Color.o
 .ARM.attributes
                0x000004e2       0x32 levels/Stage1ColorWalls.o
 .ARM.attributes
                0x00000514       0x32 levels/Stage2ColorCombo.o
 .ARM.attributes
                0x00000546       0x32 levels/Stage2ColorComboWALL.o
 .ARM.attributes
                0x00000578       0x32 levels/Stage3NumberCombo.o
 .ARM.attributes
                0x000005aa       0x32 levels/Stage3NumberComboWalls.o
 .ARM.attributes
                0x000005dc       0x32 levels/Stage4.o
 .ARM.attributes
                0x0000060e       0x32 levels/Stage4Walls.o
 .ARM.attributes
                0x00000640       0x32 levels/Stage5new.o
 .ARM.attributes
                0x00000672       0x32 levels/Stage5newWalls.o
 .ARM.attributes
                0x000006a4       0x32 levels/Stage6Both.o
 .ARM.attributes
                0x000006d6       0x32 levels/Stage6BothWalls.o
 .ARM.attributes
                0x00000708       0x32 levels/Stage7Both.o
 .ARM.attributes
                0x0000073a       0x32 levels/Stage7BothWalls.o
 .ARM.attributes
                0x0000076c       0x32 levels/Stage9Both.o
 .ARM.attributes
                0x0000079e       0x32 levels/Stage9Walls.o
 .ARM.attributes
                0x000007d0       0x30 other/EndZone.o
 .ARM.attributes
                0x00000800       0x30 player.o
 .ARM.attributes
                0x00000830       0x30 other/MovingBlocks.o
 .ARM.attributes
                0x00000860       0x32 tonclib/lib\libtonc.a(tonc_input.o)
 .ARM.attributes
                0x00000892       0x32 tonclib/lib\libtonc.a(tonc_oam.o)
 .ARM.attributes
                0x000008c4       0x32 tonclib/lib\libtonc.a(tte_init_se.o)
 .ARM.attributes
                0x000008f6       0x32 tonclib/lib\libtonc.a(tte_main.o)
 .ARM.attributes
                0x00000928       0x16 tonclib/lib\libtonc.a(tonc_bios.o)
 .ARM.attributes
                0x0000093e       0x16 tonclib/lib\libtonc.a(tonc_bios_ex.o)
 .ARM.attributes
                0x00000954       0x18 tonclib/lib\libtonc.a(tonc_memcpy.o)
 .ARM.attributes
                0x0000096c       0x16 tonclib/lib\libtonc.a(sys8.o)
 .ARM.attributes
                0x00000982       0x32 tonclib/lib\libtonc.a(tonc_surface.o)
 .ARM.attributes
                0x000009b4       0x32 tonclib/lib\libtonc.a(se_drawg.o)
 .ARM.attributes
                0x000009e6       0x32 tonclib/lib\libtonc.a(tonc_sbmp16.o)
 .ARM.attributes
                0x00000a18       0x18 tonclib/lib\libtonc.a(tonc_memset.o)
 .ARM.attributes
                0x00000a30       0x18 c:/devkitpro/devkitarm/bin/../lib/gcc/arm-none-eabi/4.9.2/thumb\libgcc.a(_divsi3.o)
 .ARM.attributes
                0x00000a48       0x16 c:/devkitpro/devkitarm/bin/../lib/gcc/arm-none-eabi/4.9.2/thumb\libgcc.a(_dvmd_tls.o)
 .ARM.attributes
                0x00000a5e       0x30 c:/devkitpro/devkitarm/bin/../lib/gcc/arm-none-eabi/4.9.2/../../../../arm-none-eabi/lib/thumb\libc.a(lib_a-ctype_.o)
 .ARM.attributes
                0x00000a8e       0x30 c:/devkitpro/devkitarm/bin/../lib/gcc/arm-none-eabi/4.9.2/../../../../arm-none-eabi/lib/thumb\libc.a(lib_a-init.o)
 .ARM.attributes
                0x00000abe       0x30 c:/devkitpro/devkitarm/bin/../lib/gcc/arm-none-eabi/4.9.2/../../../../arm-none-eabi/lib/thumb\libc.a(lib_a-memcpy-stub.o)
 .ARM.attributes
                0x00000aee       0x30 c:/devkitpro/devkitarm/bin/../lib/gcc/arm-none-eabi/4.9.2/../../../../arm-none-eabi/lib/thumb\libc.a(lib_a-memset.o)
 .ARM.attributes