Archive member included because of file (symbol)

tonclib/lib\libtonc.a(tonc_input.o)
                              main.o (key_poll)
tonclib/lib\libtonc.a(tonc_oam.o)
                              main.o (oam_init)
tonclib/lib\libtonc.a(tte_init_se.o)
                              main.o (tte_init_se)
tonclib/lib\libtonc.a(tte_main.o)
                              tonclib/lib\libtonc.a(tte_init_se.o) (tte_init_base)
tonclib/lib\libtonc.a(tonc_bios.o)
                              tonclib/lib\libtonc.a(tonc_input.o) (VBlankIntrWait)
tonclib/lib\libtonc.a(tonc_bios_ex.o)
                              tonclib/lib\libtonc.a(tte_main.o) (VBlankIntrDelay)
tonclib/lib\libtonc.a(tonc_memcpy.o)
                              main.o (memcpy32)
tonclib/lib\libtonc.a(sys8.o)
                              main.o (sys8Font)
tonclib/lib\libtonc.a(tonc_surface.o)
                              tonclib/lib\libtonc.a(tte_init_se.o) (srf_init)
tonclib/lib\libtonc.a(se_drawg.o)
                              tonclib/lib\libtonc.a(tte_init_se.o) (se_erase)
tonclib/lib\libtonc.a(tonc_sbmp16.o)
                              tonclib/lib\libtonc.a(se_drawg.o) (sbmp16_rect)
tonclib/lib\libtonc.a(tonc_memset.o)
                              tonclib/lib\libtonc.a(tonc_sbmp16.o) (memset16)
c:/devkitpro/devkitarm/bin/../lib/gcc/arm-none-eabi/4.9.2/thumb\libgcc.a(_divsi3.o)
                              tonclib/lib\libtonc.a(tte_main.o) (__aeabi_idiv)
c:/devkitpro/devkitarm/bin/../lib/gcc/arm-none-eabi/4.9.2/thumb\libgcc.a(_dvmd_tls.o)
                              c:/devkitpro/devkitarm/bin/../lib/gcc/arm-none-eabi/4.9.2/thumb\libgcc.a(_divsi3.o) (__aeabi_idiv0)
c:/devkitpro/devkitarm/bin/../lib/gcc/arm-none-eabi/4.9.2/../../../../arm-none-eabi/lib/thumb\libc.a(lib_a-ctype_.o)
                              tonclib/lib\libtonc.a(tte_main.o) (__ctype_ptr__)
c:/devkitpro/devkitarm/bin/../lib/gcc/arm-none-eabi/4.9.2/../../../../arm-none-eabi/lib/thumb\libc.a(lib_a-init.o)
                              c:/devkitpro/devkitarm/bin/../lib/gcc/arm-none-eabi/4.9.2/../../../../arm-none-eabi/lib/thumb/gba_crt0.o (__libc_init_array)
c:/devkitpro/devkitarm/bin/../lib/gcc/arm-none-eabi/4.9.2/../../../../arm-none-eabi/lib/thumb\libc.a(lib_a-memcpy-stub.o)
                              main.o (memcpy)
c:/devkitpro/devkitarm/bin/../lib/gcc/arm-none-eabi/4.9.2/../../../../arm-none-eabi/lib/thumb\libc.a(lib_a-memset.o)
                              tonclib/lib\libtonc.a(tte_main.o) (memset)
c:/devkitpro/devkitarm/bin/../lib/gcc/arm-none-eabi/4.9.2/../../../../arm-none-eabi/lib/thumb\libc.a(lib_a-strtol.o)
                              tonclib/lib\libtonc.a(tte_main.o) (strtol)
c:/devkitpro/devkitarm/bin/../lib/gcc/arm-none-eabi/4.9.2/../../../../arm-none-eabi/lib/thumb\libc.a(lib_a-impure.o)
                              c:/devkitpro/devkitarm/bin/../lib/gcc/arm-none-eabi/4.9.2/../../../../arm-none-eabi/lib/thumb\libc.a(lib_a-strtol.o) (_impure_ptr)
c:/devkitpro/devkitarm/bin/../lib/gcc/arm-none-eabi/4.9.2/../../../../arm-none-eabi/lib/thumb\libsysbase.a(malloc_vars.o)
                              c:/devkitpro/devkitarm/bin/../lib/gcc/arm-none-eabi/4.9.2/../../../../arm-none-eabi/lib/thumb/gba_crt0.o (fake_heap_end)
c:/devkitpro/devkitarm/bin/../lib/gcc/arm-none-eabi/4.9.2/thumb\libgcc.a(_udivsi3.o)
                              c:/devkitpro/devkitarm/bin/../lib/gcc/arm-none-eabi/4.9.2/../../../../arm-none-eabi/lib/thumb\libc.a(lib_a-strtol.o) (__aeabi_uidiv)

Allocating common symbols
Common symbol       size              file

gate                0x1c              main.o
player              0x1c              main.o
boxes               0x168             main.o
world_grid          0x800             main.o
__tte_main_context  0x48              tonclib/lib\libtonc.a(tte_main.o)
obj_buffer          0x400             main.o
xDistance           0x4               main.o
currBox             0x4               main.o
nextBuffer          0x4               main.o
yDistance           0x4               main.o

Memory Configuration

Name             Origin             Length             Attributes
rom              0x08000000         0x02000000
iwram            0x03000000         0x00008000
ewram            0x02000000         0x00040000
*default*        0x00000000         0xffffffff

Linker script and memory map

                0x08000000                __text_start = ORIGIN (rom)
                0x02040000                __eheap_end = (ORIGIN (ewram) + 0x40000)
                0x03000000                __iwram_start = ORIGIN (iwram)
                0x03008000                __iwram_top = (ORIGIN (iwram) + 0x8000)
                0x03007fa0                __sp_irq = (__iwram_top - 0x60)
                0x03007f00                __sp_usr = (__sp_irq - 0xa0)
                0x03007ff8                __irq_flags = 0x3007ff8
                0x08000000                . = __text_start

.init           0x08000000      0x21c
 *(.init)
 .init          0x08000000      0x210 c:/devkitpro/devkitarm/bin/../lib/gcc/arm-none-eabi/4.9.2/../../../../arm-none-eabi/lib/thumb/gba_crt0.o
                0x08000000                _start
                0x080000c4                __boot_method
                0x080000c5                __slave_number
                0x080000e0                start_vector
 .init          0x08000210        0x4 c:/devkitpro/devkitarm/bin/../lib/gcc/arm-none-eabi/4.9.2/thumb/crti.o
                0x08000210                _init
 .init          0x08000214        0x8 c:/devkitpro/devkitarm/bin/../lib/gcc/arm-none-eabi/4.9.2/thumb/crtn.o
                0x0800021c                . = ALIGN (0x4)

.plt            0x0800021c        0x0
 *(.plt)
                0x0800021c                . = ALIGN (0x4)

.text           0x08000220     0x27c0
 *(EXCLUDE_FILE(*.iwram*) .text)
 .text          0x08000220        0x0 c:/devkitpro/devkitarm/bin/../lib/gcc/arm-none-eabi/4.9.2/../../../../arm-none-eabi/lib/thumb/gba_crt0.o
 .text          0x08000220        0x0 c:/devkitpro/devkitarm/bin/../lib/gcc/arm-none-eabi/4.9.2/thumb/crti.o
 .text          0x08000220       0xd4 c:/devkitpro/devkitarm/bin/../lib/gcc/arm-none-eabi/4.9.2/thumb/crtbegin.o
 .text          0x080002f4      0x9f8 main.o
                0x080002f4                isOdd
                0x08000308                merge
                0x080003e4                boxCollision
                0x08000424                move
                0x080005a0                createGrid
                0x080005d0                addBackground
                0x0800064c                init
                0x08000928                initStage1
                0x080009a4                initStage2
                0x08000a48                update
                0x08000ad4                draw
 .text          0x08000cec        0x0 player.o
 .text          0x08000cec        0x0 stage1.o
 .text          0x08000cec        0x0 stage1Floor.o
 .text          0x08000cec        0x0 stage2.o
 .text          0x08000cec        0x0 stage2Floor.o
 .text          0x08000cec        0x0 boxes/BoxClear.o
 .text          0x08000cec        0x0 boxes/Box1.o
 .text          0x08000cec        0x0 boxes/Box2.o
 .text          0x08000cec        0x0 boxes/Box3.o
 .text          0x08000cec        0x0 boxes/Box4.o
 .text          0x08000cec        0x0 boxes/Box5.o
 .text          0x08000cec        0x0 boxes/Box6.o
 .text          0x08000cec        0x0 boxes/Box7.o
 .text          0x08000cec        0x0 boxes/Box8.o
 .text          0x08000cec        0x0 boxes/Box9.o
 .text          0x08000cec        0x0 tempGate.o
 .text          0x08000cec       0xac tonclib/lib\libtonc.a(tonc_input.o)
                0x08000cec                key_poll
                0x08000d44                key_wait_till_hit
                0x08000d68                key_repeat
                0x08000d74                key_repeat_mask
                0x08000d84                key_repeat_limits
 .text          0x08000d98       0xcc tonclib/lib\libtonc.a(tonc_oam.o)
                0x08000d98                oam_init
                0x08000de4                obj_copy
                0x08000e10                obj_hide_multi
                0x08000e38                obj_unhide_multi
 .text          0x08000e64      0x15c tonclib/lib\libtonc.a(tte_init_se.o)
                0x08000e64                tte_init_se
 .text          0x08000fc0      0x9e0 tonclib/lib\libtonc.a(tte_main.o)
                0x08000fc0                dummy_drawg
                0x08000fc4                dummy_erase
                0x08000fc8                tte_set_context
                0x08000fe4                tte_set_color_attr
                0x08000ff4                tte_set_color_attrs
                0x08001010                tte_set_color
                0x08001034                tte_set_colors
                0x08001070                tte_init_base
                0x08001104                utf8_decode_char
                0x080011b4                tte_cmd_skip
                0x080011c8                tte_cmd_next
                0x08001204                tte_putc
                0x08001254                tte_erase_rect
                0x08001270                tte_erase_screen
                0x08001294                tte_erase_line
                0x080012bc                tte_cmd_default
                0x08001778                tte_write
                0x08001864                tte_write_ex
                0x08001894                tte_get_text_size
                0x08001980                tte_set_margins
 .text          0x080019a0       0x8c tonclib/lib\libtonc.a(tonc_bios.o)
                0x080019a0                SoftReset
                0x080019a4                RegisterRamReset
                0x080019a8                Halt
                0x080019ac                Stop
                0x080019b0                IntrWait
                0x080019b4                VBlankIntrWait
                0x080019b8                Div
                0x080019bc                DivArm
                0x080019c0                Sqrt
                0x080019c4                ArcTan
                0x080019c8                ArcTan2
                0x080019cc                CpuSet
                0x080019d0                CpuFastSet
                0x080019d4                BiosCheckSum
                0x080019d8                BgAffineSet
                0x080019dc                ObjAffineSet
                0x080019e0                BitUnPack
                0x080019e4                LZ77UnCompWram
                0x080019e8                LZ77UnCompVram
                0x080019ec                HuffUnComp
                0x080019f0                RLUnCompWram
                0x080019f4                RLUnCompVram
                0x080019f8                Diff8bitUnFilterWram
                0x080019fc                Diff8bitUnFilterVram
                0x08001a00                Diff16bitUnFilter
                0x08001a04                SoundBias
                0x08001a08                SoundDriverInit
                0x08001a0c                SoundDriverMode
                0x08001a10                SoundDriverMain
                0x08001a14                SoundDriverVSync
                0x08001a18                SoundChannelClear
                0x08001a1c                MidiKey2Freq
                0x08001a20                MultiBoot
                0x08001a24                SoundDriverVSyncOff
                0x08001a28                SoundDriverVSyncOn
 .text          0x08001a2c       0x54 tonclib/lib\libtonc.a(tonc_bios_ex.o)
                0x08001a2c                VBlankIntrDelay
                0x08001a3c                DivSafe
                0x08001a50                Mod
                0x08001a58                DivAbs
                0x08001a60                DivArmMod
                0x08001a68                DivArmAbs
                0x08001a70                CpuFastFill
 .text          0x08001a80       0x44 tonclib/lib\libtonc.a(tonc_memcpy.o)
                0x08001a80                memcpy16
 .text          0x08001ac4        0x0 tonclib/lib\libtonc.a(sys8.o)
 .text          0x08001ac4      0x138 tonclib/lib\libtonc.a(tonc_surface.o)
                0x08001ac4                srf_init
                0x08001b7c                srf_pal_copy
                0x08001b9c                srf_get_ptr
 .text          0x08001bfc      0x174 tonclib/lib\libtonc.a(se_drawg.o)
                0x08001bfc                se_erase
                0x08001c2c                se_drawg_w8h8
                0x08001c58                se_drawg_w8h16
                0x08001c94                se_drawg
                0x08001d04                se_drawg_s
 .text          0x08001d70      0x4d8 tonclib/lib\libtonc.a(tonc_sbmp16.o)
                0x08001d70                sbmp16_get_pixel
                0x08001d80                sbmp16_plot
                0x08001d94                sbmp16_vline
                0x08001dcc                sbmp16_line
                0x08001ea8                sbmp16_hline
                0x08001ed4                sbmp16_frame
                0x08001f60                sbmp16_rect
                0x08001fc0                sbmp16_blit
                0x080020fc                sbmp16_floodfill_internal
                0x08002220                sbmp16_floodfill
 .text          0x08002248       0x3c tonclib/lib\libtonc.a(tonc_memset.o)
                0x08002248                memset16
 .text          0x08002284      0x150 c:/devkitpro/devkitarm/bin/../lib/gcc/arm-none-eabi/4.9.2/thumb\libgcc.a(_divsi3.o)
                0x08002284                __divsi3
                0x08002284                __aeabi_idiv
                0x080023b4                __aeabi_idivmod
 .text          0x080023d4        0x4 c:/devkitpro/devkitarm/bin/../lib/gcc/arm-none-eabi/4.9.2/thumb\libgcc.a(_dvmd_tls.o)
                0x080023d4                __aeabi_idiv0
                0x080023d4                __aeabi_ldiv0
 .text          0x080023d8       0x10 c:/devkitpro/devkitarm/bin/../lib/gcc/arm-none-eabi/4.9.2/../../../../arm-none-eabi/lib/thumb\libc.a(lib_a-ctype_.o)
                0x080023d8                __set_ctype
 .text          0x080023e8       0x58 c:/devkitpro/devkitarm/bin/../lib/gcc/arm-none-eabi/4.9.2/../../../../arm-none-eabi/lib/thumb\libc.a(lib_a-init.o)
                0x080023e8                __libc_init_array
 .text          0x08002440       0x84 c:/devkitpro/devkitarm/bin/../lib/gcc/arm-none-eabi/4.9.2/../../../../arm-none-eabi/lib/thumb\libc.a(lib_a-memcpy-stub.o)
                0x08002440                memcpy
 .text          0x080024c4       0x98 c:/devkitpro/devkitarm/bin/../lib/gcc/arm-none-eabi/4.9.2/../../../../arm-none-eabi/lib/thumb\libc.a(lib_a-memset.o)
                0x080024c4                memset
 .text          0x0800255c      0x17c c:/devkitpro/devkitarm/bin/../lib/gcc/arm-none-eabi/4.9.2/../../../../arm-none-eabi/lib/thumb\libc.a(lib_a-strtol.o)
                0x0800255c                _strtol_r
                0x080026b8                strtol
 .text          0x080026d8        0x0 c:/devkitpro/devkitarm/bin/../lib/gcc/arm-none-eabi/4.9.2/../../../../arm-none-eabi/lib/thumb\libc.a(lib_a-impure.o)
 .text          0x080026d8        0x0 c:/devkitpro/devkitarm/bin/../lib/gcc/arm-none-eabi/4.9.2/../../../../arm-none-eabi/lib/thumb\libsysbase.a(malloc_vars.o)
 .text          0x080026d8      0x11c c:/devkitpro/devkitarm/bin/../lib/gcc/arm-none-eabi/4.9.2/thumb\libgcc.a(_udivsi3.o)
                0x080026d8                __aeabi_uidiv
                0x080026d8                __udivsi3
                0x080027d4                __aeabi_uidivmod
 .text          0x080027f4        0x0 c:/devkitpro/devkitarm/bin/../lib/gcc/arm-none-eabi/4.9.2/thumb/crtend.o
 .text          0x080027f4        0x0 c:/devkitpro/devkitarm/bin/../lib/gcc/arm-none-eabi/4.9.2/thumb/crtn.o
 *(.text .stub .text.* .gnu.linkonce.t.*)
 .text.startup  0x080027f4      0x1b8 main.o
                0x080027f4                main
 *fill*         0x080029ac        0x4 ff
 .text.startup.__stub
                0x080029b0       0x2c linker stubs
 *(.text.*personality*)
 *(.gnu.warning)
 *(.glue_7t)
 .glue_7t       0x00000000        0x0 linker stubs
 *(.glue_7)
 .glue_7        0x00000000        0x0 linker stubs
 *(.vfp11_veneer)
 .vfp11_veneer  0x00000000        0x0 linker stubs
                0x080029dc                . = ALIGN (0x4)
                0x080029dc                __text_end = .

.v4_bx          0x080029e0        0x0
 .v4_bx         0x00000000        0x0 linker stubs

.iplt           0x080029e0        0x0
 .iplt          0x00000000        0x0 c:/devkitpro/devkitarm/bin/../lib/gcc/arm-none-eabi/4.9.2/../../../../arm-none-eabi/lib/thumb/gba_crt0.o

.fini           0x080029e0        0xc
 *(.fini)
 .fini          0x080029e0        0x4 c:/devkitpro/devkitarm/bin/../lib/gcc/arm-none-eabi/4.9.2/thumb/crti.o
                0x080029e0                _fini
 .fini          0x080029e4        0x8 c:/devkitpro/devkitarm/bin/../lib/gcc/arm-none-eabi/4.9.2/thumb/crtn.o
                0x080029ec                . = ALIGN (0x4)

.rodata         0x080029ec     0x49f8
 *(.rodata)
 .rodata        0x080029ec      0x220 player.o
                0x080029ec                playerPal
                0x08002bec                playerTiles
 .rodata        0x08002c0c      0xa40 stage1.o
                0x08002c0c                stage1Pal
                0x08002e0c                stage1Map
                0x0800360c                stage1Tiles
 .rodata        0x0800364c      0xa40 stage1Floor.o
                0x0800364c                stage1FloorPal
                0x0800384c                stage1FloorMap
                0x0800404c                stage1FloorTiles
 .rodata        0x0800408c      0xa40 stage2.o
                0x0800408c                stage2Pal
                0x0800428c                stage2Map
                0x08004a8c                stage2Tiles
 .rodata        0x08004acc      0xa40 stage2Floor.o
                0x08004acc                stage2FloorPal
                0x08004ccc                stage2FloorMap
                0x080054cc                stage2FloorTiles
 .rodata        0x0800550c      0x220 boxes/BoxClear.o
                0x0800550c                BoxClearPal
                0x0800570c                BoxClearTiles
 .rodata        0x0800572c      0x220 boxes/Box1.o
                0x0800572c                Box1Pal
                0x0800592c                Box1Tiles
 .rodata        0x0800594c      0x220 boxes/Box2.o
                0x0800594c                Box2Pal
                0x08005b4c                Box2Tiles
 .rodata        0x08005b6c      0x220 boxes/Box3.o
                0x08005b6c                Box3Pal
                0x08005d6c                Box3Tiles
 .rodata        0x08005d8c      0x220 boxes/Box4.o
                0x08005d8c                Box4Pal
                0x08005f8c                Box4Tiles
 .rodata        0x08005fac      0x220 boxes/Box5.o
                0x08005fac                Box5Pal
                0x080061ac                Box5Tiles
 .rodata        0x080061cc      0x220 boxes/Box6.o
                0x080061cc                Box6Pal
                0x080063cc                Box6Tiles
 .rodata        0x080063ec      0x220 boxes/Box7.o
                0x080063ec                Box7Pal
                0x080065ec                Box7Tiles
 .rodata        0x0800660c      0x220 boxes/Box8.o
                0x0800660c                Box8Pal
                0x0800680c                Box8Tiles
 .rodata        0x0800682c      0x220 boxes/Box9.o
                0x0800682c                Box9Pal
                0x08006a2c                Box9Tiles
 .rodata        0x08006a4c      0x220 tempGate.o
                0x08006a4c                tempGatePal
                0x08006c4c                tempGateTiles
 .rodata        0x08006c6c      0x1f0 tonclib/lib\libtonc.a(tte_main.o)
 .rodata        0x08006e5c      0x318 tonclib/lib\libtonc.a(sys8.o)
                0x08006e5c                sys8Font
                0x08006e74                sys8Glyphs
 .rodata        0x08007174       0x1c tonclib/lib\libtonc.a(tonc_surface.o)
 .rodata        0x08007190       0x3c tonclib/lib\libtonc.a(tonc_sbmp16.o)
                0x08007190                bmp16_tab
                0x080071b8                m3_surface
 .rodata        0x080071cc      0x104 c:/devkitpro/devkitarm/bin/../lib/gcc/arm-none-eabi/4.9.2/../../../../arm-none-eabi/lib/thumb\libc.a(lib_a-ctype_.o)
                0x080071cc                _ctype_
 .rodata        0x080072d0        0x4 c:/devkitpro/devkitarm/bin/../lib/gcc/arm-none-eabi/4.9.2/../../../../arm-none-eabi/lib/thumb\libc.a(lib_a-impure.o)
                0x080072d0                _global_impure_ptr
 *all.rodata*(*)
 *(.roda)
 *(.rodata.*)
 .rodata.str1.4
                0x080072d4      0x104 main.o
 .rodata.str1.4
                0x080073d8        0x6 tonclib/lib\libtonc.a(tonc_sbmp16.o)
                                  0x8 (size before relaxing)
 *fill*         0x080073de        0x2 ff
 .rodata.str1.4
                0x080073e0        0x4 c:/devkitpro/devkitarm/bin/../lib/gcc/arm-none-eabi/4.9.2/../../../../arm-none-eabi/lib/thumb\libc.a(lib_a-impure.o)
 *(.gnu.linkonce.r*)
                0x080073e4                . = ALIGN (0x4)

.ARM.extab
 *(.ARM.extab* .gnu.linkonce.armextab.*)
                0x080073e4                __exidx_start = .

.ARM.exidx
 *(.ARM.exidx* .gnu.linkonce.armexidx.*)
                0x080073e4                __exidx_end = .

.ctors          0x080073e4        0x0
 *crtbegin.o(.ctors)
 *(EXCLUDE_FILE(*crtend.o) .ctors)
 *(SORT(.ctors.*))
 *(.ctors)
                0x080073e4                . = ALIGN (0x4)

.dtors          0x080073e4        0x0
 *crtbegin.o(.dtors)
 *(EXCLUDE_FILE(*crtend.o) .dtors)
 *(SORT(.dtors.*))
 *(.dtors)
                0x080073e4                . = ALIGN (0x4)

.eh_frame       0x080073e4        0x4
 *(.eh_frame)
 .eh_frame      0x080073e4        0x0 c:/devkitpro/devkitarm/bin/../lib/gcc/arm-none-eabi/4.9.2/thumb/crtbegin.o
 .eh_frame      0x080073e4        0x4 c:/devkitpro/devkitarm/bin/../lib/gcc/arm-none-eabi/4.9.2/thumb/crtend.o
                0x080073e8                . = ALIGN (0x4)

.gcc_except_table
                0x080073e8        0x0
 *(.gcc_except_table)
                0x080073e8                . = ALIGN (0x4)
                0x080073e8                __iwram_lma = .

.iwram          0x03000000       0x84 load address 0x080073e8
                0x03000000                __iwram_start__ = ABSOLUTE (.)
 *(.iwram)
 .iwram         0x03000000       0x38 tonclib/lib\libtonc.a(tonc_memcpy.o)
                0x03000000                memcpy32
 .iwram         0x03000038       0x4c tonclib/lib\libtonc.a(tonc_memset.o)
                0x03000038                memset32
 *iwram.*(.text)
                0x03000084                . = ALIGN (0x4)
                0x03000084                __iwram_end__ = ABSOLUTE (.)
                0x0800746c                __data_lma = (__iwram_lma + SIZEOF (.iwram))

.rel.dyn        0x03000084        0x0 load address 0x0800746c
 .rel.iplt      0x00000000        0x0 c:/devkitpro/devkitarm/bin/../lib/gcc/arm-none-eabi/4.9.2/../../../../arm-none-eabi/lib/thumb/gba_crt0.o

.bss            0x03000084      0xe30
                0x03000084                __bss_start = ABSOLUTE (.)
                0x03000084                __bss_start__ = ABSOLUTE (.)
 *(.dynbss)
 *(.gnu.linkonce.b*)
 *(.bss*)
 .bss           0x03000084        0x0 c:/devkitpro/devkitarm/bin/../lib/gcc/arm-none-eabi/4.9.2/../../../../arm-none-eabi/lib/thumb/gba_crt0.o
 .bss           0x03000084        0x0 c:/devkitpro/devkitarm/bin/../lib/gcc/arm-none-eabi/4.9.2/thumb/crti.o
 .bss           0x03000084       0x1c c:/devkitpro/devkitarm/bin/../lib/gcc/arm-none-eabi/4.9.2/thumb/crtbegin.o
 .bss           0x030000a0       0x10 main.o
                0x030000a0                backgroundX
                0x030000a4                backgroundY
                0x030000a8                gameState
                0x030000ac                menuSelection
 .bss           0x030000b0        0x0 player.o
 .bss           0x030000b0        0x0 stage1.o
 .bss           0x030000b0        0x0 stage1Floor.o
 .bss           0x030000b0        0x0 stage2.o
 .bss           0x030000b0        0x0 stage2Floor.o
 .bss           0x030000b0        0x0 boxes/BoxClear.o
 .bss           0x030000b0        0x0 boxes/Box1.o
 .bss           0x030000b0        0x0 boxes/Box2.o
 .bss           0x030000b0        0x0 boxes/Box3.o
 .bss           0x030000b0        0x0 boxes/Box4.o
 .bss           0x030000b0        0x0 boxes/Box5.o
 .bss           0x030000b0        0x0 boxes/Box6.o
 .bss           0x030000b0        0x0 boxes/Box7.o
 .bss           0x030000b0        0x0 boxes/Box8.o
 .bss           0x030000b0        0x0 boxes/Box9.o
 .bss           0x030000b0        0x0 tempGate.o
 .bss           0x030000b0        0x4 tonclib/lib\libtonc.a(tonc_input.o)
                0x030000b0                __key_curr
                0x030000b2                __key_prev
 .bss           0x030000b4        0x0 tonclib/lib\libtonc.a(tonc_oam.o)
 .bss           0x030000b4        0x0 tonclib/lib\libtonc.a(tte_init_se.o)
 .bss           0x030000b4        0x0 tonclib/lib\libtonc.a(tte_main.o)
 .bss           0x030000b4        0x0 tonclib/lib\libtonc.a(tonc_bios.o)
 .bss           0x030000b4        0x0 tonclib/lib\libtonc.a(tonc_bios_ex.o)
 .bss           0x030000b4        0x0 tonclib/lib\libtonc.a(tonc_memcpy.o)
 .bss           0x030000b4        0x0 tonclib/lib\libtonc.a(sys8.o)
 .bss           0x030000b4        0x0 tonclib/lib\libtonc.a(tonc_surface.o)
 .bss           0x030000b4        0x0 tonclib/lib\libtonc.a(se_drawg.o)
 .bss           0x030000b4        0x0 tonclib/lib\libtonc.a(tonc_sbmp16.o)
 .bss           0x030000b4        0x0 tonclib/lib\libtonc.a(tonc_memset.o)
 .bss           0x030000b4        0x0 c:/devkitpro/devkitarm/bin/../lib/gcc/arm-none-eabi/4.9.2/thumb\libgcc.a(_divsi3.o)
 .bss           0x030000b4        0x0 c:/devkitpro/devkitarm/bin/../lib/gcc/arm-none-eabi/4.9.2/thumb\libgcc.a(_dvmd_tls.o)
 .bss           0x030000b4        0x0 c:/devkitpro/devkitarm/bin/../lib/gcc/arm-none-eabi/4.9.2/../../../../arm-none-eabi/lib/thumb\libc.a(lib_a-ctype_.o)
 .bss           0x030000b4        0x0 c:/devkitpro/devkitarm/bin/../lib/gcc/arm-none-eabi/4.9.2/../../../../arm-none-eabi/lib/thumb\libc.a(lib_a-init.o)
 .bss           0x030000b4        0x0 c:/devkitpro/devkitarm/bin/../lib/gcc/arm-none-eabi/4.9.2/../../../../arm-none-eabi/lib/thumb\libc.a(lib_a-memcpy-stub.o)
 .bss           0x030000b4        0x0 c:/devkitpro/devkitarm/bin/../lib/gcc/arm-none-eabi/4.9.2/../../../../arm-none-eabi/lib/thumb\libc.a(lib_a-memset.o)
 .bss           0x030000b4        0x0 c:/devkitpro/devkitarm/bin/../lib/gcc/arm-none-eabi/4.9.2/../../../../arm-none-eabi/lib/thumb\libc.a(lib_a-strtol.o)
 .bss           0x030000b4        0x0 c:/devkitpro/devkitarm/bin/../lib/gcc/arm-none-eabi/4.9.2/../../../../arm-none-eabi/lib/thumb\libc.a(lib_a-impure.o)
 .bss           0x030000b4        0x8 c:/devkitpro/devkitarm/bin/../lib/gcc/arm-none-eabi/4.9.2/../../../../arm-none-eabi/lib/thumb\libsysbase.a(malloc_vars.o)
                0x030000b4                fake_heap_start
                0x030000b8                fake_heap_end
 .bss           0x030000bc        0x0 c:/devkitpro/devkitarm/bin/../lib/gcc/arm-none-eabi/4.9.2/thumb\libgcc.a(_udivsi3.o)
 .bss           0x030000bc        0x0 c:/devkitpro/devkitarm/bin/../lib/gcc/arm-none-eabi/4.9.2/thumb/crtend.o
 .bss           0x030000bc        0x0 c:/devkitpro/devkitarm/bin/../lib/gcc/arm-none-eabi/4.9.2/thumb/crtn.o
 *(COMMON)
 COMMON         0x030000bc      0xdb0 main.o
                0x030000bc                gate
                0x030000d8                player
                0x030000f4                boxes
                0x0300025c                world_grid
                0x03000a5c                obj_buffer
                0x03000e5c                xDistance
                0x03000e60                currBox
                0x03000e64                nextBuffer
                0x03000e68                yDistance
 COMMON         0x03000e6c       0x48 tonclib/lib\libtonc.a(tte_main.o)
                0x03000e6c                __tte_main_context
                0x03000eb4                . = ALIGN (0x4)
                0x03000eb4                __bss_end__ = ABSOLUTE (.)

.data           0x03000eb4      0x454 load address 0x0800746c
                0x03000eb4                __data_start__ = ABSOLUTE (.)
 *(.data)
 .data          0x03000eb4        0x0 c:/devkitpro/devkitarm/bin/../lib/gcc/arm-none-eabi/4.9.2/../../../../arm-none-eabi/lib/thumb/gba_crt0.o
 .data          0x03000eb4        0x0 c:/devkitpro/devkitarm/bin/../lib/gcc/arm-none-eabi/4.9.2/thumb/crti.o
 .data          0x03000eb4        0x4 c:/devkitpro/devkitarm/bin/../lib/gcc/arm-none-eabi/4.9.2/thumb/crtbegin.o
                0x03000eb4                __dso_handle
 .data          0x03000eb8       0x10 main.o
                0x03000eb8                screenWidth
                0x03000ebc                screenHeight
                0x03000ec0                simplePlayer
                0x03000ec4                obj_aff_buffer
 .data          0x03000ec8        0x0 player.o
 .data          0x03000ec8        0x0 stage1.o
 .data          0x03000ec8        0x0 stage1Floor.o
 .data          0x03000ec8        0x0 stage2.o
 .data          0x03000ec8        0x0 stage2Floor.o
 .data          0x03000ec8        0x0 boxes/BoxClear.o
 .data          0x03000ec8        0x0 boxes/Box1.o
 .data          0x03000ec8        0x0 boxes/Box2.o
 .data          0x03000ec8        0x0 boxes/Box3.o
 .data          0x03000ec8        0x0 boxes/Box4.o
 .data          0x03000ec8        0x0 boxes/Box5.o
 .data          0x03000ec8        0x0 boxes/Box6.o
 .data          0x03000ec8        0x0 boxes/Box7.o
 .data          0x03000ec8        0x0 boxes/Box8.o
 .data          0x03000ec8        0x0 boxes/Box9.o
 .data          0x03000ec8        0x0 tempGate.o
 .data          0x03000ec8        0x8 tonclib/lib\libtonc.a(tonc_input.o)
                0x03000ec8                __key_rpt
 .data          0x03000ed0        0x0 tonclib/lib\libtonc.a(tonc_oam.o)
 .data          0x03000ed0        0x0 tonclib/lib\libtonc.a(tte_init_se.o)
 .data          0x03000ed0        0x4 tonclib/lib\libtonc.a(tte_main.o)
                0x03000ed0                gp_tte_context
 .data          0x03000ed4        0x0 tonclib/lib\libtonc.a(tonc_bios.o)
 .data          0x03000ed4        0x0 tonclib/lib\libtonc.a(tonc_bios_ex.o)
 .data          0x03000ed4        0x0 tonclib/lib\libtonc.a(tonc_memcpy.o)
 .data          0x03000ed4        0x0 tonclib/lib\libtonc.a(sys8.o)
 .data          0x03000ed4        0x0 tonclib/lib\libtonc.a(tonc_surface.o)
 .data          0x03000ed4        0x0 tonclib/lib\libtonc.a(se_drawg.o)
 .data          0x03000ed4        0x0 tonclib/lib\libtonc.a(tonc_sbmp16.o)
 .data          0x03000ed4        0x0 tonclib/lib\libtonc.a(tonc_memset.o)
 .data          0x03000ed4        0x0 c:/devkitpro/devkitarm/bin/../lib/gcc/arm-none-eabi/4.9.2/thumb\libgcc.a(_divsi3.o)
 .data          0x03000ed4        0x0 c:/devkitpro/devkitarm/bin/../lib/gcc/arm-none-eabi/4.9.2/thumb\libgcc.a(_dvmd_tls.o)
 .data          0x03000ed4        0x4 c:/devkitpro/devkitarm/bin/../lib/gcc/arm-none-eabi/4.9.2/../../../../arm-none-eabi/lib/thumb\libc.a(lib_a-ctype_.o)
                0x03000ed4                __ctype_ptr__
 .data          0x03000ed8        0x0 c:/devkitpro/devkitarm/bin/../lib/gcc/arm-none-eabi/4.9.2/../../../../arm-none-eabi/lib/thumb\libc.a(lib_a-init.o)
 .data          0x03000ed8        0x0 c:/devkitpro/devkitarm/bin/../lib/gcc/arm-none-eabi/4.9.2/../../../../arm-none-eabi/lib/thumb\libc.a(lib_a-memcpy-stub.o)
 .data          0x03000ed8        0x0 c:/devkitpro/devkitarm/bin/../lib/gcc/arm-none-eabi/4.9.2/../../../../arm-none-eabi/lib/thumb\libc.a(lib_a-memset.o)
 .data          0x03000ed8        0x0 c:/devkitpro/devkitarm/bin/../lib/gcc/arm-none-eabi/4.9.2/../../../../arm-none-eabi/lib/thumb\libc.a(lib_a-strtol.o)
 .data          0x03000ed8      0x430 c:/devkitpro/devkitarm/bin/../lib/gcc/arm-none-eabi/4.9.2/../../../../arm-none-eabi/lib/thumb\libc.a(lib_a-impure.o)
                0x03000ed8                _impure_ptr
 .data          0x03001308        0x0 c:/devkitpro/devkitarm/bin/../lib/gcc/arm-none-eabi/4.9.2/../../../../arm-none-eabi/lib/thumb\libsysbase.a(malloc_vars.o)
 .data          0x03001308        0x0 c:/devkitpro/devkitarm/bin/../lib/gcc/arm-none-eabi/4.9.2/thumb\libgcc.a(_udivsi3.o)
 .data          0x03001308        0x0 c:/devkitpro/devkitarm/bin/../lib/gcc/arm-none-eabi/4.9.2/thumb/crtend.o
 .data          0x03001308        0x0 c:/devkitpro/devkitarm/bin/../lib/gcc/arm-none-eabi/4.9.2/thumb/crtn.o
 *(.data.*)
 *(.gnu.linkonce.d*)
                0x03001308                . = ALIGN (0x4)
                0x080078c0                __preinit_lma = (__data_lma + SIZEOF (.data))

.igot.plt       0x03001308        0x0 load address 0x080078c0
 .igot.plt      0x00000000        0x0 c:/devkitpro/devkitarm/bin/../lib/gcc/arm-none-eabi/4.9.2/../../../../arm-none-eabi/lib/thumb/gba_crt0.o

.tm_clone_table
                0x03001308        0x0 load address 0x080078c0
 .tm_clone_table
                0x03001308        0x0 c:/devkitpro/devkitarm/bin/../lib/gcc/arm-none-eabi/4.9.2/thumb/crtbegin.o
 .tm_clone_table
                0x03001308        0x0 c:/devkitpro/devkitarm/bin/../lib/gcc/arm-none-eabi/4.9.2/thumb/crtend.o

.preinit_array  0x03001308        0x0 load address 0x080078c0
                0x03001308                __preinit_array_start = ABSOLUTE (.)
 *(.preinit_array)
                0x03001308                __preinit_array_end = ABSOLUTE (.)
                0x080078c0                __init_lma = (__preinit_lma + SIZEOF (.preinit_array))

.init_array     0x03001308        0x4 load address 0x080078c0
                0x03001308                __init_array_start = ABSOLUTE (.)
 *(SORT(.init_array.*))
 *(.init_array)
 .init_array    0x03001308        0x4 c:/devkitpro/devkitarm/bin/../lib/gcc/arm-none-eabi/4.9.2/thumb/crtbegin.o
                0x0300130c                __init_array_end = ABSOLUTE (.)
                0x080078c4                __fini_lma = (__init_lma + SIZEOF (.init_array))

.fini_array     0x0300130c        0x4 load address 0x080078c4
                0x0300130c                __fini_array_start = ABSOLUTE (.)
 *(SORT(.fini_array.*))
 *(.fini_array)
 .fini_array    0x0300130c        0x4 c:/devkitpro/devkitarm/bin/../lib/gcc/arm-none-eabi/4.9.2/thumb/crtbegin.o
                0x03001310                __fini_array_end = ABSOLUTE (.)
                0x080078c8                __jcr_lma = (__fini_lma + SIZEOF (.fini_array))

.jcr            0x03001310        0x4 load address 0x080078c8
 *(.jcr)
 .jcr           0x03001310        0x0 c:/devkitpro/devkitarm/bin/../lib/gcc/arm-none-eabi/4.9.2/thumb/crtbegin.o
 .jcr           0x03001310        0x4 c:/devkitpro/devkitarm/bin/../lib/gcc/arm-none-eabi/4.9.2/thumb/crtend.o
                0x03001314                __data_end__ = ABSOLUTE (.)
                0x080078cc                __iwram_overlay_lma = (__jcr_lma + SIZEOF (.jcr))
                0x03001314                __iwram_overlay_start = .

.iwram0         0x03001314        0x0 load address 0x080078cc
 *(.iwram0)
                0x03001314                . = ALIGN (0x4)
                0x080078cc                PROVIDE (__load_start_iwram0, LOADADDR (.iwram0))
                0x080078cc                PROVIDE (__load_stop_iwram0, (LOADADDR (.iwram0) + SIZEOF (.iwram0)))

.iwram1         0x03001314        0x0
 *(.iwram1)
                0x03001314                . = ALIGN (0x4)
                0x03001314                PROVIDE (__load_start_iwram1, LOADADDR (.iwram1))
                0x03001314                PROVIDE (__load_stop_iwram1, (LOADADDR (.iwram1) + SIZEOF (.iwram1)))

.iwram2         0x03001314        0x0
 *(.iwram2)
                0x03001314                . = ALIGN (0x4)
                0x03001314                PROVIDE (__load_start_iwram2, LOADADDR (.iwram2))
                0x03001314                PROVIDE (__load_stop_iwram2, (LOADADDR (.iwram2) + SIZEOF (.iwram2)))

.iwram3         0x03001314        0x0
 *(.iwram3)
                0x03001314                . = ALIGN (0x4)
                0x03001314                PROVIDE (__load_start_iwram3, LOADADDR (.iwram3))
                0x03001314                PROVIDE (__load_stop_iwram3, (LOADADDR (.iwram3) + SIZEOF (.iwram3)))

.iwram4         0x03001314        0x0
 *(.iwram4)
                0x03001314                . = ALIGN (0x4)
                0x03001314                PROVIDE (__load_start_iwram4, LOADADDR (.iwram4))
                0x03001314                PROVIDE (__load_stop_iwram4, (LOADADDR (.iwram4) + SIZEOF (.iwram4)))

.iwram5         0x03001314        0x0
 *(.iwram5)
                0x03001314                . = ALIGN (0x4)
                0x03001314                PROVIDE (__load_start_iwram5, LOADADDR (.iwram5))
                0x03001314                PROVIDE (__load_stop_iwram5, (LOADADDR (.iwram5) + SIZEOF (.iwram5)))

.iwram6         0x03001314        0x0
 *(.iwram6)
                0x03001314                . = ALIGN (0x4)
                0x03001314                PROVIDE (__load_start_iwram6, LOADADDR (.iwram6))
                0x03001314                PROVIDE (__load_stop_iwram6, (LOADADDR (.iwram6) + SIZEOF (.iwram6)))

.iwram7         0x03001314        0x0
 *(.iwram7)
                0x03001314                . = ALIGN (0x4)
                0x03001314                PROVIDE (__load_start_iwram7, LOADADDR (.iwram7))
                0x03001314                PROVIDE (__load_stop_iwram7, (LOADADDR (.iwram7) + SIZEOF (.iwram7)))

.iwram8         0x03001314        0x0
 *(.iwram8)
                0x03001314                . = ALIGN (0x4)
                0x03001314                PROVIDE (__load_start_iwram8, LOADADDR (.iwram8))
                0x03001314                PROVIDE (__load_stop_iwram8, (LOADADDR (.iwram8) + SIZEOF (.iwram8)))

.iwram9         0x03001314        0x0
 *(.iwram9)
                0x03001314                . = ALIGN (0x4)
                0x03001314                PROVIDE (__load_start_iwram9, LOADADDR (.iwram9))
                0x03001314                PROVIDE (__load_stop_iwram9, (LOADADDR (.iwram9) + SIZEOF (.iwram9)))
                0x03001314                __iwram_overlay_end = .
                0x080078cc                __ewram_lma = (__iwram_overlay_lma + (__iwram_overlay_end - __iwram_overlay_start))
                0x03001314                __iheap_start = .
                0x02000000                __ewram_start = ORIGIN (ewram)

.ewram          0x02000000       0x14 load address 0x080078cc
 *(.ewram)
 .ewram         0x02000000       0x14 tonclib/lib\libtonc.a(tonc_sbmp16.o)
                0x02000000                m5_surface
                0x02000014                . = ALIGN (0x4)
                0x02000014                __ewram_end = ABSOLUTE (.)
                0x080078e0                __pad_lma = (__ewram_lma + SIZEOF (.ewram))

.sbss           0x02000014        0x0
                0x02000014                __sbss_start__ = ABSOLUTE (.)
 *(.sbss)
                0x02000014                . = ALIGN (0x4)
                0x02000014                __sbss_end__ = ABSOLUTE (.)
                0x02000014                __end__ = ABSOLUTE (.)
                0x02000014                __eheap_start = ABSOLUTE (.)

.pad            0x02000014        0x8 load address 0x080078e0
                0x02000014        0x4 LONG 0x52416b64
                0x02000018        0x4 LONG 0x4d
                0x0200001c                . = ALIGN (0x4)
                0x080078e8                __rom_end__ = (__pad_lma + SIZEOF (.pad))

.stab
 *(.stab)

.stabstr
 *(.stabstr)

.stab.excl
 *(.stab.excl)

.stab.exclstr
 *(.stab.exclstr)

.stab.index
 *(.stab.index)

.stab.indexstr
 *(.stab.indexstr)

.comment        0x00000000       0x44
 *(.comment)
 .comment       0x00000000       0x22 c:/devkitpro/devkitarm/bin/../lib/gcc/arm-none-eabi/4.9.2/thumb/crtbegin.o
                                 0x23 (size before relaxing)
 .comment       0x00000000       0x23 main.o
 .comment       0x00000000       0x23 player.o
 .comment       0x00000000       0x23 stage1.o
 .comment       0x00000000       0x23 stage1Floor.o
 .comment       0x00000000       0x23 stage2.o
 .comment       0x00000000       0x23 stage2Floor.o
 .comment       0x00000022       0x22 boxes/BoxClear.o
                                 0x23 (size before relaxing)
 .comment       0x00000000       0x23 boxes/Box1.o
 .comment       0x00000000       0x23 boxes/Box2.o
 .comment       0x00000000       0x23 boxes/Box3.o
 .comment       0x00000000       0x23 boxes/Box4.o
 .comment       0x00000000       0x23 boxes/Box5.o
 .comment       0x00000000       0x23 boxes/Box6.o
 .comment       0x00000000       0x23 boxes/Box7.o
 .comment       0x00000000       0x23 boxes/Box8.o
 .comment       0x00000000       0x23 boxes/Box9.o
 .comment       0x00000000       0x23 tempGate.o
 .comment       0x00000000       0x23 tonclib/lib\libtonc.a(tonc_input.o)
 .comment       0x00000000       0x23 tonclib/lib\libtonc.a(tonc_oam.o)
 .comment       0x00000000       0x23 tonclib/lib\libtonc.a(tte_init_se.o)
 .comment       0x00000000       0x23 tonclib/lib\libtonc.a(tte_main.o)
 .comment       0x00000000       0x23 tonclib/lib\libtonc.a(tonc_surface.o)
 .comment       0x00000000       0x23 tonclib/lib\libtonc.a(se_drawg.o)
 .comment       0x00000000       0x23 tonclib/lib\libtonc.a(tonc_sbmp16.o)
 .comment       0x00000000       0x23 c:/devkitpro/devkitarm/bin/../lib/gcc/arm-none-eabi/4.9.2/../../../../arm-none-eabi/lib/thumb\libc.a(lib_a-ctype_.o)
 .comment       0x00000000       0x23 c:/devkitpro/devkitarm/bin/../lib/gcc/arm-none-eabi/4.9.2/../../../../arm-none-eabi/lib/thumb\libc.a(lib_a-init.o)
 .comment       0x00000000       0x23 c:/devkitpro/devkitarm/bin/../lib/gcc/arm-none-eabi/4.9.2/../../../../arm-none-eabi/lib/thumb\libc.a(lib_a-memcpy-stub.o)
 .comment       0x00000000       0x23 c:/devkitpro/devkitarm/bin/../lib/gcc/arm-none-eabi/4.9.2/../../../../arm-none-eabi/lib/thumb\libc.a(lib_a-memset.o)
 .comment       0x00000000       0x23 c:/devkitpro/devkitarm/bin/../lib/gcc/arm-none-eabi/4.9.2/../../../../arm-none-eabi/lib/thumb\libc.a(lib_a-strtol.o)
 .comment       0x00000000       0x23 c:/devkitpro/devkitarm/bin/../lib/gcc/arm-none-eabi/4.9.2/../../../../arm-none-eabi/lib/thumb\libc.a(lib_a-impure.o)
 .comment       0x00000000       0x23 c:/devkitpro/devkitarm/bin/../lib/gcc/arm-none-eabi/4.9.2/../../../../arm-none-eabi/lib/thumb\libsysbase.a(malloc_vars.o)
 .comment       0x00000000       0x23 c:/devkitpro/devkitarm/bin/../lib/gcc/arm-none-eabi/4.9.2/thumb/crtend.o

.debug
 *(.debug)

.line
 *(.line)

.debug_srcinfo
 *(.debug_srcinfo)

.debug_sfnames
 *(.debug_sfnames)

.debug_aranges
 *(.debug_aranges)

.debug_pubnames
 *(.debug_pubnames)

.debug_info
 *(.debug_info)

.debug_abbrev
 *(.debug_abbrev)

.debug_line
 *(.debug_line)

.debug_frame
 *(.debug_frame)

.debug_str
 *(.debug_str)

.debug_loc
 *(.debug_loc)

.debug_macinfo
 *(.debug_macinfo)

.debug_weaknames
 *(.debug_weaknames)

.debug_funcnames
 *(.debug_funcnames)

.debug_typenames
 *(.debug_typenames)

.debug_varnames
 *(.debug_varnames)

.stack          0x00080000        0x0
                0x00080000                _stack = .
 *(.stack)

.note.gnu.arm.ident
 *(.note.gnu.arm.ident)

.ARM.attributes
                0x00000000       0x2d
 *(.ARM.attributes)
 .ARM.attributes
                0x00000000       0x16 c:/devkitpro/devkitarm/bin/../lib/gcc/arm-none-eabi/4.9.2/../../../../arm-none-eabi/lib/thumb/gba_crt0.o
 .ARM.attributes
                0x00000016       0x16 c:/devkitpro/devkitarm/bin/../lib/gcc/arm-none-eabi/4.9.2/thumb/crti.o
 .ARM.attributes
                0x0000002c       0x30 c:/devkitpro/devkitarm/bin/../lib/gcc/arm-none-eabi/4.9.2/thumb/crtbegin.o
 .ARM.attributes
                0x0000005c       0x30 main.o
 .ARM.attributes
                0x0000008c       0x30 player.o
 .ARM.attributes
                0x000000bc       0x30 stage1.o
 .ARM.attributes
                0x000000ec       0x30 stage1Floor.o
 .ARM.attributes
                0x0000011c       0x30 stage2.o
 .ARM.attributes
                0x0000014c       0x30 stage2Floor.o
 .ARM.attributes
                0x0000017c       0x32 boxes/BoxClear.o
 .ARM.attributes
                0x000001ae       0x32 boxes/Box1.o
 .ARM.attributes
                0x000001e0       0x32 boxes/Box2.o
 .ARM.attributes
                0x00000212       0x32 boxes/Box3.o
 .ARM.attributes
                0x00000244       0x32 boxes/Box4.o
 .ARM.attributes
                0x00000276       0x32 boxes/Box5.o
 .ARM.attributes
                0x000002a8       0x32 boxes/Box6.o
 .ARM.attributes
                0x000002da       0x32 boxes/Box7.o
 .ARM.attributes
                0x0000030c       0x32 boxes/Box8.o
 .ARM.attributes
                0x0000033e       0x32 boxes/Box9.o
 .ARM.attributes
                0x00000370       0x32 tempGate.o
 .ARM.attributes
                0x000003a2       0x32 tonclib/lib\libtonc.a(tonc_input.o)
 .ARM.attributes
                0x000003d4       0x32 tonclib/lib\libtonc.a(tonc_oam.o)
 .ARM.attributes
                0x00000406       0x32 tonclib/lib\libtonc.a(tte_init_se.o)
 .ARM.attributes
                0x00000438       0x32 tonclib/lib\libtonc.a(tte_main.o)
 .ARM.attributes
                0x0000046a       0x16 tonclib/lib\libtonc.a(tonc_bios.o)
 .ARM.attributes
                0x00000480       0x16 tonclib/lib\libtonc.a(tonc_bios_ex.o)
 .ARM.attributes
                0x00000496       0x18 tonclib/lib\libtonc.a(tonc_memcpy.o)
 .ARM.attributes
                0x000004ae       0x16 tonclib/lib\libtonc.a(sys8.o)
 .ARM.attributes
                0x000004c4       0x32 tonclib/lib\libtonc.a(tonc_surface.o)
 .ARM.attributes
                0x000004f6       0x32 tonclib/lib\libtonc.a(se_drawg.o)
 .ARM.attributes
                0x00000528       0x32 tonclib/lib\libtonc.a(tonc_sbmp16.o)
 .ARM.attributes
                0x0000055a       0x18 tonclib/lib\libtonc.a(tonc_memset.o)
 .ARM.attributes
                0x00000572       0x18 c:/devkitpro/devkitarm/bin/../lib/gcc/arm-none-eabi/4.9.2/thumb\libgcc.a(_divsi3.o)
 .ARM.attributes
                0x0000058a       0x16 c:/devkitpro/devkitarm/bin/../lib/gcc/arm-none-eabi/4.9.2/thumb\libgcc.a(_dvmd_tls.o)
 .ARM.attributes
                0x000005a0       0x30 c:/devkitpro/devkitarm/bin/../lib/gcc/arm-none-eabi/4.9.2/../../../../arm-none-eabi/lib/thumb\libc.a(lib_a-ctype_.o)
 .ARM.attributes
                0x000005d0       0x30 c:/devkitpro/devkitarm/bin/../lib/gcc/arm-none-eabi/4.9.2/../../../../arm-none-eabi/lib/thumb\libc.a(lib_a-init.o)
 .ARM.attributes
                0x00000600       0x30 c:/devkitpro/devkitarm/bin/../lib/gcc/arm-none-eabi/4.9.2/../../../../arm-none-eabi/lib/thumb\libc.a(lib_a-memcpy-stub.o)
 .ARM.attributes
                0x00000630       0x30 c:/devkitpro/devkitarm/bin/../lib/gcc/arm-none-eabi/4.9.2/../../../../arm-none-eabi/lib/thumb\libc.a(lib_a-memset.o)
 .ARM.attributes
                0x00000660       0x30 c:/devkitpro/devkitarm/bin/../lib/gcc/arm-none-eabi/4.9.2/../../../../arm-none-eabi/lib/thumb\libc.a(lib_a-strtol.o)
 .ARM.attributes
                0x00000690       0x30 c:/devkitpro/devkitarm/bin/../lib/gcc/arm-none-eabi/4.9.2/../../../../arm-none-eabi/lib/thumb\libc.a(lib_a-impure.o)
 .ARM.attributes
                0x000006c0       0x30 c:/devkitpro/devkitarm/bin/../lib/gcc/arm-none-eabi/4.9.2/../../../../arm-none-eabi/lib/thumb\libsysbase.a(malloc_vars.o)
 .ARM.attributes
                0x000006f0       0x18 c:/devkitpro/devkitarm/bin/../lib/gcc/arm-none-eabi/4.9.2/thumb\libgcc.a(_udivsi3.o)
 .ARM.attributes
                0x00000708       0x30 c:/devkitpro/devkitarm/bin/../lib/gcc/arm-none-eabi/4.9.2/thumb/crtend.o
 .ARM.attributes
                0x00000738       0x16 c:/devkitpro/devkitarm/bin/../lib/gcc/arm-none-eabi/4.9.2/thumb/crtn.o

/DISCARD/
 *(.note.GNU-stack)
LOAD c:/devkitpro/devkitarm/bin/../lib/gcc/arm-none-eabi/4.9.2/../../../../arm-none-eabi/lib/thumb/gba_crt0.o
LOAD c:/devkitpro/devkitarm/bin/../lib/gcc/arm-none-eabi/4.9.2/thumb/crti.o
LOAD c:/devkitpro/devkitarm/bin/../lib/gcc/arm-none-eabi/4.9.2/thumb/crtbegin.o
LOAD main.o
LOAD player.o
LOAD stage1.o
LOAD stage1Floor.o
LOAD stage2.o
LOAD stage2Floor.o
LOAD boxes/BoxClear.o
LOAD boxes/Box1.o
LOAD boxes/Box2.o
LOAD boxes/Box3.o
LOAD boxes/Box4.o
LOAD boxes/Box5.o
LOAD boxes/Box6.o
LOAD boxes/Box7.o
LOAD boxes/Box8.o
LOAD boxes/Box9.o
LOAD tempGate.o
LOAD tonclib/lib\libtonc.a
START GROUP
LOAD c:/devkitpro/devkitarm/bin/../lib/gcc/arm-none-eabi/4.9.2/thumb\libgcc.a
LOAD c:/devkitpro/devkitarm/bin/../lib/gcc/arm-none-eabi/4.9.2/../../../../arm-none-eabi/lib/thumb\libc.a
LOAD c:/devkitpro/devkitarm/bin/../lib/gcc/arm-none-eabi/4.9.2/../../../../arm-none-eabi/lib/thumb\libsysbase.a
END GROUP
LOAD c:/devkitpro/devkitarm/bin/../lib/gcc/arm-none-eabi/4.9.2/thumb/crtend.o
LOAD c:/devkitpro/devkitarm/bin/../lib/gcc/arm-none-eabi/4.9.2/thumb/crtn.o
OUTPUT(main.elf elf32-littlearm)
