Archive member included because of file (symbol)

tonclib/lib\libtonc.a(tonc_input.o)
                              main.o (key_poll)
tonclib/lib\libtonc.a(tonc_oam.o)
                              main.o (oam_init)
tonclib/lib\libtonc.a(tte_init_se.o)
                              main.o (tte_init_se)
tonclib/lib\libtonc.a(tte_main.o)
                              tonclib/lib\libtonc.a(tte_init_se.o) (tte_init_base)
tonclib/lib\libtonc.a(tonc_bios.o)
                              tonclib/lib\libtonc.a(tonc_input.o) (VBlankIntrWait)
tonclib/lib\libtonc.a(tonc_bios_ex.o)
                              tonclib/lib\libtonc.a(tte_main.o) (VBlankIntrDelay)
tonclib/lib\libtonc.a(tonc_memcpy.o)
                              main.o (memcpy32)
tonclib/lib\libtonc.a(sys8.o)
                              main.o (sys8Font)
tonclib/lib\libtonc.a(tonc_surface.o)
                              tonclib/lib\libtonc.a(tte_init_se.o) (srf_init)
tonclib/lib\libtonc.a(se_drawg.o)
                              tonclib/lib\libtonc.a(tte_init_se.o) (se_erase)
tonclib/lib\libtonc.a(tonc_sbmp16.o)
                              tonclib/lib\libtonc.a(se_drawg.o) (sbmp16_rect)
tonclib/lib\libtonc.a(tonc_memset.o)
                              tonclib/lib\libtonc.a(tonc_sbmp16.o) (memset16)
q:/devkitpro1.5.3/devkitarm/bin/../lib/gcc/arm-none-eabi/4.7.1/thumb\libgcc.a(_divsi3.o)
                              tonclib/lib\libtonc.a(tte_main.o) (__aeabi_idiv)
q:/devkitpro1.5.3/devkitarm/bin/../lib/gcc/arm-none-eabi/4.7.1/thumb\libgcc.a(_dvmd_tls.o)
                              q:/devkitpro1.5.3/devkitarm/bin/../lib/gcc/arm-none-eabi/4.7.1/thumb\libgcc.a(_divsi3.o) (__aeabi_idiv0)
q:/devkitpro1.5.3/devkitarm/bin/../lib/gcc/arm-none-eabi/4.7.1/../../../../arm-none-eabi/lib/thumb\libc.a(lib_a-ctype_.o)
                              tonclib/lib\libtonc.a(tte_main.o) (__ctype_ptr__)
q:/devkitpro1.5.3/devkitarm/bin/../lib/gcc/arm-none-eabi/4.7.1/../../../../arm-none-eabi/lib/thumb\libc.a(lib_a-init.o)
                              q:/devkitpro1.5.3/devkitarm/bin/../lib/gcc/arm-none-eabi/4.7.1/../../../../arm-none-eabi/lib/thumb/gba_crt0.o (__libc_init_array)
q:/devkitpro1.5.3/devkitarm/bin/../lib/gcc/arm-none-eabi/4.7.1/../../../../arm-none-eabi/lib/thumb\libc.a(lib_a-memcpy-stub.o)
                              main.o (memcpy)
q:/devkitpro1.5.3/devkitarm/bin/../lib/gcc/arm-none-eabi/4.7.1/../../../../arm-none-eabi/lib/thumb\libc.a(lib_a-memset.o)
                              tonclib/lib\libtonc.a(tte_main.o) (memset)
q:/devkitpro1.5.3/devkitarm/bin/../lib/gcc/arm-none-eabi/4.7.1/../../../../arm-none-eabi/lib/thumb\libc.a(lib_a-sprintf.o)
                              main.o (sprintf)
q:/devkitpro1.5.3/devkitarm/bin/../lib/gcc/arm-none-eabi/4.7.1/../../../../arm-none-eabi/lib/thumb\libc.a(lib_a-strtol.o)
                              tonclib/lib\libtonc.a(tte_main.o) (strtol)
q:/devkitpro1.5.3/devkitarm/bin/../lib/gcc/arm-none-eabi/4.7.1/../../../../arm-none-eabi/lib/thumb\libc.a(lib_a-svfprintf.o)
                              q:/devkitpro1.5.3/devkitarm/bin/../lib/gcc/arm-none-eabi/4.7.1/../../../../arm-none-eabi/lib/thumb\libc.a(lib_a-sprintf.o) (_svfprintf_r)
q:/devkitpro1.5.3/devkitarm/bin/../lib/gcc/arm-none-eabi/4.7.1/../../../../arm-none-eabi/lib/thumb\libc.a(lib_a-wcrtomb.o)
                              q:/devkitpro1.5.3/devkitarm/bin/../lib/gcc/arm-none-eabi/4.7.1/../../../../arm-none-eabi/lib/thumb\libc.a(lib_a-svfprintf.o) (_wcrtomb_r)
q:/devkitpro1.5.3/devkitarm/bin/../lib/gcc/arm-none-eabi/4.7.1/../../../../arm-none-eabi/lib/thumb\libc.a(lib_a-wcsrtombs.o)
                              q:/devkitpro1.5.3/devkitarm/bin/../lib/gcc/arm-none-eabi/4.7.1/../../../../arm-none-eabi/lib/thumb\libc.a(lib_a-svfprintf.o) (_wcsrtombs_r)
q:/devkitpro1.5.3/devkitarm/bin/../lib/gcc/arm-none-eabi/4.7.1/../../../../arm-none-eabi/lib/thumb\libc.a(lib_a-wctomb_r.o)
                              q:/devkitpro1.5.3/devkitarm/bin/../lib/gcc/arm-none-eabi/4.7.1/../../../../arm-none-eabi/lib/thumb\libc.a(lib_a-wcrtomb.o) (__wctomb)
q:/devkitpro1.5.3/devkitarm/bin/../lib/gcc/arm-none-eabi/4.7.1/../../../../arm-none-eabi/lib/thumb\libc.a(lib_a-dtoa.o)
                              q:/devkitpro1.5.3/devkitarm/bin/../lib/gcc/arm-none-eabi/4.7.1/../../../../arm-none-eabi/lib/thumb\libc.a(lib_a-svfprintf.o) (_dtoa_r)
q:/devkitpro1.5.3/devkitarm/bin/../lib/gcc/arm-none-eabi/4.7.1/../../../../arm-none-eabi/lib/thumb\libc.a(lib_a-freer.o)
                              q:/devkitpro1.5.3/devkitarm/bin/../lib/gcc/arm-none-eabi/4.7.1/../../../../arm-none-eabi/lib/thumb\libc.a(lib_a-svfprintf.o) (_free_r)
q:/devkitpro1.5.3/devkitarm/bin/../lib/gcc/arm-none-eabi/4.7.1/../../../../arm-none-eabi/lib/thumb\libc.a(lib_a-impure.o)
                              q:/devkitpro1.5.3/devkitarm/bin/../lib/gcc/arm-none-eabi/4.7.1/../../../../arm-none-eabi/lib/thumb\libc.a(lib_a-sprintf.o) (_impure_ptr)
[...]
Memory Configuration

Name             Origin             Length             Attributes
rom              0x08000000         0x02000000
iwram            0x03000000         0x00008000
ewram            0x02000000         0x00040000
*default*        0x00000000         0xffffffff

Linker script and memory map

                0x08000000                __text_start = ORIGIN (rom)
                0x02040000                __eheap_end = (ORIGIN (ewram) + 0x40000)
                0x03000000                __iwram_start = ORIGIN (iwram)
                0x03008000                __iwram_top = (ORIGIN (iwram) + 0x8000)
                0x03007fa0                __sp_irq = (__iwram_top - 0x60)
                0x03007f00                __sp_usr = (__sp_irq - 0xa0)
                0x03007ff8                __irq_flags = 0x3007ff8
                0x08000000                . = __text_start

.init           0x08000000      0x21c
 *(.init)
 .init          0x08000000      0x210 q:/devkitpro1.5.3/devkitarm/bin/../lib/gcc/arm-none-eabi/4.7.1/../../../../arm-none-eabi/lib/thumb/gba_crt0.o
                0x08000000                _start
                0x080000c4                __boot_method
                0x080000c5                __slave_number
                0x080000e0                start_vector
 .init          0x08000210        0x4 q:/devkitpro1.5.3/devkitarm/bin/../lib/gcc/arm-none-eabi/4.7.1/thumb/crti.o
                0x08000210                _init
 .init          0x08000214        0x8 q:/devkitpro1.5.3/devkitarm/bin/../lib/gcc/arm-none-eabi/4.7.1/thumb/crtn.o
                0x0800021c                . = ALIGN (0x4)

.plt            0x0800021c        0x0
 *(.plt)
                0x0800021c                . = ALIGN (0x4)

.text           0x08000220     0xab08
 *(EXCLUDE_FILE(*.iwram*) .text)
 .text          0x08000220        0x0 q:/devkitpro1.5.3/devkitarm/bin/../lib/gcc/arm-none-eabi/4.7.1/../../../../arm-none-eabi/lib/thumb/gba_crt0.o
 .text          0x08000220        0x0 q:/devkitpro1.5.3/devkitarm/bin/../lib/gcc/arm-none-eabi/4.7.1/thumb/crti.o
 .text          0x08000220       0xd0 q:/devkitpro1.5.3/devkitarm/bin/../lib/gcc/arm-none-eabi/4.7.1/thumb/crtbegin.o
 .text          0x080002f0      0xffc main.o
                0x080002f0                isOdd
                0x08000304                merge
                0x080003c8                collision
                0x08000428                move
                0x080005d0                createGrid
                0x080005fc                addBackground
                0x08000678                init
                0x08000b54                initTutorial
                0x08000ca8                initStage1
                0x08000da0                initStage2
                0x08000e94                update
                0x08000f2c                draw
 .text          0x080012ec        0x0 boxes/BoxClear.o
 .text          0x080012ec        0x0 boxes/Box1.o
 .text          0x080012ec        0x0 boxes/Box2.o
 .text          0x080012ec        0x0 boxes/Box3.o
 .text          0x080012ec        0x0 boxes/Box4.o
 .text          0x080012ec        0x0 boxes/Box5.o
 .text          0x080012ec        0x0 boxes/Box6.o
 .text          0x080012ec        0x0 boxes/Box7.o
 .text          0x080012ec        0x0 boxes/Box8.o
 .text          0x080012ec        0x0 boxes/Box9.o
 .text          0x080012ec        0x0 dropbox/DBox1clear.o
 .text          0x080012ec        0x0 dropbox/DBox2clear.o
 .text          0x080012ec        0x0 dropbox/DBox3clear.o
 .text          0x080012ec        0x0 dropbox/DBox4clear.o
 .text          0x080012ec        0x0 dropbox/DBox5clear.o
 .text          0x080012ec        0x0 dropbox/DBox6clear.o
 .text          0x080012ec        0x0 dropbox/DBox7clear.o
 .text          0x080012ec        0x0 dropbox/DBox8clear.o
 .text          0x080012ec        0x0 dropbox/DBox9clear.o
 .text          0x080012ec        0x0 dropbox/DBoxclear.o
 .text          0x080012ec        0x0 levels/tutorial_floor.o
 .text          0x080012ec        0x0 levels/tutorial_walls.o
 .text          0x080012ec        0x0 levels/Stage1Floor.o
 .text          0x080012ec        0x0 levels/Stage1Wall.o
 .text          0x080012ec        0x0 levels/Stage2Floor.o
 .text          0x080012ec        0x0 levels/Stage2Wall.o
 .text          0x080012ec        0x0 other/EndZone.o
 .text          0x080012ec        0x0 player.o
 .text          0x080012ec        0x0 other/MovingBlocks.o
 .text          0x080012ec       0xac tonclib/lib\libtonc.a(tonc_input.o)
                0x080012ec                key_poll
                0x08001344                key_wait_till_hit
                0x08001368                key_repeat
                0x08001374                key_repeat_mask
                0x08001384                key_repeat_limits
 .text          0x08001398       0xcc tonclib/lib\libtonc.a(tonc_oam.o)
                0x08001398                oam_init
                0x080013e4                obj_copy
                0x08001410                obj_hide_multi
                0x08001438                obj_unhide_multi
 .text          0x08001464      0x15c tonclib/lib\libtonc.a(tte_init_se.o)
                0x08001464                tte_init_se
 .text          0x080015c0      0x9e0 tonclib/lib\libtonc.a(tte_main.o)
                0x080015c0                dummy_drawg
                0x080015c4                dummy_erase
                0x080015c8                tte_set_context
                0x080015e4                tte_set_color_attr
                0x080015f4                tte_set_color_attrs
                0x08001610                tte_set_color
                0x08001634                tte_set_colors
                0x08001670                tte_init_base
                0x08001704                utf8_decode_char
                0x080017b4                tte_cmd_skip
                0x080017c8                tte_cmd_next
                0x08001804                tte_putc
                0x08001854                tte_erase_rect
                0x08001870                tte_erase_screen
                0x08001894                tte_erase_line
                0x080018bc                tte_cmd_default
                0x08001d78                tte_write
                0x08001e64                tte_write_ex
                0x08001e94                tte_get_text_size
                0x08001f80                tte_set_margins
 .text          0x08001fa0       0x8c tonclib/lib\libtonc.a(tonc_bios.o)
                0x08001fa0                SoftReset
                0x08001fa4                RegisterRamReset
                0x08001fa8                Halt
                0x08001fac                Stop
                0x08001fb0                IntrWait
                0x08001fb4                VBlankIntrWait
                0x08001fb8                Div
                0x08001fbc                DivArm
                0x08001fc0                Sqrt
                0x08001fc4                ArcTan
                0x08001fc8                ArcTan2
                0x08001fcc                CpuSet
                0x08001fd0                CpuFastSet
                0x08001fd4                BiosCheckSum
                0x08001fd8                BgAffineSet
                0x08001fdc                ObjAffineSet
                0x08001fe0                BitUnPack
                0x08001fe4                LZ77UnCompWram
                0x08001fe8                LZ77UnCompVram
                0x08001fec                HuffUnComp
                0x08001ff0                RLUnCompWram
                0x08001ff4                RLUnCompVram
                0x08001ff8                Diff8bitUnFilterWram
                0x08001ffc                Diff8bitUnFilterVram
                0x08002000                Diff16bitUnFilter
                0x08002004                SoundBias
                0x08002008                SoundDriverInit
                0x0800200c                SoundDriverMode
                0x08002010                SoundDriverMain
                0x08002014                SoundDriverVSync
                0x08002018                SoundChannelClear
                0x0800201c                MidiKey2Freq
                0x08002020                MultiBoot
                0x08002024                SoundDriverVSyncOff
                0x08002028                SoundDriverVSyncOn
 .text          0x0800202c       0x54 tonclib/lib\libtonc.a(tonc_bios_ex.o)
                0x0800202c                VBlankIntrDelay
                0x0800203c                DivSafe
                0x08002050                Mod
                0x08002058                DivAbs
                0x08002060                DivArmMod
                0x08002068                DivArmAbs
                0x08002070                CpuFastFill
 .text          0x08002080       0x44 tonclib/lib\libtonc.a(tonc_memcpy.o)
                0x08002080                memcpy16
 .text          0x080020c4        0x0 tonclib/lib\libtonc.a(sys8.o)
 .text          0x080020c4      0x138 tonclib/lib\libtonc.a(tonc_surface.o)
                0x080020c4                srf_init
                0x0800217c                srf_pal_copy
                0x0800219c                srf_get_ptr
 .text          0x080021fc      0x174 tonclib/lib\libtonc.a(se_drawg.o)
                0x080021fc                se_erase
                0x0800222c                se_drawg_w8h8
                0x08002258                se_drawg_w8h16
                0x08002294                se_drawg
                0x08002304                se_drawg_s
 .text          0x08002370      0x4d8 tonclib/lib\libtonc.a(tonc_sbmp16.o)
                0x08002370                sbmp16_get_pixel
                0x08002380                sbmp16_plot
                0x08002394                sbmp16_vline
                0x080023cc                sbmp16_line
                0x080024a8                sbmp16_hline
                0x080024d4                sbmp16_frame
                0x08002560                sbmp16_rect
                0x080025c0                sbmp16_blit
                0x080026fc                sbmp16_floodfill_internal
                0x08002820                sbmp16_floodfill
 .text          0x08002848       0x3c tonclib/lib\libtonc.a(tonc_memset.o)
                0x08002848                memset16
 .text          0x08002884      0x150 q:/devkitpro1.5.3/devkitarm/bin/../lib/gcc/arm-none-eabi/4.7.1/thumb\libgcc.a(_divsi3.o)
                0x08002884                __divsi3
                0x08002884                __aeabi_idiv
                0x080029b4                __aeabi_idivmod
 .text          0x080029d4        0x4 q:/devkitpro1.5.3/devkitarm/bin/../lib/gcc/arm-none-eabi/4.7.1/thumb\libgcc.a(_dvmd_tls.o)
                0x080029d4                __aeabi_idiv0
                0x080029d4                __aeabi_ldiv0
 .text          0x080029d8       0x10 q:/devkitpro1.5.3/devkitarm/bin/../lib/gcc/arm-none-eabi/4.7.1/../../../../arm-none-eabi/lib/thumb\libc.a(lib_a-ctype_.o)
                0x080029d8                __set_ctype
 .text          0x080029e8       0x54 q:/devkitpro1.5.3/devkitarm/bin/../lib/gcc/arm-none-eabi/4.7.1/../../../../arm-none-eabi/lib/thumb\libc.a(lib_a-init.o)
                0x080029e8                __libc_init_array
 .text          0x08002a3c       0x90 q:/devkitpro1.5.3/devkitarm/bin/../lib/gcc/arm-none-eabi/4.7.1/../../../../arm-none-eabi/lib/thumb\libc.a(lib_a-memcpy-stub.o)
                0x08002a3c                memcpy
 .text          0x08002acc       0x98 q:/devkitpro1.5.3/devkitarm/bin/../lib/gcc/arm-none-eabi/4.7.1/../../../../arm-none-eabi/lib/thumb\libc.a(lib_a-memset.o)
                0x08002acc                memset
 .text          0x08002b64       0x84 q:/devkitpro1.5.3/devkitarm/bin/../lib/gcc/arm-none-eabi/4.7.1/../../../../arm-none-eabi/lib/thumb\libc.a(lib_a-sprintf.o)
                0x08002b64                _sprintf_r
                0x08002ba4                sprintf
 .text          0x08002be8      0x190 q:/devkitpro1.5.3/devkitarm/bin/../lib/gcc/arm-none-eabi/4.7.1/../../../../arm-none-eabi/lib/thumb\libc.a(lib_a-strtol.o)
                0x08002be8                _strtol_r
                0x08002d58                strtol
 .text          0x08002d78     0x1728 q:/devkitpro1.5.3/devkitarm/bin/../lib/gcc/arm-none-eabi/4.7.1/../../../../arm-none-eabi/lib/thumb\libc.a(lib_a-svfprintf.o)
                0x08002d78                _svfprintf_r
 .text          0x080044a0       0xe8 q:/devkitpro1.5.3/devkitarm/bin/../lib/gcc/arm-none-eabi/4.7.1/../../../../arm-none-eabi/lib/thumb\libc.a(lib_a-wcrtomb.o)
                0x080044a0                _wcrtomb_r
                0x08004508                wcrtomb
 .text          0x08004588       0x40 q:/devkitpro1.5.3/devkitarm/bin/../lib/gcc/arm-none-eabi/4.7.1/../../../../arm-none-eabi/lib/thumb\libc.a(lib_a-wcsrtombs.o)
                0x08004588                _wcsrtombs_r
                0x080045a0                wcsrtombs
 .text          0x080045c8      0x2a4 q:/devkitpro1.5.3/devkitarm/bin/../lib/gcc/arm-none-eabi/4.7.1/../../../../arm-none-eabi/lib/thumb\libc.a(lib_a-wctomb_r.o)
                0x080045c8                __utf8_wctomb
                0x0800467c                _wctomb_r
                0x080046b4                __ascii_wctomb
                0x080046d4                __sjis_wctomb
                0x08004750                __eucjp_wctomb
                0x080047ec                __jis_wctomb
 *fill*         0x0800486c        0x4 ff
 .text          0x08004870     0x10a0 q:/devkitpro1.5.3/devkitarm/bin/../lib/gcc/arm-none-eabi/4.7.1/../../../../arm-none-eabi/lib/thumb\libc.a(lib_a-dtoa.o)
                0x080049c8                _dtoa_r
 .text          0x08005910      0x238 q:/devkitpro1.5.3/devkitarm/bin/../lib/gcc/arm-none-eabi/4.7.1/../../../../arm-none-eabi/lib/thumb\libc.a(lib_a-freer.o)
                0x08005910                _malloc_trim_r
                0x080059b4                _free_r
 .text          0x08005b48        0x0 q:/devkitpro1.5.3/devkitarm/bin/../lib/gcc/arm-none-eabi/4.7.1/../../../../arm-none-eabi/lib/thumb\libc.a(lib_a-impure.o)
 .text          0x08005b48      0x950 q:/devkitpro1.5.3/devkitarm/bin/../lib/gcc/arm-none-eabi/4.7.1/../../../../arm-none-eabi/lib/thumb\libc.a(lib_a-locale.o)
                0x0800623c                _setlocale_r
                0x08006438                __locale_charset
                0x08006440                __locale_mb_cur_max
                0x0800644c                __locale_msgcharset
                0x08006458                __locale_cjk_lang
                0x08006464                _localeconv_r
                0x08006470                setlocale
                0x0800648c                localeconv
 .text          0x08006498      0x51c q:/devkitpro1.5.3/devkitarm/bin/../lib/gcc/arm-none-eabi/4.7.1/../../../../arm-none-eabi/lib/thumb\libc.a(lib_a-mallocr.o)
                0x08006498                _malloc_r
 .text          0x080069b4      0x584 q:/devkitpro1.5.3/devkitarm/bin/../lib/gcc/arm-none-eabi/4.7.1/../../../../arm-none-eabi/lib/thumb\libc.a(lib_a-mbtowc_r.o)
                0x080069b4                __utf8_mbtowc
                0x08006c14                _mbtowc_r
                0x08006c50                __ascii_mbtowc
                0x08006c80                __sjis_mbtowc
                0x08006d40                __eucjp_mbtowc
                0x08006e08                __jis_mbtowc
 .text          0x08006f38       0x98 q:/devkitpro1.5.3/devkitarm/bin/../lib/gcc/arm-none-eabi/4.7.1/../../../../arm-none-eabi/lib/thumb\libc.a(lib_a-memchr-stub.o)
                0x08006f38                memchr
 .text          0x08006fd0        0x8 q:/devkitpro1.5.3/devkitarm/bin/../lib/gcc/arm-none-eabi/4.7.1/../../../../arm-none-eabi/lib/thumb\libc.a(lib_a-mlock.o)
                0x08006fd0                __malloc_lock
                0x08006fd4                __malloc_unlock
 .text          0x08006fd8      0x978 q:/devkitpro1.5.3/devkitarm/bin/../lib/gcc/arm-none-eabi/4.7.1/../../../../arm-none-eabi/lib/thumb\libc.a(lib_a-mprec.o)
                0x08006fd8                _Balloc
                0x0800702c                _Bfree
                0x08007044                __multadd
                0x080070f0                __s2b
                0x0800718c                __hi0bits
                0x080071c4                __lo0bits
                0x08007224                __i2b
                0x0800723c                __multiply
                0x080073a0                __pow5mult
                0x08007450                __lshift
                0x08007520                __mcmp
                0x0800755c                __mdiff
                0x0800764c                __ulp
                0x08007694                __b2d
                0x08007738                __d2b
                0x080077f0                __ratio
                0x0800786c                _mprec_log10
                0x080078ac                __copybits
                0x080078f4                __any_on
 .text          0x08007950       0x5c q:/devkitpro1.5.3/devkitarm/bin/../lib/gcc/arm-none-eabi/4.7.1/../../../../arm-none-eabi/lib/thumb\libc.a(lib_a-s_fpclassify.o)
                0x08007950                __fpclassifyd
 .text          0x080079ac       0x50 q:/devkitpro1.5.3/devkitarm/bin/../lib/gcc/arm-none-eabi/4.7.1/../../../../arm-none-eabi/lib/thumb\libc.a(lib_a-strcasecmp.o)
                0x080079ac                strcasecmp
 .text          0x080079fc       0x50 q:/devkitpro1.5.3/devkitarm/bin/../lib/gcc/arm-none-eabi/4.7.1/../../../../arm-none-eabi/lib/thumb\libc.a(lib_a-strcat.o)
                0x080079fc                strcat
 .text          0x08007a4c       0xd4 q:/devkitpro1.5.3/devkitarm/bin/../lib/gcc/arm-none-eabi/4.7.1/../../../../arm-none-eabi/lib/thumb\libc.a(lib_a-strchr.o)
                0x08007a4c                strchr
 .text          0x08007b20       0x14 q:/devkitpro1.5.3/devkitarm/bin/../lib/gcc/arm-none-eabi/4.7.1/../../../../arm-none-eabi/lib/thumb\libc.a(lib_a-strcmp.o)
                0x08007b20                strcmp
 .text          0x08007b34       0x10 q:/devkitpro1.5.3/devkitarm/bin/../lib/gcc/arm-none-eabi/4.7.1/../../../../arm-none-eabi/lib/thumb\libc.a(lib_a-strcpy.o)
                0x08007b34                strcpy
 .text          0x08007b44       0x48 q:/devkitpro1.5.3/devkitarm/bin/../lib/gcc/arm-none-eabi/4.7.1/../../../../arm-none-eabi/lib/thumb\libc.a(lib_a-strlcpy.o)
                0x08007b44                strlcpy
 .text          0x08007b8c       0x10 q:/devkitpro1.5.3/devkitarm/bin/../lib/gcc/arm-none-eabi/4.7.1/../../../../arm-none-eabi/lib/thumb\libc.a(lib_a-strlen.o)
                0x08007b8c                strlen
 .text          0x08007b9c       0x60 q:/devkitpro1.5.3/devkitarm/bin/../lib/gcc/arm-none-eabi/4.7.1/../../../../arm-none-eabi/lib/thumb\libc.a(lib_a-strncasecmp.o)
                0x08007b9c                strncasecmp
 .text          0x08007bfc       0xbc q:/devkitpro1.5.3/devkitarm/bin/../lib/gcc/arm-none-eabi/4.7.1/../../../../arm-none-eabi/lib/thumb\libc.a(lib_a-strncmp.o)
                0x08007bfc                strncmp
 .text          0x08007cb8       0x60 q:/devkitpro1.5.3/devkitarm/bin/../lib/gcc/arm-none-eabi/4.7.1/../../../../arm-none-eabi/lib/thumb\libc.a(lib_a-strncpy.o)
                0x08007cb8                strncpy
 .text          0x08007d18      0xeb4 q:/devkitpro1.5.3/devkitarm/bin/../lib/gcc/arm-none-eabi/4.7.1/../../../../arm-none-eabi/lib/thumb\libc.a(lib_a-svfiprintf.o)
                0x08007d18                __ssprint_r
                0x08007e48                _svfiprintf_r
 .text          0x08008bcc      0x150 q:/devkitpro1.5.3/devkitarm/bin/../lib/gcc/arm-none-eabi/4.7.1/../../../../arm-none-eabi/lib/thumb\libc.a(lib_a-wcsnrtombs.o)
                0x08008bcc                _wcsnrtombs_r
                0x08008cec                wcsnrtombs
 .text          0x08008d1c       0x64 q:/devkitpro1.5.3/devkitarm/bin/../lib/gcc/arm-none-eabi/4.7.1/../../../../arm-none-eabi/lib/thumb\libc.a(lib_a-callocr.o)
                0x08008d1c                _calloc_r
 .text          0x08008d80       0xa8 q:/devkitpro1.5.3/devkitarm/bin/../lib/gcc/arm-none-eabi/4.7.1/../../../../arm-none-eabi/lib/thumb\libc.a(lib_a-getenv_r.o)
                0x08008d80                _findenv_r
                0x08008e18                _getenv_r
 .text          0x08008e28       0xb0 q:/devkitpro1.5.3/devkitarm/bin/../lib/gcc/arm-none-eabi/4.7.1/../../../../arm-none-eabi/lib/thumb\libc.a(lib_a-memmove.o)
                0x08008e28                memmove
 .text          0x08008ed8      0x3e8 q:/devkitpro1.5.3/devkitarm/bin/../lib/gcc/arm-none-eabi/4.7.1/../../../../arm-none-eabi/lib/thumb\libc.a(lib_a-reallocr.o)
                0x08008ed8                _realloc_r
 .text          0x080092c0        0x0 q:/devkitpro1.5.3/devkitarm/bin/../lib/gcc/arm-none-eabi/4.7.1/../../../../arm-none-eabi/lib/thumb\libc.a(lib_a-environ.o)
 .text          0x080092c0        0x8 q:/devkitpro1.5.3/devkitarm/bin/../lib/gcc/arm-none-eabi/4.7.1/../../../../arm-none-eabi/lib/thumb\libc.a(lib_a-envlock.o)
                0x080092c0                __env_lock
                0x080092c4                __env_unlock
 .text          0x080092c8       0x54 q:/devkitpro1.5.3/devkitarm/bin/../lib/gcc/arm-none-eabi/4.7.1/../../../../arm-none-eabi/lib/thumb\libsysbase.a(sbrk.o)
                0x080092c8                _sbrk_r
 .text          0x0800931c        0x0 q:/devkitpro1.5.3/devkitarm/bin/../lib/gcc/arm-none-eabi/4.7.1/../../../../arm-none-eabi/lib/thumb\libsysbase.a(malloc_vars.o)
 .text          0x0800931c      0x11c q:/devkitpro1.5.3/devkitarm/bin/../lib/gcc/arm-none-eabi/4.7.1/thumb\libgcc.a(_udivsi3.o)
                0x0800931c                __aeabi_uidiv
                0x0800931c                __udivsi3
                0x08009418                __aeabi_uidivmod
 .text          0x08009438      0x41c q:/devkitpro1.5.3/devkitarm/bin/../lib/gcc/arm-none-eabi/4.7.1/thumb\libgcc.a(_arm_addsubdf3.o)
                0x08009438                __aeabi_drsub
                0x08009440                __aeabi_dsub
                0x08009440                __subdf3
                0x08009444                __aeabi_dadd
                0x08009444                __adddf3
                0x08009754                __floatunsidf
                0x08009754                __aeabi_ui2d
                0x08009778                __floatsidf
                0x08009778                __aeabi_i2d
                0x080097a0                __aeabi_f2d
                0x080097a0                __extendsfdf2
                0x080097e0                __floatundidf
                0x080097e0                __aeabi_ul2d
                0x080097f4                __floatdidf
                0x080097f4                __aeabi_l2d
 .text          0x08009854      0x49c q:/devkitpro1.5.3/devkitarm/bin/../lib/gcc/arm-none-eabi/4.7.1/thumb\libgcc.a(_arm_muldivdf3.o)
                0x08009854                __aeabi_dmul
                0x08009854                __muldf3
                0x08009ae4                __divdf3
                0x08009ae4                __aeabi_ddiv
 .text          0x08009cf0      0x144 q:/devkitpro1.5.3/devkitarm/bin/../lib/gcc/arm-none-eabi/4.7.1/thumb\libgcc.a(_arm_cmpdf2.o)
                0x08009cf0                __gtdf2
                0x08009cf0                __gedf2
                0x08009cf8                __ltdf2
                0x08009cf8                __ledf2
                0x08009d00                __nedf2
                0x08009d00                __eqdf2
                0x08009d00                __cmpdf2
                0x08009d88                __aeabi_cdrcmple
                0x08009da4                __aeabi_cdcmpeq
                0x08009da4                __aeabi_cdcmple
                0x08009dbc                __aeabi_dcmpeq
                0x08009dd4                __aeabi_dcmplt
                0x08009dec                __aeabi_dcmple
                0x08009e04                __aeabi_dcmpge
                0x08009e1c                __aeabi_dcmpgt
 .text          0x08009e34       0x5c q:/devkitpro1.5.3/devkitarm/bin/../lib/gcc/arm-none-eabi/4.7.1/thumb\libgcc.a(_arm_fixdfsi.o)
                0x08009e34                __aeabi_d2iz
                0x08009e34                __fixdfsi
 .text          0x08009e90       0x3c q:/devkitpro1.5.3/devkitarm/bin/../lib/gcc/arm-none-eabi/4.7.1/thumb\libgcc.a(_aeabi_uldivmod.o)
                0x08009e90                __aeabi_uldivmod
 .text          0x08009ecc       0x7c q:/devkitpro1.5.3/devkitarm/bin/../lib/gcc/arm-none-eabi/4.7.1/thumb\libgcc.a(bpabi.o)
                0x08009ecc                __gnu_ldivmod_helper
                0x08009f0c                __gnu_uldivmod_helper
 .text          0x08009f48       0x4c q:/devkitpro1.5.3/devkitarm/bin/../lib/gcc/arm-none-eabi/4.7.1/thumb\libgcc.a(_muldi3.o)
                0x08009f48                __muldi3
                0x08009f48                __aeabi_lmul
 .text          0x08009f94      0x3d4 q:/devkitpro1.5.3/devkitarm/bin/../lib/gcc/arm-none-eabi/4.7.1/thumb\libgcc.a(_divdi3.o)
                0x08009f94                __divdi3
 .text          0x0800a368      0x3a0 q:/devkitpro1.5.3/devkitarm/bin/../lib/gcc/arm-none-eabi/4.7.1/thumb\libgcc.a(_udivdi3.o)
                0x0800a368                __udivdi3
 .text          0x0800a708       0x48 q:/devkitpro1.5.3/devkitarm/bin/../lib/gcc/arm-none-eabi/4.7.1/thumb\libgcc.a(_clzsi2.o)
                0x0800a708                __clzsi2
 .text          0x0800a750        0x0 q:/devkitpro1.5.3/devkitarm/bin/../lib/gcc/arm-none-eabi/4.7.1/thumb/crtend.o
 .text          0x0800a750        0x0 q:/devkitpro1.5.3/devkitarm/bin/../lib/gcc/arm-none-eabi/4.7.1/thumb/crtn.o
 *(.text .stub .text.* .gnu.linkonce.t.*)
 .text.startup  0x0800a750      0x520 main.o
                0x0800a750                main
 .text.startup.stub
                0x0800ac70       0xac linker stubs
 *(.text.*personality*)
 *(.gnu.warning)
 *(.glue_7t)
 .glue_7t       0x00000000        0x0 linker stubs
 *(.glue_7)
 .glue_7        0x00000000        0x0 linker stubs
 *(.vfp11_veneer)
 .vfp11_veneer  0x00000000        0x0 linker stubs
                0x0800ad1c                . = ALIGN (0x4)
                0x0800ad1c                __text_end = .

.v4_bx          0x0800ad28        0x0
 .v4_bx         0x00000000        0x0 linker stubs

.iplt           0x0800ad28        0x0
 .iplt          0x00000000        0x0 q:/devkitpro1.5.3/devkitarm/bin/../lib/gcc/arm-none-eabi/4.7.1/../../../../arm-none-eabi/lib/thumb/gba_crt0.o

.fini           0x0800ad28        0xc
 *(.fini)
 .fini          0x0800ad28        0x4 q:/devkitpro1.5.3/devkitarm/bin/../lib/gcc/arm-none-eabi/4.7.1/thumb/crti.o
                0x0800ad28                _fini
 .fini          0x0800ad2c        0x8 q:/devkitpro1.5.3/devkitarm/bin/../lib/gcc/arm-none-eabi/4.7.1/thumb/crtn.o
                0x0800ad34                . = ALIGN (0x4)

.rodata         0x0800ad38     0x8004
 *(.rodata)
 .rodata        0x0800ad38      0x220 boxes/BoxClear.o
                0x0800ad38                BoxClearPal
                0x0800af38                BoxClearTiles
 .rodata        0x0800af58      0x220 boxes/Box1.o
                0x0800af58                Box1Pal
                0x0800b158                Box1Tiles
 .rodata        0x0800b178      0x220 boxes/Box2.o
                0x0800b178                Box2Pal
                0x0800b378                Box2Tiles
 .rodata        0x0800b398      0x220 boxes/Box3.o
                0x0800b398                Box3Pal
                0x0800b598                Box3Tiles
 .rodata        0x0800b5b8      0x220 boxes/Box4.o
                0x0800b5b8                Box4Pal
                0x0800b7b8                Box4Tiles
 .rodata        0x0800b7d8      0x220 boxes/Box5.o
                0x0800b7d8                Box5Pal
                0x0800b9d8                Box5Tiles
 .rodata        0x0800b9f8      0x220 boxes/Box6.o
                0x0800b9f8                Box6Pal
                0x0800bbf8                Box6Tiles
 .rodata        0x0800bc18      0x220 boxes/Box7.o
                0x0800bc18                Box7Pal
                0x0800be18                Box7Tiles
 .rodata        0x0800be38      0x220 boxes/Box8.o
                0x0800be38                Box8Pal
                0x0800c038                Box8Tiles
 .rodata        0x0800c058      0x220 boxes/Box9.o
                0x0800c058                Box9Pal
                0x0800c258                Box9Tiles
 .rodata        0x0800c278      0x220 dropbox/DBox1clear.o
                0x0800c278                DBox1clearPal
                0x0800c478                DBox1clearTiles
 .rodata        0x0800c498      0x220 dropbox/DBox2clear.o
                0x0800c498                DBox2clearPal
                0x0800c698                DBox2clearTiles
 .rodata        0x0800c6b8      0x220 dropbox/DBox3clear.o
                0x0800c6b8                DBox3clearPal
                0x0800c8b8                DBox3clearTiles
 .rodata        0x0800c8d8      0x220 dropbox/DBox4clear.o
                0x0800c8d8                DBox4clearPal
                0x0800cad8                DBox4clearTiles
 .rodata        0x0800caf8      0x220 dropbox/DBox5clear.o
                0x0800caf8                DBox5clearPal
                0x0800ccf8                DBox5clearTiles
 .rodata        0x0800cd18      0x220 dropbox/DBox6clear.o
                0x0800cd18                DBox6clearPal
                0x0800cf18                DBox6clearTiles
 .rodata        0x0800cf38      0x220 dropbox/DBox7clear.o
                0x0800cf38                DBox7clearPal
                0x0800d138                DBox7clearTiles
 .rodata        0x0800d158      0x220 dropbox/DBox8clear.o
                0x0800d158                DBox8clearPal
                0x0800d358                DBox8clearTiles
 .rodata        0x0800d378      0x220 dropbox/DBox9clear.o
                0x0800d378                DBox9clearPal
                0x0800d578                DBox9clearTiles
 .rodata        0x0800d598      0x220 dropbox/DBoxclear.o
                0x0800d598                DBoxclearPal
                0x0800d798                DBoxclearTiles
 .rodata        0x0800d7b8      0xa40 levels/tutorial_floor.o
                0x0800d7b8                tutorial_floorPal
                0x0800d9b8                tutorial_floorMap
                0x0800e1b8                tutorial_floorTiles
 .rodata        0x0800e1f8      0xa40 levels/tutorial_walls.o
                0x0800e1f8                tutorial_wallsPal
                0x0800e3f8                tutorial_wallsMap
                0x0800ebf8                tutorial_wallsTiles
 .rodata        0x0800ec38      0xa40 levels/Stage1Floor.o
                0x0800ec38                Stage1FloorPal
                0x0800ee38                Stage1FloorMap
                0x0800f638                Stage1FloorTiles
 .rodata        0x0800f678      0xa40 levels/Stage1Wall.o
                0x0800f678                Stage1WallPal
                0x0800f878                Stage1WallMap
                0x08010078                Stage1WallTiles
 .rodata        0x080100b8      0xa40 levels/Stage2Floor.o
                0x080100b8                Stage2FloorPal
                0x080102b8                Stage2FloorMap
                0x08010ab8                Stage2FloorTiles
 .rodata        0x08010af8      0xa40 levels/Stage2Wall.o
                0x08010af8                Stage2WallPal
                0x08010cf8                Stage2WallMap
                0x080114f8                Stage2WallTiles
 .rodata        0x08011538      0x220 other/EndZone.o
                0x08011538                EndZonePal
                0x08011738                EndZoneTiles
 .rodata        0x08011758      0x220 player.o
                0x08011758                playerPal
                0x08011958                playerTiles
 .rodata        0x08011978      0x220 other/MovingBlocks.o
                0x08011978                MovingBlocksPal
                0x08011b78                MovingBlocksTiles
 .rodata        0x08011b98      0x1f0 tonclib/lib\libtonc.a(tte_main.o)
 .rodata        0x08011d88      0x318 tonclib/lib\libtonc.a(sys8.o)
                0x08011d88                sys8Font
                0x08011da0                sys8Glyphs
 .rodata        0x080120a0       0x1c tonclib/lib\libtonc.a(tonc_surface.o)
 .rodata        0x080120bc       0x3c tonclib/lib\libtonc.a(tonc_sbmp16.o)
                0x080120bc                bmp16_tab
                0x080120e4                m3_surface
 .rodata        0x080120f8      0x104 q:/devkitpro1.5.3/devkitarm/bin/../lib/gcc/arm-none-eabi/4.7.1/../../../../arm-none-eabi/lib/thumb\libc.a(lib_a-ctype_.o)
                0x080120f8                _ctype_
 .rodata        0x080121fc      0x184 q:/devkitpro1.5.3/devkitarm/bin/../lib/gcc/arm-none-eabi/4.7.1/../../../../arm-none-eabi/lib/thumb\libc.a(lib_a-svfprintf.o)
 .rodata        0x08012380        0x4 q:/devkitpro1.5.3/devkitarm/bin/../lib/gcc/arm-none-eabi/4.7.1/../../../../arm-none-eabi/lib/thumb\libc.a(lib_a-impure.o)
                0x08012380                _global_impure_ptr
 .rodata        0x08012384       0xf0 q:/devkitpro1.5.3/devkitarm/bin/../lib/gcc/arm-none-eabi/4.7.1/../../../../arm-none-eabi/lib/thumb\libc.a(lib_a-locale.o)
 .rodata        0x08012474       0xa8 q:/devkitpro1.5.3/devkitarm/bin/../lib/gcc/arm-none-eabi/4.7.1/../../../../arm-none-eabi/lib/thumb\libc.a(lib_a-mbtowc_r.o)
 *fill*         0x0801251c        0x4 ff
 .rodata        0x08012520      0x128 q:/devkitpro1.5.3/devkitarm/bin/../lib/gcc/arm-none-eabi/4.7.1/../../../../arm-none-eabi/lib/thumb\libc.a(lib_a-mprec.o)
                0x08012530                __mprec_tens
                0x080125f8                __mprec_tinytens
                0x08012620                __mprec_bigtens
 .rodata        0x08012648      0x184 q:/devkitpro1.5.3/devkitarm/bin/../lib/gcc/arm-none-eabi/4.7.1/../../../../arm-none-eabi/lib/thumb\libc.a(lib_a-svfiprintf.o)
 *all.rodata*(*)
 *(.roda)
 *(.rodata.*)
 .rodata.str1.4
                0x080127cc      0x3e8 main.o
 .rodata.str1.4
                0x08012bb4        0x6 tonclib/lib\libtonc.a(tonc_sbmp16.o)
                                  0x8 (size before relaxing)
 *fill*         0x08012bba        0x2 ff
 .rodata.str1.4
                0x08012bbc       0x42 q:/devkitpro1.5.3/devkitarm/bin/../lib/gcc/arm-none-eabi/4.7.1/../../../../arm-none-eabi/lib/thumb\libc.a(lib_a-svfprintf.o)
                                 0x44 (size before relaxing)
 *fill*         0x08012bfe        0x2 ff
 .rodata.str1.4
                0x08012c00       0x10 q:/devkitpro1.5.3/devkitarm/bin/../lib/gcc/arm-none-eabi/4.7.1/../../../../arm-none-eabi/lib/thumb\libc.a(lib_a-dtoa.o)
                                 0x14 (size before relaxing)
 .rodata.str1.4
                0x08012c10        0x2 q:/devkitpro1.5.3/devkitarm/bin/../lib/gcc/arm-none-eabi/4.7.1/../../../../arm-none-eabi/lib/thumb\libc.a(lib_a-impure.o)
                                  0x4 (size before relaxing)
 *fill*         0x08012c12        0x2 ff
 .rodata.str1.4
                0x08012c14      0x128 q:/devkitpro1.5.3/devkitarm/bin/../lib/gcc/arm-none-eabi/4.7.1/../../../../arm-none-eabi/lib/thumb\libc.a(lib_a-locale.o)
                                0x130 (size before relaxing)
 .rodata.str1.4
                0x00000000       0x30 q:/devkitpro1.5.3/devkitarm/bin/../lib/gcc/arm-none-eabi/4.7.1/../../../../arm-none-eabi/lib/thumb\libc.a(lib_a-svfiprintf.o)
 *(.gnu.linkonce.r*)
                0x08012d3c                . = ALIGN (0x4)

.ARM.extab
 *(.ARM.extab* .gnu.linkonce.armextab.*)
                0x08012d3c                __exidx_start = .

.ARM.exidx
 *(.ARM.exidx* .gnu.linkonce.armexidx.*)
                0x08012d3c                __exidx_end = .

.ctors          0x08012d3c        0x0
 *crtbegin.o(.ctors)
 *(EXCLUDE_FILE(*crtend.o) .ctors)
 *(SORT(.ctors.*))
 *(.ctors)
                0x08012d3c                . = ALIGN (0x4)

.dtors          0x08012d3c        0x0
 *crtbegin.o(.dtors)
 *(EXCLUDE_FILE(*crtend.o) .dtors)
 *(SORT(.dtors.*))
 *(.dtors)
                0x08012d3c                . = ALIGN (0x4)

.eh_frame       0x08012d3c        0x4
 *(.eh_frame)
 .eh_frame      0x08012d3c        0x0 q:/devkitpro1.5.3/devkitarm/bin/../lib/gcc/arm-none-eabi/4.7.1/thumb/crtbegin.o
 .eh_frame      0x08012d3c        0x4 q:/devkitpro1.5.3/devkitarm/bin/../lib/gcc/arm-none-eabi/4.7.1/thumb/crtend.o
                0x08012d40                . = ALIGN (0x4)

.gcc_except_table
                0x08012d40        0x0
 *(.gcc_except_table)
                0x08012d40                . = ALIGN (0x4)
                0x08012d40                __iwram_lma = .

.iwram          0x03000000       0x84 load address 0x08012d40
                0x03000000                __iwram_start__ = ABSOLUTE (.)
 *(.iwram)
 .iwram         0x03000000       0x38 tonclib/lib\libtonc.a(tonc_memcpy.o)
                0x03000000                memcpy32
 .iwram         0x03000038       0x4c tonclib/lib\libtonc.a(tonc_memset.o)
                0x03000038                memset32
 *iwram.*(.text)
                0x03000084                . = ALIGN (0x4)
                0x03000084                __iwram_end__ = ABSOLUTE (.)
                0x08012dc4                __data_lma = (__iwram_lma + SIZEOF (.iwram))

.rel.dyn        0x03000084        0x0 load address 0x08012dc4
 .rel.iplt      0x00000000        0x0 q:/devkitpro1.5.3/devkitarm/bin/../lib/gcc/arm-none-eabi/4.7.1/../../../../arm-none-eabi/lib/thumb/gba_crt0.o

.bss            0x03000084     0x17bc
                0x03000084                __bss_start = ABSOLUTE (.)
                0x03000084                __bss_start__ = ABSOLUTE (.)
 *(.dynbss)
 *(.gnu.linkonce.b*)
 *(.bss*)
 .bss           0x03000084        0x0 q:/devkitpro1.5.3/devkitarm/bin/../lib/gcc/arm-none-eabi/4.7.1/../../../../arm-none-eabi/lib/thumb/gba_crt0.o
 .bss           0x03000084        0x0 q:/devkitpro1.5.3/devkitarm/bin/../lib/gcc/arm-none-eabi/4.7.1/thumb/crti.o
 .bss           0x03000084       0x1c q:/devkitpro1.5.3/devkitarm/bin/../lib/gcc/arm-none-eabi/4.7.1/thumb/crtbegin.o
 .bss           0x030000a0       0x10 main.o
                0x030000a0                backgroundX
                0x030000a4                backgroundY
                0x030000a8                gameState
                0x030000ac                menuSelection
 .bss           0x030000b0        0x0 boxes/BoxClear.o
 .bss           0x030000b0        0x0 boxes/Box1.o
 .bss           0x030000b0        0x0 boxes/Box2.o
 .bss           0x030000b0        0x0 boxes/Box3.o
 .bss           0x030000b0        0x0 boxes/Box4.o
 .bss           0x030000b0        0x0 boxes/Box5.o
 .bss           0x030000b0        0x0 boxes/Box6.o
 .bss           0x030000b0        0x0 boxes/Box7.o
 .bss           0x030000b0        0x0 boxes/Box8.o
 .bss           0x030000b0        0x0 boxes/Box9.o
 .bss           0x030000b0        0x0 dropbox/DBox1clear.o
 .bss           0x030000b0        0x0 dropbox/DBox2clear.o
 .bss           0x030000b0        0x0 dropbox/DBox3clear.o
 .bss           0x030000b0        0x0 dropbox/DBox4clear.o
 .bss           0x030000b0        0x0 dropbox/DBox5clear.o
 .bss           0x030000b0        0x0 dropbox/DBox6clear.o
 .bss           0x030000b0        0x0 dropbox/DBox7clear.o
 .bss           0x030000b0        0x0 dropbox/DBox8clear.o
 .bss           0x030000b0        0x0 dropbox/DBox9clear.o
 .bss           0x030000b0        0x0 dropbox/DBoxclear.o
 .bss           0x030000b0        0x0 levels/tutorial_floor.o
 .bss           0x030000b0        0x0 levels/tutorial_walls.o
 .bss           0x030000b0        0x0 levels/Stage1Floor.o
 .bss           0x030000b0        0x0 levels/Stage1Wall.o
 .bss           0x030000b0        0x0 levels/Stage2Floor.o
 .bss           0x030000b0        0x0 levels/Stage2Wall.o
 .bss           0x030000b0        0x0 other/EndZone.o
 .bss           0x030000b0        0x0 player.o
 .bss           0x030000b0        0x0 other/MovingBlocks.o
 .bss           0x030000b0        0x4 tonclib/lib\libtonc.a(tonc_input.o)
                0x030000b0                __key_curr
                0x030000b2                __key_prev
 .bss           0x030000b4        0x0 tonclib/lib\libtonc.a(tonc_oam.o)
 .bss           0x030000b4        0x0 tonclib/lib\libtonc.a(tte_init_se.o)
 .bss           0x030000b4        0x0 tonclib/lib\libtonc.a(tte_main.o)
 .bss           0x030000b4        0x0 tonclib/lib\libtonc.a(tonc_bios.o)
 .bss           0x030000b4        0x0 tonclib/lib\libtonc.a(tonc_bios_ex.o)
 .bss           0x030000b4        0x0 tonclib/lib\libtonc.a(tonc_memcpy.o)
 .bss           0x030000b4        0x0 tonclib/lib\libtonc.a(sys8.o)
 .bss           0x030000b4        0x0 tonclib/lib\libtonc.a(tonc_surface.o)
 .bss           0x030000b4        0x0 tonclib/lib\libtonc.a(se_drawg.o)
 .bss           0x030000b4        0x0 tonclib/lib\libtonc.a(tonc_sbmp16.o)
 .bss           0x030000b4        0x0 tonclib/lib\libtonc.a(tonc_memset.o)
 .bss           0x030000b4        0x0 q:/devkitpro1.5.3/devkitarm/bin/../lib/gcc/arm-none-eabi/4.7.1/thumb\libgcc.a(_divsi3.o)
 .bss           0x030000b4        0x0 q:/devkitpro1.5.3/devkitarm/bin/../lib/gcc/arm-none-eabi/4.7.1/thumb\libgcc.a(_dvmd_tls.o)
 .bss           0x030000b4        0x0 q:/devkitpro1.5.3/devkitarm/bin/../lib/gcc/arm-none-eabi/4.7.1/../../../../arm-none-eabi/lib/thumb\libc.a(lib_a-ctype_.o)
 .bss           0x030000b4        0x0 q:/devkitpro1.5.3/devkitarm/bin/../lib/gcc/arm-none-eabi/4.7.1/../../../../arm-none-eabi/lib/thumb\libc.a(lib_a-init.o)
 .bss           0x030000b4        0x0 q:/devkitpro1.5.3/devkitarm/bin/../lib/gcc/arm-none-eabi/4.7.1/../../../../arm-none-eabi/lib/thumb\libc.a(lib_a-memcpy-stub.o)
 .bss           0x030000b4        0x0 q:/devkitpro1.5.3/devkitarm/bin/../lib/gcc/arm-none-eabi/4.7.1/../../../../arm-none-eabi/lib/thumb\libc.a(lib_a-memset.o)
 .bss           0x030000b4        0x0 q:/devkitpro1.5.3/devkitarm/bin/../lib/gcc/arm-none-eabi/4.7.1/../../../../arm-none-eabi/lib/thumb\libc.a(lib_a-sprintf.o)
 .bss           0x030000b4        0x0 q:/devkitpro1.5.3/devkitarm/bin/../lib/gcc/arm-none-eabi/4.7.1/../../../../arm-none-eabi/lib/thumb\libc.a(lib_a-strtol.o)
 .bss           0x030000b4        0x0 q:/devkitpro1.5.3/devkitarm/bin/../lib/gcc/arm-none-eabi/4.7.1/../../../../arm-none-eabi/lib/thumb\libc.a(lib_a-svfprintf.o)
 .bss           0x030000b4        0x0 q:/devkitpro1.5.3/devkitarm/bin/../lib/gcc/arm-none-eabi/4.7.1/../../../../arm-none-eabi/lib/thumb\libc.a(lib_a-wcrtomb.o)
 .bss           0x030000b4        0x0 q:/devkitpro1.5.3/devkitarm/bin/../lib/gcc/arm-none-eabi/4.7.1/../../../../arm-none-eabi/lib/thumb\libc.a(lib_a-wcsrtombs.o)
 .bss           0x030000b4        0x0 q:/devkitpro1.5.3/devkitarm/bin/../lib/gcc/arm-none-eabi/4.7.1/../../../../arm-none-eabi/lib/thumb\libc.a(lib_a-wctomb_r.o)
 .bss           0x030000b4        0x0 q:/devkitpro1.5.3/devkitarm/bin/../lib/gcc/arm-none-eabi/4.7.1/../../../../arm-none-eabi/lib/thumb\libc.a(lib_a-dtoa.o)
 .bss           0x030000b4        0x0 q:/devkitpro1.5.3/devkitarm/bin/../lib/gcc/arm-none-eabi/4.7.1/../../../../arm-none-eabi/lib/thumb\libc.a(lib_a-freer.o)
 .bss           0x030000b4        0x0 q:/devkitpro1.5.3/devkitarm/bin/../lib/gcc/arm-none-eabi/4.7.1/../../../../arm-none-eabi/lib/thumb\libc.a(lib_a-impure.o)
 .bss           0x030000b4      0x2b8 q:/devkitpro1.5.3/devkitarm/bin/../lib/gcc/arm-none-eabi/4.7.1/../../../../arm-none-eabi/lib/thumb\libc.a(lib_a-locale.o)
                0x03000360                _PathLocale
                0x03000364                __mlocale_changed
                0x03000368                __nlocale_changed
 .bss           0x0300036c       0x34 q:/devkitpro1.5.3/devkitarm/bin/../lib/gcc/arm-none-eabi/4.7.1/../../../../arm-none-eabi/lib/thumb\libc.a(lib_a-mallocr.o)
                0x0300036c                __malloc_top_pad
                0x03000370                __malloc_current_mallinfo
                0x03000398                __malloc_max_sbrked_mem
                0x0300039c                __malloc_max_total_mem
 .bss           0x030003a0        0x0 q:/devkitpro1.5.3/devkitarm/bin/../lib/gcc/arm-none-eabi/4.7.1/../../../../arm-none-eabi/lib/thumb\libc.a(lib_a-mbtowc_r.o)
 .bss           0x030003a0        0x0 q:/devkitpro1.5.3/devkitarm/bin/../lib/gcc/arm-none-eabi/4.7.1/../../../../arm-none-eabi/lib/thumb\libc.a(lib_a-memchr-stub.o)
 .bss           0x030003a0        0x0 q:/devkitpro1.5.3/devkitarm/bin/../lib/gcc/arm-none-eabi/4.7.1/../../../../arm-none-eabi/lib/thumb\libc.a(lib_a-mlock.o)
 .bss           0x030003a0        0x0 q:/devkitpro1.5.3/devkitarm/bin/../lib/gcc/arm-none-eabi/4.7.1/../../../../arm-none-eabi/lib/thumb\libc.a(lib_a-mprec.o)
 .bss           0x030003a0        0x0 q:/devkitpro1.5.3/devkitarm/bin/../lib/gcc/arm-none-eabi/4.7.1/../../../../arm-none-eabi/lib/thumb\libc.a(lib_a-s_fpclassify.o)
 .bss           0x030003a0        0x0 q:/devkitpro1.5.3/devkitarm/bin/../lib/gcc/arm-none-eabi/4.7.1/../../../../arm-none-eabi/lib/thumb\libc.a(lib_a-strcasecmp.o)
 .bss           0x030003a0        0x0 q:/devkitpro1.5.3/devkitarm/bin/../lib/gcc/arm-none-eabi/4.7.1/../../../../arm-none-eabi/lib/thumb\libc.a(lib_a-strcat.o)
 .bss           0x030003a0        0x0 q:/devkitpro1.5.3/devkitarm/bin/../lib/gcc/arm-none-eabi/4.7.1/../../../../arm-none-eabi/lib/thumb\libc.a(lib_a-strchr.o)
 .bss           0x030003a0        0x0 q:/devkitpro1.5.3/devkitarm/bin/../lib/gcc/arm-none-eabi/4.7.1/../../../../arm-none-eabi/lib/thumb\libc.a(lib_a-strcmp.o)
 .bss           0x030003a0        0x0 q:/devkitpro1.5.3/devkitarm/bin/../lib/gcc/arm-none-eabi/4.7.1/../../../../arm-none-eabi/lib/thumb\libc.a(lib_a-strcpy.o)
 .bss           0x030003a0        0x0 q:/devkitpro1.5.3/devkitarm/bin/../lib/gcc/arm-none-eabi/4.7.1/../../../../arm-none-eabi/lib/thumb\libc.a(lib_a-strlcpy.o)
 .bss           0x030003a0        0x0 q:/devkitpro1.5.3/devkitarm/bin/../lib/gcc/arm-none-eabi/4.7.1/../../../../arm-none-eabi/lib/thumb\libc.a(lib_a-strlen.o)
 .bss           0x030003a0        0x0 q:/devkitpro1.5.3/devkitarm/bin/../lib/gcc/arm-none-eabi/4.7.1/../../../../arm-none-eabi/lib/thumb\libc.a(lib_a-strncasecmp.o)
 .bss           0x030003a0        0x0 q:/devkitpro1.5.3/devkitarm/bin/../lib/gcc/arm-none-eabi/4.7.1/../../../../arm-none-eabi/lib/thumb\libc.a(lib_a-strncmp.o)
 .bss           0x030003a0        0x0 q:/devkitpro1.5.3/devkitarm/bin/../lib/gcc/arm-none-eabi/4.7.1/../../../../arm-none-eabi/lib/thumb\libc.a(lib_a-strncpy.o)
 .bss           0x030003a0        0x0 q:/devkitpro1.5.3/devkitarm/bin/../lib/gcc/arm-none-eabi/4.7.1/../../../../arm-none-eabi/lib/thumb\libc.a(lib_a-svfiprintf.o)
 .bss           0x030003a0        0x0 q:/devkitpro1.5.3/devkitarm/bin/../lib/gcc/arm-none-eabi/4.7.1/../../../../arm-none-eabi/lib/thumb\libc.a(lib_a-wcsnrtombs.o)
 .bss           0x030003a0        0x0 q:/devkitpro1.5.3/devkitarm/bin/../lib/gcc/arm-none-eabi/4.7.1/../../../../arm-none-eabi/lib/thumb\libc.a(lib_a-callocr.o)
 .bss           0x030003a0        0x0 q:/devkitpro1.5.3/devkitarm/bin/../lib/gcc/arm-none-eabi/4.7.1/../../../../arm-none-eabi/lib/thumb\libc.a(lib_a-getenv_r.o)
 .bss           0x030003a0        0x0 q:/devkitpro1.5.3/devkitarm/bin/../lib/gcc/arm-none-eabi/4.7.1/../../../../arm-none-eabi/lib/thumb\libc.a(lib_a-memmove.o)
 .bss           0x030003a0        0x0 q:/devkitpro1.5.3/devkitarm/bin/../lib/gcc/arm-none-eabi/4.7.1/../../../../arm-none-eabi/lib/thumb\libc.a(lib_a-reallocr.o)
 .bss           0x030003a0        0x4 q:/devkitpro1.5.3/devkitarm/bin/../lib/gcc/arm-none-eabi/4.7.1/../../../../arm-none-eabi/lib/thumb\libc.a(lib_a-environ.o)
 .bss           0x030003a4        0x0 q:/devkitpro1.5.3/devkitarm/bin/../lib/gcc/arm-none-eabi/4.7.1/../../../../arm-none-eabi/lib/thumb\libc.a(lib_a-envlock.o)
 .bss           0x030003a4        0x4 q:/devkitpro1.5.3/devkitarm/bin/../lib/gcc/arm-none-eabi/4.7.1/../../../../arm-none-eabi/lib/thumb\libsysbase.a(sbrk.o)
 .bss           0x030003a8        0x8 q:/devkitpro1.5.3/devkitarm/bin/../lib/gcc/arm-none-eabi/4.7.1/../../../../arm-none-eabi/lib/thumb\libsysbase.a(malloc_vars.o)
                0x030003a8                fake_heap_start
                0x030003ac                fake_heap_end
 .bss           0x030003b0        0x0 q:/devkitpro1.5.3/devkitarm/bin/../lib/gcc/arm-none-eabi/4.7.1/thumb\libgcc.a(_udivsi3.o)
 .bss           0x030003b0        0x0 q:/devkitpro1.5.3/devkitarm/bin/../lib/gcc/arm-none-eabi/4.7.1/thumb\libgcc.a(_arm_addsubdf3.o)
 .bss           0x030003b0        0x0 q:/devkitpro1.5.3/devkitarm/bin/../lib/gcc/arm-none-eabi/4.7.1/thumb\libgcc.a(_arm_muldivdf3.o)
 .bss           0x030003b0        0x0 q:/devkitpro1.5.3/devkitarm/bin/../lib/gcc/arm-none-eabi/4.7.1/thumb\libgcc.a(_arm_cmpdf2.o)
 .bss           0x030003b0        0x0 q:/devkitpro1.5.3/devkitarm/bin/../lib/gcc/arm-none-eabi/4.7.1/thumb\libgcc.a(_arm_fixdfsi.o)
 .bss           0x030003b0        0x0 q:/devkitpro1.5.3/devkitarm/bin/../lib/gcc/arm-none-eabi/4.7.1/thumb\libgcc.a(_aeabi_uldivmod.o)
 .bss           0x030003b0        0x0 q:/devkitpro1.5.3/devkitarm/bin/../lib/gcc/arm-none-eabi/4.7.1/thumb\libgcc.a(bpabi.o)
 .bss           0x030003b0        0x0 q:/devkitpro1.5.3/devkitarm/bin/../lib/gcc/arm-none-eabi/4.7.1/thumb\libgcc.a(_muldi3.o)
 .bss           0x030003b0        0x0 q:/devkitpro1.5.3/devkitarm/bin/../lib/gcc/arm-none-eabi/4.7.1/thumb\libgcc.a(_divdi3.o)
 .bss           0x030003b0        0x0 q:/devkitpro1.5.3/devkitarm/bin/../lib/gcc/arm-none-eabi/4.7.1/thumb\libgcc.a(_udivdi3.o)
 .bss           0x030003b0        0x0 q:/devkitpro1.5.3/devkitarm/bin/../lib/gcc/arm-none-eabi/4.7.1/thumb\libgcc.a(_clzsi2.o)
 .bss           0x030003b0        0x0 q:/devkitpro1.5.3/devkitarm/bin/../lib/gcc/arm-none-eabi/4.7.1/thumb/crtend.o
 .bss           0x030003b0        0x0 q:/devkitpro1.5.3/devkitarm/bin/../lib/gcc/arm-none-eabi/4.7.1/thumb/crtn.o
 *(COMMON)
 COMMON         0x030003b0     0x1448 main.o
                0x030003b0                dropboxes
                0x030005f0                player
                0x0300060c                boxes
                0x0300084c                world_grid
                0x0300104c                end
                0x03001068                gates
                0x030013e8                obj_buffer
                0x030017e8                xDistance
                0x030017ec                currBox
                0x030017f0                nextBuffer
                0x030017f4                yDistance
 COMMON         0x030017f8       0x48 tonclib/lib\libtonc.a(tte_main.o)
                0x030017f8                __tte_main_context
                0x03001840                . = ALIGN (0x4)
                0x03001840                __bss_end__ = ABSOLUTE (.)

.data           0x03001840      0x9f4 load address 0x08012dc4
                0x03001840                __data_start__ = ABSOLUTE (.)
 *(.data)
 .data          0x03001840        0x0 q:/devkitpro1.5.3/devkitarm/bin/../lib/gcc/arm-none-eabi/4.7.1/../../../../arm-none-eabi/lib/thumb/gba_crt0.o
 .data          0x03001840        0x0 q:/devkitpro1.5.3/devkitarm/bin/../lib/gcc/arm-none-eabi/4.7.1/thumb/crti.o
 .data          0x03001840        0x4 q:/devkitpro1.5.3/devkitarm/bin/../lib/gcc/arm-none-eabi/4.7.1/thumb/crtbegin.o
                0x03001840                __dso_handle
 .data          0x03001844       0x14 main.o
                0x03001844                screenWidth
                0x03001848                screenHeight
                0x0300184c                levelSelection
                0x03001850                simplePlayer
                0x03001854                obj_aff_buffer
 .data          0x03001858        0x0 boxes/BoxClear.o
 .data          0x03001858        0x0 boxes/Box1.o
 .data          0x03001858        0x0 boxes/Box2.o
 .data          0x03001858        0x0 boxes/Box3.o
 .data          0x03001858        0x0 boxes/Box4.o
 .data          0x03001858        0x0 boxes/Box5.o
 .data          0x03001858        0x0 boxes/Box6.o
 .data          0x03001858        0x0 boxes/Box7.o
 .data          0x03001858        0x0 boxes/Box8.o
 .data          0x03001858        0x0 boxes/Box9.o
 .data          0x03001858        0x0 dropbox/DBox1clear.o
 .data          0x03001858        0x0 dropbox/DBox2clear.o
 .data          0x03001858        0x0 dropbox/DBox3clear.o
 .data          0x03001858        0x0 dropbox/DBox4clear.o
 .data          0x03001858        0x0 dropbox/DBox5clear.o
 .data          0x03001858        0x0 dropbox/DBox6clear.o
 .data          0x03001858        0x0 dropbox/DBox7clear.o
 .data          0x03001858        0x0 dropbox/DBox8clear.o
 .data          0x03001858        0x0 dropbox/DBox9clear.o
 .data          0x03001858        0x0 dropbox/DBoxclear.o
 .data          0x03001858        0x0 levels/tutorial_floor.o
 .data          0x03001858        0x0 levels/tutorial_walls.o
 .data          0x03001858        0x0 levels/Stage1Floor.o
 .data          0x03001858        0x0 levels/Stage1Wall.o
 .data          0x03001858        0x0 levels/Stage2Floor.o
 .data          0x03001858        0x0 levels/Stage2Wall.o
 .data          0x03001858        0x0 other/EndZone.o
 .data          0x03001858        0x0 player.o
 .data          0x03001858        0x0 other/MovingBlocks.o
 .data          0x03001858        0x8 tonclib/lib\libtonc.a(tonc_input.o)
                0x03001858                __key_rpt
 .data          0x03001860        0x0 tonclib/lib\libtonc.a(tonc_oam.o)
 .data          0x03001860        0x0 tonclib/lib\libtonc.a(tte_init_se.o)
 .data          0x03001860        0x4 tonclib/lib\libtonc.a(tte_main.o)
                0x03001860                gp_tte_context
 .data          0x03001864        0x0 tonclib/lib\libtonc.a(tonc_bios.o)
 .data          0x03001864        0x0 tonclib/lib\libtonc.a(tonc_bios_ex.o)
 .data          0x03001864        0x0 tonclib/lib\libtonc.a(tonc_memcpy.o)
 .data          0x03001864        0x0 tonclib/lib\libtonc.a(sys8.o)
 .data          0x03001864        0x0 tonclib/lib\libtonc.a(tonc_surface.o)
 .data          0x03001864        0x0 tonclib/lib\libtonc.a(se_drawg.o)
 .data          0x03001864        0x0 tonclib/lib\libtonc.a(tonc_sbmp16.o)
 .data          0x03001864        0x0 tonclib/lib\libtonc.a(tonc_memset.o)
 .data          0x03001864        0x0 q:/devkitpro1.5.3/devkitarm/bin/../lib/gcc/arm-none-eabi/4.7.1/thumb\libgcc.a(_divsi3.o)
 .data          0x03001864        0x0 q:/devkitpro1.5.3/devkitarm/bin/../lib/gcc/arm-none-eabi/4.7.1/thumb\libgcc.a(_dvmd_tls.o)
 .data          0x03001864        0x4 q:/devkitpro1.5.3/devkitarm/bin/../lib/gcc/arm-none-eabi/4.7.1/../../../../arm-none-eabi/lib/thumb\libc.a(lib_a-ctype_.o)
                0x03001864                __ctype_ptr__
 .data          0x03001868        0x0 q:/devkitpro1.5.3/devkitarm/bin/../lib/gcc/arm-none-eabi/4.7.1/../../../../arm-none-eabi/lib/thumb\libc.a(lib_a-init.o)
 .data          0x03001868        0x0 q:/devkitpro1.5.3/devkitarm/bin/../lib/gcc/arm-none-eabi/4.7.1/../../../../arm-none-eabi/lib/thumb\libc.a(lib_a-memcpy-stub.o)
 .data          0x03001868        0x0 q:/devkitpro1.5.3/devkitarm/bin/../lib/gcc/arm-none-eabi/4.7.1/../../../../arm-none-eabi/lib/thumb\libc.a(lib_a-memset.o)
 .data          0x03001868        0x0 q:/devkitpro1.5.3/devkitarm/bin/../lib/gcc/arm-none-eabi/4.7.1/../../../../arm-none-eabi/lib/thumb\libc.a(lib_a-sprintf.o)
 .data          0x03001868        0x0 q:/devkitpro1.5.3/devkitarm/bin/../lib/gcc/arm-none-eabi/4.7.1/../../../../arm-none-eabi/lib/thumb\libc.a(lib_a-strtol.o)
 .data          0x03001868        0x0 q:/devkitpro1.5.3/devkitarm/bin/../lib/gcc/arm-none-eabi/4.7.1/../../../../arm-none-eabi/lib/thumb\libc.a(lib_a-svfprintf.o)
 .data          0x03001868        0x0 q:/devkitpro1.5.3/devkitarm/bin/../lib/gcc/arm-none-eabi/4.7.1/../../../../arm-none-eabi/lib/thumb\libc.a(lib_a-wcrtomb.o)
 .data          0x03001868        0x0 q:/devkitpro1.5.3/devkitarm/bin/../lib/gcc/arm-none-eabi/4.7.1/../../../../arm-none-eabi/lib/thumb\libc.a(lib_a-wcsrtombs.o)
 .data          0x03001868        0x4 q:/devkitpro1.5.3/devkitarm/bin/../lib/gcc/arm-none-eabi/4.7.1/../../../../arm-none-eabi/lib/thumb\libc.a(lib_a-wctomb_r.o)
                0x03001868                __wctomb
 .data          0x0300186c        0x0 q:/devkitpro1.5.3/devkitarm/bin/../lib/gcc/arm-none-eabi/4.7.1/../../../../arm-none-eabi/lib/thumb\libc.a(lib_a-dtoa.o)
 .data          0x0300186c        0x0 q:/devkitpro1.5.3/devkitarm/bin/../lib/gcc/arm-none-eabi/4.7.1/../../../../arm-none-eabi/lib/thumb\libc.a(lib_a-freer.o)
 *fill*         0x0300186c        0x4 ff
 .data          0x03001870      0x430 q:/devkitpro1.5.3/devkitarm/bin/../lib/gcc/arm-none-eabi/4.7.1/../../../../arm-none-eabi/lib/thumb\libc.a(lib_a-impure.o)
                0x03001870                _impure_ptr
 .data          0x03001ca0      0x17c q:/devkitpro1.5.3/devkitarm/bin/../lib/gcc/arm-none-eabi/4.7.1/../../../../arm-none-eabi/lib/thumb\libc.a(lib_a-locale.o)
                0x03001ca0                __default_locale
                0x03001dc0                __mb_cur_max
 .data          0x03001e1c      0x410 q:/devkitpro1.5.3/devkitarm/bin/../lib/gcc/arm-none-eabi/4.7.1/../../../../arm-none-eabi/lib/thumb\libc.a(lib_a-mallocr.o)
                0x03001e1c                __malloc_av_
                0x03002224                __malloc_sbrk_base
                0x03002228                __malloc_trim_threshold
 .data          0x0300222c        0x4 q:/devkitpro1.5.3/devkitarm/bin/../lib/gcc/arm-none-eabi/4.7.1/../../../../arm-none-eabi/lib/thumb\libc.a(lib_a-mbtowc_r.o)
                0x0300222c                __mbtowc
 .data          0x03002230        0x0 q:/devkitpro1.5.3/devkitarm/bin/../lib/gcc/arm-none-eabi/4.7.1/../../../../arm-none-eabi/lib/thumb\libc.a(lib_a-memchr-stub.o)
 .data          0x03002230        0x0 q:/devkitpro1.5.3/devkitarm/bin/../lib/gcc/arm-none-eabi/4.7.1/../../../../arm-none-eabi/lib/thumb\libc.a(lib_a-mlock.o)
 .data          0x03002230        0x0 q:/devkitpro1.5.3/devkitarm/bin/../lib/gcc/arm-none-eabi/4.7.1/../../../../arm-none-eabi/lib/thumb\libc.a(lib_a-mprec.o)
 .data          0x03002230        0x0 q:/devkitpro1.5.3/devkitarm/bin/../lib/gcc/arm-none-eabi/4.7.1/../../../../arm-none-eabi/lib/thumb\libc.a(lib_a-s_fpclassify.o)
 .data          0x03002230        0x0 q:/devkitpro1.5.3/devkitarm/bin/../lib/gcc/arm-none-eabi/4.7.1/../../../../arm-none-eabi/lib/thumb\libc.a(lib_a-strcasecmp.o)
 .data          0x03002230        0x0 q:/devkitpro1.5.3/devkitarm/bin/../lib/gcc/arm-none-eabi/4.7.1/../../../../arm-none-eabi/lib/thumb\libc.a(lib_a-strcat.o)
 .data          0x03002230        0x0 q:/devkitpro1.5.3/devkitarm/bin/../lib/gcc/arm-none-eabi/4.7.1/../../../../arm-none-eabi/lib/thumb\libc.a(lib_a-strchr.o)
 .data          0x03002230        0x0 q:/devkitpro1.5.3/devkitarm/bin/../lib/gcc/arm-none-eabi/4.7.1/../../../../arm-none-eabi/lib/thumb\libc.a(lib_a-strcmp.o)
 .data          0x03002230        0x0 q:/devkitpro1.5.3/devkitarm/bin/../lib/gcc/arm-none-eabi/4.7.1/../../../../arm-none-eabi/lib/thumb\libc.a(lib_a-strcpy.o)
 .data          0x03002230        0x0 q:/devkitpro1.5.3/devkitarm/bin/../lib/gcc/arm-none-eabi/4.7.1/../../../../arm-none-eabi/lib/thumb\libc.a(lib_a-strlcpy.o)
 .data          0x03002230        0x0 q:/devkitpro1.5.3/devkitarm/bin/../lib/gcc/arm-none-eabi/4.7.1/../../../../arm-none-eabi/lib/thumb\libc.a(lib_a-strlen.o)
 .data          0x03002230        0x0 q:/devkitpro1.5.3/devkitarm/bin/../lib/gcc/arm-none-eabi/4.7.1/../../../../arm-none-eabi/lib/thumb\libc.a(lib_a-strncasecmp.o)
 .data          0x03002230        0x0 q:/devkitpro1.5.3/devkitarm/bin/../lib/gcc/arm-none-eabi/4.7.1/../../../../arm-none-eabi/lib/thumb\libc.a(lib_a-strncmp.o)
 .data          0x03002230        0x0 q:/devkitpro1.5.3/devkitarm/bin/../lib/gcc/arm-none-eabi/4.7.1/../../../../arm-none-eabi/lib/thumb\libc.a(lib_a-strncpy.o)
 .data          0x03002230        0x0 q:/devkitpro1.5.3/devkitarm/bin/../lib/gcc/arm-none-eabi/4.7.1/../../../../arm-none-eabi/lib/thumb\libc.a(lib_a-svfiprintf.o)
 .data          0x03002230        0x0 q:/devkitpro1.5.3/devkitarm/bin/../lib/gcc/arm-none-eabi/4.7.1/../../../../arm-none-eabi/lib/thumb\libc.a(lib_a-wcsnrtombs.o)
 .data          0x03002230        0x0 q:/devkitpro1.5.3/devkitarm/bin/../lib/gcc/arm-none-eabi/4.7.1/../../../../arm-none-eabi/lib/thumb\libc.a(lib_a-callocr.o)
 .data          0x03002230        0x0 q:/devkitpro1.5.3/devkitarm/bin/../lib/gcc/arm-none-eabi/4.7.1/../../../../arm-none-eabi/lib/thumb\libc.a(lib_a-getenv_r.o)
 .data          0x03002230        0x0 q:/devkitpro1.5.3/devkitarm/bin/../lib/gcc/arm-none-eabi/4.7.1/../../../../arm-none-eabi/lib/thumb\libc.a(lib_a-memmove.o)
 .data          0x03002230        0x0 q:/devkitpro1.5.3/devkitarm/bin/../lib/gcc/arm-none-eabi/4.7.1/../../../../arm-none-eabi/lib/thumb\libc.a(lib_a-reallocr.o)
 .data          0x03002230        0x4 q:/devkitpro1.5.3/devkitarm/bin/../lib/gcc/arm-none-eabi/4.7.1/../../../../arm-none-eabi/lib/thumb\libc.a(lib_a-environ.o)
                0x03002230                environ
 .data          0x03002234        0x0 q:/devkitpro1.5.3/devkitarm/bin/../lib/gcc/arm-none-eabi/4.7.1/../../../../arm-none-eabi/lib/thumb\libc.a(lib_a-envlock.o)
 .data          0x03002234        0x0 q:/devkitpro1.5.3/devkitarm/bin/../lib/gcc/arm-none-eabi/4.7.1/../../../../arm-none-eabi/lib/thumb\libsysbase.a(sbrk.o)
 .data          0x03002234        0x0 q:/devkitpro1.5.3/devkitarm/bin/../lib/gcc/arm-none-eabi/4.7.1/../../../../arm-none-eabi/lib/thumb\libsysbase.a(malloc_vars.o)
 .data          0x03002234        0x0 q:/devkitpro1.5.3/devkitarm/bin/../lib/gcc/arm-none-eabi/4.7.1/thumb\libgcc.a(_udivsi3.o)
 .data          0x03002234        0x0 q:/devkitpro1.5.3/devkitarm/bin/../lib/gcc/arm-none-eabi/4.7.1/thumb\libgcc.a(_arm_addsubdf3.o)
 .data          0x03002234        0x0 q:/devkitpro1.5.3/devkitarm/bin/../lib/gcc/arm-none-eabi/4.7.1/thumb\libgcc.a(_arm_muldivdf3.o)
 .data          0x03002234        0x0 q:/devkitpro1.5.3/devkitarm/bin/../lib/gcc/arm-none-eabi/4.7.1/thumb\libgcc.a(_arm_cmpdf2.o)
 .data          0x03002234        0x0 q:/devkitpro1.5.3/devkitarm/bin/../lib/gcc/arm-none-eabi/4.7.1/thumb\libgcc.a(_arm_fixdfsi.o)
 .data          0x03002234        0x0 q:/devkitpro1.5.3/devkitarm/bin/../lib/gcc/arm-none-eabi/4.7.1/thumb\libgcc.a(_aeabi_uldivmod.o)
 .data          0x03002234        0x0 q:/devkitpro1.5.3/devkitarm/bin/../lib/gcc/arm-none-eabi/4.7.1/thumb\libgcc.a(bpabi.o)
 .data          0x03002234        0x0 q:/devkitpro1.5.3/devkitarm/bin/../lib/gcc/arm-none-eabi/4.7.1/thumb\libgcc.a(_muldi3.o)
 .data          0x03002234        0x0 q:/devkitpro1.5.3/devkitarm/bin/../lib/gcc/arm-none-eabi/4.7.1/thumb\libgcc.a(_divdi3.o)
 .data          0x03002234        0x0 q:/devkitpro1.5.3/devkitarm/bin/../lib/gcc/arm-none-eabi/4.7.1/thumb\libgcc.a(_udivdi3.o)
 .data          0x03002234        0x0 q:/devkitpro1.5.3/devkitarm/bin/../lib/gcc/arm-none-eabi/4.7.1/thumb\libgcc.a(_clzsi2.o)
 .data          0x03002234        0x0 q:/devkitpro1.5.3/devkitarm/bin/../lib/gcc/arm-none-eabi/4.7.1/thumb/crtend.o
 .data          0x03002234        0x0 q:/devkitpro1.5.3/devkitarm/bin/../lib/gcc/arm-none-eabi/4.7.1/thumb/crtn.o
 *(.data.*)
 *(.gnu.linkonce.d*)
                0x03002234                . = ALIGN (0x4)
                0x080137b8                __preinit_lma = (__data_lma + SIZEOF (.data))

.igot.plt       0x03002234        0x0 load address 0x080137b8
 .igot.plt      0x00000000        0x0 q:/devkitpro1.5.3/devkitarm/bin/../lib/gcc/arm-none-eabi/4.7.1/../../../../arm-none-eabi/lib/thumb/gba_crt0.o

.tm_clone_table
                0x03002234        0x0 load address 0x080137b8
 .tm_clone_table
                0x03002234        0x0 q:/devkitpro1.5.3/devkitarm/bin/../lib/gcc/arm-none-eabi/4.7.1/thumb/crtbegin.o
 .tm_clone_table
                0x03002234        0x0 q:/devkitpro1.5.3/devkitarm/bin/../lib/gcc/arm-none-eabi/4.7.1/thumb/crtend.o

.preinit_array  0x03002234        0x0 load address 0x080137b8
                0x03002234                __preinit_array_start = ABSOLUTE (.)
 *(.preinit_array)
                0x03002234                __preinit_array_end = ABSOLUTE (.)
                0x080137b8                __init_lma = (__preinit_lma + SIZEOF (.preinit_array))

.init_array     0x03002234        0x4 load address 0x080137b8
                0x03002234                __init_array_start = ABSOLUTE (.)
 *(SORT(.init_array.*))
 *(.init_array)
 .init_array    0x03002234        0x4 q:/devkitpro1.5.3/devkitarm/bin/../lib/gcc/arm-none-eabi/4.7.1/thumb/crtbegin.o
                0x03002238                __init_array_end = ABSOLUTE (.)
                0x080137bc                __fini_lma = (__init_lma + SIZEOF (.init_array))

.fini_array     0x03002238        0x4 load address 0x080137bc
                0x03002238                __fini_array_start = ABSOLUTE (.)
 *(SORT(.fini_array.*))
 *(.fini_array)
 .fini_array    0x03002238        0x4 q:/devkitpro1.5.3/devkitarm/bin/../lib/gcc/arm-none-eabi/4.7.1/thumb/crtbegin.o
                0x0300223c                __fini_array_end = ABSOLUTE (.)
                0x080137c0                __jcr_lma = (__fini_lma + SIZEOF (.fini_array))

.jcr            0x0300223c        0x4 load address 0x080137c0
 *(.jcr)
 .jcr           0x0300223c        0x0 q:/devkitpro1.5.3/devkitarm/bin/../lib/gcc/arm-none-eabi/4.7.1/thumb/crtbegin.o
 .jcr           0x0300223c        0x4 q:/devkitpro1.5.3/devkitarm/bin/../lib/gcc/arm-none-eabi/4.7.1/thumb/crtend.o
                0x03002240                __data_end__ = ABSOLUTE (.)
                0x080137c4                __iwram_overlay_lma = (__jcr_lma + SIZEOF (.jcr))
                0x03002240                __iwram_overlay_start = .

.iwram0         0x03002240        0x0 load address 0x080137c4
 *(.iwram0)
                0x03002240                . = ALIGN (0x4)
                0x080137c4                PROVIDE (__load_start_iwram0, LOADADDR (.iwram0))
                0x080137c4                PROVIDE (__load_stop_iwram0, (LOADADDR (.iwram0) + SIZEOF (.iwram0)))

.iwram1         0x03002240        0x0
 *(.iwram1)
                0x03002240                . = ALIGN (0x4)
                0x03002240                PROVIDE (__load_start_iwram1, LOADADDR (.iwram1))
                0x03002240                PROVIDE (__load_stop_iwram1, (LOADADDR (.iwram1) + SIZEOF (.iwram1)))

.iwram2         0x03002240        0x0
 *(.iwram2)
                0x03002240                . = ALIGN (0x4)
                0x03002240                PROVIDE (__load_start_iwram2, LOADADDR (.iwram2))
                0x03002240                PROVIDE (__load_stop_iwram2, (LOADADDR (.iwram2) + SIZEOF (.iwram2)))

.iwram3         0x03002240        0x0
 *(.iwram3)
                0x03002240                . = ALIGN (0x4)
                0x03002240                PROVIDE (__load_start_iwram3, LOADADDR (.iwram3))
                0x03002240                PROVIDE (__load_stop_iwram3, (LOADADDR (.iwram3) + SIZEOF (.iwram3)))

.iwram4         0x03002240        0x0
 *(.iwram4)
                0x03002240                . = ALIGN (0x4)
                0x03002240                PROVIDE (__load_start_iwram4, LOADADDR (.iwram4))
                0x03002240                PROVIDE (__load_stop_iwram4, (LOADADDR (.iwram4) + SIZEOF (.iwram4)))

.iwram5         0x03002240        0x0
 *(.iwram5)
                0x03002240                . = ALIGN (0x4)
                0x03002240                PROVIDE (__load_start_iwram5, LOADADDR (.iwram5))
                0x03002240                PROVIDE (__load_stop_iwram5, (LOADADDR (.iwram5) + SIZEOF (.iwram5)))

.iwram6         0x03002240        0x0
 *(.iwram6)
                0x03002240                . = ALIGN (0x4)
                0x03002240                PROVIDE (__load_start_iwram6, LOADADDR (.iwram6))
                0x03002240                PROVIDE (__load_stop_iwram6, (LOADADDR (.iwram6) + SIZEOF (.iwram6)))

.iwram7         0x03002240        0x0
 *(.iwram7)
                0x03002240                . = ALIGN (0x4)
                0x03002240                PROVIDE (__load_start_iwram7, LOADADDR (.iwram7))
                0x03002240                PROVIDE (__load_stop_iwram7, (LOADADDR (.iwram7) + SIZEOF (.iwram7)))

.iwram8         0x03002240        0x0
 *(.iwram8)
                0x03002240                . = ALIGN (0x4)
                0x03002240                PROVIDE (__load_start_iwram8, LOADADDR (.iwram8))
                0x03002240                PROVIDE (__load_stop_iwram8, (LOADADDR (.iwram8) + SIZEOF (.iwram8)))

.iwram9         0x03002240        0x0
 *(.iwram9)
                0x03002240                . = ALIGN (0x4)
                0x03002240                PROVIDE (__load_start_iwram9, LOADADDR (.iwram9))
                0x03002240                PROVIDE (__load_stop_iwram9, (LOADADDR (.iwram9) + SIZEOF (.iwram9)))
                0x03002240                __iwram_overlay_end = .
                0x080137c4                __ewram_lma = (__iwram_overlay_lma + (__iwram_overlay_end - __iwram_overlay_start))
                0x03002240                __iheap_start = .
                0x02000000                __ewram_start = ORIGIN (ewram)

.ewram          0x02000000       0x14 load address 0x080137c4
 *(.ewram)
 .ewram         0x02000000       0x14 tonclib/lib\libtonc.a(tonc_sbmp16.o)
                0x02000000                m5_surface
                0x02000014                . = ALIGN (0x4)
                0x02000014                __ewram_end = ABSOLUTE (.)
                0x080137d8                __pad_lma = (__ewram_lma + SIZEOF (.ewram))

.sbss           0x02000014        0x0
                0x02000014                __sbss_start__ = ABSOLUTE (.)
 *(.sbss)
                0x02000014                . = ALIGN (0x4)
                0x02000014                __sbss_end__ = ABSOLUTE (.)
                0x02000014                __end__ = ABSOLUTE (.)
                0x02000014                __eheap_start = ABSOLUTE (.)

.pad            0x02000014        0x8 load address 0x080137d8
                0x02000014        0x4 LONG 0x52416b64
                0x02000018        0x4 LONG 0x4d
                0x0200001c                . = ALIGN (0x4)
                0x080137e0                __rom_end__ = (__pad_lma + SIZEOF (.pad))

.stab
 *(.stab)

.stabstr
 *(.stabstr)

.stab.excl
 *(.stab.excl)

.stab.exclstr
 *(.stab.exclstr)

.stab.index
 *(.stab.index)

.stab.indexstr
 *(.stab.indexstr)

.comment        0x00000000       0x22
 *(.comment)
 .comment       0x00000000       0x22 q:/devkitpro1.5.3/devkitarm/bin/../lib/gcc/arm-none-eabi/4.7.1/thumb/crtbegin.o
                                 0x23 (size before relaxing)
 .comment       0x00000000       0x23 main.o
 .comment       0x00000000       0x23 boxes/BoxClear.o
 .comment       0x00000000       0x23 boxes/Box1.o
 .comment       0x00000000       0x23 boxes/Box2.o
 .comment       0x00000000       0x23 boxes/Box3.o
 .comment       0x00000000       0x23 boxes/Box4.o
 .comment       0x00000000       0x23 boxes/Box5.o
 .comment       0x00000000       0x23 boxes/Box6.o
 .comment       0x00000000       0x23 boxes/Box7.o
 .comment       0x00000000       0x23 boxes/Box8.o
 .comment       0x00000000       0x23 boxes/Box9.o
 .comment       0x00000000       0x23 dropbox/DBox1clear.o
 .comment       0x00000000       0x23 dropbox/DBox2clear.o
 .comment       0x00000000       0x23 dropbox/DBox3clear.o
 .comment       0x00000000       0x23 dropbox/DBox4clear.o
 .comment       0x00000000       0x23 dropbox/DBox5clear.o
 .comment       0x00000000       0x23 dropbox/DBox6clear.o
 .comment       0x00000000       0x23 dropbox/DBox7clear.o
 .comment       0x00000000       0x23 dropbox/DBox8clear.o
 .comment       0x00000000       0x23 dropbox/DBox9clear.o
 .comment       0x00000000       0x23 dropbox/DBoxclear.o
 .comment       0x00000000       0x23 levels/tutorial_floor.o
 .comment       0x00000000       0x23 levels/tutorial_walls.o
 .comment       0x00000000       0x23 levels/Stage1Floor.o
 .comment       0x00000000       0x23 levels/Stage1Wall.o
 .comment       0x00000000       0x23 levels/Stage2Floor.o
 .comment       0x00000000       0x23 levels/Stage2Wall.o
 .comment       0x00000000       0x23 other/EndZone.o
 .comment       0x00000000       0x23 player.o
 .comment       0x00000000       0x23 other/MovingBlocks.o
 .comment       0x00000000       0x23 tonclib/lib\libtonc.a(tonc_input.o)
 .comment       0x00000000       0x23 tonclib/lib\libtonc.a(tonc_oam.o)
 .comment       0x00000000       0x23 tonclib/lib\libtonc.a(tte_init_se.o)
 .comment       0x00000000       0x23 tonclib/lib\libtonc.a(tte_main.o)
 .comment       0x00000000       0x23 tonclib/lib\libtonc.a(tonc_surface.o)
 .comment       0x00000000       0x23 tonclib/lib\libtonc.a(se_drawg.o)
 .comment       0x00000000       0x23 tonclib/lib\libtonc.a(tonc_sbmp16.o)
 .comment       0x00000000       0x23 q:/devkitpro1.5.3/devkitarm/bin/../lib/gcc/arm-none-eabi/4.7.1/../../../../arm-none-eabi/lib/thumb\libc.a(lib_a-ctype_.o)
 .comment       0x00000000       0x23 q:/devkitpro1.5.3/devkitarm/bin/../lib/gcc/arm-none-eabi/4.7.1/../../../../arm-none-eabi/lib/thumb\libc.a(lib_a-init.o)
 .comment       0x00000000       0x23 q:/devkitpro1.5.3/devkitarm/bin/../lib/gcc/arm-none-eabi/4.7.1/../../../../arm-none-eabi/lib/thumb\libc.a(lib_a-memcpy-stub.o)
 .comment       0x00000000       0x23 q:/devkitpro1.5.3/devkitarm/bin/../lib/gcc/arm-none-eabi/4.7.1/../../../../arm-none-eabi/lib/thumb\libc.a(lib_a-memset.o)
 .comment       0x00000000       0x23 q:/devkitpro1.5.3/devkitarm/bin/../lib/gcc/arm-none-eabi/4.7.1/../../../../arm-none-eabi/lib/thumb\libc.a(lib_a-sprintf.o)
 .comment       0x00000000       0x23 q:/devkitpro1.5.3/devkitarm/bin/../lib/gcc/arm-none-eabi/4.7.1/../../../../arm-none-eabi/lib/thumb\libc.a(lib_a-strtol.o)
 .comment       0x00000000       0x23 q:/devkitpro1.5.3/devkitarm/bin/../lib/gcc/arm-none-eabi/4.7.1/../../../../arm-none-eabi/lib/thumb\libc.a(lib_a-svfprintf.o)
 .comment       0x00000000       0x23 q:/devkitpro1.5.3/devkitarm/bin/../lib/gcc/arm-none-eabi/4.7.1/../../../../arm-none-eabi/lib/thumb\libc.a(lib_a-wcrtomb.o)
 .comment       0x00000000       0x23 q:/devkitpro1.5.3/devkitarm/bin/../lib/gcc/arm-none-eabi/4.7.1/../../../../arm-none-eabi/lib/thumb\libc.a(lib_a-wcsrtombs.o)
 .comment       0x00000000       0x23 q:/devkitpro1.5.3/devkitarm/bin/../lib/gcc/arm-none-eabi/4.7.1/../../../../arm-none-eabi/lib/thumb\libc.a(lib_a-wctomb_r.o)
 .comment       0x00000000       0x23 q:/devkitpro1.5.3/devkitarm/bin/../lib/gcc/arm-none-eabi/4.7.1/../../../../arm-none-eabi/lib/thumb\libc.a(lib_a-dtoa.o)
 .comment       0x00000000       0x23 q:/devkitpro1.5.3/devkitarm/bin/../lib/gcc/arm-none-eabi/4.7.1/../../../../arm-none-eabi/lib/thumb\libc.a(lib_a-freer.o)
 .comment       0x00000000       0x23 q:/devkitpro1.5.3/devkitarm/bin/../lib/gcc/arm-none-eabi/4.7.1/../../../../arm-none-eabi/lib/thumb\libc.a(lib_a-impure.o)
 .comment       0x00000000       0x23 q:/devkitpro1.5.3/devkitarm/bin/../lib/gcc/arm-none-eabi/4.7.1/../../../../arm-none-eabi/lib/thumb\libc.a(lib_a-locale.o)
 .comment       0x00000000       0x23 q:/devkitpro1.5.3/devkitarm/bin/../lib/gcc/arm-none-eabi/4.7.1/../../../../arm-none-eabi/lib/thumb\libc.a(lib_a-mallocr.o)
 .comment       0x00000000       0x23 q:/devkitpro1.5.3/devkitarm/bin/../lib/gcc/arm-none-eabi/4.7.1/../../../../arm-none-eabi/lib/thumb\libc.a(lib_a-mbtowc_r.o)
 .comment       0x00000000       0x23 q:/devkitpro1.5.3/devkitarm/bin/../lib/gcc/arm-none-eabi/4.7.1/../../../../arm-none-eabi/lib/thumb\libc.a(lib_a-memchr-stub.o)
 .comment       0x00000000       0x23 q:/devkitpro1.5.3/devkitarm/bin/../lib/gcc/arm-none-eabi/4.7.1/../../../../arm-none-eabi/lib/thumb\libc.a(lib_a-mlock.o)
 .comment       0x00000000       0x23 q:/devkitpro1.5.3/devkitarm/bin/../lib/gcc/arm-none-eabi/4.7.1/../../../../arm-none-eabi/lib/thumb\libc.a(lib_a-mprec.o)
 .comment       0x00000000       0x23 q:/devkitpro1.5.3/devkitarm/bin/../lib/gcc/arm-none-eabi/4.7.1/../../../../arm-none-eabi/lib/thumb\libc.a(lib_a-s_fpclassify.o)
 .comment       0x00000000       0x23 q:/devkitpro1.5.3/devkitarm/bin/../lib/gcc/arm-none-eabi/4.7.1/../../../../arm-none-eabi/lib/thumb\libc.a(lib_a-strcasecmp.o)
 .comment       0x00000000       0x23 q:/devkitpro1.5.3/devkitarm/bin/../lib/gcc/arm-none-eabi/4.7.1/../../../../arm-none-eabi/lib/thumb\libc.a(lib_a-strcat.o)
 .comment       0x00000000       0x23 q:/devkitpro1.5.3/devkitarm/bin/../lib/gcc/arm-none-eabi/4.7.1/../../../../arm-none-eabi/lib/thumb\libc.a(lib_a-strchr.o)
 .comment       0x00000000       0x23 q:/devkitpro1.5.3/devkitarm/bin/../lib/gcc/arm-none-eabi/4.7.1/../../../../arm-none-eabi/lib/thumb\libc.a(lib_a-strcmp.o)
 .comment       0x00000000       0x23 q:/devkitpro1.5.3/devkitarm/bin/../lib/gcc/arm-none-eabi/4.7.1/../../../../arm-none-eabi/lib/thumb\libc.a(lib_a-strcpy.o)
 .comment       0x00000000       0x23 q:/devkitpro1.5.3/devkitarm/bin/../lib/gcc/arm-none-eabi/4.7.1/../../../../arm-none-eabi/lib/thumb\libc.a(lib_a-strlcpy.o)
 .comment       0x00000000       0x23 q:/devkitpro1.5.3/devkitarm/bin/../lib/gcc/arm-none-eabi/4.7.1/../../../../arm-none-eabi/lib/thumb\libc.a(lib_a-strlen.o)
 .comment       0x00000000       0x23 q:/devkitpro1.5.3/devkitarm/bin/../lib/gcc/arm-none-eabi/4.7.1/../../../../arm-none-eabi/lib/thumb\libc.a(lib_a-strncasecmp.o)
 .comment       0x00000000       0x23 q:/devkitpro1.5.3/devkitarm/bin/../lib/gcc/arm-none-eabi/4.7.1/../../../../arm-none-eabi/lib/thumb\libc.a(lib_a-strncmp.o)
 .comment       0x00000000       0x23 q:/devkitpro1.5.3/devkitarm/bin/../lib/gcc/arm-none-eabi/4.7.1/../../../../arm-none-eabi/lib/thumb\libc.a(lib_a-strncpy.o)
 .comment       0x00000000       0x23 q:/devkitpro1.5.3/devkitarm/bin/../lib/gcc/arm-none-eabi/4.7.1/../../../../arm-none-eabi/lib/thumb\libc.a(lib_a-svfiprintf.o)
 .comment       0x00000000       0x23 q:/devkitpro1.5.3/devkitarm/bin/../lib/gcc/arm-none-eabi/4.7.1/../../../../arm-none-eabi/lib/thumb\libc.a(lib_a-wcsnrtombs.o)
 .comment       0x00000000       0x23 q:/devkitpro1.5.3/devkitarm/bin/../lib/gcc/arm-none-eabi/4.7.1/../../../../arm-none-eabi/lib/thumb\libc.a(lib_a-callocr.o)
 .comment       0x00000000       0x23 q:/devkitpro1.5.3/devkitarm/bin/../lib/gcc/arm-none-eabi/4.7.1/../../../../arm-none-eabi/lib/thumb\libc.a(lib_a-getenv_r.o)
 .comment       0x00000000       0x23 q:/devkitpro1.5.3/devkitarm/bin/../lib/gcc/arm-none-eabi/4.7.1/../../../../arm-none-eabi/lib/thumb\libc.a(lib_a-memmove.o)
 .comment       0x00000000       0x23 q:/devkitpro1.5.3/devkitarm/bin/../lib/gcc/arm-none-eabi/4.7.1/../../../../arm-none-eabi/lib/thumb\libc.a(lib_a-reallocr.o)
 .comment       0x00000000       0x23 q:/devkitpro1.5.3/devkitarm/bin/../lib/gcc/arm-none-eabi/4.7.1/../../../../arm-none-eabi/lib/thumb\libc.a(lib_a-environ.o)
 .comment       0x00000000       0x23 q:/devkitpro1.5.3/devkitarm/bin/../lib/gcc/arm-none-eabi/4.7.1/../../../../arm-none-eabi/lib/thumb\libc.a(lib_a-envlock.o)
 .comment       0x00000000       0x23 q:/devkitpro1.5.3/devkitarm/bin/../lib/gcc/arm-none-eabi/4.7.1/../../../../arm-none-eabi/lib/thumb\libsysbase.a(sbrk.o)
 .comment       0x00000000       0x23 q:/devkitpro1.5.3/devkitarm/bin/../lib/gcc/arm-none-eabi/4.7.1/../../../../arm-none-eabi/lib/thumb\libsysbase.a(malloc_vars.o)
 .comment       0x00000000       0x23 q:/devkitpro1.5.3/devkitarm/bin/../lib/gcc/arm-none-eabi/4.7.1/thumb\libgcc.a(bpabi.o)
 .comment       0x00000000       0x23 q:/devkitpro1.5.3/devkitarm/bin/../lib/gcc/arm-none-eabi/4.7.1/thumb\libgcc.a(_muldi3.o)
 .comment       0x00000000       0x23 q:/devkitpro1.5.3/devkitarm/bin/../lib/gcc/arm-none-eabi/4.7.1/thumb\libgcc.a(_divdi3.o)
 .comment       0x00000000       0x23 q:/devkitpro1.5.3/devkitarm/bin/../lib/gcc/arm-none-eabi/4.7.1/thumb\libgcc.a(_udivdi3.o)
 .comment       0x00000000       0x23 q:/devkitpro1.5.3/devkitarm/bin/../lib/gcc/arm-none-eabi/4.7.1/thumb/crtend.o

.debug
 *(.debug)

.line
 *(.line)

.debug_srcinfo
 *(.debug_srcinfo)

.debug_sfnames
 *(.debug_sfnames)

.debug_aranges
 *(.debug_aranges)

.debug_pubnames
 *(.debug_pubnames)

.debug_info
 *(.debug_info)

.debug_abbrev
 *(.debug_abbrev)

.debug_line
 *(.debug_line)

.debug_frame
 *(.debug_frame)

.debug_str
 *(.debug_str)

.debug_loc
 *(.debug_loc)

.debug_macinfo
 *(.debug_macinfo)

.debug_weaknames
 *(.debug_weaknames)

.debug_funcnames
 *(.debug_funcnames)

.debug_typenames
 *(.debug_typenames)

.debug_varnames
 *(.debug_varnames)

.stack          0x00080000        0x0
                0x00080000                _stack = .
 *(.stack)

.note.gnu.arm.ident
 *(.note.gnu.arm.ident)

.ARM.attributes
                0x00000000       0x2d
 *(.ARM.attributes)
 .ARM.attributes
                0x00000000       0x18 q:/devkitpro1.5.3/devkitarm/bin/../lib/gcc/arm-none-eabi/4.7.1/../../../../arm-none-eabi/lib/thumb/gba_crt0.o
 .ARM.attributes
                0x00000018       0x18 q:/devkitpro1.5.3/devkitarm/bin/../lib/gcc/arm-none-eabi/4.7.1/thumb/crti.o
 .ARM.attributes
                0x00000030       0x32 q:/devkitpro1.5.3/devkitarm/bin/../lib/gcc/arm-none-eabi/4.7.1/thumb/crtbegin.o
 .ARM.attributes
                0x00000062       0x32 main.o
 .ARM.attributes
                0x00000094       0x32 boxes/BoxClear.o
 .ARM.attributes
                0x000000c6       0x32 boxes/Box1.o
 .ARM.attributes
                0x000000f8       0x32 boxes/Box2.o
 .ARM.attributes
                0x0000012a       0x32 boxes/Box3.o
 .ARM.attributes
                0x0000015c       0x32 boxes/Box4.o
 .ARM.attributes
                0x0000018e       0x32 boxes/Box5.o
 .ARM.attributes
                0x000001c0       0x32 boxes/Box6.o
 .ARM.attributes
                0x000001f2       0x32 boxes/Box7.o
 .ARM.attributes
                0x00000224       0x32 boxes/Box8.o
 .ARM.attributes
                0x00000256       0x32 boxes/Box9.o
 .ARM.attributes
                0x00000288       0x32 dropbox/DBox1clear.o
 .ARM.attributes
                0x000002ba       0x32 dropbox/DBox2clear.o
 .ARM.attributes
                0x000002ec       0x32 dropbox/DBox3clear.o
 .ARM.attributes
                0x0000031e       0x32 dropbox/DBox4clear.o
 .ARM.attributes
                0x00000350       0x32 dropbox/DBox5clear.o
 .ARM.attributes
                0x00000382       0x32 dropbox/DBox6clear.o
 .ARM.attributes
                0x000003b4       0x32 dropbox/DBox7clear.o
 .ARM.attributes
                0x000003e6       0x32 dropbox/DBox8clear.o
 .ARM.attributes
                0x00000418       0x32 dropbox/DBox9clear.o
 .ARM.attributes
                0x0000044a       0x32 dropbox/DBoxclear.o
 .ARM.attributes
                0x0000047c       0x32 levels/tutorial_floor.o
 .ARM.attributes
                0x000004ae       0x32 levels/tutorial_walls.o
 .ARM.attributes
                0x000004e0       0x32 levels/Stage1Floor.o
 .ARM.attributes
                0x00000512       0x32 levels/Stage1Wall.o
 .ARM.attributes
                0x00000544       0x32 levels/Stage2Floor.o
 .ARM.attributes
                0x00000576       0x32 levels/Stage2Wall.o
 .ARM.attributes
                0x000005a8       0x32 other/EndZone.o
 .ARM.attributes
                0x000005da       0x32 player.o
 .ARM.attributes
                0x0000060c       0x32 other/MovingBlocks.o
 .ARM.attributes
                0x0000063e       0x32 tonclib/lib\libtonc.a(tonc_input.o)
 .ARM.attributes
                0x00000670       0x32 tonclib/lib\libtonc.a(tonc_oam.o)
 .ARM.attributes
                0x000006a2       0x32 tonclib/lib\libtonc.a(tte_init_se.o)
 .ARM.attributes
                0x000006d4       0x32 tonclib/lib\libtonc.a(tte_main.o)
 .ARM.attributes
                0x00000706       0x16 tonclib/lib\libtonc.a(tonc_bios.o)
 .ARM.attributes
                0x0000071c       0x16 tonclib/lib\libtonc.a(tonc_bios_ex.o)
 .ARM.attributes
                0x00000732       0x18 tonclib/lib\libtonc.a(tonc_memcpy.o)
 .ARM.attributes
                0x0000074a       0x16 tonclib/lib\libtonc.a(sys8.o)
 .ARM.attributes
                0x00000760       0x32 tonclib/lib\libtonc.a(tonc_surface.o)
 .ARM.attributes
                0x00000792       0x32 tonclib/lib\libtonc.a(se_drawg.o)
 .ARM.attributes
                0x000007c4       0x32 tonclib/lib\libtonc.a(tonc_sbmp16.o)
 .ARM.attributes
                0x000007f6       0x18 tonclib/lib\libtonc.a(tonc_memset.o)
 .ARM.attributes
                0x0000080e       0x1a q:/devkitpro1.5.3/devkitarm/bin/../lib/gcc/arm-none-eabi/4.7.1/thumb\libgcc.a(_divsi3.o)
 .ARM.attributes
                0x00000828       0x18 q:/devkitpro1.5.3/devkitarm/bin/../lib/gcc/arm-none-eabi/4.7.1/thumb\libgcc.a(_dvmd_tls.o)
 .ARM.attributes
                0x00000840       0x32 q:/devkitpro1.5.3/devkitarm/bin/../lib/gcc/arm-none-eabi/4.7.1/../../../../arm-none-eabi/lib/thumb\libc.a(lib_a-ctype_.o)
 .ARM.attributes
                0x00000872       0x32 q:/devkitpro1.5.3/devkitarm/bin/../lib/gcc/arm-none-eabi/4.7.1/../../../../arm-none-eabi/lib/thumb\libc.a(lib_a-init.o)
 .ARM.attributes
                0x000008a4       0x32 q:/devkitpro1.5.3/devkitarm/bin/../lib/gcc/arm-none-eabi/4.7.1/../../../../arm-none-eabi/lib/thumb\libc.a(lib_a-memcpy-stub.o)
 .ARM.attributes
                0x000008d6       0x32 q:/devkitpro1.5.3/devkitarm/bin/../lib/gcc/arm-none-eabi/4.7.1/../../../../arm-none-eabi/lib/thumb\libc.a(lib_a-memset.o)
 .ARM.attributes
                0x00000908       0x32 q:/devkitpro1.5.3/devkitarm/bin/../lib/gcc/arm-none-eabi/4.7.1/../../../../arm-none-eabi/lib/thumb\libc.a(lib_a-sprintf.o)
 .ARM.attributes
                0x0000093a       0x32 q:/devkitpro1.5.3/devkitarm/bin/../lib/gcc/arm-none-eabi/4.7.1/../../../../arm-none-eabi/lib/thumb\libc.a(lib_a-strtol.o)
 .ARM.attributes
                0x0000096c       0x32 q:/devkitpro1.5.3/devkitarm/bin/../lib/gcc/arm-none-eabi/4.7.1/../../../../arm-none-eabi/lib/thumb\libc.a(lib_a-svfprintf.o)
 .ARM.attributes
                0x0000099e       0x32 q:/devkitpro1.5.3/devkitarm/bin/../lib/gcc/arm-none-eabi/4.7.1/../../../../arm-none-eabi/lib/thumb\libc.a(lib_a-wcrtomb.o)
 .ARM.attributes
                0x000009d0       0x32 q:/devkitpro1.5.3/devkitarm/bin/../lib/gcc/arm-none-eabi/4.7.1/../../../../arm-none-eabi/lib/thumb\libc.a(lib_a-wcsrtombs.o)
 .ARM.attributes
                0x00000a02       0x32 q:/devkitpro1.5.3/devkitarm/bin/../lib/gcc/arm-none-eabi/4.7.1/../../../../arm-none-eabi/lib/thumb\libc.a(lib_a-wctomb_r.o)
 .ARM.attributes
                0x00000a34       0x32 q:/devkitpro1.5.3/devkitarm/bin/../lib/gcc/arm-none-eabi/4.7.1/../../../../arm-none-eabi/lib/thumb\libc.a(lib_a-dtoa.o)
 .ARM.attributes
                0x00000a66       0x32 q:/devkitpro1.5.3/devkitarm/bin/../lib/gcc/arm-none-eabi/4.7.1/../../../../arm-none-eabi/lib/thumb\libc.a(lib_a-freer.o)
 .ARM.attributes
                0x00000a98       0x32 q:/devkitpro1.5.3/devkitarm/bin/../lib/gcc/arm-none-eabi/4.7.1/../../../../arm-none-eabi/lib/thumb\libc.a(lib_a-impure.o)
 .ARM.attributes
                0x00000aca       0x32 q:/devkitpro1.5.3/devkitarm/bin/../lib/gcc/arm-none-eabi/4.7.1/../../../../arm-none-eabi/lib/thumb\libc.a(lib_a-locale.o)
 .ARM.attributes
                0x00000afc       0x32 q:/devkitpro1.5.3/devkitarm/bin/../lib/gcc/arm-none-eabi/4.7.1/../../../../arm-none-eabi/lib/thumb\libc.a(lib_a-mallocr.o)
 .ARM.attributes
                0x00000b2e       0x32 q:/devkitpro1.5.3/devkitarm/bin/../lib/gcc/arm-none-eabi/4.7.1/../../../../arm-none-eabi/lib/thumb\libc.a(lib_a-mbtowc_r.o)
 .ARM.attributes
                0x00000b60       0x32 q:/devkitpro1.5.3/devkitarm/bin/../lib/gcc/arm-none-eabi/4.7.1/../../../../arm-none-eabi/lib/thumb\libc.a(lib_a-memchr-stub.o)
 .ARM.attributes
                0x00000b92       0x32 q:/devkitpro1.5.3/devkitarm/bin/../lib/gcc/arm-none-eabi/4.7.1/../../../../arm-none-eabi/lib/thumb\libc.a(lib_a-mlock.o)
 .ARM.attributes
                0x00000bc4       0x32 q:/devkitpro1.5.3/devkitarm/bin/../lib/gcc/arm-none-eabi/4.7.1/../../../../arm-none-eabi/lib/thumb\libc.a(lib_a-mprec.o)
 .ARM.attributes
                0x00000bf6       0x32 q:/devkitpro1.5.3/devkitarm/bin/../lib/gcc/arm-none-eabi/4.7.1/../../../../arm-none-eabi/lib/thumb\libc.a(lib_a-s_fpclassify.o)
 .ARM.attributes
                0x00000c28       0x32 q:/devkitpro1.5.3/devkitarm/bin/../lib/gcc/arm-none-eabi/4.7.1/../../../../arm-none-eabi/lib/thumb\libc.a(lib_a-strcasecmp.o)
 .ARM.attributes
                0x00000c5a       0x32 q:/devkitpro1.5.3/devkitarm/bin/../lib/gcc/arm-none-eabi/4.7.1/../../../../arm-none-eabi/lib/thumb\libc.a(lib_a-strcat.o)
 .ARM.attributes
                0x00000c8c       0x32 q:/devkitpro1.5.3/devkitarm/bin/../lib/gcc/arm-none-eabi/4.7.1/../../../../arm-none-eabi/lib/thumb\libc.a(lib_a-strchr.o)
 .ARM.attributes
                0x00000cbe       0x32 q:/devkitpro1.5.3/devkitarm/bin/../lib/gcc/arm-none-eabi/4.7.1/../../../../arm-none-eabi/lib/thumb\libc.a(lib_a-strcmp.o)
 .ARM.attributes
                0x00000cf0       0x32 q:/devkitpro1.5.3/devkitarm/bin/../lib/gcc/arm-none-eabi/4.7.1/../../../../arm-none-eabi/lib/thumb\libc.a(lib_a-strcpy.o)
 .ARM.attributes
                0x00000d22       0x32 q:/devkitpro1.5.3/devkitarm/bin/../lib/gcc/arm-none-eabi/4.7.1/../../../../arm-none-eabi/lib/thumb\libc.a(lib_a-strlcpy.o)
 .ARM.attributes
                0x00000d54       0x32 q:/devkitpro1.5.3/devkitarm/bin/../lib/gcc/arm-none-eabi/4.7.1/../../../../arm-none-eabi/lib/thumb\libc.a(lib_a-strlen.o)
 .ARM.attributes
                0x00000d86       0x32 q:/devkitpro1.5.3/devkitarm/bin/../lib/gcc/arm-none-eabi/4.7.1/../../../../arm-none-eabi/lib/thumb\libc.a(lib_a-strncasecmp.o)
 .ARM.attributes
                0x00000db8       0x32 q:/devkitpro1.5.3/devkitarm/bin/../lib/gcc/arm-none-eabi/4.7.1/../../../../arm-none-eabi/lib/thumb\libc.a(lib_a-strncmp.o)
 .ARM.attributes
                0x00000dea       0x32 q:/devkitpro1.5.3/devkitarm/bin/../lib/gcc/arm-none-eabi/4.7.1/../../../../arm-none-eabi/lib/thumb\libc.a(lib_a-strncpy.o)
 .ARM.attributes
                0x00000e1c       0x32 q:/devkitpro1.5.3/devkitarm/bin/../lib/gcc/arm-none-eabi/4.7.1/../../../../arm-none-eabi/lib/thumb\libc.a(lib_a-svfiprintf.o)
 .ARM.attributes
                0x00000e4e       0x32 q:/devkitpro1.5.3/devkitarm/bin/../lib/gcc/arm-none-eabi/4.7.1/../../../../arm-none-eabi/lib/thumb\libc.a(lib_a-wcsnrtombs.o)
 .ARM.attributes
                0x00000e80       0x32 q:/devkitpro1.5.3/devkitarm/bin/../lib/gcc/arm-none-eabi/4.7.1/../../../../arm-none-eabi/lib/thumb\libc.a(lib_a-callocr.o)
 .ARM.attributes
                0x00000eb2       0x32 q:/devkitpro1.5.3/devkitarm/bin/../lib/gcc/arm-none-eabi/4.7.1/../../../../arm-none-eabi/lib/thumb\libc.a(lib_a-getenv_r.o)
 .ARM.attributes
                0x00000ee4       0x32 q:/devkitpro1.5.3/devkitarm/bin/../lib/gcc/arm-none-eabi/4.7.1/../../../../arm-none-eabi/lib/thumb\libc.a(lib_a-memmove.o)
 .ARM.attributes
                0x00000f16       0x32 q:/devkitpro1.5.3/devkitarm/bin/../lib/gcc/arm-none-eabi/4.7.1/../../../../arm-none-eabi/lib/thumb\libc.a(lib_a-reallocr.o)
 .ARM.attributes
                0x00000f48       0x32 q:/devkitpro1.5.3/devkitarm/bin/../lib/gcc/arm-none-eabi/4.7.1/../../../../arm-none-eabi/lib/thumb\libc.a(lib_a-environ.o)
 .ARM.attributes
                0x00000f7a       0x32 q:/devkitpro1.5.3/devkitarm/bin/../lib/gcc/arm-none-eabi/4.7.1/../../../../arm-none-eabi/lib/thumb\libc.a(lib_a-envlock.o)
 .ARM.attributes
                0x00000fac       0x32 q:/devkitpro1.5.3/devkitarm/bin/../lib/gcc/arm-none-eabi/4.7.1/../../../../arm-none-eabi/lib/thumb\libsysbase.a(sbrk.o)
 .ARM.attributes
                0x00000fde       0x32 q:/devkitpro1.5.3/devkitarm/bin/../lib/gcc/arm-none-eabi/4.7.1/../../../../arm-none-eabi/lib/thumb\libsysbase.a(malloc_vars.o)
 .ARM.attributes
                0x00001010       0x1a q:/devkitpro1.5.3/devkitarm/bin/../lib/gcc/arm-none-eabi/4.7.1/thumb\libgcc.a(_udivsi3.o)
 .ARM.attributes
                0x0000102a       0x1a q:/devkitpro1.5.3/devkitarm/bin/../lib/gcc/arm-none-eabi/4.7.1/thumb\libgcc.a(_arm_addsubdf3.o)
 .ARM.attributes
                0x00001044       0x1a q:/devkitpro1.5.3/devkitarm/bin/../lib/gcc/arm-none-eabi/4.7.1/thumb\libgcc.a(_arm_muldivdf3.o)
 .ARM.attributes
                0x0000105e       0x1a q:/devkitpro1.5.3/devkitarm/bin/../lib/gcc/arm-none-eabi/4.7.1/thumb\libgcc.a(_arm_cmpdf2.o)
 .ARM.attributes
                0x00001078       0x1a q:/devkitpro1.5.3/devkitarm/bin/../lib/gcc/arm-none-eabi/4.7.1/thumb\libgcc.a(_arm_fixdfsi.o)
 .ARM.attributes
                0x00001092       0x1a q:/devkitpro1.5.3/devkitarm/bin/../lib/gcc/arm-none-eabi/4.7.1/thumb\libgcc.a(_aeabi_uldivmod.o)
 .ARM.attributes
                0x000010ac       0x32 q:/devkitpro1.5.3/devkitarm/bin/../lib/gcc/arm-none-eabi/4.7.1/thumb\libgcc.a(bpabi.o)
 .ARM.attributes
                0x000010de       0x32 q:/devkitpro1.5.3/devkitarm/bin/../lib/gcc/arm-none-eabi/4.7.1/thumb\libgcc.a(_muldi3.o)
 .ARM.attributes
                0x00001110       0x32 q:/devkitpro1.5.3/devkitarm/bin/../lib/gcc/arm-none-eabi/4.7.1/thumb\libgcc.a(_divdi3.o)