Archive member included because of file (symbol)

tonclib/lib\libtonc.a(tonc_input.o)
                              main.o (key_poll)
tonclib/lib\libtonc.a(tonc_oam.o)
                              main.o (oam_init)
tonclib/lib\libtonc.a(tte_init_se.o)
                              main.o (tte_init_se)
tonclib/lib\libtonc.a(tte_main.o)
                              tonclib/lib\libtonc.a(tte_init_se.o) (tte_init_base)
tonclib/lib\libtonc.a(tonc_bios.o)
                              tonclib/lib\libtonc.a(tonc_input.o) (VBlankIntrWait)
tonclib/lib\libtonc.a(tonc_bios_ex.o)
                              tonclib/lib\libtonc.a(tte_main.o) (VBlankIntrDelay)
tonclib/lib\libtonc.a(tonc_memcpy.o)
                              main.o (memcpy32)
tonclib/lib\libtonc.a(sys8.o)
                              main.o (sys8Font)
tonclib/lib\libtonc.a(tonc_surface.o)
                              tonclib/lib\libtonc.a(tte_init_se.o) (srf_init)
tonclib/lib\libtonc.a(se_drawg.o)
                              tonclib/lib\libtonc.a(tte_init_se.o) (se_erase)
tonclib/lib\libtonc.a(tonc_sbmp16.o)
                              tonclib/lib\libtonc.a(se_drawg.o) (sbmp16_rect)
tonclib/lib\libtonc.a(tonc_memset.o)
                              tonclib/lib\libtonc.a(tonc_sbmp16.o) (memset16)
q:/devkitpro1.5.3/devkitarm/bin/../lib/gcc/arm-none-eabi/4.7.1/thumb\libgcc.a(_divsi3.o)
                              tonclib/lib\libtonc.a(tte_main.o) (__aeabi_idiv)
q:/devkitpro1.5.3/devkitarm/bin/../lib/gcc/arm-none-eabi/4.7.1/thumb\libgcc.a(_dvmd_tls.o)
                              q:/devkitpro1.5.3/devkitarm/bin/../lib/gcc/arm-none-eabi/4.7.1/thumb\libgcc.a(_divsi3.o) (__aeabi_idiv0)
q:/devkitpro1.5.3/devkitarm/bin/../lib/gcc/arm-none-eabi/4.7.1/../../../../arm-none-eabi/lib/thumb\libc.a(lib_a-ctype_.o)
                              tonclib/lib\libtonc.a(tte_main.o) (__ctype_ptr__)
q:/devkitpro1.5.3/devkitarm/bin/../lib/gcc/arm-none-eabi/4.7.1/../../../../arm-none-eabi/lib/thumb\libc.a(lib_a-init.o)
                              q:/devkitpro1.5.3/devkitarm/bin/../lib/gcc/arm-none-eabi/4.7.1/../../../../arm-none-eabi/lib/thumb/gba_crt0.o (__libc_init_array)
q:/devkitpro1.5.3/devkitarm/bin/../lib/gcc/arm-none-eabi/4.7.1/../../../../arm-none-eabi/lib/thumb\libc.a(lib_a-memcpy-stub.o)
                              main.o (memcpy)
q:/devkitpro1.5.3/devkitarm/bin/../lib/gcc/arm-none-eabi/4.7.1/../../../../arm-none-eabi/lib/thumb\libc.a(lib_a-memset.o)
                              tonclib/lib\libtonc.a(tte_main.o) (memset)
q:/devkitpro1.5.3/devkitarm/bin/../lib/gcc/arm-none-eabi/4.7.1/../../../../arm-none-eabi/lib/thumb\libc.a(lib_a-sprintf.o)
                              main.o (sprintf)
q:/devkitpro1.5.3/devkitarm/bin/../lib/gcc/arm-none-eabi/4.7.1/../../../../arm-none-eabi/lib/thumb\libc.a(lib_a-strtol.o)
                              tonclib/lib\libtonc.a(tte_main.o) (strtol)
q:/devkitpro1.5.3/devkitarm/bin/../lib/gcc/arm-none-eabi/4.7.1/../../../../arm-none-eabi/lib/thumb\libc.a(lib_a-svfprintf.o)
                              q:/devkitpro1.5.3/devkitarm/bin/../lib/gcc/arm-none-eabi/4.7.1/../../../../arm-none-eabi/lib/thumb\libc.a(lib_a-sprintf.o) (_svfprintf_r)
q:/devkitpro1.5.3/devkitarm/bin/../lib/gcc/arm-none-eabi/4.7.1/../../../../arm-none-eabi/lib/thumb\libc.a(lib_a-wcrtomb.o)
                              q:/devkitpro1.5.3/devkitarm/bin/../lib/gcc/arm-none-eabi/4.7.1/../../../../arm-none-eabi/lib/thumb\libc.a(lib_a-svfprintf.o) (_wcrtomb_r)
q:/devkitpro1.5.3/devkitarm/bin/../lib/gcc/arm-none-eabi/4.7.1/../../../../arm-none-eabi/lib/thumb\libc.a(lib_a-wcsrtombs.o)
                              q:/devkitpro1.5.3/devkitarm/bin/../lib/gcc/arm-none-eabi/4.7.1/../../../../arm-none-eabi/lib/thumb\libc.a(lib_a-svfprintf.o) (_wcsrtombs_r)
q:/devkitpro1.5.3/devkitarm/bin/../lib/gcc/arm-none-eabi/4.7.1/../../../../arm-none-eabi/lib/thumb\libc.a(lib_a-wctomb_r.o)
                              q:/devkitpro1.5.3/devkitarm/bin/../lib/gcc/arm-none-eabi/4.7.1/../../../../arm-none-eabi/lib/thumb\libc.a(lib_a-wcrtomb.o) (__wctomb)
q:/devkitpro1.5.3/devkitarm/bin/../lib/gcc/arm-none-eabi/4.7.1/../../../../arm-none-eabi/lib/thumb\libc.a(lib_a-dtoa.o)
                              q:/devkitpro1.5.3/devkitarm/bin/../lib/gcc/arm-none-eabi/4.7.1/../../../../arm-none-eabi/lib/thumb\libc.a(lib_a-svfprintf.o) (_dtoa_r)
q:/devkitpro1.5.3/devkitarm/bin/../lib/gcc/arm-none-eabi/4.7.1/../../../../arm-none-eabi/lib/thumb\libc.a(lib_a-freer.o)
                              q:/devkitpro1.5.3/devkitarm/bin/../lib/gcc/arm-none-eabi/4.7.1/../../../../arm-none-eabi/lib/thumb\libc.a(lib_a-svfprintf.o) (_free_r)
q:/devkitpro1.5.3/devkitarm/bin/../lib/gcc/arm-none-eabi/4.7.1/../../../../arm-none-eabi/lib/thumb\libc.a(lib_a-impure.o)
                              q:/devkitpro1.5.3/devkitarm/bin/../lib/gcc/arm-none-eabi/4.7.1/../../../../arm-none-eabi/lib/thumb\libc.a(lib_a-sprintf.o) (_impure_ptr)
[...]
Memory Configuration

Name             Origin             Length             Attributes
rom              0x08000000         0x02000000
iwram            0x03000000         0x00008000
ewram            0x02000000         0x00040000
*default*        0x00000000         0xffffffff

Linker script and memory map

                0x08000000                __text_start = ORIGIN (rom)
                0x02040000                __eheap_end = (ORIGIN (ewram) + 0x40000)
                0x03000000                __iwram_start = ORIGIN (iwram)
                0x03008000                __iwram_top = (ORIGIN (iwram) + 0x8000)
                0x03007fa0                __sp_irq = (__iwram_top - 0x60)
                0x03007f00                __sp_usr = (__sp_irq - 0xa0)
                0x03007ff8                __irq_flags = 0x3007ff8
                0x08000000                . = __text_start

.init           0x08000000      0x21c
 *(.init)
 .init          0x08000000      0x210 q:/devkitpro1.5.3/devkitarm/bin/../lib/gcc/arm-none-eabi/4.7.1/../../../../arm-none-eabi/lib/thumb/gba_crt0.o
                0x08000000                _start
                0x080000c4                __boot_method
                0x080000c5                __slave_number
                0x080000e0                start_vector
 .init          0x08000210        0x4 q:/devkitpro1.5.3/devkitarm/bin/../lib/gcc/arm-none-eabi/4.7.1/thumb/crti.o
                0x08000210                _init
 .init          0x08000214        0x8 q:/devkitpro1.5.3/devkitarm/bin/../lib/gcc/arm-none-eabi/4.7.1/thumb/crtn.o
                0x0800021c                . = ALIGN (0x4)

.plt            0x0800021c        0x0
 *(.plt)
                0x0800021c                . = ALIGN (0x4)

.text           0x08000220     0xbe98
 *(EXCLUDE_FILE(*.iwram*) .text)
 .text          0x08000220        0x0 q:/devkitpro1.5.3/devkitarm/bin/../lib/gcc/arm-none-eabi/4.7.1/../../../../arm-none-eabi/lib/thumb/gba_crt0.o
 .text          0x08000220        0x0 q:/devkitpro1.5.3/devkitarm/bin/../lib/gcc/arm-none-eabi/4.7.1/thumb/crti.o
 .text          0x08000220       0xd0 q:/devkitpro1.5.3/devkitarm/bin/../lib/gcc/arm-none-eabi/4.7.1/thumb/crtbegin.o
 .text          0x080002f0     0x21e8 main.o
                0x080002f0                isOdd
                0x08000304                merge
                0x080003c8                collision
                0x08000428                correctBox
                0x08000460                move
                0x08000608                createGrid
                0x08000634                addBackground
                0x080006b0                init
                0x08000b8c                initTutorial
                0x08000cd4                initStage1
                0x08000e50                initStage2
                0x08001054                initStage3
                0x08001200                initStage4
                0x080012f8                initStage5
                0x080013ec                initStage6
                0x080014e0                initStage7
                0x080015d4                initStage9
                0x080016c8                update
                0x08002118                draw
 .text          0x080024d8        0x0 boxes/BoxClear.o
 .text          0x080024d8        0x0 boxes/Box1.o
 .text          0x080024d8        0x0 boxes/Box2.o
 .text          0x080024d8        0x0 boxes/Box3.o
 .text          0x080024d8        0x0 boxes/Box4.o
 .text          0x080024d8        0x0 boxes/Box5.o
 .text          0x080024d8        0x0 boxes/Box6.o
 .text          0x080024d8        0x0 boxes/Box7.o
 .text          0x080024d8        0x0 boxes/Box8.o
 .text          0x080024d8        0x0 boxes/Box9.o
 .text          0x080024d8        0x0 dropbox/DBox1clear.o
 .text          0x080024d8        0x0 dropbox/DBox2clear.o
 .text          0x080024d8        0x0 dropbox/DBox3clear.o
 .text          0x080024d8        0x0 dropbox/DBox4clear.o
 .text          0x080024d8        0x0 dropbox/DBox5clear.o
 .text          0x080024d8        0x0 dropbox/DBox6clear.o
 .text          0x080024d8        0x0 dropbox/DBox7clear.o
 .text          0x080024d8        0x0 dropbox/DBox8clear.o
 .text          0x080024d8        0x0 dropbox/DBox9clear.o
 .text          0x080024d8        0x0 dropbox/DBoxclear.o
 .text          0x080024d8        0x0 levels/StageTutPnP.o
 .text          0x080024d8        0x0 levels/StageTutPnPWALLS.o
 .text          0x080024d8        0x0 levels/Stage1Color.o
 .text          0x080024d8        0x0 levels/Stage1ColorWalls.o
 .text          0x080024d8        0x0 levels/Stage2ColorCombo.o
 .text          0x080024d8        0x0 levels/Stage2ColorComboWALL.o
 .text          0x080024d8        0x0 levels/Stage3NumberCombo.o
 .text          0x080024d8        0x0 levels/Stage3NumberComboWalls.o
 .text          0x080024d8        0x0 levels/Stage4.o
 .text          0x080024d8        0x0 levels/Stage4Walls.o
 .text          0x080024d8        0x0 levels/Stage5new.o
 .text          0x080024d8        0x0 levels/Stage5newWalls.o
 .text          0x080024d8        0x0 levels/Stage6Both.o
 .text          0x080024d8        0x0 levels/Stage6BothWalls.o
 .text          0x080024d8        0x0 levels/Stage7Both.o
 .text          0x080024d8        0x0 levels/Stage7BothWalls.o
 .text          0x080024d8        0x0 levels/Stage9Both.o
 .text          0x080024d8        0x0 levels/Stage9Walls.o
 .text          0x080024d8        0x0 other/EndZone.o
 .text          0x080024d8        0x0 player.o
 .text          0x080024d8        0x0 other/MovingBlocks.o
 .text          0x080024d8       0xac tonclib/lib\libtonc.a(tonc_input.o)
                0x080024d8                key_poll
                0x08002530                key_wait_till_hit
                0x08002554                key_repeat
                0x08002560                key_repeat_mask
                0x08002570                key_repeat_limits
 .text          0x08002584       0xcc tonclib/lib\libtonc.a(tonc_oam.o)
                0x08002584                oam_init
                0x080025d0                obj_copy
                0x080025fc                obj_hide_multi
                0x08002624                obj_unhide_multi
 .text          0x08002650      0x15c tonclib/lib\libtonc.a(tte_init_se.o)
                0x08002650                tte_init_se
 .text          0x080027ac      0x9e0 tonclib/lib\libtonc.a(tte_main.o)
                0x080027ac                dummy_drawg
                0x080027b0                dummy_erase
                0x080027b4                tte_set_context
                0x080027d0                tte_set_color_attr
                0x080027e0                tte_set_color_attrs
                0x080027fc                tte_set_color
                0x08002820                tte_set_colors
                0x0800285c                tte_init_base
                0x080028f0                utf8_decode_char
                0x080029a0                tte_cmd_skip
                0x080029b4                tte_cmd_next
                0x080029f0                tte_putc
                0x08002a40                tte_erase_rect
                0x08002a5c                tte_erase_screen
                0x08002a80                tte_erase_line
                0x08002aa8                tte_cmd_default
                0x08002f64                tte_write
                0x08003050                tte_write_ex
                0x08003080                tte_get_text_size
                0x0800316c                tte_set_margins
 .text          0x0800318c       0x8c tonclib/lib\libtonc.a(tonc_bios.o)
                0x0800318c                SoftReset
                0x08003190                RegisterRamReset
                0x08003194                Halt
                0x08003198                Stop
                0x0800319c                IntrWait
                0x080031a0                VBlankIntrWait
                0x080031a4                Div
                0x080031a8                DivArm
                0x080031ac                Sqrt
                0x080031b0                ArcTan
                0x080031b4                ArcTan2
                0x080031b8                CpuSet
                0x080031bc                CpuFastSet
                0x080031c0                BiosCheckSum
                0x080031c4                BgAffineSet
                0x080031c8                ObjAffineSet
                0x080031cc                BitUnPack
                0x080031d0                LZ77UnCompWram
                0x080031d4                LZ77UnCompVram
                0x080031d8                HuffUnComp
                0x080031dc                RLUnCompWram
                0x080031e0                RLUnCompVram
                0x080031e4                Diff8bitUnFilterWram
                0x080031e8                Diff8bitUnFilterVram
                0x080031ec                Diff16bitUnFilter
                0x080031f0                SoundBias
                0x080031f4                SoundDriverInit
                0x080031f8                SoundDriverMode
                0x080031fc                SoundDriverMain
                0x08003200                SoundDriverVSync
                0x08003204                SoundChannelClear
                0x08003208                MidiKey2Freq
                0x0800320c                MultiBoot
                0x08003210                SoundDriverVSyncOff
                0x08003214                SoundDriverVSyncOn
 .text          0x08003218       0x54 tonclib/lib\libtonc.a(tonc_bios_ex.o)
                0x08003218                VBlankIntrDelay
                0x08003228                DivSafe
                0x0800323c                Mod
                0x08003244                DivAbs
                0x0800324c                DivArmMod
                0x08003254                DivArmAbs
                0x0800325c                CpuFastFill
 .text          0x0800326c       0x44 tonclib/lib\libtonc.a(tonc_memcpy.o)
                0x0800326c                memcpy16
 .text          0x080032b0        0x0 tonclib/lib\libtonc.a(sys8.o)
 .text          0x080032b0      0x138 tonclib/lib\libtonc.a(tonc_surface.o)
                0x080032b0                srf_init
                0x08003368                srf_pal_copy
                0x08003388                srf_get_ptr
 .text          0x080033e8      0x174 tonclib/lib\libtonc.a(se_drawg.o)
                0x080033e8                se_erase
                0x08003418                se_drawg_w8h8
                0x08003444                se_drawg_w8h16
                0x08003480                se_drawg
                0x080034f0                se_drawg_s
 .text          0x0800355c      0x4d8 tonclib/lib\libtonc.a(tonc_sbmp16.o)
                0x0800355c                sbmp16_get_pixel
                0x0800356c                sbmp16_plot
                0x08003580                sbmp16_vline
                0x080035b8                sbmp16_line
                0x08003694                sbmp16_hline
                0x080036c0                sbmp16_frame
                0x0800374c                sbmp16_rect
                0x080037ac                sbmp16_blit
                0x080038e8                sbmp16_floodfill_internal
                0x08003a0c                sbmp16_floodfill
 .text          0x08003a34       0x3c tonclib/lib\libtonc.a(tonc_memset.o)
                0x08003a34                memset16
 .text          0x08003a70      0x150 q:/devkitpro1.5.3/devkitarm/bin/../lib/gcc/arm-none-eabi/4.7.1/thumb\libgcc.a(_divsi3.o)
                0x08003a70                __divsi3
                0x08003a70                __aeabi_idiv
                0x08003ba0                __aeabi_idivmod
 .text          0x08003bc0        0x4 q:/devkitpro1.5.3/devkitarm/bin/../lib/gcc/arm-none-eabi/4.7.1/thumb\libgcc.a(_dvmd_tls.o)
                0x08003bc0                __aeabi_idiv0
                0x08003bc0                __aeabi_ldiv0
 .text          0x08003bc4       0x10 q:/devkitpro1.5.3/devkitarm/bin/../lib/gcc/arm-none-eabi/4.7.1/../../../../arm-none-eabi/lib/thumb\libc.a(lib_a-ctype_.o)
                0x08003bc4                __set_ctype
 .text          0x08003bd4       0x54 q:/devkitpro1.5.3/devkitarm/bin/../lib/gcc/arm-none-eabi/4.7.1/../../../../arm-none-eabi/lib/thumb\libc.a(lib_a-init.o)
                0x08003bd4                __libc_init_array
 .text          0x08003c28       0x90 q:/devkitpro1.5.3/devkitarm/bin/../lib/gcc/arm-none-eabi/4.7.1/../../../../arm-none-eabi/lib/thumb\libc.a(lib_a-memcpy-stub.o)
                0x08003c28                memcpy
 .text          0x08003cb8       0x98 q:/devkitpro1.5.3/devkitarm/bin/../lib/gcc/arm-none-eabi/4.7.1/../../../../arm-none-eabi/lib/thumb\libc.a(lib_a-memset.o)
                0x08003cb8                memset
 .text          0x08003d50       0x84 q:/devkitpro1.5.3/devkitarm/bin/../lib/gcc/arm-none-eabi/4.7.1/../../../../arm-none-eabi/lib/thumb\libc.a(lib_a-sprintf.o)
                0x08003d50                _sprintf_r
                0x08003d90                sprintf
 .text          0x08003dd4      0x190 q:/devkitpro1.5.3/devkitarm/bin/../lib/gcc/arm-none-eabi/4.7.1/../../../../arm-none-eabi/lib/thumb\libc.a(lib_a-strtol.o)
                0x08003dd4                _strtol_r
                0x08003f44                strtol
 *fill*         0x08003f64        0x4 ff
 .text          0x08003f68     0x1728 q:/devkitpro1.5.3/devkitarm/bin/../lib/gcc/arm-none-eabi/4.7.1/../../../../arm-none-eabi/lib/thumb\libc.a(lib_a-svfprintf.o)
                0x08003f68                _svfprintf_r
 .text          0x08005690       0xe8 q:/devkitpro1.5.3/devkitarm/bin/../lib/gcc/arm-none-eabi/4.7.1/../../../../arm-none-eabi/lib/thumb\libc.a(lib_a-wcrtomb.o)
                0x08005690                _wcrtomb_r
                0x080056f8                wcrtomb
 .text          0x08005778       0x40 q:/devkitpro1.5.3/devkitarm/bin/../lib/gcc/arm-none-eabi/4.7.1/../../../../arm-none-eabi/lib/thumb\libc.a(lib_a-wcsrtombs.o)
                0x08005778                _wcsrtombs_r
                0x08005790                wcsrtombs
 .text          0x080057b8      0x2a4 q:/devkitpro1.5.3/devkitarm/bin/../lib/gcc/arm-none-eabi/4.7.1/../../../../arm-none-eabi/lib/thumb\libc.a(lib_a-wctomb_r.o)
                0x080057b8                __utf8_wctomb
                0x0800586c                _wctomb_r
                0x080058a4                __ascii_wctomb
                0x080058c4                __sjis_wctomb
                0x08005940                __eucjp_wctomb
                0x080059dc                __jis_wctomb
 *fill*         0x08005a5c        0x4 ff
 .text          0x08005a60     0x10a0 q:/devkitpro1.5.3/devkitarm/bin/../lib/gcc/arm-none-eabi/4.7.1/../../../../arm-none-eabi/lib/thumb\libc.a(lib_a-dtoa.o)
                0x08005bb8                _dtoa_r
 .text          0x08006b00      0x238 q:/devkitpro1.5.3/devkitarm/bin/../lib/gcc/arm-none-eabi/4.7.1/../../../../arm-none-eabi/lib/thumb\libc.a(lib_a-freer.o)
                0x08006b00                _malloc_trim_r
                0x08006ba4                _free_r
 .text          0x08006d38        0x0 q:/devkitpro1.5.3/devkitarm/bin/../lib/gcc/arm-none-eabi/4.7.1/../../../../arm-none-eabi/lib/thumb\libc.a(lib_a-impure.o)
 .text          0x08006d38      0x950 q:/devkitpro1.5.3/devkitarm/bin/../lib/gcc/arm-none-eabi/4.7.1/../../../../arm-none-eabi/lib/thumb\libc.a(lib_a-locale.o)
                0x0800742c                _setlocale_r
                0x08007628                __locale_charset
                0x08007630                __locale_mb_cur_max
                0x0800763c                __locale_msgcharset
                0x08007648                __locale_cjk_lang
                0x08007654                _localeconv_r
                0x08007660                setlocale
                0x0800767c                localeconv
 .text          0x08007688      0x51c q:/devkitpro1.5.3/devkitarm/bin/../lib/gcc/arm-none-eabi/4.7.1/../../../../arm-none-eabi/lib/thumb\libc.a(lib_a-mallocr.o)
                0x08007688                _malloc_r
 .text          0x08007ba4      0x584 q:/devkitpro1.5.3/devkitarm/bin/../lib/gcc/arm-none-eabi/4.7.1/../../../../arm-none-eabi/lib/thumb\libc.a(lib_a-mbtowc_r.o)
                0x08007ba4                __utf8_mbtowc
                0x08007e04                _mbtowc_r
                0x08007e40                __ascii_mbtowc
                0x08007e70                __sjis_mbtowc
                0x08007f30                __eucjp_mbtowc
                0x08007ff8                __jis_mbtowc
 .text          0x08008128       0x98 q:/devkitpro1.5.3/devkitarm/bin/../lib/gcc/arm-none-eabi/4.7.1/../../../../arm-none-eabi/lib/thumb\libc.a(lib_a-memchr-stub.o)
                0x08008128                memchr
 .text          0x080081c0        0x8 q:/devkitpro1.5.3/devkitarm/bin/../lib/gcc/arm-none-eabi/4.7.1/../../../../arm-none-eabi/lib/thumb\libc.a(lib_a-mlock.o)
                0x080081c0                __malloc_lock
                0x080081c4                __malloc_unlock
 .text          0x080081c8      0x978 q:/devkitpro1.5.3/devkitarm/bin/../lib/gcc/arm-none-eabi/4.7.1/../../../../arm-none-eabi/lib/thumb\libc.a(lib_a-mprec.o)
                0x080081c8                _Balloc
                0x0800821c                _Bfree
                0x08008234                __multadd
                0x080082e0                __s2b
                0x0800837c                __hi0bits
                0x080083b4                __lo0bits
                0x08008414                __i2b
                0x0800842c                __multiply
                0x08008590                __pow5mult
                0x08008640                __lshift
                0x08008710                __mcmp
                0x0800874c                __mdiff
                0x0800883c                __ulp
                0x08008884                __b2d
                0x08008928                __d2b
                0x080089e0                __ratio
                0x08008a5c                _mprec_log10
                0x08008a9c                __copybits
                0x08008ae4                __any_on
 .text          0x08008b40       0x5c q:/devkitpro1.5.3/devkitarm/bin/../lib/gcc/arm-none-eabi/4.7.1/../../../../arm-none-eabi/lib/thumb\libc.a(lib_a-s_fpclassify.o)
                0x08008b40                __fpclassifyd
 .text          0x08008b9c       0x50 q:/devkitpro1.5.3/devkitarm/bin/../lib/gcc/arm-none-eabi/4.7.1/../../../../arm-none-eabi/lib/thumb\libc.a(lib_a-strcasecmp.o)
                0x08008b9c                strcasecmp
 .text          0x08008bec       0x50 q:/devkitpro1.5.3/devkitarm/bin/../lib/gcc/arm-none-eabi/4.7.1/../../../../arm-none-eabi/lib/thumb\libc.a(lib_a-strcat.o)
                0x08008bec                strcat
 .text          0x08008c3c       0xd4 q:/devkitpro1.5.3/devkitarm/bin/../lib/gcc/arm-none-eabi/4.7.1/../../../../arm-none-eabi/lib/thumb\libc.a(lib_a-strchr.o)
                0x08008c3c                strchr
 .text          0x08008d10       0x14 q:/devkitpro1.5.3/devkitarm/bin/../lib/gcc/arm-none-eabi/4.7.1/../../../../arm-none-eabi/lib/thumb\libc.a(lib_a-strcmp.o)
                0x08008d10                strcmp
 .text          0x08008d24       0x10 q:/devkitpro1.5.3/devkitarm/bin/../lib/gcc/arm-none-eabi/4.7.1/../../../../arm-none-eabi/lib/thumb\libc.a(lib_a-strcpy.o)
                0x08008d24                strcpy
 .text          0x08008d34       0x48 q:/devkitpro1.5.3/devkitarm/bin/../lib/gcc/arm-none-eabi/4.7.1/../../../../arm-none-eabi/lib/thumb\libc.a(lib_a-strlcpy.o)
                0x08008d34                strlcpy
 .text          0x08008d7c       0x10 q:/devkitpro1.5.3/devkitarm/bin/../lib/gcc/arm-none-eabi/4.7.1/../../../../arm-none-eabi/lib/thumb\libc.a(lib_a-strlen.o)
                0x08008d7c                strlen
 .text          0x08008d8c       0x60 q:/devkitpro1.5.3/devkitarm/bin/../lib/gcc/arm-none-eabi/4.7.1/../../../../arm-none-eabi/lib/thumb\libc.a(lib_a-strncasecmp.o)
                0x08008d8c                strncasecmp
 .text          0x08008dec       0xbc q:/devkitpro1.5.3/devkitarm/bin/../lib/gcc/arm-none-eabi/4.7.1/../../../../arm-none-eabi/lib/thumb\libc.a(lib_a-strncmp.o)
                0x08008dec                strncmp
 .text          0x08008ea8       0x60 q:/devkitpro1.5.3/devkitarm/bin/../lib/gcc/arm-none-eabi/4.7.1/../../../../arm-none-eabi/lib/thumb\libc.a(lib_a-strncpy.o)
                0x08008ea8                strncpy
 .text          0x08008f08      0xeb4 q:/devkitpro1.5.3/devkitarm/bin/../lib/gcc/arm-none-eabi/4.7.1/../../../../arm-none-eabi/lib/thumb\libc.a(lib_a-svfiprintf.o)
                0x08008f08                __ssprint_r
                0x08009038                _svfiprintf_r
 .text          0x08009dbc      0x150 q:/devkitpro1.5.3/devkitarm/bin/../lib/gcc/arm-none-eabi/4.7.1/../../../../arm-none-eabi/lib/thumb\libc.a(lib_a-wcsnrtombs.o)
                0x08009dbc                _wcsnrtombs_r
                0x08009edc                wcsnrtombs
 .text          0x08009f0c       0x64 q:/devkitpro1.5.3/devkitarm/bin/../lib/gcc/arm-none-eabi/4.7.1/../../../../arm-none-eabi/lib/thumb\libc.a(lib_a-callocr.o)
                0x08009f0c                _calloc_r
 .text          0x08009f70       0xa8 q:/devkitpro1.5.3/devkitarm/bin/../lib/gcc/arm-none-eabi/4.7.1/../../../../arm-none-eabi/lib/thumb\libc.a(lib_a-getenv_r.o)
                0x08009f70                _findenv_r
                0x0800a008                _getenv_r
 .text          0x0800a018       0xb0 q:/devkitpro1.5.3/devkitarm/bin/../lib/gcc/arm-none-eabi/4.7.1/../../../../arm-none-eabi/lib/thumb\libc.a(lib_a-memmove.o)
                0x0800a018                memmove
 .text          0x0800a0c8      0x3e8 q:/devkitpro1.5.3/devkitarm/bin/../lib/gcc/arm-none-eabi/4.7.1/../../../../arm-none-eabi/lib/thumb\libc.a(lib_a-reallocr.o)
                0x0800a0c8                _realloc_r
 .text          0x0800a4b0        0x0 q:/devkitpro1.5.3/devkitarm/bin/../lib/gcc/arm-none-eabi/4.7.1/../../../../arm-none-eabi/lib/thumb\libc.a(lib_a-environ.o)
 .text          0x0800a4b0        0x8 q:/devkitpro1.5.3/devkitarm/bin/../lib/gcc/arm-none-eabi/4.7.1/../../../../arm-none-eabi/lib/thumb\libc.a(lib_a-envlock.o)
                0x0800a4b0                __env_lock
                0x0800a4b4                __env_unlock
 .text          0x0800a4b8       0x54 q:/devkitpro1.5.3/devkitarm/bin/../lib/gcc/arm-none-eabi/4.7.1/../../../../arm-none-eabi/lib/thumb\libsysbase.a(sbrk.o)
                0x0800a4b8                _sbrk_r
 .text          0x0800a50c        0x0 q:/devkitpro1.5.3/devkitarm/bin/../lib/gcc/arm-none-eabi/4.7.1/../../../../arm-none-eabi/lib/thumb\libsysbase.a(malloc_vars.o)
 .text          0x0800a50c      0x11c q:/devkitpro1.5.3/devkitarm/bin/../lib/gcc/arm-none-eabi/4.7.1/thumb\libgcc.a(_udivsi3.o)
                0x0800a50c                __aeabi_uidiv
                0x0800a50c                __udivsi3
                0x0800a608                __aeabi_uidivmod
 .text          0x0800a628      0x41c q:/devkitpro1.5.3/devkitarm/bin/../lib/gcc/arm-none-eabi/4.7.1/thumb\libgcc.a(_arm_addsubdf3.o)
                0x0800a628                __aeabi_drsub
                0x0800a630                __aeabi_dsub
                0x0800a630                __subdf3
                0x0800a634                __aeabi_dadd
                0x0800a634                __adddf3
                0x0800a944                __floatunsidf
                0x0800a944                __aeabi_ui2d
                0x0800a968                __floatsidf
                0x0800a968                __aeabi_i2d
                0x0800a990                __aeabi_f2d
                0x0800a990                __extendsfdf2
                0x0800a9d0                __floatundidf
                0x0800a9d0                __aeabi_ul2d
                0x0800a9e4                __floatdidf
                0x0800a9e4                __aeabi_l2d
 .text          0x0800aa44      0x49c q:/devkitpro1.5.3/devkitarm/bin/../lib/gcc/arm-none-eabi/4.7.1/thumb\libgcc.a(_arm_muldivdf3.o)
                0x0800aa44                __aeabi_dmul
                0x0800aa44                __muldf3
                0x0800acd4                __divdf3
                0x0800acd4                __aeabi_ddiv
 .text          0x0800aee0      0x144 q:/devkitpro1.5.3/devkitarm/bin/../lib/gcc/arm-none-eabi/4.7.1/thumb\libgcc.a(_arm_cmpdf2.o)
                0x0800aee0                __gtdf2
                0x0800aee0                __gedf2
                0x0800aee8                __ltdf2
                0x0800aee8                __ledf2
                0x0800aef0                __nedf2
                0x0800aef0                __eqdf2
                0x0800aef0                __cmpdf2
                0x0800af78                __aeabi_cdrcmple
                0x0800af94                __aeabi_cdcmpeq
                0x0800af94                __aeabi_cdcmple
                0x0800afac                __aeabi_dcmpeq
                0x0800afc4                __aeabi_dcmplt
                0x0800afdc                __aeabi_dcmple
                0x0800aff4                __aeabi_dcmpge
                0x0800b00c                __aeabi_dcmpgt
 .text          0x0800b024       0x5c q:/devkitpro1.5.3/devkitarm/bin/../lib/gcc/arm-none-eabi/4.7.1/thumb\libgcc.a(_arm_fixdfsi.o)
                0x0800b024                __aeabi_d2iz
                0x0800b024                __fixdfsi
 .text          0x0800b080       0x3c q:/devkitpro1.5.3/devkitarm/bin/../lib/gcc/arm-none-eabi/4.7.1/thumb\libgcc.a(_aeabi_uldivmod.o)
                0x0800b080                __aeabi_uldivmod
 .text          0x0800b0bc       0x7c q:/devkitpro1.5.3/devkitarm/bin/../lib/gcc/arm-none-eabi/4.7.1/thumb\libgcc.a(bpabi.o)
                0x0800b0bc                __gnu_ldivmod_helper
                0x0800b0fc                __gnu_uldivmod_helper
 .text          0x0800b138       0x4c q:/devkitpro1.5.3/devkitarm/bin/../lib/gcc/arm-none-eabi/4.7.1/thumb\libgcc.a(_muldi3.o)
                0x0800b138                __muldi3
                0x0800b138                __aeabi_lmul
 .text          0x0800b184      0x3d4 q:/devkitpro1.5.3/devkitarm/bin/../lib/gcc/arm-none-eabi/4.7.1/thumb\libgcc.a(_divdi3.o)
                0x0800b184                __divdi3
 .text          0x0800b558      0x3a0 q:/devkitpro1.5.3/devkitarm/bin/../lib/gcc/arm-none-eabi/4.7.1/thumb\libgcc.a(_udivdi3.o)
                0x0800b558                __udivdi3
 .text          0x0800b8f8       0x48 q:/devkitpro1.5.3/devkitarm/bin/../lib/gcc/arm-none-eabi/4.7.1/thumb\libgcc.a(_clzsi2.o)
                0x0800b8f8                __clzsi2
 .text          0x0800b940        0x0 q:/devkitpro1.5.3/devkitarm/bin/../lib/gcc/arm-none-eabi/4.7.1/thumb/crtend.o
 .text          0x0800b940        0x0 q:/devkitpro1.5.3/devkitarm/bin/../lib/gcc/arm-none-eabi/4.7.1/thumb/crtn.o
 *(.text .stub .text.* .gnu.linkonce.t.*)
 .text.startup  0x0800b940      0x6c0 main.o
                0x0800b940                main
 .text.startup.stub
                0x0800c000       0xac linker stubs
 *(.text.*personality*)
 *(.gnu.warning)
 *(.glue_7t)
 .glue_7t       0x00000000        0x0 linker stubs
 *(.glue_7)
 .glue_7        0x00000000        0x0 linker stubs
 *(.vfp11_veneer)
 .vfp11_veneer  0x00000000        0x0 linker stubs
                0x0800c0ac                . = ALIGN (0x4)
                0x0800c0ac                __text_end = .

.v4_bx          0x0800c0b8        0x0
 .v4_bx         0x00000000        0x0 linker stubs

.iplt           0x0800c0b8        0x0
 .iplt          0x00000000        0x0 q:/devkitpro1.5.3/devkitarm/bin/../lib/gcc/arm-none-eabi/4.7.1/../../../../arm-none-eabi/lib/thumb/gba_crt0.o

.fini           0x0800c0b8        0xc
 *(.fini)
 .fini          0x0800c0b8        0x4 q:/devkitpro1.5.3/devkitarm/bin/../lib/gcc/arm-none-eabi/4.7.1/thumb/crti.o
                0x0800c0b8                _fini
 .fini          0x0800c0bc        0x8 q:/devkitpro1.5.3/devkitarm/bin/../lib/gcc/arm-none-eabi/4.7.1/thumb/crtn.o
                0x0800c0c4                . = ALIGN (0x4)

.rodata         0x0800c0c8     0xfc70
 *(.rodata)
 .rodata        0x0800c0c8       0x6c main.o
 .rodata        0x0800c134      0x220 boxes/BoxClear.o
                0x0800c134                BoxClearPal
                0x0800c334                BoxClearTiles
 .rodata        0x0800c354      0x220 boxes/Box1.o
                0x0800c354                Box1Pal
                0x0800c554                Box1Tiles
 .rodata        0x0800c574      0x220 boxes/Box2.o
                0x0800c574                Box2Pal
                0x0800c774                Box2Tiles
 .rodata        0x0800c794      0x220 boxes/Box3.o
                0x0800c794                Box3Pal
                0x0800c994                Box3Tiles
 .rodata        0x0800c9b4      0x220 boxes/Box4.o
                0x0800c9b4                Box4Pal
                0x0800cbb4                Box4Tiles
 .rodata        0x0800cbd4      0x220 boxes/Box5.o
                0x0800cbd4                Box5Pal
                0x0800cdd4                Box5Tiles
 .rodata        0x0800cdf4      0x220 boxes/Box6.o
                0x0800cdf4                Box6Pal
                0x0800cff4                Box6Tiles
 .rodata        0x0800d014      0x220 boxes/Box7.o
                0x0800d014                Box7Pal
                0x0800d214                Box7Tiles
 .rodata        0x0800d234      0x220 boxes/Box8.o
                0x0800d234                Box8Pal
                0x0800d434                Box8Tiles
 .rodata        0x0800d454      0x220 boxes/Box9.o
                0x0800d454                Box9Pal
                0x0800d654                Box9Tiles
 .rodata        0x0800d674      0x220 dropbox/DBox1clear.o
                0x0800d674                DBox1clearPal
                0x0800d874                DBox1clearTiles
 .rodata        0x0800d894      0x220 dropbox/DBox2clear.o
                0x0800d894                DBox2clearPal
                0x0800da94                DBox2clearTiles
 .rodata        0x0800dab4      0x220 dropbox/DBox3clear.o
                0x0800dab4                DBox3clearPal
                0x0800dcb4                DBox3clearTiles
 .rodata        0x0800dcd4      0x220 dropbox/DBox4clear.o
                0x0800dcd4                DBox4clearPal
                0x0800ded4                DBox4clearTiles
 .rodata        0x0800def4      0x220 dropbox/DBox5clear.o
                0x0800def4                DBox5clearPal
                0x0800e0f4                DBox5clearTiles
 .rodata        0x0800e114      0x220 dropbox/DBox6clear.o
                0x0800e114                DBox6clearPal
                0x0800e314                DBox6clearTiles
 .rodata        0x0800e334      0x220 dropbox/DBox7clear.o
                0x0800e334                DBox7clearPal
                0x0800e534                DBox7clearTiles
 .rodata        0x0800e554      0x220 dropbox/DBox8clear.o
                0x0800e554                DBox8clearPal
                0x0800e754                DBox8clearTiles
 .rodata        0x0800e774      0x220 dropbox/DBox9clear.o
                0x0800e774                DBox9clearPal
                0x0800e974                DBox9clearTiles
 .rodata        0x0800e994      0x220 dropbox/DBoxclear.o
                0x0800e994                DBoxclearPal
                0x0800eb94                DBoxclearTiles
 .rodata        0x0800ebb4      0xa40 levels/StageTutPnP.o
                0x0800ebb4                StageTutPnPPal
                0x0800edb4                StageTutPnPMap
                0x0800f5b4                StageTutPnPTiles
 .rodata        0x0800f5f4      0xa40 levels/StageTutPnPWALLS.o
                0x0800f5f4                StageTutPnPWALLSPal
                0x0800f7f4                StageTutPnPWALLSMap
                0x0800fff4                StageTutPnPWALLSTiles
 .rodata        0x08010034      0xa40 levels/Stage1Color.o
                0x08010034                Stage1ColorPal
                0x08010234                Stage1ColorMap
                0x08010a34                Stage1ColorTiles
 .rodata        0x08010a74      0xa40 levels/Stage1ColorWalls.o
                0x08010a74                Stage1ColorWallsPal
                0x08010c74                Stage1ColorWallsMap
                0x08011474                Stage1ColorWallsTiles
 .rodata        0x080114b4      0xa40 levels/Stage2ColorCombo.o
                0x080114b4                Stage2ColorComboPal
                0x080116b4                Stage2ColorComboMap
                0x08011eb4                Stage2ColorComboTiles
 .rodata        0x08011ef4      0xa40 levels/Stage2ColorComboWALL.o
                0x08011ef4                Stage2ColorComboWALLPal
                0x080120f4                Stage2ColorComboWALLMap
                0x080128f4                Stage2ColorComboWALLTiles
 .rodata        0x08012934      0xa40 levels/Stage3NumberCombo.o
                0x08012934                Stage3NumberComboPal
                0x08012b34                Stage3NumberComboMap
                0x08013334                Stage3NumberComboTiles
 .rodata        0x08013374      0xa40 levels/Stage3NumberComboWalls.o
                0x08013374                Stage3NumberComboWallsPal
                0x08013574                Stage3NumberComboWallsMap
                0x08013d74                Stage3NumberComboWallsTiles
 .rodata        0x08013db4      0xa80 levels/Stage4.o
                0x08013db4                Stage4Pal
                0x08013fb4                Stage4Map
                0x080147b4                Stage4Tiles
 .rodata        0x08014834      0xa40 levels/Stage4Walls.o
                0x08014834                Stage4WallsPal
                0x08014a34                Stage4WallsMap
                0x08015234                Stage4WallsTiles
 .rodata        0x08015274      0xa40 levels/Stage5new.o
                0x08015274                Stage5newPal
                0x08015474                Stage5newMap
                0x08015c74                Stage5newTiles
 .rodata        0x08015cb4      0xa40 levels/Stage5newWalls.o
                0x08015cb4                Stage5newWallsPal
                0x08015eb4                Stage5newWallsMap
                0x080166b4                Stage5newWallsTiles
 .rodata        0x080166f4      0xa40 levels/Stage6Both.o
                0x080166f4                Stage6BothPal
                0x080168f4                Stage6BothMap
                0x080170f4                Stage6BothTiles
 .rodata        0x08017134      0xa40 levels/Stage6BothWalls.o
                0x08017134                Stage6BothWallsPal
                0x08017334                Stage6BothWallsMap
                0x08017b34                Stage6BothWallsTiles
 .rodata        0x08017b74      0xa40 levels/Stage7Both.o
                0x08017b74                Stage7BothPal
                0x08017d74                Stage7BothMap
                0x08018574                Stage7BothTiles
 .rodata        0x080185b4      0xa40 levels/Stage7BothWalls.o
                0x080185b4                Stage7BothWallsPal
                0x080187b4                Stage7BothWallsMap
                0x08018fb4                Stage7BothWallsTiles
 .rodata        0x08018ff4      0xa40 levels/Stage9Both.o
                0x08018ff4                Stage9BothPal
                0x080191f4                Stage9BothMap
                0x080199f4                Stage9BothTiles
 .rodata        0x08019a34      0xa40 levels/Stage9Walls.o
                0x08019a34                Stage9WallsPal
                0x08019c34                Stage9WallsMap
                0x0801a434                Stage9WallsTiles
 .rodata        0x0801a474      0x220 other/EndZone.o
                0x0801a474                EndZonePal
                0x0801a674                EndZoneTiles
 .rodata        0x0801a694      0x220 player.o
                0x0801a694                playerPal
                0x0801a894                playerTiles
 .rodata        0x0801a8b4      0x220 other/MovingBlocks.o
                0x0801a8b4                MovingBlocksPal
                0x0801aab4                MovingBlocksTiles
 .rodata        0x0801aad4      0x1f0 tonclib/lib\libtonc.a(tte_main.o)
 .rodata        0x0801acc4      0x318 tonclib/lib\libtonc.a(sys8.o)
                0x0801acc4                sys8Font
                0x0801acdc                sys8Glyphs
 .rodata        0x0801afdc       0x1c tonclib/lib\libtonc.a(tonc_surface.o)
 .rodata        0x0801aff8       0x3c tonclib/lib\libtonc.a(tonc_sbmp16.o)
                0x0801aff8                bmp16_tab
                0x0801b020                m3_surface
 .rodata        0x0801b034      0x104 q:/devkitpro1.5.3/devkitarm/bin/../lib/gcc/arm-none-eabi/4.7.1/../../../../arm-none-eabi/lib/thumb\libc.a(lib_a-ctype_.o)
                0x0801b034                _ctype_
 .rodata        0x0801b138      0x184 q:/devkitpro1.5.3/devkitarm/bin/../lib/gcc/arm-none-eabi/4.7.1/../../../../arm-none-eabi/lib/thumb\libc.a(lib_a-svfprintf.o)
 .rodata        0x0801b2bc        0x4 q:/devkitpro1.5.3/devkitarm/bin/../lib/gcc/arm-none-eabi/4.7.1/../../../../arm-none-eabi/lib/thumb\libc.a(lib_a-impure.o)
                0x0801b2bc                _global_impure_ptr
 .rodata        0x0801b2c0       0xf0 q:/devkitpro1.5.3/devkitarm/bin/../lib/gcc/arm-none-eabi/4.7.1/../../../../arm-none-eabi/lib/thumb\libc.a(lib_a-locale.o)
 .rodata        0x0801b3b0       0xa8 q:/devkitpro1.5.3/devkitarm/bin/../lib/gcc/arm-none-eabi/4.7.1/../../../../arm-none-eabi/lib/thumb\libc.a(lib_a-mbtowc_r.o)
 .rodata        0x0801b458      0x128 q:/devkitpro1.5.3/devkitarm/bin/../lib/gcc/arm-none-eabi/4.7.1/../../../../arm-none-eabi/lib/thumb\libc.a(lib_a-mprec.o)
                0x0801b468                __mprec_tens
                0x0801b530                __mprec_tinytens
                0x0801b558                __mprec_bigtens
 .rodata        0x0801b580      0x184 q:/devkitpro1.5.3/devkitarm/bin/../lib/gcc/arm-none-eabi/4.7.1/../../../../arm-none-eabi/lib/thumb\libc.a(lib_a-svfiprintf.o)
 *all.rodata*(*)
 *(.roda)
 *(.rodata.*)
 .rodata.str1.4
                0x0801b704      0x4ac main.o
 .rodata.str1.4
                0x0801bbb0        0x6 tonclib/lib\libtonc.a(tonc_sbmp16.o)
                                  0x8 (size before relaxing)
 *fill*         0x0801bbb6        0x2 ff
 .rodata.str1.4
                0x0801bbb8       0x42 q:/devkitpro1.5.3/devkitarm/bin/../lib/gcc/arm-none-eabi/4.7.1/../../../../arm-none-eabi/lib/thumb\libc.a(lib_a-svfprintf.o)
                                 0x44 (size before relaxing)
 *fill*         0x0801bbfa        0x2 ff
 .rodata.str1.4
                0x0801bbfc       0x10 q:/devkitpro1.5.3/devkitarm/bin/../lib/gcc/arm-none-eabi/4.7.1/../../../../arm-none-eabi/lib/thumb\libc.a(lib_a-dtoa.o)
                                 0x14 (size before relaxing)
 .rodata.str1.4
                0x0801bc0c        0x2 q:/devkitpro1.5.3/devkitarm/bin/../lib/gcc/arm-none-eabi/4.7.1/../../../../arm-none-eabi/lib/thumb\libc.a(lib_a-impure.o)
                                  0x4 (size before relaxing)
 *fill*         0x0801bc0e        0x2 ff
 .rodata.str1.4
                0x0801bc10      0x128 q:/devkitpro1.5.3/devkitarm/bin/../lib/gcc/arm-none-eabi/4.7.1/../../../../arm-none-eabi/lib/thumb\libc.a(lib_a-locale.o)
                                0x130 (size before relaxing)
 .rodata.str1.4
                0x00000000       0x30 q:/devkitpro1.5.3/devkitarm/bin/../lib/gcc/arm-none-eabi/4.7.1/../../../../arm-none-eabi/lib/thumb\libc.a(lib_a-svfiprintf.o)
 *(.gnu.linkonce.r*)
                0x0801bd38                . = ALIGN (0x4)

.ARM.extab
 *(.ARM.extab* .gnu.linkonce.armextab.*)
                0x0801bd38                __exidx_start = .

.ARM.exidx
 *(.ARM.exidx* .gnu.linkonce.armexidx.*)
                0x0801bd38                __exidx_end = .

.ctors          0x0801bd38        0x0
 *crtbegin.o(.ctors)
 *(EXCLUDE_FILE(*crtend.o) .ctors)
 *(SORT(.ctors.*))
 *(.ctors)
                0x0801bd38                . = ALIGN (0x4)

.dtors          0x0801bd38        0x0
 *crtbegin.o(.dtors)
 *(EXCLUDE_FILE(*crtend.o) .dtors)
 *(SORT(.dtors.*))
 *(.dtors)
                0x0801bd38                . = ALIGN (0x4)

.eh_frame       0x0801bd38        0x4
 *(.eh_frame)
 .eh_frame      0x0801bd38        0x0 q:/devkitpro1.5.3/devkitarm/bin/../lib/gcc/arm-none-eabi/4.7.1/thumb/crtbegin.o
 .eh_frame      0x0801bd38        0x4 q:/devkitpro1.5.3/devkitarm/bin/../lib/gcc/arm-none-eabi/4.7.1/thumb/crtend.o
                0x0801bd3c                . = ALIGN (0x4)

.gcc_except_table
                0x0801bd3c        0x0
 *(.gcc_except_table)
                0x0801bd3c                . = ALIGN (0x4)
                0x0801bd3c                __iwram_lma = .

.iwram          0x03000000       0x84 load address 0x0801bd3c
                0x03000000                __iwram_start__ = ABSOLUTE (.)
 *(.iwram)
 .iwram         0x03000000       0x38 tonclib/lib\libtonc.a(tonc_memcpy.o)
                0x03000000                memcpy32
 .iwram         0x03000038       0x4c tonclib/lib\libtonc.a(tonc_memset.o)
                0x03000038                memset32
 *iwram.*(.text)
                0x03000084                . = ALIGN (0x4)
                0x03000084                __iwram_end__ = ABSOLUTE (.)
                0x0801bdc0                __data_lma = (__iwram_lma + SIZEOF (.iwram))

.rel.dyn        0x03000084        0x0 load address 0x0801bdc0
 .rel.iplt      0x00000000        0x0 q:/devkitpro1.5.3/devkitarm/bin/../lib/gcc/arm-none-eabi/4.7.1/../../../../arm-none-eabi/lib/thumb/gba_crt0.o

.bss            0x03000084     0x17cc
                0x03000084                __bss_start = ABSOLUTE (.)
                0x03000084                __bss_start__ = ABSOLUTE (.)
 *(.dynbss)
 *(.gnu.linkonce.b*)
 *(.bss*)
 .bss           0x03000084        0x0 q:/devkitpro1.5.3/devkitarm/bin/../lib/gcc/arm-none-eabi/4.7.1/../../../../arm-none-eabi/lib/thumb/gba_crt0.o
 .bss           0x03000084        0x0 q:/devkitpro1.5.3/devkitarm/bin/../lib/gcc/arm-none-eabi/4.7.1/thumb/crti.o
 .bss           0x03000084       0x1c q:/devkitpro1.5.3/devkitarm/bin/../lib/gcc/arm-none-eabi/4.7.1/thumb/crtbegin.o
 .bss           0x030000a0       0x20 main.o
                0x030000a0                backgroundX
                0x030000a4                backgroundY
                0x030000a8                currentState
                0x030000ac                gameState
                0x030000b0                numStep
                0x030000b4                menuSelection
                0x030000b8                hScore
                0x030000bc                pScore
 .bss           0x030000c0        0x0 boxes/BoxClear.o
 .bss           0x030000c0        0x0 boxes/Box1.o
 .bss           0x030000c0        0x0 boxes/Box2.o
 .bss           0x030000c0        0x0 boxes/Box3.o
 .bss           0x030000c0        0x0 boxes/Box4.o
 .bss           0x030000c0        0x0 boxes/Box5.o
 .bss           0x030000c0        0x0 boxes/Box6.o
 .bss           0x030000c0        0x0 boxes/Box7.o
 .bss           0x030000c0        0x0 boxes/Box8.o
 .bss           0x030000c0        0x0 boxes/Box9.o
 .bss           0x030000c0        0x0 dropbox/DBox1clear.o
 .bss           0x030000c0        0x0 dropbox/DBox2clear.o
 .bss           0x030000c0        0x0 dropbox/DBox3clear.o
 .bss           0x030000c0        0x0 dropbox/DBox4clear.o
 .bss           0x030000c0        0x0 dropbox/DBox5clear.o
 .bss           0x030000c0        0x0 dropbox/DBox6clear.o
 .bss           0x030000c0        0x0 dropbox/DBox7clear.o
 .bss           0x030000c0        0x0 dropbox/DBox8clear.o
 .bss           0x030000c0        0x0 dropbox/DBox9clear.o
 .bss           0x030000c0        0x0 dropbox/DBoxclear.o
 .bss           0x030000c0        0x0 levels/StageTutPnP.o
 .bss           0x030000c0        0x0 levels/StageTutPnPWALLS.o
 .bss           0x030000c0        0x0 levels/Stage1Color.o
 .bss           0x030000c0        0x0 levels/Stage1ColorWalls.o
 .bss           0x030000c0        0x0 levels/Stage2ColorCombo.o
 .bss           0x030000c0        0x0 levels/Stage2ColorComboWALL.o
 .bss           0x030000c0        0x0 levels/Stage3NumberCombo.o
 .bss           0x030000c0        0x0 levels/Stage3NumberComboWalls.o
 .bss           0x030000c0        0x0 levels/Stage4.o
 .bss           0x030000c0        0x0 levels/Stage4Walls.o
 .bss           0x030000c0        0x0 levels/Stage5new.o
 .bss           0x030000c0        0x0 levels/Stage5newWalls.o
 .bss           0x030000c0        0x0 levels/Stage6Both.o
 .bss           0x030000c0        0x0 levels/Stage6BothWalls.o
 .bss           0x030000c0        0x0 levels/Stage7Both.o
 .bss           0x030000c0        0x0 levels/Stage7BothWalls.o
 .bss           0x030000c0        0x0 levels/Stage9Both.o
 .bss           0x030000c0        0x0 levels/Stage9Walls.o
 .bss           0x030000c0        0x0 other/EndZone.o
 .bss           0x030000c0        0x0 player.o
 .bss           0x030000c0        0x0 other/MovingBlocks.o
 .bss           0x030000c0        0x4 tonclib/lib\libtonc.a(tonc_input.o)
                0x030000c0                __key_curr
                0x030000c2                __key_prev
 .bss           0x030000c4        0x0 tonclib/lib\libtonc.a(tonc_oam.o)
 .bss           0x030000c4        0x0 tonclib/lib\libtonc.a(tte_init_se.o)
 .bss           0x030000c4        0x0 tonclib/lib\libtonc.a(tte_main.o)
 .bss           0x030000c4        0x0 tonclib/lib\libtonc.a(tonc_bios.o)
 .bss           0x030000c4        0x0 tonclib/lib\libtonc.a(tonc_bios_ex.o)
 .bss           0x030000c4        0x0 tonclib/lib\libtonc.a(tonc_memcpy.o)
 .bss           0x030000c4        0x0 tonclib/lib\libtonc.a(sys8.o)
 .bss           0x030000c4        0x0 tonclib/lib\libtonc.a(tonc_surface.o)
 .bss           0x030000c4        0x0 tonclib/lib\libtonc.a(se_drawg.o)
 .bss           0x030000c4        0x0 tonclib/lib\libtonc.a(tonc_sbmp16.o)
 .bss           0x030000c4        0x0 tonclib/lib\libtonc.a(tonc_memset.o)
 .bss           0x030000c4        0x0 q:/devkitpro1.5.3/devkitarm/bin/../lib/gcc/arm-none-eabi/4.7.1/thumb\libgcc.a(_divsi3.o)
 .bss           0x030000c4        0x0 q:/devkitpro1.5.3/devkitarm/bin/../lib/gcc/arm-none-eabi/4.7.1/thumb\libgcc.a(_dvmd_tls.o)
 .bss           0x030000c4        0x0 q:/devkitpro1.5.3/devkitarm/bin/../lib/gcc/arm-none-eabi/4.7.1/../../../../arm-none-eabi/lib/thumb\libc.a(lib_a-ctype_.o)
 .bss           0x030000c4        0x0 q:/devkitpro1.5.3/devkitarm/bin/../lib/gcc/arm-none-eabi/4.7.1/../../../../arm-none-eabi/lib/thumb\libc.a(lib_a-init.o)
 .bss           0x030000c4        0x0 q:/devkitpro1.5.3/devkitarm/bin/../lib/gcc/arm-none-eabi/4.7.1/../../../../arm-none-eabi/lib/thumb\libc.a(lib_a-memcpy-stub.o)
 .bss           0x030000c4        0x0 q:/devkitpro1.5.3/devkitarm/bin/../lib/gcc/arm-none-eabi/4.7.1/../../../../arm-none-eabi/lib/thumb\libc.a(lib_a-memset.o)
 .bss           0x030000c4        0x0 q:/devkitpro1.5.3/devkitarm/bin/../lib/gcc/arm-none-eabi/4.7.1/../../../../arm-none-eabi/lib/thumb\libc.a(lib_a-sprintf.o)
 .bss           0x030000c4        0x0 q:/devkitpro1.5.3/devkitarm/bin/../lib/gcc/arm-none-eabi/4.7.1/../../../../arm-none-eabi/lib/thumb\libc.a(lib_a-strtol.o)
 .bss           0x030000c4        0x0 q:/devkitpro1.5.3/devkitarm/bin/../lib/gcc/arm-none-eabi/4.7.1/../../../../arm-none-eabi/lib/thumb\libc.a(lib_a-svfprintf.o)
 .bss           0x030000c4        0x0 q:/devkitpro1.5.3/devkitarm/bin/../lib/gcc/arm-none-eabi/4.7.1/../../../../arm-none-eabi/lib/thumb\libc.a(lib_a-wcrtomb.o)
 .bss           0x030000c4        0x0 q:/devkitpro1.5.3/devkitarm/bin/../lib/gcc/arm-none-eabi/4.7.1/../../../../arm-none-eabi/lib/thumb\libc.a(lib_a-wcsrtombs.o)
 .bss           0x030000c4        0x0 q:/devkitpro1.5.3/devkitarm/bin/../lib/gcc/arm-none-eabi/4.7.1/../../../../arm-none-eabi/lib/thumb\libc.a(lib_a-wctomb_r.o)
 .bss           0x030000c4        0x0 q:/devkitpro1.5.3/devkitarm/bin/../lib/gcc/arm-none-eabi/4.7.1/../../../../arm-none-eabi/lib/thumb\libc.a(lib_a-dtoa.o)
 .bss           0x030000c4        0x0 q:/devkitpro1.5.3/devkitarm/bin/../lib/gcc/arm-none-eabi/4.7.1/../../../../arm-none-eabi/lib/thumb\libc.a(lib_a-freer.o)
 .bss           0x030000c4        0x0 q:/devkitpro1.5.3/devkitarm/bin/../lib/gcc/arm-none-eabi/4.7.1/../../../../arm-none-eabi/lib/thumb\libc.a(lib_a-impure.o)
 .bss           0x030000c4      0x2b8 q:/devkitpro1.5.3/devkitarm/bin/../lib/gcc/arm-none-eabi/4.7.1/../../../../arm-none-eabi/lib/thumb\libc.a(lib_a-locale.o)
                0x03000370                _PathLocale
                0x03000374                __mlocale_changed
                0x03000378                __nlocale_changed
 .bss           0x0300037c       0x34 q:/devkitpro1.5.3/devkitarm/bin/../lib/gcc/arm-none-eabi/4.7.1/../../../../arm-none-eabi/lib/thumb\libc.a(lib_a-mallocr.o)
                0x0300037c                __malloc_top_pad
                0x03000380                __malloc_current_mallinfo
                0x030003a8                __malloc_max_sbrked_mem
                0x030003ac                __malloc_max_total_mem
 .bss           0x030003b0        0x0 q:/devkitpro1.5.3/devkitarm/bin/../lib/gcc/arm-none-eabi/4.7.1/../../../../arm-none-eabi/lib/thumb\libc.a(lib_a-mbtowc_r.o)
 .bss           0x030003b0        0x0 q:/devkitpro1.5.3/devkitarm/bin/../lib/gcc/arm-none-eabi/4.7.1/../../../../arm-none-eabi/lib/thumb\libc.a(lib_a-memchr-stub.o)
 .bss           0x030003b0        0x0 q:/devkitpro1.5.3/devkitarm/bin/../lib/gcc/arm-none-eabi/4.7.1/../../../../arm-none-eabi/lib/thumb\libc.a(lib_a-mlock.o)
 .bss           0x030003b0        0x0 q:/devkitpro1.5.3/devkitarm/bin/../lib/gcc/arm-none-eabi/4.7.1/../../../../arm-none-eabi/lib/thumb\libc.a(lib_a-mprec.o)
 .bss           0x030003b0        0x0 q:/devkitpro1.5.3/devkitarm/bin/../lib/gcc/arm-none-eabi/4.7.1/../../../../arm-none-eabi/lib/thumb\libc.a(lib_a-s_fpclassify.o)
 .bss           0x030003b0        0x0 q:/devkitpro1.5.3/devkitarm/bin/../lib/gcc/arm-none-eabi/4.7.1/../../../../arm-none-eabi/lib/thumb\libc.a(lib_a-strcasecmp.o)
 .bss           0x030003b0        0x0 q:/devkitpro1.5.3/devkitarm/bin/../lib/gcc/arm-none-eabi/4.7.1/../../../../arm-none-eabi/lib/thumb\libc.a(lib_a-strcat.o)
 .bss           0x030003b0        0x0 q:/devkitpro1.5.3/devkitarm/bin/../lib/gcc/arm-none-eabi/4.7.1/../../../../arm-none-eabi/lib/thumb\libc.a(lib_a-strchr.o)
 .bss           0x030003b0        0x0 q:/devkitpro1.5.3/devkitarm/bin/../lib/gcc/arm-none-eabi/4.7.1/../../../../arm-none-eabi/lib/thumb\libc.a(lib_a-strcmp.o)
 .bss           0x030003b0        0x0 q:/devkitpro1.5.3/devkitarm/bin/../lib/gcc/arm-none-eabi/4.7.1/../../../../arm-none-eabi/lib/thumb\libc.a(lib_a-strcpy.o)
 .bss           0x030003b0        0x0 q:/devkitpro1.5.3/devkitarm/bin/../lib/gcc/arm-none-eabi/4.7.1/../../../../arm-none-eabi/lib/thumb\libc.a(lib_a-strlcpy.o)
 .bss           0x030003b0        0x0 q:/devkitpro1.5.3/devkitarm/bin/../lib/gcc/arm-none-eabi/4.7.1/../../../../arm-none-eabi/lib/thumb\libc.a(lib_a-strlen.o)
 .bss           0x030003b0        0x0 q:/devkitpro1.5.3/devkitarm/bin/../lib/gcc/arm-none-eabi/4.7.1/../../../../arm-none-eabi/lib/thumb\libc.a(lib_a-strncasecmp.o)
 .bss           0x030003b0        0x0 q:/devkitpro1.5.3/devkitarm/bin/../lib/gcc/arm-none-eabi/4.7.1/../../../../arm-none-eabi/lib/thumb\libc.a(lib_a-strncmp.o)
 .bss           0x030003b0        0x0 q:/devkitpro1.5.3/devkitarm/bin/../lib/gcc/arm-none-eabi/4.7.1/../../../../arm-none-eabi/lib/thumb\libc.a(lib_a-strncpy.o)
 .bss           0x030003b0        0x0 q:/devkitpro1.5.3/devkitarm/bin/../lib/gcc/arm-none-eabi/4.7.1/../../../../arm-none-eabi/lib/thumb\libc.a(lib_a-svfiprintf.o)
 .bss           0x030003b0        0x0 q:/devkitpro1.5.3/devkitarm/bin/../lib/gcc/arm-none-eabi/4.7.1/../../../../arm-none-eabi/lib/thumb\libc.a(lib_a-wcsnrtombs.o)
 .bss           0x030003b0        0x0 q:/devkitpro1.5.3/devkitarm/bin/../lib/gcc/arm-none-eabi/4.7.1/../../../../arm-none-eabi/lib/thumb\libc.a(lib_a-callocr.o)
 .bss           0x030003b0        0x0 q:/devkitpro1.5.3/devkitarm/bin/../lib/gcc/arm-none-eabi/4.7.1/../../../../arm-none-eabi/lib/thumb\libc.a(lib_a-getenv_r.o)
 .bss           0x030003b0        0x0 q:/devkitpro1.5.3/devkitarm/bin/../lib/gcc/arm-none-eabi/4.7.1/../../../../arm-none-eabi/lib/thumb\libc.a(lib_a-memmove.o)
 .bss           0x030003b0        0x0 q:/devkitpro1.5.3/devkitarm/bin/../lib/gcc/arm-none-eabi/4.7.1/../../../../arm-none-eabi/lib/thumb\libc.a(lib_a-reallocr.o)
 .bss           0x030003b0        0x4 q:/devkitpro1.5.3/devkitarm/bin/../lib/gcc/arm-none-eabi/4.7.1/../../../../arm-none-eabi/lib/thumb\libc.a(lib_a-environ.o)
 .bss           0x030003b4        0x0 q:/devkitpro1.5.3/devkitarm/bin/../lib/gcc/arm-none-eabi/4.7.1/../../../../arm-none-eabi/lib/thumb\libc.a(lib_a-envlock.o)
 .bss           0x030003b4        0x4 q:/devkitpro1.5.3/devkitarm/bin/../lib/gcc/arm-none-eabi/4.7.1/../../../../arm-none-eabi/lib/thumb\libsysbase.a(sbrk.o)
 .bss           0x030003b8        0x8 q:/devkitpro1.5.3/devkitarm/bin/../lib/gcc/arm-none-eabi/4.7.1/../../../../arm-none-eabi/lib/thumb\libsysbase.a(malloc_vars.o)
                0x030003b8                fake_heap_start
                0x030003bc                fake_heap_end
 .bss           0x030003c0        0x0 q:/devkitpro1.5.3/devkitarm/bin/../lib/gcc/arm-none-eabi/4.7.1/thumb\libgcc.a(_udivsi3.o)
 .bss           0x030003c0        0x0 q:/devkitpro1.5.3/devkitarm/bin/../lib/gcc/arm-none-eabi/4.7.1/thumb\libgcc.a(_arm_addsubdf3.o)
 .bss           0x030003c0        0x0 q:/devkitpro1.5.3/devkitarm/bin/../lib/gcc/arm-none-eabi/4.7.1/thumb\libgcc.a(_arm_muldivdf3.o)
 .bss           0x030003c0        0x0 q:/devkitpro1.5.3/devkitarm/bin/../lib/gcc/arm-none-eabi/4.7.1/thumb\libgcc.a(_arm_cmpdf2.o)
 .bss           0x030003c0        0x0 q:/devkitpro1.5.3/devkitarm/bin/../lib/gcc/arm-none-eabi/4.7.1/thumb\libgcc.a(_arm_fixdfsi.o)
 .bss           0x030003c0        0x0 q:/devkitpro1.5.3/devkitarm/bin/../lib/gcc/arm-none-eabi/4.7.1/thumb\libgcc.a(_aeabi_uldivmod.o)
 .bss           0x030003c0        0x0 q:/devkitpro1.5.3/devkitarm/bin/../lib/gcc/arm-none-eabi/4.7.1/thumb\libgcc.a(bpabi.o)
 .bss           0x030003c0        0x0 q:/devkitpro1.5.3/devkitarm/bin/../lib/gcc/arm-none-eabi/4.7.1/thumb\libgcc.a(_muldi3.o)
 .bss           0x030003c0        0x0 q:/devkitpro1.5.3/devkitarm/bin/../lib/gcc/arm-none-eabi/4.7.1/thumb\libgcc.a(_divdi3.o)
 .bss           0x030003c0        0x0 q:/devkitpro1.5.3/devkitarm/bin/../lib/gcc/arm-none-eabi/4.7.1/thumb\libgcc.a(_udivdi3.o)
 .bss           0x030003c0        0x0 q:/devkitpro1.5.3/devkitarm/bin/../lib/gcc/arm-none-eabi/4.7.1/thumb\libgcc.a(_clzsi2.o)
 .bss           0x030003c0        0x0 q:/devkitpro1.5.3/devkitarm/bin/../lib/gcc/arm-none-eabi/4.7.1/thumb/crtend.o
 .bss           0x030003c0        0x0 q:/devkitpro1.5.3/devkitarm/bin/../lib/gcc/arm-none-eabi/4.7.1/thumb/crtn.o
 *(COMMON)
 COMMON         0x030003c0     0x1448 main.o
                0x030003c0                dropboxes
                0x03000600                player
                0x0300061c                boxes
                0x0300085c                world_grid
                0x0300105c                end
                0x03001078                gates
                0x030013f8                obj_buffer
                0x030017f8                xDistance
                0x030017fc                currBox
                0x03001800                nextBuffer
                0x03001804                yDistance
 COMMON         0x03001808       0x48 tonclib/lib\libtonc.a(tte_main.o)
                0x03001808                __tte_main_context
                0x03001850                . = ALIGN (0x4)
                0x03001850                __bss_end__ = ABSOLUTE (.)

.data           0x03001850      0x9f4 load address 0x0801bdc0
                0x03001850                __data_start__ = ABSOLUTE (.)
 *(.data)
 .data          0x03001850        0x0 q:/devkitpro1.5.3/devkitarm/bin/../lib/gcc/arm-none-eabi/4.7.1/../../../../arm-none-eabi/lib/thumb/gba_crt0.o
 .data          0x03001850        0x0 q:/devkitpro1.5.3/devkitarm/bin/../lib/gcc/arm-none-eabi/4.7.1/thumb/crti.o
 .data          0x03001850        0x4 q:/devkitpro1.5.3/devkitarm/bin/../lib/gcc/arm-none-eabi/4.7.1/thumb/crtbegin.o
                0x03001850                __dso_handle
 .data          0x03001854       0x14 main.o
                0x03001854                screenWidth
                0x03001858                screenHeight
                0x0300185c                levelSelection
                0x03001860                simplePlayer
                0x03001864                obj_aff_buffer
 .data          0x03001868        0x0 boxes/BoxClear.o
 .data          0x03001868        0x0 boxes/Box1.o
 .data          0x03001868        0x0 boxes/Box2.o
 .data          0x03001868        0x0 boxes/Box3.o
 .data          0x03001868        0x0 boxes/Box4.o
 .data          0x03001868        0x0 boxes/Box5.o
 .data          0x03001868        0x0 boxes/Box6.o
 .data          0x03001868        0x0 boxes/Box7.o
 .data          0x03001868        0x0 boxes/Box8.o
 .data          0x03001868        0x0 boxes/Box9.o
 .data          0x03001868        0x0 dropbox/DBox1clear.o
 .data          0x03001868        0x0 dropbox/DBox2clear.o
 .data          0x03001868        0x0 dropbox/DBox3clear.o
 .data          0x03001868        0x0 dropbox/DBox4clear.o
 .data          0x03001868        0x0 dropbox/DBox5clear.o
 .data          0x03001868        0x0 dropbox/DBox6clear.o
 .data          0x03001868        0x0 dropbox/DBox7clear.o
 .data          0x03001868        0x0 dropbox/DBox8clear.o
 .data          0x03001868        0x0 dropbox/DBox9clear.o
 .data          0x03001868        0x0 dropbox/DBoxclear.o
 .data          0x03001868        0x0 levels/StageTutPnP.o
 .data          0x03001868        0x0 levels/StageTutPnPWALLS.o
 .data          0x03001868        0x0 levels/Stage1Color.o
 .data          0x03001868        0x0 levels/Stage1ColorWalls.o
 .data          0x03001868        0x0 levels/Stage2ColorCombo.o
 .data          0x03001868        0x0 levels/Stage2ColorComboWALL.o
 .data          0x03001868        0x0 levels/Stage3NumberCombo.o
 .data          0x03001868        0x0 levels/Stage3NumberComboWalls.o
 .data          0x03001868        0x0 levels/Stage4.o
 .data          0x03001868        0x0 levels/Stage4Walls.o
 .data          0x03001868        0x0 levels/Stage5new.o
 .data          0x03001868        0x0 levels/Stage5newWalls.o
 .data          0x03001868        0x0 levels/Stage6Both.o
 .data          0x03001868        0x0 levels/Stage6BothWalls.o
 .data          0x03001868        0x0 levels/Stage7Both.o
 .data          0x03001868        0x0 levels/Stage7BothWalls.o
 .data          0x03001868        0x0 levels/Stage9Both.o
 .data          0x03001868        0x0 levels/Stage9Walls.o
 .data          0x03001868        0x0 other/EndZone.o
 .data          0x03001868        0x0 player.o
 .data          0x03001868        0x0 other/MovingBlocks.o
 .data          0x03001868        0x8 tonclib/lib\libtonc.a(tonc_input.o)
                0x03001868                __key_rpt
 .data          0x03001870        0x0 tonclib/lib\libtonc.a(tonc_oam.o)
 .data          0x03001870        0x0 tonclib/lib\libtonc.a(tte_init_se.o)
 .data          0x03001870        0x4 tonclib/lib\libtonc.a(tte_main.o)
                0x03001870                gp_tte_context
 .data          0x03001874        0x0 tonclib/lib\libtonc.a(tonc_bios.o)
 .data          0x03001874        0x0 tonclib/lib\libtonc.a(tonc_bios_ex.o)
 .data          0x03001874        0x0 tonclib/lib\libtonc.a(tonc_memcpy.o)
 .data          0x03001874        0x0 tonclib/lib\libtonc.a(sys8.o)
 .data          0x03001874        0x0 tonclib/lib\libtonc.a(tonc_surface.o)
 .data          0x03001874        0x0 tonclib/lib\libtonc.a(se_drawg.o)
 .data          0x03001874        0x0 tonclib/lib\libtonc.a(tonc_sbmp16.o)
 .data          0x03001874        0x0 tonclib/lib\libtonc.a(tonc_memset.o)
 .data          0x03001874        0x0 q:/devkitpro1.5.3/devkitarm/bin/../lib/gcc/arm-none-eabi/4.7.1/thumb\libgcc.a(_divsi3.o)
 .data          0x03001874        0x0 q:/devkitpro1.5.3/devkitarm/bin/../lib/gcc/arm-none-eabi/4.7.1/thumb\libgcc.a(_dvmd_tls.o)
 .data          0x03001874        0x4 q:/devkitpro1.5.3/devkitarm/bin/../lib/gcc/arm-none-eabi/4.7.1/../../../../arm-none-eabi/lib/thumb\libc.a(lib_a-ctype_.o)
                0x03001874                __ctype_ptr__
 .data          0x03001878        0x0 q:/devkitpro1.5.3/devkitarm/bin/../lib/gcc/arm-none-eabi/4.7.1/../../../../arm-none-eabi/lib/thumb\libc.a(lib_a-init.o)
 .data          0x03001878        0x0 q:/devkitpro1.5.3/devkitarm/bin/../lib/gcc/arm-none-eabi/4.7.1/../../../../arm-none-eabi/lib/thumb\libc.a(lib_a-memcpy-stub.o)
 .data          0x03001878        0x0 q:/devkitpro1.5.3/devkitarm/bin/../lib/gcc/arm-none-eabi/4.7.1/../../../../arm-none-eabi/lib/thumb\libc.a(lib_a-memset.o)
 .data          0x03001878        0x0 q:/devkitpro1.5.3/devkitarm/bin/../lib/gcc/arm-none-eabi/4.7.1/../../../../arm-none-eabi/lib/thumb\libc.a(lib_a-sprintf.o)
 .data          0x03001878        0x0 q:/devkitpro1.5.3/devkitarm/bin/../lib/gcc/arm-none-eabi/4.7.1/../../../../arm-none-eabi/lib/thumb\libc.a(lib_a-strtol.o)
 .data          0x03001878        0x0 q:/devkitpro1.5.3/devkitarm/bin/../lib/gcc/arm-none-eabi/4.7.1/../../../../arm-none-eabi/lib/thumb\libc.a(lib_a-svfprintf.o)
 .data          0x03001878        0x0 q:/devkitpro1.5.3/devkitarm/bin/../lib/gcc/arm-none-eabi/4.7.1/../../../../arm-none-eabi/lib/thumb\libc.a(lib_a-wcrtomb.o)
 .data          0x03001878        0x0 q:/devkitpro1.5.3/devkitarm/bin/../lib/gcc/arm-none-eabi/4.7.1/../../../../arm-none-eabi/lib/thumb\libc.a(lib_a-wcsrtombs.o)
 .data          0x03001878        0x4 q:/devkitpro1.5.3/devkitarm/bin/../lib/gcc/arm-none-eabi/4.7.1/../../../../arm-none-eabi/lib/thumb\libc.a(lib_a-wctomb_r.o)
                0x03001878                __wctomb
 .data          0x0300187c        0x0 q:/devkitpro1.5.3/devkitarm/bin/../lib/gcc/arm-none-eabi/4.7.1/../../../../arm-none-eabi/lib/thumb\libc.a(lib_a-dtoa.o)
 .data          0x0300187c        0x0 q:/devkitpro1.5.3/devkitarm/bin/../lib/gcc/arm-none-eabi/4.7.1/../../../../arm-none-eabi/lib/thumb\libc.a(lib_a-freer.o)
 *fill*         0x0300187c        0x4 ff
 .data          0x03001880      0x430 q:/devkitpro1.5.3/devkitarm/bin/../lib/gcc/arm-none-eabi/4.7.1/../../../../arm-none-eabi/lib/thumb\libc.a(lib_a-impure.o)
                0x03001880                _impure_ptr
 .data          0x03001cb0      0x17c q:/devkitpro1.5.3/devkitarm/bin/../lib/gcc/arm-none-eabi/4.7.1/../../../../arm-none-eabi/lib/thumb\libc.a(lib_a-locale.o)
                0x03001cb0                __default_locale
                0x03001dd0                __mb_cur_max
 .data          0x03001e2c      0x410 q:/devkitpro1.5.3/devkitarm/bin/../lib/gcc/arm-none-eabi/4.7.1/../../../../arm-none-eabi/lib/thumb\libc.a(lib_a-mallocr.o)
                0x03001e2c                __malloc_av_
                0x03002234                __malloc_sbrk_base
                0x03002238                __malloc_trim_threshold
 .data          0x0300223c        0x4 q:/devkitpro1.5.3/devkitarm/bin/../lib/gcc/arm-none-eabi/4.7.1/../../../../arm-none-eabi/lib/thumb\libc.a(lib_a-mbtowc_r.o)
                0x0300223c                __mbtowc
 .data          0x03002240        0x0 q:/devkitpro1.5.3/devkitarm/bin/../lib/gcc/arm-none-eabi/4.7.1/../../../../arm-none-eabi/lib/thumb\libc.a(lib_a-memchr-stub.o)
 .data          0x03002240        0x0 q:/devkitpro1.5.3/devkitarm/bin/../lib/gcc/arm-none-eabi/4.7.1/../../../../arm-none-eabi/lib/thumb\libc.a(lib_a-mlock.o)
 .data          0x03002240        0x0 q:/devkitpro1.5.3/devkitarm/bin/../lib/gcc/arm-none-eabi/4.7.1/../../../../arm-none-eabi/lib/thumb\libc.a(lib_a-mprec.o)
 .data          0x03002240        0x0 q:/devkitpro1.5.3/devkitarm/bin/../lib/gcc/arm-none-eabi/4.7.1/../../../../arm-none-eabi/lib/thumb\libc.a(lib_a-s_fpclassify.o)
 .data          0x03002240        0x0 q:/devkitpro1.5.3/devkitarm/bin/../lib/gcc/arm-none-eabi/4.7.1/../../../../arm-none-eabi/lib/thumb\libc.a(lib_a-strcasecmp.o)
 .data          0x03002240        0x0 q:/devkitpro1.5.3/devkitarm/bin/../lib/gcc/arm-none-eabi/4.7.1/../../../../arm-none-eabi/lib/thumb\libc.a(lib_a-strcat.o)
 .data          0x03002240        0x0 q:/devkitpro1.5.3/devkitarm/bin/../lib/gcc/arm-none-eabi/4.7.1/../../../../arm-none-eabi/lib/thumb\libc.a(lib_a-strchr.o)
 .data          0x03002240        0x0 q:/devkitpro1.5.3/devkitarm/bin/../lib/gcc/arm-none-eabi/4.7.1/../../../../arm-none-eabi/lib/thumb\libc.a(lib_a-strcmp.o)
 .data          0x03002240        0x0 q:/devkitpro1.5.3/devkitarm/bin/../lib/gcc/arm-none-eabi/4.7.1/../../../../arm-none-eabi/lib/thumb\libc.a(lib_a-strcpy.o)
 .data          0x03002240        0x0 q:/devkitpro1.5.3/devkitarm/bin/../lib/gcc/arm-none-eabi/4.7.1/../../../../arm-none-eabi/lib/thumb\libc.a(lib_a-strlcpy.o)
 .data          0x03002240        0x0 q:/devkitpro1.5.3/devkitarm/bin/../lib/gcc/arm-none-eabi/4.7.1/../../../../arm-none-eabi/lib/thumb\libc.a(lib_a-strlen.o)
 .data          0x03002240        0x0 q:/devkitpro1.5.3/devkitarm/bin/../lib/gcc/arm-none-eabi/4.7.1/../../../../arm-none-eabi/lib/thumb\libc.a(lib_a-strncasecmp.o)
 .data          0x03002240        0x0 q:/devkitpro1.5.3/devkitarm/bin/../lib/gcc/arm-none-eabi/4.7.1/../../../../arm-none-eabi/lib/thumb\libc.a(lib_a-strncmp.o)
 .data          0x03002240        0x0 q:/devkitpro1.5.3/devkitarm/bin/../lib/gcc/arm-none-eabi/4.7.1/../../../../arm-none-eabi/lib/thumb\libc.a(lib_a-strncpy.o)
 .data          0x03002240        0x0 q:/devkitpro1.5.3/devkitarm/bin/../lib/gcc/arm-none-eabi/4.7.1/../../../../arm-none-eabi/lib/thumb\libc.a(lib_a-svfiprintf.o)
 .data          0x03002240        0x0 q:/devkitpro1.5.3/devkitarm/bin/../lib/gcc/arm-none-eabi/4.7.1/../../../../arm-none-eabi/lib/thumb\libc.a(lib_a-wcsnrtombs.o)
 .data          0x03002240        0x0 q:/devkitpro1.5.3/devkitarm/bin/../lib/gcc/arm-none-eabi/4.7.1/../../../../arm-none-eabi/lib/thumb\libc.a(lib_a-callocr.o)
 .data          0x03002240        0x0 q:/devkitpro1.5.3/devkitarm/bin/../lib/gcc/arm-none-eabi/4.7.1/../../../../arm-none-eabi/lib/thumb\libc.a(lib_a-getenv_r.o)
 .data          0x03002240        0x0 q:/devkitpro1.5.3/devkitarm/bin/../lib/gcc/arm-none-eabi/4.7.1/../../../../arm-none-eabi/lib/thumb\libc.a(lib_a-memmove.o)
 .data          0x03002240        0x0 q:/devkitpro1.5.3/devkitarm/bin/../lib/gcc/arm-none-eabi/4.7.1/../../../../arm-none-eabi/lib/thumb\libc.a(lib_a-reallocr.o)
 .data          0x03002240        0x4 q:/devkitpro1.5.3/devkitarm/bin/../lib/gcc/arm-none-eabi/4.7.1/../../../../arm-none-eabi/lib/thumb\libc.a(lib_a-environ.o)
                0x03002240                environ
 .data          0x03002244        0x0 q:/devkitpro1.5.3/devkitarm/bin/../lib/gcc/arm-none-eabi/4.7.1/../../../../arm-none-eabi/lib/thumb\libc.a(lib_a-envlock.o)
 .data          0x03002244        0x0 q:/devkitpro1.5.3/devkitarm/bin/../lib/gcc/arm-none-eabi/4.7.1/../../../../arm-none-eabi/lib/thumb\libsysbase.a(sbrk.o)
 .data          0x03002244        0x0 q:/devkitpro1.5.3/devkitarm/bin/../lib/gcc/arm-none-eabi/4.7.1/../../../../arm-none-eabi/lib/thumb\libsysbase.a(malloc_vars.o)
 .data          0x03002244        0x0 q:/devkitpro1.5.3/devkitarm/bin/../lib/gcc/arm-none-eabi/4.7.1/thumb\libgcc.a(_udivsi3.o)
 .data          0x03002244        0x0 q:/devkitpro1.5.3/devkitarm/bin/../lib/gcc/arm-none-eabi/4.7.1/thumb\libgcc.a(_arm_addsubdf3.o)
 .data          0x03002244        0x0 q:/devkitpro1.5.3/devkitarm/bin/../lib/gcc/arm-none-eabi/4.7.1/thumb\libgcc.a(_arm_muldivdf3.o)
 .data          0x03002244        0x0 q:/devkitpro1.5.3/devkitarm/bin/../lib/gcc/arm-none-eabi/4.7.1/thumb\libgcc.a(_arm_cmpdf2.o)
 .data          0x03002244        0x0 q:/devkitpro1.5.3/devkitarm/bin/../lib/gcc/arm-none-eabi/4.7.1/thumb\libgcc.a(_arm_fixdfsi.o)
 .data          0x03002244        0x0 q:/devkitpro1.5.3/devkitarm/bin/../lib/gcc/arm-none-eabi/4.7.1/thumb\libgcc.a(_aeabi_uldivmod.o)
 .data          0x03002244        0x0 q:/devkitpro1.5.3/devkitarm/bin/../lib/gcc/arm-none-eabi/4.7.1/thumb\libgcc.a(bpabi.o)
 .data          0x03002244        0x0 q:/devkitpro1.5.3/devkitarm/bin/../lib/gcc/arm-none-eabi/4.7.1/thumb\libgcc.a(_muldi3.o)
 .data          0x03002244        0x0 q:/devkitpro1.5.3/devkitarm/bin/../lib/gcc/arm-none-eabi/4.7.1/thumb\libgcc.a(_divdi3.o)
 .data          0x03002244        0x0 q:/devkitpro1.5.3/devkitarm/bin/../lib/gcc/arm-none-eabi/4.7.1/thumb\libgcc.a(_udivdi3.o)
 .data          0x03002244        0x0 q:/devkitpro1.5.3/devkitarm/bin/../lib/gcc/arm-none-eabi/4.7.1/thumb\libgcc.a(_clzsi2.o)
 .data          0x03002244        0x0 q:/devkitpro1.5.3/devkitarm/bin/../lib/gcc/arm-none-eabi/4.7.1/thumb/crtend.o
 .data          0x03002244        0x0 q:/devkitpro1.5.3/devkitarm/bin/../lib/gcc/arm-none-eabi/4.7.1/thumb/crtn.o
 *(.data.*)
 *(.gnu.linkonce.d*)
                0x03002244                . = ALIGN (0x4)
                0x0801c7b4                __preinit_lma = (__data_lma + SIZEOF (.data))

.igot.plt       0x03002244        0x0 load address 0x0801c7b4
 .igot.plt      0x00000000        0x0 q:/devkitpro1.5.3/devkitarm/bin/../lib/gcc/arm-none-eabi/4.7.1/../../../../arm-none-eabi/lib/thumb/gba_crt0.o

.tm_clone_table
                0x03002244        0x0 load address 0x0801c7b4
 .tm_clone_table
                0x03002244        0x0 q:/devkitpro1.5.3/devkitarm/bin/../lib/gcc/arm-none-eabi/4.7.1/thumb/crtbegin.o
 .tm_clone_table
                0x03002244        0x0 q:/devkitpro1.5.3/devkitarm/bin/../lib/gcc/arm-none-eabi/4.7.1/thumb/crtend.o

.preinit_array  0x03002244        0x0 load address 0x0801c7b4
                0x03002244                __preinit_array_start = ABSOLUTE (.)
 *(.preinit_array)
                0x03002244                __preinit_array_end = ABSOLUTE (.)
                0x0801c7b4                __init_lma = (__preinit_lma + SIZEOF (.preinit_array))

.init_array     0x03002244        0x4 load address 0x0801c7b4
                0x03002244                __init_array_start = ABSOLUTE (.)
 *(SORT(.init_array.*))
 *(.init_array)
 .init_array    0x03002244        0x4 q:/devkitpro1.5.3/devkitarm/bin/../lib/gcc/arm-none-eabi/4.7.1/thumb/crtbegin.o
                0x03002248                __init_array_end = ABSOLUTE (.)
                0x0801c7b8                __fini_lma = (__init_lma + SIZEOF (.init_array))

.fini_array     0x03002248        0x4 load address 0x0801c7b8
                0x03002248                __fini_array_start = ABSOLUTE (.)
 *(SORT(.fini_array.*))
 *(.fini_array)
 .fini_array    0x03002248        0x4 q:/devkitpro1.5.3/devkitarm/bin/../lib/gcc/arm-none-eabi/4.7.1/thumb/crtbegin.o
                0x0300224c                __fini_array_end = ABSOLUTE (.)
                0x0801c7bc                __jcr_lma = (__fini_lma + SIZEOF (.fini_array))

.jcr            0x0300224c        0x4 load address 0x0801c7bc
 *(.jcr)
 .jcr           0x0300224c        0x0 q:/devkitpro1.5.3/devkitarm/bin/../lib/gcc/arm-none-eabi/4.7.1/thumb/crtbegin.o
 .jcr           0x0300224c        0x4 q:/devkitpro1.5.3/devkitarm/bin/../lib/gcc/arm-none-eabi/4.7.1/thumb/crtend.o
                0x03002250                __data_end__ = ABSOLUTE (.)
                0x0801c7c0                __iwram_overlay_lma = (__jcr_lma + SIZEOF (.jcr))
                0x03002250                __iwram_overlay_start = .

.iwram0         0x03002250        0x0 load address 0x0801c7c0
 *(.iwram0)
                0x03002250                . = ALIGN (0x4)
                0x0801c7c0                PROVIDE (__load_start_iwram0, LOADADDR (.iwram0))
                0x0801c7c0                PROVIDE (__load_stop_iwram0, (LOADADDR (.iwram0) + SIZEOF (.iwram0)))

.iwram1         0x03002250        0x0
 *(.iwram1)
                0x03002250                . = ALIGN (0x4)
                0x03002250                PROVIDE (__load_start_iwram1, LOADADDR (.iwram1))
                0x03002250                PROVIDE (__load_stop_iwram1, (LOADADDR (.iwram1) + SIZEOF (.iwram1)))

.iwram2         0x03002250        0x0
 *(.iwram2)
                0x03002250                . = ALIGN (0x4)
                0x03002250                PROVIDE (__load_start_iwram2, LOADADDR (.iwram2))
                0x03002250                PROVIDE (__load_stop_iwram2, (LOADADDR (.iwram2) + SIZEOF (.iwram2)))

.iwram3         0x03002250        0x0
 *(.iwram3)
                0x03002250                . = ALIGN (0x4)
                0x03002250                PROVIDE (__load_start_iwram3, LOADADDR (.iwram3))
                0x03002250                PROVIDE (__load_stop_iwram3, (LOADADDR (.iwram3) + SIZEOF (.iwram3)))

.iwram4         0x03002250        0x0
 *(.iwram4)
                0x03002250                . = ALIGN (0x4)
                0x03002250                PROVIDE (__load_start_iwram4, LOADADDR (.iwram4))
                0x03002250                PROVIDE (__load_stop_iwram4, (LOADADDR (.iwram4) + SIZEOF (.iwram4)))

.iwram5         0x03002250        0x0
 *(.iwram5)
                0x03002250                . = ALIGN (0x4)
                0x03002250                PROVIDE (__load_start_iwram5, LOADADDR (.iwram5))
                0x03002250                PROVIDE (__load_stop_iwram5, (LOADADDR (.iwram5) + SIZEOF (.iwram5)))

.iwram6         0x03002250        0x0
 *(.iwram6)
                0x03002250                . = ALIGN (0x4)
                0x03002250                PROVIDE (__load_start_iwram6, LOADADDR (.iwram6))
                0x03002250                PROVIDE (__load_stop_iwram6, (LOADADDR (.iwram6) + SIZEOF (.iwram6)))

.iwram7         0x03002250        0x0
 *(.iwram7)
                0x03002250                . = ALIGN (0x4)
                0x03002250                PROVIDE (__load_start_iwram7, LOADADDR (.iwram7))
                0x03002250                PROVIDE (__load_stop_iwram7, (LOADADDR (.iwram7) + SIZEOF (.iwram7)))

.iwram8         0x03002250        0x0
 *(.iwram8)
                0x03002250                . = ALIGN (0x4)
                0x03002250                PROVIDE (__load_start_iwram8, LOADADDR (.iwram8))
                0x03002250                PROVIDE (__load_stop_iwram8, (LOADADDR (.iwram8) + SIZEOF (.iwram8)))

.iwram9         0x03002250        0x0
 *(.iwram9)
                0x03002250                . = ALIGN (0x4)
                0x03002250                PROVIDE (__load_start_iwram9, LOADADDR (.iwram9))
                0x03002250                PROVIDE (__load_stop_iwram9, (LOADADDR (.iwram9) + SIZEOF (.iwram9)))
                0x03002250                __iwram_overlay_end = .
                0x0801c7c0                __ewram_lma = (__iwram_overlay_lma + (__iwram_overlay_end - __iwram_overlay_start))
                0x03002250                __iheap_start = .
                0x02000000                __ewram_start = ORIGIN (ewram)

.ewram          0x02000000       0x14 load address 0x0801c7c0
 *(.ewram)
 .ewram         0x02000000       0x14 tonclib/lib\libtonc.a(tonc_sbmp16.o)
                0x02000000                m5_surface
                0x02000014                . = ALIGN (0x4)
                0x02000014                __ewram_end = ABSOLUTE (.)
                0x0801c7d4                __pad_lma = (__ewram_lma + SIZEOF (.ewram))

.sbss           0x02000014        0x0
                0x02000014                __sbss_start__ = ABSOLUTE (.)
 *(.sbss)
                0x02000014                . = ALIGN (0x4)
                0x02000014                __sbss_end__ = ABSOLUTE (.)
                0x02000014                __end__ = ABSOLUTE (.)
                0x02000014                __eheap_start = ABSOLUTE (.)

.pad            0x02000014        0x8 load address 0x0801c7d4
                0x02000014        0x4 LONG 0x52416b64
                0x02000018        0x4 LONG 0x4d
                0x0200001c                . = ALIGN (0x4)
                0x0801c7dc                __rom_end__ = (__pad_lma + SIZEOF (.pad))

.stab
 *(.stab)

.stabstr
 *(.stabstr)

.stab.excl
 *(.stab.excl)

.stab.exclstr
 *(.stab.exclstr)

.stab.index
 *(.stab.index)

.stab.indexstr
 *(.stab.indexstr)

.comment        0x00000000       0x22
 *(.comment)
 .comment       0x00000000       0x22 q:/devkitpro1.5.3/devkitarm/bin/../lib/gcc/arm-none-eabi/4.7.1/thumb/crtbegin.o
                                 0x23 (size before relaxing)
 .comment       0x00000000       0x23 main.o
 .comment       0x00000000       0x23 boxes/BoxClear.o
 .comment       0x00000000       0x23 boxes/Box1.o
 .comment       0x00000000       0x23 boxes/Box2.o
 .comment       0x00000000       0x23 boxes/Box3.o
 .comment       0x00000000       0x23 boxes/Box4.o
 .comment       0x00000000       0x23 boxes/Box5.o
 .comment       0x00000000       0x23 boxes/Box6.o
 .comment       0x00000000       0x23 boxes/Box7.o
 .comment       0x00000000       0x23 boxes/Box8.o
 .comment       0x00000000       0x23 boxes/Box9.o
 .comment       0x00000000       0x23 dropbox/DBox1clear.o
 .comment       0x00000000       0x23 dropbox/DBox2clear.o
 .comment       0x00000000       0x23 dropbox/DBox3clear.o
 .comment       0x00000000       0x23 dropbox/DBox4clear.o
 .comment       0x00000000       0x23 dropbox/DBox5clear.o
 .comment       0x00000000       0x23 dropbox/DBox6clear.o
 .comment       0x00000000       0x23 dropbox/DBox7clear.o
 .comment       0x00000000       0x23 dropbox/DBox8clear.o
 .comment       0x00000000       0x23 dropbox/DBox9clear.o
 .comment       0x00000000       0x23 dropbox/DBoxclear.o
 .comment       0x00000000       0x23 levels/StageTutPnP.o
 .comment       0x00000000       0x23 levels/StageTutPnPWALLS.o
 .comment       0x00000000       0x23 levels/Stage1Color.o
 .comment       0x00000000       0x23 levels/Stage1ColorWalls.o
 .comment       0x00000000       0x23 levels/Stage2ColorCombo.o
 .comment       0x00000000       0x23 levels/Stage2ColorComboWALL.o
 .comment       0x00000000       0x23 levels/Stage3NumberCombo.o
 .comment       0x00000000       0x23 levels/Stage3NumberComboWalls.o
 .comment       0x00000000       0x23 levels/Stage4.o
 .comment       0x00000000       0x23 levels/Stage4Walls.o
 .comment       0x00000000       0x23 levels/Stage5new.o
 .comment       0x00000000       0x23 levels/Stage5newWalls.o
 .comment       0x00000000       0x23 levels/Stage6Both.o
 .comment       0x00000000       0x23 levels/Stage6BothWalls.o
 .comment       0x00000000       0x23 levels/Stage7Both.o
 .comment       0x00000000       0x23 levels/Stage7BothWalls.o
 .comment       0x00000000       0x23 levels/Stage9Both.o
 .comment       0x00000000       0x23 levels/Stage9Walls.o
 .comment       0x00000000       0x23 other/EndZone.o
 .comment       0x00000000       0x23 player.o
 .comment       0x00000000       0x23 other/MovingBlocks.o
 .comment       0x00000000       0x23 tonclib/lib\libtonc.a(tonc_input.o)
 .comment       0x00000000       0x23 tonclib/lib\libtonc.a(tonc_oam.o)
 .comment       0x00000000       0x23 tonclib/lib\libtonc.a(tte_init_se.o)
 .comment       0x00000000       0x23 tonclib/lib\libtonc.a(tte_main.o)
 .comment       0x00000000       0x23 tonclib/lib\libtonc.a(tonc_surface.o)
 .comment       0x00000000       0x23 tonclib/lib\libtonc.a(se_drawg.o)
 .comment       0x00000000       0x23 tonclib/lib\libtonc.a(tonc_sbmp16.o)
 .comment       0x00000000       0x23 q:/devkitpro1.5.3/devkitarm/bin/../lib/gcc/arm-none-eabi/4.7.1/../../../../arm-none-eabi/lib/thumb\libc.a(lib_a-ctype_.o)
 .comment       0x00000000       0x23 q:/devkitpro1.5.3/devkitarm/bin/../lib/gcc/arm-none-eabi/4.7.1/../../../../arm-none-eabi/lib/thumb\libc.a(lib_a-init.o)
 .comment       0x00000000       0x23 q:/devkitpro1.5.3/devkitarm/bin/../lib/gcc/arm-none-eabi/4.7.1/../../../../arm-none-eabi/lib/thumb\libc.a(lib_a-memcpy-stub.o)
 .comment       0x00000000       0x23 q:/devkitpro1.5.3/devkitarm/bin/../lib/gcc/arm-none-eabi/4.7.1/../../../../arm-none-eabi/lib/thumb\libc.a(lib_a-memset.o)
 .comment       0x00000000       0x23 q:/devkitpro1.5.3/devkitarm/bin/../lib/gcc/arm-none-eabi/4.7.1/../../../../arm-none-eabi/lib/thumb\libc.a(lib_a-sprintf.o)
 .comment       0x00000000       0x23 q:/devkitpro1.5.3/devkitarm/bin/../lib/gcc/arm-none-eabi/4.7.1/../../../../arm-none-eabi/lib/thumb\libc.a(lib_a-strtol.o)
 .comment       0x00000000       0x23 q:/devkitpro1.5.3/devkitarm/bin/../lib/gcc/arm-none-eabi/4.7.1/../../../../arm-none-eabi/lib/thumb\libc.a(lib_a-svfprintf.o)
 .comment       0x00000000       0x23 q:/devkitpro1.5.3/devkitarm/bin/../lib/gcc/arm-none-eabi/4.7.1/../../../../arm-none-eabi/lib/thumb\libc.a(lib_a-wcrtomb.o)
 .comment       0x00000000       0x23 q:/devkitpro1.5.3/devkitarm/bin/../lib/gcc/arm-none-eabi/4.7.1/../../../../arm-none-eabi/lib/thumb\libc.a(lib_a-wcsrtombs.o)
 .comment       0x00000000       0x23 q:/devkitpro1.5.3/devkitarm/bin/../lib/gcc/arm-none-eabi/4.7.1/../../../../arm-none-eabi/lib/thumb\libc.a(lib_a-wctomb_r.o)
 .comment       0x00000000       0x23 q:/devkitpro1.5.3/devkitarm/bin/../lib/gcc/arm-none-eabi/4.7.1/../../../../arm-none-eabi/lib/thumb\libc.a(lib_a-dtoa.o)
 .comment       0x00000000       0x23 q:/devkitpro1.5.3/devkitarm/bin/../lib/gcc/arm-none-eabi/4.7.1/../../../../arm-none-eabi/lib/thumb\libc.a(lib_a-freer.o)
 .comment       0x00000000       0x23 q:/devkitpro1.5.3/devkitarm/bin/../lib/gcc/arm-none-eabi/4.7.1/../../../../arm-none-eabi/lib/thumb\libc.a(lib_a-impure.o)
 .comment       0x00000000       0x23 q:/devkitpro1.5.3/devkitarm/bin/../lib/gcc/arm-none-eabi/4.7.1/../../../../arm-none-eabi/lib/thumb\libc.a(lib_a-locale.o)
 .comment       0x00000000       0x23 q:/devkitpro1.5.3/devkitarm/bin/../lib/gcc/arm-none-eabi/4.7.1/../../../../arm-none-eabi/lib/thumb\libc.a(lib_a-mallocr.o)
 .comment       0x00000000       0x23 q:/devkitpro1.5.3/devkitarm/bin/../lib/gcc/arm-none-eabi/4.7.1/../../../../arm-none-eabi/lib/thumb\libc.a(lib_a-mbtowc_r.o)
 .comment       0x00000000       0x23 q:/devkitpro1.5.3/devkitarm/bin/../lib/gcc/arm-none-eabi/4.7.1/../../../../arm-none-eabi/lib/thumb\libc.a(lib_a-memchr-stub.o)
 .comment       0x00000000       0x23 q:/devkitpro1.5.3/devkitarm/bin/../lib/gcc/arm-none-eabi/4.7.1/../../../../arm-none-eabi/lib/thumb\libc.a(lib_a-mlock.o)
 .comment       0x00000000       0x23 q:/devkitpro1.5.3/devkitarm/bin/../lib/gcc/arm-none-eabi/4.7.1/../../../../arm-none-eabi/lib/thumb\libc.a(lib_a-mprec.o)
 .comment       0x00000000       0x23 q:/devkitpro1.5.3/devkitarm/bin/../lib/gcc/arm-none-eabi/4.7.1/../../../../arm-none-eabi/lib/thumb\libc.a(lib_a-s_fpclassify.o)
 .comment       0x00000000       0x23 q:/devkitpro1.5.3/devkitarm/bin/../lib/gcc/arm-none-eabi/4.7.1/../../../../arm-none-eabi/lib/thumb\libc.a(lib_a-strcasecmp.o)
 .comment       0x00000000       0x23 q:/devkitpro1.5.3/devkitarm/bin/../lib/gcc/arm-none-eabi/4.7.1/../../../../arm-none-eabi/lib/thumb\libc.a(lib_a-strcat.o)
 .comment       0x00000000       0x23 q:/devkitpro1.5.3/devkitarm/bin/../lib/gcc/arm-none-eabi/4.7.1/../../../../arm-none-eabi/lib/thumb\libc.a(lib_a-strchr.o)
 .comment       0x00000000       0x23 q:/devkitpro1.5.3/devkitarm/bin/../lib/gcc/arm-none-eabi/4.7.1/../../../../arm-none-eabi/lib/thumb\libc.a(lib_a-strcmp.o)
 .comment       0x00000000       0x23 q:/devkitpro1.5.3/devkitarm/bin/../lib/gcc/arm-none-eabi/4.7.1/../../../../arm-none-eabi/lib/thumb\libc.a(lib_a-strcpy.o)
 .comment       0x00000000       0x23 q:/devkitpro1.5.3/devkitarm/bin/../lib/gcc/arm-none-eabi/4.7.1/../../../../arm-none-eabi/lib/thumb\libc.a(lib_a-strlcpy.o)
 .comment       0x00000000       0x23 q:/devkitpro1.5.3/devkitarm/bin/../lib/gcc/arm-none-eabi/4.7.1/../../../../arm-none-eabi/lib/thumb\libc.a(lib_a-strlen.o)
 .comment       0x00000000       0x23 q:/devkitpro1.5.3/devkitarm/bin/../lib/gcc/arm-none-eabi/4.7.1/../../../../arm-none-eabi/lib/thumb\libc.a(lib_a-strncasecmp.o)
 .comment       0x00000000       0x23 q:/devkitpro1.5.3/devkitarm/bin/../lib/gcc/arm-none-eabi/4.7.1/../../../../arm-none-eabi/lib/thumb\libc.a(lib_a-strncmp.o)
 .comment       0x00000000       0x23 q:/devkitpro1.5.3/devkitarm/bin/../lib/gcc/arm-none-eabi/4.7.1/../../../../arm-none-eabi/lib/thumb\libc.a(lib_a-strncpy.o)
 .comment       0x00000000       0x23 q:/devkitpro1.5.3/devkitarm/bin/../lib/gcc/arm-none-eabi/4.7.1/../../../../arm-none-eabi/lib/thumb\libc.a(lib_a-svfiprintf.o)
 .comment       0x00000000       0x23 q:/devkitpro1.5.3/devkitarm/bin/../lib/gcc/arm-none-eabi/4.7.1/../../../../arm-none-eabi/lib/thumb\libc.a(lib_a-wcsnrtombs.o)
 .comment       0x00000000       0x23 q:/devkitpro1.5.3/devkitarm/bin/../lib/gcc/arm-none-eabi/4.7.1/../../../../arm-none-eabi/lib/thumb\libc.a(lib_a-callocr.o)
 .comment       0x00000000       0x23 q:/devkitpro1.5.3/devkitarm/bin/../lib/gcc/arm-none-eabi/4.7.1/../../../../arm-none-eabi/lib/thumb\libc.a(lib_a-getenv_r.o)
 .comment       0x00000000       0x23 q:/devkitpro1.5.3/devkitarm/bin/../lib/gcc/arm-none-eabi/4.7.1/../../../../arm-none-eabi/lib/thumb\libc.a(lib_a-memmove.o)
 .comment       0x00000000       0x23 q:/devkitpro1.5.3/devkitarm/bin/../lib/gcc/arm-none-eabi/4.7.1/../../../../arm-none-eabi/lib/thumb\libc.a(lib_a-reallocr.o)
 .comment       0x00000000       0x23 q:/devkitpro1.5.3/devkitarm/bin/../lib/gcc/arm-none-eabi/4.7.1/../../../../arm-none-eabi/lib/thumb\libc.a(lib_a-environ.o)
 .comment       0x00000000       0x23 q:/devkitpro1.5.3/devkitarm/bin/../lib/gcc/arm-none-eabi/4.7.1/../../../../arm-none-eabi/lib/thumb\libc.a(lib_a-envlock.o)
 .comment       0x00000000       0x23 q:/devkitpro1.5.3/devkitarm/bin/../lib/gcc/arm-none-eabi/4.7.1/../../../../arm-none-eabi/lib/thumb\libsysbase.a(sbrk.o)
 .comment       0x00000000       0x23 q:/devkitpro1.5.3/devkitarm/bin/../lib/gcc/arm-none-eabi/4.7.1/../../../../arm-none-eabi/lib/thumb\libsysbase.a(malloc_vars.o)
 .comment       0x00000000       0x23 q:/devkitpro1.5.3/devkitarm/bin/../lib/gcc/arm-none-eabi/4.7.1/thumb\libgcc.a(bpabi.o)
 .comment       0x00000000       0x23 q:/devkitpro1.5.3/devkitarm/bin/../lib/gcc/arm-none-eabi/4.7.1/thumb\libgcc.a(_muldi3.o)
 .comment       0x00000000       0x23 q:/devkitpro1.5.3/devkitarm/bin/../lib/gcc/arm-none-eabi/4.7.1/thumb\libgcc.a(_divdi3.o)
 .comment       0x00000000       0x23 q:/devkitpro1.5.3/devkitarm/bin/../lib/gcc/arm-none-eabi/4.7.1/thumb\libgcc.a(_udivdi3.o)
 .comment       0x00000000       0x23 q:/devkitpro1.5.3/devkitarm/bin/../lib/gcc/arm-none-eabi/4.7.1/thumb/crtend.o

.debug
 *(.debug)

.line
 *(.line)

.debug_srcinfo
 *(.debug_srcinfo)

.debug_sfnames
 *(.debug_sfnames)

.debug_aranges
 *(.debug_aranges)

.debug_pubnames
 *(.debug_pubnames)

.debug_info
 *(.debug_info)

.debug_abbrev
 *(.debug_abbrev)

.debug_line
 *(.debug_line)

.debug_frame
 *(.debug_frame)

.debug_str
 *(.debug_str)

.debug_loc
 *(.debug_loc)

.debug_macinfo
 *(.debug_macinfo)

.debug_weaknames
 *(.debug_weaknames)

.debug_funcnames
 *(.debug_funcnames)

.debug_typenames
 *(.debug_typenames)

.debug_varnames
 *(.debug_varnames)

.stack          0x00080000        0x0
                0x00080000                _stack = .
 *(.stack)

.note.gnu.arm.ident
 *(.note.gnu.arm.ident)

.ARM.attributes
                0x00000000       0x2d
 *(.ARM.attributes)
 .ARM.attributes
                0x00000000       0x18 q:/devkitpro1.5.3/devkitarm/bin/../lib/gcc/arm-none-eabi/4.7.1/../../../../arm-none-eabi/lib/thumb/gba_crt0.o
 .ARM.attributes
                0x00000018       0x18 q:/devkitpro1.5.3/devkitarm/bin/../lib/gcc/arm-none-eabi/4.7.1/thumb/crti.o
 .ARM.attributes
                0x00000030       0x32 q:/devkitpro1.5.3/devkitarm/bin/../lib/gcc/arm-none-eabi/4.7.1/thumb/crtbegin.o
 .ARM.attributes
                0x00000062       0x32 main.o
 .ARM.attributes
                0x00000094       0x32 boxes/BoxClear.o
 .ARM.attributes
                0x000000c6       0x32 boxes/Box1.o
 .ARM.attributes
                0x000000f8       0x32 boxes/Box2.o
 .ARM.attributes
                0x0000012a       0x32 boxes/Box3.o
 .ARM.attributes
                0x0000015c       0x32 boxes/Box4.o
 .ARM.attributes
                0x0000018e       0x32 boxes/Box5.o
 .ARM.attributes
                0x000001c0       0x32 boxes/Box6.o
 .ARM.attributes
                0x000001f2       0x32 boxes/Box7.o
 .ARM.attributes
                0x00000224       0x32 boxes/Box8.o
 .ARM.attributes
                0x00000256       0x32 boxes/Box9.o
 .ARM.attributes
                0x00000288       0x32 dropbox/DBox1clear.o
 .ARM.attributes
                0x000002ba       0x32 dropbox/DBox2clear.o
 .ARM.attributes
                0x000002ec       0x32 dropbox/DBox3clear.o
 .ARM.attributes
                0x0000031e       0x32 dropbox/DBox4clear.o
 .ARM.attributes
                0x00000350       0x32 dropbox/DBox5clear.o
 .ARM.attributes
                0x00000382       0x32 dropbox/DBox6clear.o
 .ARM.attributes
                0x000003b4       0x32 dropbox/DBox7clear.o
 .ARM.attributes
                0x000003e6       0x32 dropbox/DBox8clear.o
 .ARM.attributes
                0x00000418       0x32 dropbox/DBox9clear.o
 .ARM.attributes
                0x0000044a       0x32 dropbox/DBoxclear.o
 .ARM.attributes
                0x0000047c       0x32 levels/StageTutPnP.o
 .ARM.attributes
                0x000004ae       0x32 levels/StageTutPnPWALLS.o
 .ARM.attributes
                0x000004e0       0x32 levels/Stage1Color.o
 .ARM.attributes
                0x00000512       0x32 levels/Stage1ColorWalls.o
 .ARM.attributes
                0x00000544       0x32 levels/Stage2ColorCombo.o
 .ARM.attributes
                0x00000576       0x32 levels/Stage2ColorComboWALL.o
 .ARM.attributes
                0x000005a8       0x32 levels/Stage3NumberCombo.o
 .ARM.attributes
                0x000005da       0x32 levels/Stage3NumberComboWalls.o
 .ARM.attributes
                0x0000060c       0x32 levels/Stage4.o
 .ARM.attributes
                0x0000063e       0x32 levels/Stage4Walls.o
 .ARM.attributes
                0x00000670       0x32 levels/Stage5new.o
 .ARM.attributes
                0x000006a2       0x32 levels/Stage5newWalls.o
 .ARM.attributes
                0x000006d4       0x32 levels/Stage6Both.o
 .ARM.attributes
                0x00000706       0x32 levels/Stage6BothWalls.o
 .ARM.attributes
                0x00000738       0x32 levels/Stage7Both.o
 .ARM.attributes
                0x0000076a       0x32 levels/Stage7BothWalls.o
 .ARM.attributes
                0x0000079c       0x32 levels/Stage9Both.o
 .ARM.attributes
                0x000007ce       0x32 levels/Stage9Walls.o
 .ARM.attributes
                0x00000800       0x32 other/EndZone.o
 .ARM.attributes
                0x00000832       0x32 player.o
 .ARM.attributes
                0x00000864       0x32 other/MovingBlocks.o
 .ARM.attributes
                0x00000896       0x32 tonclib/lib\libtonc.a(tonc_input.o)
 .ARM.attributes
                0x000008c8       0x32 tonclib/lib\libtonc.a(tonc_oam.o)
 .ARM.attributes
                0x000008fa       0x32 tonclib/lib\libtonc.a(tte_init_se.o)
 .ARM.attributes
                0x0000092c       0x32 tonclib/lib\libtonc.a(tte_main.o)
 .ARM.attributes
                0x0000095e       0x16 tonclib/lib\libtonc.a(tonc_bios.o)
 .ARM.attributes
                0x00000974       0x16 tonclib/lib\libtonc.a(tonc_bios_ex.o)
 .ARM.attributes
                0x0000098a       0x18 tonclib/lib\libtonc.a(tonc_memcpy.o)
 .ARM.attributes
                0x000009a2       0x16 tonclib/lib\libtonc.a(sys8.o)
 .ARM.attributes
                0x000009b8       0x32 tonclib/lib\libtonc.a(tonc_surface.o)
 .ARM.attributes
                0x000009ea       0x32 tonclib/lib\libtonc.a(se_drawg.o)
 .ARM.attributes
                0x00000a1c       0x32 tonclib/lib\libtonc.a(tonc_sbmp16.o)
 .ARM.attributes
                0x00000a4e       0x18 tonclib/lib\libtonc.a(tonc_memset.o)
 .ARM.attributes
                0x00000a66       0x1a q:/devkitpro1.5.3/devkitarm/bin/../lib/gcc/arm-none-eabi/4.7.1/thumb\libgcc.a(_divsi3.o)
 .ARM.attributes
                0x00000a80       0x18 q:/devkitpro1.5.3/devkitarm/bin/../lib/gcc/arm-none-eabi/4.7.1/thumb\libgcc.a(_dvmd_tls.o)
 .ARM.attributes
                0x00000a98       0x32 q:/devkitpro1.5.3/devkitarm/bin/../lib/gcc/arm-none-eabi/4.7.1/../../../../arm-none-eabi/lib/thumb\libc.a(lib_a-ctype_.o)
 .ARM.attributes
                0x00000aca       0x32 q:/devkitpro1.5.3/devkitarm/bin/../lib/gcc/arm-none-eabi/4.7.1/../../../../arm-none-eabi/lib/thumb\libc.a(lib_a-init.o)
 .ARM.attributes
                0x00000afc       0x32 q:/devkitpro1.5.3/devkitarm/bin/../lib/gcc/arm-none-eabi/4.7.1/../../../../arm-none-eabi/lib/thumb\libc.a(lib_a-memcpy-stub.o)
 .ARM.attributes
                0x00000b2e       0x32 q:/devkitpro1.5.3/devkitarm/bin/../lib/gcc/arm-none-eabi/4.7.1/../../../../arm-none-eabi/lib/thumb\libc.a(lib_a-memset.o)
 .ARM.attributes
                0x00000b60       0x32 q:/devkitpro1.5.3/devkitarm/bin/../lib/gcc/arm-none-eabi/4.7.1/../../../../arm-none-eabi/lib/thumb\libc.a(lib_a-sprintf.o)
 .ARM.attributes