Archive member included because of file (symbol)

tonclib/lib\libtonc.a(tonc_input.o)
                              main.o (key_poll)
tonclib/lib\libtonc.a(tonc_oam.o)
                              main.o (oam_init)
tonclib/lib\libtonc.a(tte_init_se.o)
                              main.o (tte_init_se)
tonclib/lib\libtonc.a(tte_main.o)
                              tonclib/lib\libtonc.a(tte_init_se.o) (tte_init_base)
tonclib/lib\libtonc.a(tonc_bios.o)
                              tonclib/lib\libtonc.a(tonc_input.o) (VBlankIntrWait)
tonclib/lib\libtonc.a(tonc_bios_ex.o)
                              tonclib/lib\libtonc.a(tte_main.o) (VBlankIntrDelay)
tonclib/lib\libtonc.a(tonc_memcpy.o)
                              main.o (memcpy32)
tonclib/lib\libtonc.a(sys8.o)
                              main.o (sys8Font)
tonclib/lib\libtonc.a(tonc_surface.o)
                              tonclib/lib\libtonc.a(tte_init_se.o) (srf_init)
tonclib/lib\libtonc.a(se_drawg.o)
                              tonclib/lib\libtonc.a(tte_init_se.o) (se_erase)
tonclib/lib\libtonc.a(tonc_sbmp16.o)
                              tonclib/lib\libtonc.a(se_drawg.o) (sbmp16_rect)
tonclib/lib\libtonc.a(tonc_memset.o)
                              tonclib/lib\libtonc.a(tonc_sbmp16.o) (memset16)
q:/devkitpro1.5.3/devkitarm/bin/../lib/gcc/arm-none-eabi/4.7.1/thumb\libgcc.a(_divsi3.o)
                              tonclib/lib\libtonc.a(tte_main.o) (__aeabi_idiv)
q:/devkitpro1.5.3/devkitarm/bin/../lib/gcc/arm-none-eabi/4.7.1/thumb\libgcc.a(_dvmd_tls.o)
                              q:/devkitpro1.5.3/devkitarm/bin/../lib/gcc/arm-none-eabi/4.7.1/thumb\libgcc.a(_divsi3.o) (__aeabi_idiv0)
q:/devkitpro1.5.3/devkitarm/bin/../lib/gcc/arm-none-eabi/4.7.1/../../../../arm-none-eabi/lib/thumb\libc.a(lib_a-ctype_.o)
                              tonclib/lib\libtonc.a(tte_main.o) (__ctype_ptr__)
q:/devkitpro1.5.3/devkitarm/bin/../lib/gcc/arm-none-eabi/4.7.1/../../../../arm-none-eabi/lib/thumb\libc.a(lib_a-init.o)
                              q:/devkitpro1.5.3/devkitarm/bin/../lib/gcc/arm-none-eabi/4.7.1/../../../../arm-none-eabi/lib/thumb/gba_crt0.o (__libc_init_array)
q:/devkitpro1.5.3/devkitarm/bin/../lib/gcc/arm-none-eabi/4.7.1/../../../../arm-none-eabi/lib/thumb\libc.a(lib_a-memcpy-stub.o)
                              main.o (memcpy)
q:/devkitpro1.5.3/devkitarm/bin/../lib/gcc/arm-none-eabi/4.7.1/../../../../arm-none-eabi/lib/thumb\libc.a(lib_a-memset.o)
                              tonclib/lib\libtonc.a(tte_main.o) (memset)
q:/devkitpro1.5.3/devkitarm/bin/../lib/gcc/arm-none-eabi/4.7.1/../../../../arm-none-eabi/lib/thumb\libc.a(lib_a-sprintf.o)
                              main.o (sprintf)
q:/devkitpro1.5.3/devkitarm/bin/../lib/gcc/arm-none-eabi/4.7.1/../../../../arm-none-eabi/lib/thumb\libc.a(lib_a-strtol.o)
                              tonclib/lib\libtonc.a(tte_main.o) (strtol)
q:/devkitpro1.5.3/devkitarm/bin/../lib/gcc/arm-none-eabi/4.7.1/../../../../arm-none-eabi/lib/thumb\libc.a(lib_a-svfprintf.o)
                              q:/devkitpro1.5.3/devkitarm/bin/../lib/gcc/arm-none-eabi/4.7.1/../../../../arm-none-eabi/lib/thumb\libc.a(lib_a-sprintf.o) (_svfprintf_r)
q:/devkitpro1.5.3/devkitarm/bin/../lib/gcc/arm-none-eabi/4.7.1/../../../../arm-none-eabi/lib/thumb\libc.a(lib_a-wcrtomb.o)
                              q:/devkitpro1.5.3/devkitarm/bin/../lib/gcc/arm-none-eabi/4.7.1/../../../../arm-none-eabi/lib/thumb\libc.a(lib_a-svfprintf.o) (_wcrtomb_r)
q:/devkitpro1.5.3/devkitarm/bin/../lib/gcc/arm-none-eabi/4.7.1/../../../../arm-none-eabi/lib/thumb\libc.a(lib_a-wcsrtombs.o)
                              q:/devkitpro1.5.3/devkitarm/bin/../lib/gcc/arm-none-eabi/4.7.1/../../../../arm-none-eabi/lib/thumb\libc.a(lib_a-svfprintf.o) (_wcsrtombs_r)
q:/devkitpro1.5.3/devkitarm/bin/../lib/gcc/arm-none-eabi/4.7.1/../../../../arm-none-eabi/lib/thumb\libc.a(lib_a-wctomb_r.o)
                              q:/devkitpro1.5.3/devkitarm/bin/../lib/gcc/arm-none-eabi/4.7.1/../../../../arm-none-eabi/lib/thumb\libc.a(lib_a-wcrtomb.o) (__wctomb)
q:/devkitpro1.5.3/devkitarm/bin/../lib/gcc/arm-none-eabi/4.7.1/../../../../arm-none-eabi/lib/thumb\libc.a(lib_a-dtoa.o)
                              q:/devkitpro1.5.3/devkitarm/bin/../lib/gcc/arm-none-eabi/4.7.1/../../../../arm-none-eabi/lib/thumb\libc.a(lib_a-svfprintf.o) (_dtoa_r)
q:/devkitpro1.5.3/devkitarm/bin/../lib/gcc/arm-none-eabi/4.7.1/../../../../arm-none-eabi/lib/thumb\libc.a(lib_a-freer.o)
                              q:/devkitpro1.5.3/devkitarm/bin/../lib/gcc/arm-none-eabi/4.7.1/../../../../arm-none-eabi/lib/thumb\libc.a(lib_a-svfprintf.o) (_free_r)
q:/devkitpro1.5.3/devkitarm/bin/../lib/gcc/arm-none-eabi/4.7.1/../../../../arm-none-eabi/lib/thumb\libc.a(lib_a-impure.o)
                              q:/devkitpro1.5.3/devkitarm/bin/../lib/gcc/arm-none-eabi/4.7.1/../../../../arm-none-eabi/lib/thumb\libc.a(lib_a-sprintf.o) (_impure_ptr)
[...]
Memory Configuration

Name             Origin             Length             Attributes
rom              0x08000000         0x02000000
iwram            0x03000000         0x00008000
ewram            0x02000000         0x00040000
*default*        0x00000000         0xffffffff

Linker script and memory map

                0x08000000                __text_start = ORIGIN (rom)
                0x02040000                __eheap_end = (ORIGIN (ewram) + 0x40000)
                0x03000000                __iwram_start = ORIGIN (iwram)
                0x03008000                __iwram_top = (ORIGIN (iwram) + 0x8000)
                0x03007fa0                __sp_irq = (__iwram_top - 0x60)
                0x03007f00                __sp_usr = (__sp_irq - 0xa0)
                0x03007ff8                __irq_flags = 0x3007ff8
                0x08000000                . = __text_start

.init           0x08000000      0x21c
 *(.init)
 .init          0x08000000      0x210 q:/devkitpro1.5.3/devkitarm/bin/../lib/gcc/arm-none-eabi/4.7.1/../../../../arm-none-eabi/lib/thumb/gba_crt0.o
                0x08000000                _start
                0x080000c4                __boot_method
                0x080000c5                __slave_number
                0x080000e0                start_vector
 .init          0x08000210        0x4 q:/devkitpro1.5.3/devkitarm/bin/../lib/gcc/arm-none-eabi/4.7.1/thumb/crti.o
                0x08000210                _init
 .init          0x08000214        0x8 q:/devkitpro1.5.3/devkitarm/bin/../lib/gcc/arm-none-eabi/4.7.1/thumb/crtn.o
                0x0800021c                . = ALIGN (0x4)

.plt            0x0800021c        0x0
 *(.plt)
                0x0800021c                . = ALIGN (0x4)

.text           0x08000220     0xbc00
 *(EXCLUDE_FILE(*.iwram*) .text)
 .text          0x08000220        0x0 q:/devkitpro1.5.3/devkitarm/bin/../lib/gcc/arm-none-eabi/4.7.1/../../../../arm-none-eabi/lib/thumb/gba_crt0.o
 .text          0x08000220        0x0 q:/devkitpro1.5.3/devkitarm/bin/../lib/gcc/arm-none-eabi/4.7.1/thumb/crti.o
 .text          0x08000220       0xd0 q:/devkitpro1.5.3/devkitarm/bin/../lib/gcc/arm-none-eabi/4.7.1/thumb/crtbegin.o
 .text          0x080002f0     0x2008 main.o
                0x080002f0                isOdd
                0x08000304                merge
                0x080003c8                collision
                0x08000428                correctBox
                0x08000460                move
                0x08000608                createGrid
                0x08000634                addBackground
                0x080006b0                init
                0x08000b8c                initTutorial
                0x08000cd4                initStage1
                0x08000e50                initStage2
                0x08001054                initStage3
                0x08001200                initStage4
                0x080012f8                initStage5
                0x080013ec                initStage6
                0x080014dc                update
                0x08001f38                draw
 .text          0x080022f8        0x0 boxes/BoxClear.o
 .text          0x080022f8        0x0 boxes/Box1.o
 .text          0x080022f8        0x0 boxes/Box2.o
 .text          0x080022f8        0x0 boxes/Box3.o
 .text          0x080022f8        0x0 boxes/Box4.o
 .text          0x080022f8        0x0 boxes/Box5.o
 .text          0x080022f8        0x0 boxes/Box6.o
 .text          0x080022f8        0x0 boxes/Box7.o
 .text          0x080022f8        0x0 boxes/Box8.o
 .text          0x080022f8        0x0 boxes/Box9.o
 .text          0x080022f8        0x0 dropbox/DBox1clear.o
 .text          0x080022f8        0x0 dropbox/DBox2clear.o
 .text          0x080022f8        0x0 dropbox/DBox3clear.o
 .text          0x080022f8        0x0 dropbox/DBox4clear.o
 .text          0x080022f8        0x0 dropbox/DBox5clear.o
 .text          0x080022f8        0x0 dropbox/DBox6clear.o
 .text          0x080022f8        0x0 dropbox/DBox7clear.o
 .text          0x080022f8        0x0 dropbox/DBox8clear.o
 .text          0x080022f8        0x0 dropbox/DBox9clear.o
 .text          0x080022f8        0x0 dropbox/DBoxclear.o
 .text          0x080022f8        0x0 levels/StageTutPnP.o
 .text          0x080022f8        0x0 levels/StageTutPnPWALLS.o
 .text          0x080022f8        0x0 levels/Stage1Color.o
 .text          0x080022f8        0x0 levels/Stage1ColorWalls.o
 .text          0x080022f8        0x0 levels/Stage2ColorCombo.o
 .text          0x080022f8        0x0 levels/Stage2ColorComboWALL.o
 .text          0x080022f8        0x0 levels/Stage3NumberCombo.o
 .text          0x080022f8        0x0 levels/Stage3NumberComboWalls.o
 .text          0x080022f8        0x0 levels/Stage4.o
 .text          0x080022f8        0x0 levels/Stage4Walls.o
 .text          0x080022f8        0x0 levels/Stage5new.o
 .text          0x080022f8        0x0 levels/Stage5newWalls.o
 .text          0x080022f8        0x0 levels/Stage6Both.o
 .text          0x080022f8        0x0 levels/Stage6BothWalls.o
 .text          0x080022f8        0x0 levels/Stage7Both.o
 .text          0x080022f8        0x0 levels/Stage7BothWalls.o
 .text          0x080022f8        0x0 levels/Stage9Both.o
 .text          0x080022f8        0x0 levels/Stage9Walls.o
 .text          0x080022f8        0x0 other/EndZone.o
 .text          0x080022f8        0x0 player.o
 .text          0x080022f8        0x0 other/MovingBlocks.o
 .text          0x080022f8       0xac tonclib/lib\libtonc.a(tonc_input.o)
                0x080022f8                key_poll
                0x08002350                key_wait_till_hit
                0x08002374                key_repeat
                0x08002380                key_repeat_mask
                0x08002390                key_repeat_limits
 .text          0x080023a4       0xcc tonclib/lib\libtonc.a(tonc_oam.o)
                0x080023a4                oam_init
                0x080023f0                obj_copy
                0x0800241c                obj_hide_multi
                0x08002444                obj_unhide_multi
 .text          0x08002470      0x15c tonclib/lib\libtonc.a(tte_init_se.o)
                0x08002470                tte_init_se
 .text          0x080025cc      0x9e0 tonclib/lib\libtonc.a(tte_main.o)
                0x080025cc                dummy_drawg
                0x080025d0                dummy_erase
                0x080025d4                tte_set_context
                0x080025f0                tte_set_color_attr
                0x08002600                tte_set_color_attrs
                0x0800261c                tte_set_color
                0x08002640                tte_set_colors
                0x0800267c                tte_init_base
                0x08002710                utf8_decode_char
                0x080027c0                tte_cmd_skip
                0x080027d4                tte_cmd_next
                0x08002810                tte_putc
                0x08002860                tte_erase_rect
                0x0800287c                tte_erase_screen
                0x080028a0                tte_erase_line
                0x080028c8                tte_cmd_default
                0x08002d84                tte_write
                0x08002e70                tte_write_ex
                0x08002ea0                tte_get_text_size
                0x08002f8c                tte_set_margins
 .text          0x08002fac       0x8c tonclib/lib\libtonc.a(tonc_bios.o)
                0x08002fac                SoftReset
                0x08002fb0                RegisterRamReset
                0x08002fb4                Halt
                0x08002fb8                Stop
                0x08002fbc                IntrWait
                0x08002fc0                VBlankIntrWait
                0x08002fc4                Div
                0x08002fc8                DivArm
                0x08002fcc                Sqrt
                0x08002fd0                ArcTan
                0x08002fd4                ArcTan2
                0x08002fd8                CpuSet
                0x08002fdc                CpuFastSet
                0x08002fe0                BiosCheckSum
                0x08002fe4                BgAffineSet
                0x08002fe8                ObjAffineSet
                0x08002fec                BitUnPack
                0x08002ff0                LZ77UnCompWram
                0x08002ff4                LZ77UnCompVram
                0x08002ff8                HuffUnComp
                0x08002ffc                RLUnCompWram
                0x08003000                RLUnCompVram
                0x08003004                Diff8bitUnFilterWram
                0x08003008                Diff8bitUnFilterVram
                0x0800300c                Diff16bitUnFilter
                0x08003010                SoundBias
                0x08003014                SoundDriverInit
                0x08003018                SoundDriverMode
                0x0800301c                SoundDriverMain
                0x08003020                SoundDriverVSync
                0x08003024                SoundChannelClear
                0x08003028                MidiKey2Freq
                0x0800302c                MultiBoot
                0x08003030                SoundDriverVSyncOff
                0x08003034                SoundDriverVSyncOn
 .text          0x08003038       0x54 tonclib/lib\libtonc.a(tonc_bios_ex.o)
                0x08003038                VBlankIntrDelay
                0x08003048                DivSafe
                0x0800305c                Mod
                0x08003064                DivAbs
                0x0800306c                DivArmMod
                0x08003074                DivArmAbs
                0x0800307c                CpuFastFill
 .text          0x0800308c       0x44 tonclib/lib\libtonc.a(tonc_memcpy.o)
                0x0800308c                memcpy16
 .text          0x080030d0        0x0 tonclib/lib\libtonc.a(sys8.o)
 .text          0x080030d0      0x138 tonclib/lib\libtonc.a(tonc_surface.o)
                0x080030d0                srf_init
                0x08003188                srf_pal_copy
                0x080031a8                srf_get_ptr
 .text          0x08003208      0x174 tonclib/lib\libtonc.a(se_drawg.o)
                0x08003208                se_erase
                0x08003238                se_drawg_w8h8
                0x08003264                se_drawg_w8h16
                0x080032a0                se_drawg
                0x08003310                se_drawg_s
 .text          0x0800337c      0x4d8 tonclib/lib\libtonc.a(tonc_sbmp16.o)
                0x0800337c                sbmp16_get_pixel
                0x0800338c                sbmp16_plot
                0x080033a0                sbmp16_vline
                0x080033d8                sbmp16_line
                0x080034b4                sbmp16_hline
                0x080034e0                sbmp16_frame
                0x0800356c                sbmp16_rect
                0x080035cc                sbmp16_blit
                0x08003708                sbmp16_floodfill_internal
                0x0800382c                sbmp16_floodfill
 .text          0x08003854       0x3c tonclib/lib\libtonc.a(tonc_memset.o)
                0x08003854                memset16
 .text          0x08003890      0x150 q:/devkitpro1.5.3/devkitarm/bin/../lib/gcc/arm-none-eabi/4.7.1/thumb\libgcc.a(_divsi3.o)
                0x08003890                __divsi3
                0x08003890                __aeabi_idiv
                0x080039c0                __aeabi_idivmod
 .text          0x080039e0        0x4 q:/devkitpro1.5.3/devkitarm/bin/../lib/gcc/arm-none-eabi/4.7.1/thumb\libgcc.a(_dvmd_tls.o)
                0x080039e0                __aeabi_idiv0
                0x080039e0                __aeabi_ldiv0
 .text          0x080039e4       0x10 q:/devkitpro1.5.3/devkitarm/bin/../lib/gcc/arm-none-eabi/4.7.1/../../../../arm-none-eabi/lib/thumb\libc.a(lib_a-ctype_.o)
                0x080039e4                __set_ctype
 .text          0x080039f4       0x54 q:/devkitpro1.5.3/devkitarm/bin/../lib/gcc/arm-none-eabi/4.7.1/../../../../arm-none-eabi/lib/thumb\libc.a(lib_a-init.o)
                0x080039f4                __libc_init_array
 .text          0x08003a48       0x90 q:/devkitpro1.5.3/devkitarm/bin/../lib/gcc/arm-none-eabi/4.7.1/../../../../arm-none-eabi/lib/thumb\libc.a(lib_a-memcpy-stub.o)
                0x08003a48                memcpy
 .text          0x08003ad8       0x98 q:/devkitpro1.5.3/devkitarm/bin/../lib/gcc/arm-none-eabi/4.7.1/../../../../arm-none-eabi/lib/thumb\libc.a(lib_a-memset.o)
                0x08003ad8                memset
 .text          0x08003b70       0x84 q:/devkitpro1.5.3/devkitarm/bin/../lib/gcc/arm-none-eabi/4.7.1/../../../../arm-none-eabi/lib/thumb\libc.a(lib_a-sprintf.o)
                0x08003b70                _sprintf_r
                0x08003bb0                sprintf
 .text          0x08003bf4      0x190 q:/devkitpro1.5.3/devkitarm/bin/../lib/gcc/arm-none-eabi/4.7.1/../../../../arm-none-eabi/lib/thumb\libc.a(lib_a-strtol.o)
                0x08003bf4                _strtol_r
                0x08003d64                strtol
 *fill*         0x08003d84        0x4 ff
 .text          0x08003d88     0x1728 q:/devkitpro1.5.3/devkitarm/bin/../lib/gcc/arm-none-eabi/4.7.1/../../../../arm-none-eabi/lib/thumb\libc.a(lib_a-svfprintf.o)
                0x08003d88                _svfprintf_r
 .text          0x080054b0       0xe8 q:/devkitpro1.5.3/devkitarm/bin/../lib/gcc/arm-none-eabi/4.7.1/../../../../arm-none-eabi/lib/thumb\libc.a(lib_a-wcrtomb.o)
                0x080054b0                _wcrtomb_r
                0x08005518                wcrtomb
 .text          0x08005598       0x40 q:/devkitpro1.5.3/devkitarm/bin/../lib/gcc/arm-none-eabi/4.7.1/../../../../arm-none-eabi/lib/thumb\libc.a(lib_a-wcsrtombs.o)
                0x08005598                _wcsrtombs_r
                0x080055b0                wcsrtombs
 .text          0x080055d8      0x2a4 q:/devkitpro1.5.3/devkitarm/bin/../lib/gcc/arm-none-eabi/4.7.1/../../../../arm-none-eabi/lib/thumb\libc.a(lib_a-wctomb_r.o)
                0x080055d8                __utf8_wctomb
                0x0800568c                _wctomb_r
                0x080056c4                __ascii_wctomb
                0x080056e4                __sjis_wctomb
                0x08005760                __eucjp_wctomb
                0x080057fc                __jis_wctomb
 *fill*         0x0800587c        0x4 ff
 .text          0x08005880     0x10a0 q:/devkitpro1.5.3/devkitarm/bin/../lib/gcc/arm-none-eabi/4.7.1/../../../../arm-none-eabi/lib/thumb\libc.a(lib_a-dtoa.o)
                0x080059d8                _dtoa_r
 .text          0x08006920      0x238 q:/devkitpro1.5.3/devkitarm/bin/../lib/gcc/arm-none-eabi/4.7.1/../../../../arm-none-eabi/lib/thumb\libc.a(lib_a-freer.o)
                0x08006920                _malloc_trim_r
                0x080069c4                _free_r
 .text          0x08006b58        0x0 q:/devkitpro1.5.3/devkitarm/bin/../lib/gcc/arm-none-eabi/4.7.1/../../../../arm-none-eabi/lib/thumb\libc.a(lib_a-impure.o)
 .text          0x08006b58      0x950 q:/devkitpro1.5.3/devkitarm/bin/../lib/gcc/arm-none-eabi/4.7.1/../../../../arm-none-eabi/lib/thumb\libc.a(lib_a-locale.o)
                0x0800724c                _setlocale_r
                0x08007448                __locale_charset
                0x08007450                __locale_mb_cur_max
                0x0800745c                __locale_msgcharset
                0x08007468                __locale_cjk_lang
                0x08007474                _localeconv_r
                0x08007480                setlocale
                0x0800749c                localeconv
 .text          0x080074a8      0x51c q:/devkitpro1.5.3/devkitarm/bin/../lib/gcc/arm-none-eabi/4.7.1/../../../../arm-none-eabi/lib/thumb\libc.a(lib_a-mallocr.o)
                0x080074a8                _malloc_r
 .text          0x080079c4      0x584 q:/devkitpro1.5.3/devkitarm/bin/../lib/gcc/arm-none-eabi/4.7.1/../../../../arm-none-eabi/lib/thumb\libc.a(lib_a-mbtowc_r.o)
                0x080079c4                __utf8_mbtowc
                0x08007c24                _mbtowc_r
                0x08007c60                __ascii_mbtowc
                0x08007c90                __sjis_mbtowc
                0x08007d50                __eucjp_mbtowc
                0x08007e18                __jis_mbtowc
 .text          0x08007f48       0x98 q:/devkitpro1.5.3/devkitarm/bin/../lib/gcc/arm-none-eabi/4.7.1/../../../../arm-none-eabi/lib/thumb\libc.a(lib_a-memchr-stub.o)
                0x08007f48                memchr
 .text          0x08007fe0        0x8 q:/devkitpro1.5.3/devkitarm/bin/../lib/gcc/arm-none-eabi/4.7.1/../../../../arm-none-eabi/lib/thumb\libc.a(lib_a-mlock.o)
                0x08007fe0                __malloc_lock
                0x08007fe4                __malloc_unlock
 .text          0x08007fe8      0x978 q:/devkitpro1.5.3/devkitarm/bin/../lib/gcc/arm-none-eabi/4.7.1/../../../../arm-none-eabi/lib/thumb\libc.a(lib_a-mprec.o)
                0x08007fe8                _Balloc
                0x0800803c                _Bfree
                0x08008054                __multadd
                0x08008100                __s2b
                0x0800819c                __hi0bits
                0x080081d4                __lo0bits
                0x08008234                __i2b
                0x0800824c                __multiply
                0x080083b0                __pow5mult
                0x08008460                __lshift
                0x08008530                __mcmp
                0x0800856c                __mdiff
                0x0800865c                __ulp
                0x080086a4                __b2d
                0x08008748                __d2b
                0x08008800                __ratio
                0x0800887c                _mprec_log10
                0x080088bc                __copybits
                0x08008904                __any_on
 .text          0x08008960       0x5c q:/devkitpro1.5.3/devkitarm/bin/../lib/gcc/arm-none-eabi/4.7.1/../../../../arm-none-eabi/lib/thumb\libc.a(lib_a-s_fpclassify.o)
                0x08008960                __fpclassifyd
 .text          0x080089bc       0x50 q:/devkitpro1.5.3/devkitarm/bin/../lib/gcc/arm-none-eabi/4.7.1/../../../../arm-none-eabi/lib/thumb\libc.a(lib_a-strcasecmp.o)
                0x080089bc                strcasecmp
 .text          0x08008a0c       0x50 q:/devkitpro1.5.3/devkitarm/bin/../lib/gcc/arm-none-eabi/4.7.1/../../../../arm-none-eabi/lib/thumb\libc.a(lib_a-strcat.o)
                0x08008a0c                strcat
 .text          0x08008a5c       0xd4 q:/devkitpro1.5.3/devkitarm/bin/../lib/gcc/arm-none-eabi/4.7.1/../../../../arm-none-eabi/lib/thumb\libc.a(lib_a-strchr.o)
                0x08008a5c                strchr
 .text          0x08008b30       0x14 q:/devkitpro1.5.3/devkitarm/bin/../lib/gcc/arm-none-eabi/4.7.1/../../../../arm-none-eabi/lib/thumb\libc.a(lib_a-strcmp.o)
                0x08008b30                strcmp
 .text          0x08008b44       0x10 q:/devkitpro1.5.3/devkitarm/bin/../lib/gcc/arm-none-eabi/4.7.1/../../../../arm-none-eabi/lib/thumb\libc.a(lib_a-strcpy.o)
                0x08008b44                strcpy
 .text          0x08008b54       0x48 q:/devkitpro1.5.3/devkitarm/bin/../lib/gcc/arm-none-eabi/4.7.1/../../../../arm-none-eabi/lib/thumb\libc.a(lib_a-strlcpy.o)
                0x08008b54                strlcpy
 .text          0x08008b9c       0x10 q:/devkitpro1.5.3/devkitarm/bin/../lib/gcc/arm-none-eabi/4.7.1/../../../../arm-none-eabi/lib/thumb\libc.a(lib_a-strlen.o)
                0x08008b9c                strlen
 .text          0x08008bac       0x60 q:/devkitpro1.5.3/devkitarm/bin/../lib/gcc/arm-none-eabi/4.7.1/../../../../arm-none-eabi/lib/thumb\libc.a(lib_a-strncasecmp.o)
                0x08008bac                strncasecmp
 .text          0x08008c0c       0xbc q:/devkitpro1.5.3/devkitarm/bin/../lib/gcc/arm-none-eabi/4.7.1/../../../../arm-none-eabi/lib/thumb\libc.a(lib_a-strncmp.o)
                0x08008c0c                strncmp
 .text          0x08008cc8       0x60 q:/devkitpro1.5.3/devkitarm/bin/../lib/gcc/arm-none-eabi/4.7.1/../../../../arm-none-eabi/lib/thumb\libc.a(lib_a-strncpy.o)
                0x08008cc8                strncpy
 .text          0x08008d28      0xeb4 q:/devkitpro1.5.3/devkitarm/bin/../lib/gcc/arm-none-eabi/4.7.1/../../../../arm-none-eabi/lib/thumb\libc.a(lib_a-svfiprintf.o)
                0x08008d28                __ssprint_r
                0x08008e58                _svfiprintf_r
 .text          0x08009bdc      0x150 q:/devkitpro1.5.3/devkitarm/bin/../lib/gcc/arm-none-eabi/4.7.1/../../../../arm-none-eabi/lib/thumb\libc.a(lib_a-wcsnrtombs.o)
                0x08009bdc                _wcsnrtombs_r
                0x08009cfc                wcsnrtombs
 .text          0x08009d2c       0x64 q:/devkitpro1.5.3/devkitarm/bin/../lib/gcc/arm-none-eabi/4.7.1/../../../../arm-none-eabi/lib/thumb\libc.a(lib_a-callocr.o)
                0x08009d2c                _calloc_r
 .text          0x08009d90       0xa8 q:/devkitpro1.5.3/devkitarm/bin/../lib/gcc/arm-none-eabi/4.7.1/../../../../arm-none-eabi/lib/thumb\libc.a(lib_a-getenv_r.o)
                0x08009d90                _findenv_r
                0x08009e28                _getenv_r
 .text          0x08009e38       0xb0 q:/devkitpro1.5.3/devkitarm/bin/../lib/gcc/arm-none-eabi/4.7.1/../../../../arm-none-eabi/lib/thumb\libc.a(lib_a-memmove.o)
                0x08009e38                memmove
 .text          0x08009ee8      0x3e8 q:/devkitpro1.5.3/devkitarm/bin/../lib/gcc/arm-none-eabi/4.7.1/../../../../arm-none-eabi/lib/thumb\libc.a(lib_a-reallocr.o)
                0x08009ee8                _realloc_r
 .text          0x0800a2d0        0x0 q:/devkitpro1.5.3/devkitarm/bin/../lib/gcc/arm-none-eabi/4.7.1/../../../../arm-none-eabi/lib/thumb\libc.a(lib_a-environ.o)
 .text          0x0800a2d0        0x8 q:/devkitpro1.5.3/devkitarm/bin/../lib/gcc/arm-none-eabi/4.7.1/../../../../arm-none-eabi/lib/thumb\libc.a(lib_a-envlock.o)
                0x0800a2d0                __env_lock
                0x0800a2d4                __env_unlock
 .text          0x0800a2d8       0x54 q:/devkitpro1.5.3/devkitarm/bin/../lib/gcc/arm-none-eabi/4.7.1/../../../../arm-none-eabi/lib/thumb\libsysbase.a(sbrk.o)
                0x0800a2d8                _sbrk_r
 .text          0x0800a32c        0x0 q:/devkitpro1.5.3/devkitarm/bin/../lib/gcc/arm-none-eabi/4.7.1/../../../../arm-none-eabi/lib/thumb\libsysbase.a(malloc_vars.o)
 .text          0x0800a32c      0x11c q:/devkitpro1.5.3/devkitarm/bin/../lib/gcc/arm-none-eabi/4.7.1/thumb\libgcc.a(_udivsi3.o)
                0x0800a32c                __aeabi_uidiv
                0x0800a32c                __udivsi3
                0x0800a428                __aeabi_uidivmod
 .text          0x0800a448      0x41c q:/devkitpro1.5.3/devkitarm/bin/../lib/gcc/arm-none-eabi/4.7.1/thumb\libgcc.a(_arm_addsubdf3.o)
                0x0800a448                __aeabi_drsub
                0x0800a450                __aeabi_dsub
                0x0800a450                __subdf3
                0x0800a454                __aeabi_dadd
                0x0800a454                __adddf3
                0x0800a764                __floatunsidf
                0x0800a764                __aeabi_ui2d
                0x0800a788                __floatsidf
                0x0800a788                __aeabi_i2d
                0x0800a7b0                __aeabi_f2d
                0x0800a7b0                __extendsfdf2
                0x0800a7f0                __floatundidf
                0x0800a7f0                __aeabi_ul2d
                0x0800a804                __floatdidf
                0x0800a804                __aeabi_l2d
 .text          0x0800a864      0x49c q:/devkitpro1.5.3/devkitarm/bin/../lib/gcc/arm-none-eabi/4.7.1/thumb\libgcc.a(_arm_muldivdf3.o)
                0x0800a864                __aeabi_dmul
                0x0800a864                __muldf3
                0x0800aaf4                __divdf3
                0x0800aaf4                __aeabi_ddiv
 .text          0x0800ad00      0x144 q:/devkitpro1.5.3/devkitarm/bin/../lib/gcc/arm-none-eabi/4.7.1/thumb\libgcc.a(_arm_cmpdf2.o)
                0x0800ad00                __gtdf2
                0x0800ad00                __gedf2
                0x0800ad08                __ltdf2
                0x0800ad08                __ledf2
                0x0800ad10                __nedf2
                0x0800ad10                __eqdf2
                0x0800ad10                __cmpdf2
                0x0800ad98                __aeabi_cdrcmple
                0x0800adb4                __aeabi_cdcmpeq
                0x0800adb4                __aeabi_cdcmple
                0x0800adcc                __aeabi_dcmpeq
                0x0800ade4                __aeabi_dcmplt
                0x0800adfc                __aeabi_dcmple
                0x0800ae14                __aeabi_dcmpge
                0x0800ae2c                __aeabi_dcmpgt
 .text          0x0800ae44       0x5c q:/devkitpro1.5.3/devkitarm/bin/../lib/gcc/arm-none-eabi/4.7.1/thumb\libgcc.a(_arm_fixdfsi.o)
                0x0800ae44                __aeabi_d2iz
                0x0800ae44                __fixdfsi
 .text          0x0800aea0       0x3c q:/devkitpro1.5.3/devkitarm/bin/../lib/gcc/arm-none-eabi/4.7.1/thumb\libgcc.a(_aeabi_uldivmod.o)
                0x0800aea0                __aeabi_uldivmod
 .text          0x0800aedc       0x7c q:/devkitpro1.5.3/devkitarm/bin/../lib/gcc/arm-none-eabi/4.7.1/thumb\libgcc.a(bpabi.o)
                0x0800aedc                __gnu_ldivmod_helper
                0x0800af1c                __gnu_uldivmod_helper
 .text          0x0800af58       0x4c q:/devkitpro1.5.3/devkitarm/bin/../lib/gcc/arm-none-eabi/4.7.1/thumb\libgcc.a(_muldi3.o)
                0x0800af58                __muldi3
                0x0800af58                __aeabi_lmul
 .text          0x0800afa4      0x3d4 q:/devkitpro1.5.3/devkitarm/bin/../lib/gcc/arm-none-eabi/4.7.1/thumb\libgcc.a(_divdi3.o)
                0x0800afa4                __divdi3
 .text          0x0800b378      0x3a0 q:/devkitpro1.5.3/devkitarm/bin/../lib/gcc/arm-none-eabi/4.7.1/thumb\libgcc.a(_udivdi3.o)
                0x0800b378                __udivdi3
 .text          0x0800b718       0x48 q:/devkitpro1.5.3/devkitarm/bin/../lib/gcc/arm-none-eabi/4.7.1/thumb\libgcc.a(_clzsi2.o)
                0x0800b718                __clzsi2
 .text          0x0800b760        0x0 q:/devkitpro1.5.3/devkitarm/bin/../lib/gcc/arm-none-eabi/4.7.1/thumb/crtend.o
 .text          0x0800b760        0x0 q:/devkitpro1.5.3/devkitarm/bin/../lib/gcc/arm-none-eabi/4.7.1/thumb/crtn.o
 *(.text .stub .text.* .gnu.linkonce.t.*)
 .text.startup  0x0800b760      0x604 main.o
                0x0800b760                main
 *fill*         0x0800bd64        0x4 ff
 .text.startup.stub
                0x0800bd68       0xac linker stubs
 *(.text.*personality*)
 *(.gnu.warning)
 *(.glue_7t)
 .glue_7t       0x00000000        0x0 linker stubs
 *(.glue_7)
 .glue_7        0x00000000        0x0 linker stubs
 *(.vfp11_veneer)
 .vfp11_veneer  0x00000000        0x0 linker stubs
                0x0800be14                . = ALIGN (0x4)
                0x0800be14                __text_end = .

.v4_bx          0x0800be20        0x0
 .v4_bx         0x00000000        0x0 linker stubs

.iplt           0x0800be20        0x0
 .iplt          0x00000000        0x0 q:/devkitpro1.5.3/devkitarm/bin/../lib/gcc/arm-none-eabi/4.7.1/../../../../arm-none-eabi/lib/thumb/gba_crt0.o

.fini           0x0800be20        0xc
 *(.fini)
 .fini          0x0800be20        0x4 q:/devkitpro1.5.3/devkitarm/bin/../lib/gcc/arm-none-eabi/4.7.1/thumb/crti.o
                0x0800be20                _fini
 .fini          0x0800be24        0x8 q:/devkitpro1.5.3/devkitarm/bin/../lib/gcc/arm-none-eabi/4.7.1/thumb/crtn.o
                0x0800be2c                . = ALIGN (0x4)

.rodata         0x0800be30     0xfb5c
 *(.rodata)
 .rodata        0x0800be30       0x6c main.o
 .rodata        0x0800be9c      0x220 boxes/BoxClear.o
                0x0800be9c                BoxClearPal
                0x0800c09c                BoxClearTiles
 .rodata        0x0800c0bc      0x220 boxes/Box1.o
                0x0800c0bc                Box1Pal
                0x0800c2bc                Box1Tiles
 .rodata        0x0800c2dc      0x220 boxes/Box2.o
                0x0800c2dc                Box2Pal
                0x0800c4dc                Box2Tiles
 .rodata        0x0800c4fc      0x220 boxes/Box3.o
                0x0800c4fc                Box3Pal
                0x0800c6fc                Box3Tiles
 .rodata        0x0800c71c      0x220 boxes/Box4.o
                0x0800c71c                Box4Pal
                0x0800c91c                Box4Tiles
 .rodata        0x0800c93c      0x220 boxes/Box5.o
                0x0800c93c                Box5Pal
                0x0800cb3c                Box5Tiles
 .rodata        0x0800cb5c      0x220 boxes/Box6.o
                0x0800cb5c                Box6Pal
                0x0800cd5c                Box6Tiles
 .rodata        0x0800cd7c      0x220 boxes/Box7.o
                0x0800cd7c                Box7Pal
                0x0800cf7c                Box7Tiles
 .rodata        0x0800cf9c      0x220 boxes/Box8.o
                0x0800cf9c                Box8Pal
                0x0800d19c                Box8Tiles
 .rodata        0x0800d1bc      0x220 boxes/Box9.o
                0x0800d1bc                Box9Pal
                0x0800d3bc                Box9Tiles
 .rodata        0x0800d3dc      0x220 dropbox/DBox1clear.o
                0x0800d3dc                DBox1clearPal
                0x0800d5dc                DBox1clearTiles
 .rodata        0x0800d5fc      0x220 dropbox/DBox2clear.o
                0x0800d5fc                DBox2clearPal
                0x0800d7fc                DBox2clearTiles
 .rodata        0x0800d81c      0x220 dropbox/DBox3clear.o
                0x0800d81c                DBox3clearPal
                0x0800da1c                DBox3clearTiles
 .rodata        0x0800da3c      0x220 dropbox/DBox4clear.o
                0x0800da3c                DBox4clearPal
                0x0800dc3c                DBox4clearTiles
 .rodata        0x0800dc5c      0x220 dropbox/DBox5clear.o
                0x0800dc5c                DBox5clearPal
                0x0800de5c                DBox5clearTiles
 .rodata        0x0800de7c      0x220 dropbox/DBox6clear.o
                0x0800de7c                DBox6clearPal
                0x0800e07c                DBox6clearTiles
 .rodata        0x0800e09c      0x220 dropbox/DBox7clear.o
                0x0800e09c                DBox7clearPal
                0x0800e29c                DBox7clearTiles
 .rodata        0x0800e2bc      0x220 dropbox/DBox8clear.o
                0x0800e2bc                DBox8clearPal
                0x0800e4bc                DBox8clearTiles
 .rodata        0x0800e4dc      0x220 dropbox/DBox9clear.o
                0x0800e4dc                DBox9clearPal
                0x0800e6dc                DBox9clearTiles
 .rodata        0x0800e6fc      0x220 dropbox/DBoxclear.o
                0x0800e6fc                DBoxclearPal
                0x0800e8fc                DBoxclearTiles
 .rodata        0x0800e91c      0xa40 levels/StageTutPnP.o
                0x0800e91c                StageTutPnPPal
                0x0800eb1c                StageTutPnPMap
                0x0800f31c                StageTutPnPTiles
 .rodata        0x0800f35c      0xa40 levels/StageTutPnPWALLS.o
                0x0800f35c                StageTutPnPWALLSPal
                0x0800f55c                StageTutPnPWALLSMap
                0x0800fd5c                StageTutPnPWALLSTiles
 .rodata        0x0800fd9c      0xa40 levels/Stage1Color.o
                0x0800fd9c                Stage1ColorPal
                0x0800ff9c                Stage1ColorMap
                0x0801079c                Stage1ColorTiles
 .rodata        0x080107dc      0xa40 levels/Stage1ColorWalls.o
                0x080107dc                Stage1ColorWallsPal
                0x080109dc                Stage1ColorWallsMap
                0x080111dc                Stage1ColorWallsTiles
 .rodata        0x0801121c      0xa40 levels/Stage2ColorCombo.o
                0x0801121c                Stage2ColorComboPal
                0x0801141c                Stage2ColorComboMap
                0x08011c1c                Stage2ColorComboTiles
 .rodata        0x08011c5c      0xa40 levels/Stage2ColorComboWALL.o
                0x08011c5c                Stage2ColorComboWALLPal
                0x08011e5c                Stage2ColorComboWALLMap
                0x0801265c                Stage2ColorComboWALLTiles
 .rodata        0x0801269c      0xa40 levels/Stage3NumberCombo.o
                0x0801269c                Stage3NumberComboPal
                0x0801289c                Stage3NumberComboMap
                0x0801309c                Stage3NumberComboTiles
 .rodata        0x080130dc      0xa40 levels/Stage3NumberComboWalls.o
                0x080130dc                Stage3NumberComboWallsPal
                0x080132dc                Stage3NumberComboWallsMap
                0x08013adc                Stage3NumberComboWallsTiles
 .rodata        0x08013b1c      0xa40 levels/Stage4.o
                0x08013b1c                Stage4Pal
                0x08013d1c                Stage4Map
                0x0801451c                Stage4Tiles
 .rodata        0x0801455c      0xa40 levels/Stage4Walls.o
                0x0801455c                Stage4WallsPal
                0x0801475c                Stage4WallsMap
                0x08014f5c                Stage4WallsTiles
 .rodata        0x08014f9c      0xa40 levels/Stage5new.o
                0x08014f9c                Stage5newPal
                0x0801519c                Stage5newMap
                0x0801599c                Stage5newTiles
 .rodata        0x080159dc      0xa40 levels/Stage5newWalls.o
                0x080159dc                Stage5newWallsPal
                0x08015bdc                Stage5newWallsMap
                0x080163dc                Stage5newWallsTiles
 .rodata        0x0801641c      0xa40 levels/Stage6Both.o
                0x0801641c                Stage6BothPal
                0x0801661c                Stage6BothMap
                0x08016e1c                Stage6BothTiles
 .rodata        0x08016e5c      0xa40 levels/Stage6BothWalls.o
                0x08016e5c                Stage6BothWallsPal
                0x0801705c                Stage6BothWallsMap
                0x0801785c                Stage6BothWallsTiles
 .rodata        0x0801789c      0xa40 levels/Stage7Both.o
                0x0801789c                Stage7BothPal
                0x08017a9c                Stage7BothMap
                0x0801829c                Stage7BothTiles
 .rodata        0x080182dc      0xa40 levels/Stage7BothWalls.o
                0x080182dc                Stage7BothWallsPal
                0x080184dc                Stage7BothWallsMap
                0x08018cdc                Stage7BothWallsTiles
 .rodata        0x08018d1c      0xa40 levels/Stage9Both.o
                0x08018d1c                Stage9BothPal
                0x08018f1c                Stage9BothMap
                0x0801971c                Stage9BothTiles
 .rodata        0x0801975c      0xa40 levels/Stage9Walls.o
                0x0801975c                Stage9WallsPal
                0x0801995c                Stage9WallsMap
                0x0801a15c                Stage9WallsTiles
 .rodata        0x0801a19c      0x220 other/EndZone.o
                0x0801a19c                EndZonePal
                0x0801a39c                EndZoneTiles
 .rodata        0x0801a3bc      0x220 player.o
                0x0801a3bc                playerPal
                0x0801a5bc                playerTiles
 .rodata        0x0801a5dc      0x220 other/MovingBlocks.o
                0x0801a5dc                MovingBlocksPal
                0x0801a7dc                MovingBlocksTiles
 .rodata        0x0801a7fc      0x1f0 tonclib/lib\libtonc.a(tte_main.o)
 .rodata        0x0801a9ec      0x318 tonclib/lib\libtonc.a(sys8.o)
                0x0801a9ec                sys8Font
                0x0801aa04                sys8Glyphs
 .rodata        0x0801ad04       0x1c tonclib/lib\libtonc.a(tonc_surface.o)
 .rodata        0x0801ad20       0x3c tonclib/lib\libtonc.a(tonc_sbmp16.o)
                0x0801ad20                bmp16_tab
                0x0801ad48                m3_surface
 .rodata        0x0801ad5c      0x104 q:/devkitpro1.5.3/devkitarm/bin/../lib/gcc/arm-none-eabi/4.7.1/../../../../arm-none-eabi/lib/thumb\libc.a(lib_a-ctype_.o)
                0x0801ad5c                _ctype_
 .rodata        0x0801ae60      0x184 q:/devkitpro1.5.3/devkitarm/bin/../lib/gcc/arm-none-eabi/4.7.1/../../../../arm-none-eabi/lib/thumb\libc.a(lib_a-svfprintf.o)
 .rodata        0x0801afe4        0x4 q:/devkitpro1.5.3/devkitarm/bin/../lib/gcc/arm-none-eabi/4.7.1/../../../../arm-none-eabi/lib/thumb\libc.a(lib_a-impure.o)
                0x0801afe4                _global_impure_ptr
 .rodata        0x0801afe8       0xf0 q:/devkitpro1.5.3/devkitarm/bin/../lib/gcc/arm-none-eabi/4.7.1/../../../../arm-none-eabi/lib/thumb\libc.a(lib_a-locale.o)
 .rodata        0x0801b0d8       0xa8 q:/devkitpro1.5.3/devkitarm/bin/../lib/gcc/arm-none-eabi/4.7.1/../../../../arm-none-eabi/lib/thumb\libc.a(lib_a-mbtowc_r.o)
 .rodata        0x0801b180      0x128 q:/devkitpro1.5.3/devkitarm/bin/../lib/gcc/arm-none-eabi/4.7.1/../../../../arm-none-eabi/lib/thumb\libc.a(lib_a-mprec.o)
                0x0801b190                __mprec_tens
                0x0801b258                __mprec_tinytens
                0x0801b280                __mprec_bigtens
 .rodata        0x0801b2a8      0x184 q:/devkitpro1.5.3/devkitarm/bin/../lib/gcc/arm-none-eabi/4.7.1/../../../../arm-none-eabi/lib/thumb\libc.a(lib_a-svfiprintf.o)
 *all.rodata*(*)
 *(.roda)
 *(.rodata.*)
 .rodata.str1.4
                0x0801b42c      0x3d7 main.o
                                0x3d8 (size before relaxing)
 *fill*         0x0801b803        0x1 ff
 .rodata.str1.4
                0x0801b804        0x6 tonclib/lib\libtonc.a(tonc_sbmp16.o)
                                  0x8 (size before relaxing)
 *fill*         0x0801b80a        0x2 ff
 .rodata.str1.4
                0x0801b80c       0x42 q:/devkitpro1.5.3/devkitarm/bin/../lib/gcc/arm-none-eabi/4.7.1/../../../../arm-none-eabi/lib/thumb\libc.a(lib_a-svfprintf.o)
                                 0x44 (size before relaxing)
 *fill*         0x0801b84e        0x2 ff
 .rodata.str1.4
                0x0801b850       0x10 q:/devkitpro1.5.3/devkitarm/bin/../lib/gcc/arm-none-eabi/4.7.1/../../../../arm-none-eabi/lib/thumb\libc.a(lib_a-dtoa.o)
                                 0x14 (size before relaxing)
 .rodata.str1.4
                0x0801b860        0x2 q:/devkitpro1.5.3/devkitarm/bin/../lib/gcc/arm-none-eabi/4.7.1/../../../../arm-none-eabi/lib/thumb\libc.a(lib_a-impure.o)
                                  0x4 (size before relaxing)
 *fill*         0x0801b862        0x2 ff
 .rodata.str1.4
                0x0801b864      0x128 q:/devkitpro1.5.3/devkitarm/bin/../lib/gcc/arm-none-eabi/4.7.1/../../../../arm-none-eabi/lib/thumb\libc.a(lib_a-locale.o)
                                0x130 (size before relaxing)
 .rodata.str1.4
                0x00000000       0x30 q:/devkitpro1.5.3/devkitarm/bin/../lib/gcc/arm-none-eabi/4.7.1/../../../../arm-none-eabi/lib/thumb\libc.a(lib_a-svfiprintf.o)
 *(.gnu.linkonce.r*)
                0x0801b98c                . = ALIGN (0x4)

.ARM.extab
 *(.ARM.extab* .gnu.linkonce.armextab.*)
                0x0801b98c                __exidx_start = .

.ARM.exidx
 *(.ARM.exidx* .gnu.linkonce.armexidx.*)
                0x0801b98c                __exidx_end = .

.ctors          0x0801b98c        0x0
 *crtbegin.o(.ctors)
 *(EXCLUDE_FILE(*crtend.o) .ctors)
 *(SORT(.ctors.*))
 *(.ctors)
                0x0801b98c                . = ALIGN (0x4)

.dtors          0x0801b98c        0x0
 *crtbegin.o(.dtors)
 *(EXCLUDE_FILE(*crtend.o) .dtors)
 *(SORT(.dtors.*))
 *(.dtors)
                0x0801b98c                . = ALIGN (0x4)

.eh_frame       0x0801b98c        0x4
 *(.eh_frame)
 .eh_frame      0x0801b98c        0x0 q:/devkitpro1.5.3/devkitarm/bin/../lib/gcc/arm-none-eabi/4.7.1/thumb/crtbegin.o
 .eh_frame      0x0801b98c        0x4 q:/devkitpro1.5.3/devkitarm/bin/../lib/gcc/arm-none-eabi/4.7.1/thumb/crtend.o
                0x0801b990                . = ALIGN (0x4)

.gcc_except_table
                0x0801b990        0x0
 *(.gcc_except_table)
                0x0801b990                . = ALIGN (0x4)
                0x0801b990                __iwram_lma = .

.iwram          0x03000000       0x84 load address 0x0801b990
                0x03000000                __iwram_start__ = ABSOLUTE (.)
 *(.iwram)
 .iwram         0x03000000       0x38 tonclib/lib\libtonc.a(tonc_memcpy.o)
                0x03000000                memcpy32
 .iwram         0x03000038       0x4c tonclib/lib\libtonc.a(tonc_memset.o)
                0x03000038                memset32
 *iwram.*(.text)
                0x03000084                . = ALIGN (0x4)
                0x03000084                __iwram_end__ = ABSOLUTE (.)
                0x0801ba14                __data_lma = (__iwram_lma + SIZEOF (.iwram))

.rel.dyn        0x03000084        0x0 load address 0x0801ba14
 .rel.iplt      0x00000000        0x0 q:/devkitpro1.5.3/devkitarm/bin/../lib/gcc/arm-none-eabi/4.7.1/../../../../arm-none-eabi/lib/thumb/gba_crt0.o

.bss            0x03000084     0x17cc
                0x03000084                __bss_start = ABSOLUTE (.)
                0x03000084                __bss_start__ = ABSOLUTE (.)
 *(.dynbss)
 *(.gnu.linkonce.b*)
 *(.bss*)
 .bss           0x03000084        0x0 q:/devkitpro1.5.3/devkitarm/bin/../lib/gcc/arm-none-eabi/4.7.1/../../../../arm-none-eabi/lib/thumb/gba_crt0.o
 .bss           0x03000084        0x0 q:/devkitpro1.5.3/devkitarm/bin/../lib/gcc/arm-none-eabi/4.7.1/thumb/crti.o
 .bss           0x03000084       0x1c q:/devkitpro1.5.3/devkitarm/bin/../lib/gcc/arm-none-eabi/4.7.1/thumb/crtbegin.o
 .bss           0x030000a0       0x20 main.o
                0x030000a0                backgroundX
                0x030000a4                backgroundY
                0x030000a8                currentState
                0x030000ac                gameState
                0x030000b0                numStep
                0x030000b4                menuState
                0x030000b8                menuSelection
                0x030000bc                pScore
 .bss           0x030000c0        0x0 boxes/BoxClear.o
 .bss           0x030000c0        0x0 boxes/Box1.o
 .bss           0x030000c0        0x0 boxes/Box2.o
 .bss           0x030000c0        0x0 boxes/Box3.o
 .bss           0x030000c0        0x0 boxes/Box4.o
 .bss           0x030000c0        0x0 boxes/Box5.o
 .bss           0x030000c0        0x0 boxes/Box6.o
 .bss           0x030000c0        0x0 boxes/Box7.o
 .bss           0x030000c0        0x0 boxes/Box8.o
 .bss           0x030000c0        0x0 boxes/Box9.o
 .bss           0x030000c0        0x0 dropbox/DBox1clear.o
 .bss           0x030000c0        0x0 dropbox/DBox2clear.o
 .bss           0x030000c0        0x0 dropbox/DBox3clear.o
 .bss           0x030000c0        0x0 dropbox/DBox4clear.o
 .bss           0x030000c0        0x0 dropbox/DBox5clear.o
 .bss           0x030000c0        0x0 dropbox/DBox6clear.o
 .bss           0x030000c0        0x0 dropbox/DBox7clear.o
 .bss           0x030000c0        0x0 dropbox/DBox8clear.o
 .bss           0x030000c0        0x0 dropbox/DBox9clear.o
 .bss           0x030000c0        0x0 dropbox/DBoxclear.o
 .bss           0x030000c0        0x0 levels/StageTutPnP.o
 .bss           0x030000c0        0x0 levels/StageTutPnPWALLS.o
 .bss           0x030000c0        0x0 levels/Stage1Color.o
 .bss           0x030000c0        0x0 levels/Stage1ColorWalls.o
 .bss           0x030000c0        0x0 levels/Stage2ColorCombo.o
 .bss           0x030000c0        0x0 levels/Stage2ColorComboWALL.o
 .bss           0x030000c0        0x0 levels/Stage3NumberCombo.o
 .bss           0x030000c0        0x0 levels/Stage3NumberComboWalls.o
 .bss           0x030000c0        0x0 levels/Stage4.o
 .bss           0x030000c0        0x0 levels/Stage4Walls.o
 .bss           0x030000c0        0x0 levels/Stage5new.o
 .bss           0x030000c0        0x0 levels/Stage5newWalls.o
 .bss           0x030000c0        0x0 levels/Stage6Both.o
 .bss           0x030000c0        0x0 levels/Stage6BothWalls.o
 .bss           0x030000c0        0x0 levels/Stage7Both.o
 .bss           0x030000c0        0x0 levels/Stage7BothWalls.o
 .bss           0x030000c0        0x0 levels/Stage9Both.o
 .bss           0x030000c0        0x0 levels/Stage9Walls.o
 .bss           0x030000c0        0x0 other/EndZone.o
 .bss           0x030000c0        0x0 player.o
 .bss           0x030000c0        0x0 other/MovingBlocks.o
 .bss           0x030000c0        0x4 tonclib/lib\libtonc.a(tonc_input.o)
                0x030000c0                __key_curr
                0x030000c2                __key_prev
 .bss           0x030000c4        0x0 tonclib/lib\libtonc.a(tonc_oam.o)
 .bss           0x030000c4        0x0 tonclib/lib\libtonc.a(tte_init_se.o)
 .bss           0x030000c4        0x0 tonclib/lib\libtonc.a(tte_main.o)
 .bss           0x030000c4        0x0 tonclib/lib\libtonc.a(tonc_bios.o)
 .bss           0x030000c4        0x0 tonclib/lib\libtonc.a(tonc_bios_ex.o)
 .bss           0x030000c4        0x0 tonclib/lib\libtonc.a(tonc_memcpy.o)
 .bss           0x030000c4        0x0 tonclib/lib\libtonc.a(sys8.o)
 .bss           0x030000c4        0x0 tonclib/lib\libtonc.a(tonc_surface.o)
 .bss           0x030000c4        0x0 tonclib/lib\libtonc.a(se_drawg.o)
 .bss           0x030000c4        0x0 tonclib/lib\libtonc.a(tonc_sbmp16.o)
 .bss           0x030000c4        0x0 tonclib/lib\libtonc.a(tonc_memset.o)
 .bss           0x030000c4        0x0 q:/devkitpro1.5.3/devkitarm/bin/../lib/gcc/arm-none-eabi/4.7.1/thumb\libgcc.a(_divsi3.o)
 .bss           0x030000c4        0x0 q:/devkitpro1.5.3/devkitarm/bin/../lib/gcc/arm-none-eabi/4.7.1/thumb\libgcc.a(_dvmd_tls.o)
 .bss           0x030000c4        0x0 q:/devkitpro1.5.3/devkitarm/bin/../lib/gcc/arm-none-eabi/4.7.1/../../../../arm-none-eabi/lib/thumb\libc.a(lib_a-ctype_.o)
 .bss           0x030000c4        0x0 q:/devkitpro1.5.3/devkitarm/bin/../lib/gcc/arm-none-eabi/4.7.1/../../../../arm-none-eabi/lib/thumb\libc.a(lib_a-init.o)
 .bss           0x030000c4        0x0 q:/devkitpro1.5.3/devkitarm/bin/../lib/gcc/arm-none-eabi/4.7.1/../../../../arm-none-eabi/lib/thumb\libc.a(lib_a-memcpy-stub.o)
 .bss           0x030000c4        0x0 q:/devkitpro1.5.3/devkitarm/bin/../lib/gcc/arm-none-eabi/4.7.1/../../../../arm-none-eabi/lib/thumb\libc.a(lib_a-memset.o)
 .bss           0x030000c4        0x0 q:/devkitpro1.5.3/devkitarm/bin/../lib/gcc/arm-none-eabi/4.7.1/../../../../arm-none-eabi/lib/thumb\libc.a(lib_a-sprintf.o)
 .bss           0x030000c4        0x0 q:/devkitpro1.5.3/devkitarm/bin/../lib/gcc/arm-none-eabi/4.7.1/../../../../arm-none-eabi/lib/thumb\libc.a(lib_a-strtol.o)
 .bss           0x030000c4        0x0 q:/devkitpro1.5.3/devkitarm/bin/../lib/gcc/arm-none-eabi/4.7.1/../../../../arm-none-eabi/lib/thumb\libc.a(lib_a-svfprintf.o)
 .bss           0x030000c4        0x0 q:/devkitpro1.5.3/devkitarm/bin/../lib/gcc/arm-none-eabi/4.7.1/../../../../arm-none-eabi/lib/thumb\libc.a(lib_a-wcrtomb.o)
 .bss           0x030000c4        0x0 q:/devkitpro1.5.3/devkitarm/bin/../lib/gcc/arm-none-eabi/4.7.1/../../../../arm-none-eabi/lib/thumb\libc.a(lib_a-wcsrtombs.o)
 .bss           0x030000c4        0x0 q:/devkitpro1.5.3/devkitarm/bin/../lib/gcc/arm-none-eabi/4.7.1/../../../../arm-none-eabi/lib/thumb\libc.a(lib_a-wctomb_r.o)
 .bss           0x030000c4        0x0 q:/devkitpro1.5.3/devkitarm/bin/../lib/gcc/arm-none-eabi/4.7.1/../../../../arm-none-eabi/lib/thumb\libc.a(lib_a-dtoa.o)
 .bss           0x030000c4        0x0 q:/devkitpro1.5.3/devkitarm/bin/../lib/gcc/arm-none-eabi/4.7.1/../../../../arm-none-eabi/lib/thumb\libc.a(lib_a-freer.o)
 .bss           0x030000c4        0x0 q:/devkitpro1.5.3/devkitarm/bin/../lib/gcc/arm-none-eabi/4.7.1/../../../../arm-none-eabi/lib/thumb\libc.a(lib_a-impure.o)
 .bss           0x030000c4      0x2b8 q:/devkitpro1.5.3/devkitarm/bin/../lib/gcc/arm-none-eabi/4.7.1/../../../../arm-none-eabi/lib/thumb\libc.a(lib_a-locale.o)
                0x03000370                _PathLocale
                0x03000374                __mlocale_changed
                0x03000378                __nlocale_changed
 .bss           0x0300037c       0x34 q:/devkitpro1.5.3/devkitarm/bin/../lib/gcc/arm-none-eabi/4.7.1/../../../../arm-none-eabi/lib/thumb\libc.a(lib_a-mallocr.o)
                0x0300037c                __malloc_top_pad
                0x03000380                __malloc_current_mallinfo
                0x030003a8                __malloc_max_sbrked_mem
                0x030003ac                __malloc_max_total_mem
 .bss           0x030003b0        0x0 q:/devkitpro1.5.3/devkitarm/bin/../lib/gcc/arm-none-eabi/4.7.1/../../../../arm-none-eabi/lib/thumb\libc.a(lib_a-mbtowc_r.o)
 .bss           0x030003b0        0x0 q:/devkitpro1.5.3/devkitarm/bin/../lib/gcc/arm-none-eabi/4.7.1/../../../../arm-none-eabi/lib/thumb\libc.a(lib_a-memchr-stub.o)
 .bss           0x030003b0        0x0 q:/devkitpro1.5.3/devkitarm/bin/../lib/gcc/arm-none-eabi/4.7.1/../../../../arm-none-eabi/lib/thumb\libc.a(lib_a-mlock.o)
 .bss           0x030003b0        0x0 q:/devkitpro1.5.3/devkitarm/bin/../lib/gcc/arm-none-eabi/4.7.1/../../../../arm-none-eabi/lib/thumb\libc.a(lib_a-mprec.o)
 .bss           0x030003b0        0x0 q:/devkitpro1.5.3/devkitarm/bin/../lib/gcc/arm-none-eabi/4.7.1/../../../../arm-none-eabi/lib/thumb\libc.a(lib_a-s_fpclassify.o)
 .bss           0x030003b0        0x0 q:/devkitpro1.5.3/devkitarm/bin/../lib/gcc/arm-none-eabi/4.7.1/../../../../arm-none-eabi/lib/thumb\libc.a(lib_a-strcasecmp.o)
 .bss           0x030003b0        0x0 q:/devkitpro1.5.3/devkitarm/bin/../lib/gcc/arm-none-eabi/4.7.1/../../../../arm-none-eabi/lib/thumb\libc.a(lib_a-strcat.o)
 .bss           0x030003b0        0x0 q:/devkitpro1.5.3/devkitarm/bin/../lib/gcc/arm-none-eabi/4.7.1/../../../../arm-none-eabi/lib/thumb\libc.a(lib_a-strchr.o)
 .bss           0x030003b0        0x0 q:/devkitpro1.5.3/devkitarm/bin/../lib/gcc/arm-none-eabi/4.7.1/../../../../arm-none-eabi/lib/thumb\libc.a(lib_a-strcmp.o)
 .bss           0x030003b0        0x0 q:/devkitpro1.5.3/devkitarm/bin/../lib/gcc/arm-none-eabi/4.7.1/../../../../arm-none-eabi/lib/thumb\libc.a(lib_a-strcpy.o)
 .bss           0x030003b0        0x0 q:/devkitpro1.5.3/devkitarm/bin/../lib/gcc/arm-none-eabi/4.7.1/../../../../arm-none-eabi/lib/thumb\libc.a(lib_a-strlcpy.o)
 .bss           0x030003b0        0x0 q:/devkitpro1.5.3/devkitarm/bin/../lib/gcc/arm-none-eabi/4.7.1/../../../../arm-none-eabi/lib/thumb\libc.a(lib_a-strlen.o)
 .bss           0x030003b0        0x0 q:/devkitpro1.5.3/devkitarm/bin/../lib/gcc/arm-none-eabi/4.7.1/../../../../arm-none-eabi/lib/thumb\libc.a(lib_a-strncasecmp.o)
 .bss           0x030003b0        0x0 q:/devkitpro1.5.3/devkitarm/bin/../lib/gcc/arm-none-eabi/4.7.1/../../../../arm-none-eabi/lib/thumb\libc.a(lib_a-strncmp.o)
 .bss           0x030003b0        0x0 q:/devkitpro1.5.3/devkitarm/bin/../lib/gcc/arm-none-eabi/4.7.1/../../../../arm-none-eabi/lib/thumb\libc.a(lib_a-strncpy.o)
 .bss           0x030003b0        0x0 q:/devkitpro1.5.3/devkitarm/bin/../lib/gcc/arm-none-eabi/4.7.1/../../../../arm-none-eabi/lib/thumb\libc.a(lib_a-svfiprintf.o)
 .bss           0x030003b0        0x0 q:/devkitpro1.5.3/devkitarm/bin/../lib/gcc/arm-none-eabi/4.7.1/../../../../arm-none-eabi/lib/thumb\libc.a(lib_a-wcsnrtombs.o)
 .bss           0x030003b0        0x0 q:/devkitpro1.5.3/devkitarm/bin/../lib/gcc/arm-none-eabi/4.7.1/../../../../arm-none-eabi/lib/thumb\libc.a(lib_a-callocr.o)
 .bss           0x030003b0        0x0 q:/devkitpro1.5.3/devkitarm/bin/../lib/gcc/arm-none-eabi/4.7.1/../../../../arm-none-eabi/lib/thumb\libc.a(lib_a-getenv_r.o)
 .bss           0x030003b0        0x0 q:/devkitpro1.5.3/devkitarm/bin/../lib/gcc/arm-none-eabi/4.7.1/../../../../arm-none-eabi/lib/thumb\libc.a(lib_a-memmove.o)
 .bss           0x030003b0        0x0 q:/devkitpro1.5.3/devkitarm/bin/../lib/gcc/arm-none-eabi/4.7.1/../../../../arm-none-eabi/lib/thumb\libc.a(lib_a-reallocr.o)
 .bss           0x030003b0        0x4 q:/devkitpro1.5.3/devkitarm/bin/../lib/gcc/arm-none-eabi/4.7.1/../../../../arm-none-eabi/lib/thumb\libc.a(lib_a-environ.o)
 .bss           0x030003b4        0x0 q:/devkitpro1.5.3/devkitarm/bin/../lib/gcc/arm-none-eabi/4.7.1/../../../../arm-none-eabi/lib/thumb\libc.a(lib_a-envlock.o)
 .bss           0x030003b4        0x4 q:/devkitpro1.5.3/devkitarm/bin/../lib/gcc/arm-none-eabi/4.7.1/../../../../arm-none-eabi/lib/thumb\libsysbase.a(sbrk.o)
 .bss           0x030003b8        0x8 q:/devkitpro1.5.3/devkitarm/bin/../lib/gcc/arm-none-eabi/4.7.1/../../../../arm-none-eabi/lib/thumb\libsysbase.a(malloc_vars.o)
                0x030003b8                fake_heap_start
                0x030003bc                fake_heap_end
 .bss           0x030003c0        0x0 q:/devkitpro1.5.3/devkitarm/bin/../lib/gcc/arm-none-eabi/4.7.1/thumb\libgcc.a(_udivsi3.o)
 .bss           0x030003c0        0x0 q:/devkitpro1.5.3/devkitarm/bin/../lib/gcc/arm-none-eabi/4.7.1/thumb\libgcc.a(_arm_addsubdf3.o)
 .bss           0x030003c0        0x0 q:/devkitpro1.5.3/devkitarm/bin/../lib/gcc/arm-none-eabi/4.7.1/thumb\libgcc.a(_arm_muldivdf3.o)
 .bss           0x030003c0        0x0 q:/devkitpro1.5.3/devkitarm/bin/../lib/gcc/arm-none-eabi/4.7.1/thumb\libgcc.a(_arm_cmpdf2.o)
 .bss           0x030003c0        0x0 q:/devkitpro1.5.3/devkitarm/bin/../lib/gcc/arm-none-eabi/4.7.1/thumb\libgcc.a(_arm_fixdfsi.o)
 .bss           0x030003c0        0x0 q:/devkitpro1.5.3/devkitarm/bin/../lib/gcc/arm-none-eabi/4.7.1/thumb\libgcc.a(_aeabi_uldivmod.o)
 .bss           0x030003c0        0x0 q:/devkitpro1.5.3/devkitarm/bin/../lib/gcc/arm-none-eabi/4.7.1/thumb\libgcc.a(bpabi.o)
 .bss           0x030003c0        0x0 q:/devkitpro1.5.3/devkitarm/bin/../lib/gcc/arm-none-eabi/4.7.1/thumb\libgcc.a(_muldi3.o)
 .bss           0x030003c0        0x0 q:/devkitpro1.5.3/devkitarm/bin/../lib/gcc/arm-none-eabi/4.7.1/thumb\libgcc.a(_divdi3.o)
 .bss           0x030003c0        0x0 q:/devkitpro1.5.3/devkitarm/bin/../lib/gcc/arm-none-eabi/4.7.1/thumb\libgcc.a(_udivdi3.o)
 .bss           0x030003c0        0x0 q:/devkitpro1.5.3/devkitarm/bin/../lib/gcc/arm-none-eabi/4.7.1/thumb\libgcc.a(_clzsi2.o)
 .bss           0x030003c0        0x0 q:/devkitpro1.5.3/devkitarm/bin/../lib/gcc/arm-none-eabi/4.7.1/thumb/crtend.o
 .bss           0x030003c0        0x0 q:/devkitpro1.5.3/devkitarm/bin/../lib/gcc/arm-none-eabi/4.7.1/thumb/crtn.o
 *(COMMON)
 COMMON         0x030003c0     0x1448 main.o
                0x030003c0                dropboxes
                0x03000600                player
                0x0300061c                boxes
                0x0300085c                world_grid
                0x0300105c                end
                0x03001078                gates
                0x030013f8                obj_buffer
                0x030017f8                xDistance
                0x030017fc                currBox
                0x03001800                nextBuffer
                0x03001804                yDistance
 COMMON         0x03001808       0x48 tonclib/lib\libtonc.a(tte_main.o)
                0x03001808                __tte_main_context
                0x03001850                . = ALIGN (0x4)
                0x03001850                __bss_end__ = ABSOLUTE (.)

.data           0x03001850      0x9f4 load address 0x0801ba14
                0x03001850                __data_start__ = ABSOLUTE (.)
 *(.data)
 .data          0x03001850        0x0 q:/devkitpro1.5.3/devkitarm/bin/../lib/gcc/arm-none-eabi/4.7.1/../../../../arm-none-eabi/lib/thumb/gba_crt0.o
 .data          0x03001850        0x0 q:/devkitpro1.5.3/devkitarm/bin/../lib/gcc/arm-none-eabi/4.7.1/thumb/crti.o
 .data          0x03001850        0x4 q:/devkitpro1.5.3/devkitarm/bin/../lib/gcc/arm-none-eabi/4.7.1/thumb/crtbegin.o
                0x03001850                __dso_handle
 .data          0x03001854       0x18 main.o
                0x03001854                hScore
                0x03001858                screenWidth
                0x0300185c                screenHeight
                0x03001860                levelSelection
                0x03001864                simplePlayer
                0x03001868                obj_aff_buffer
 .data          0x0300186c        0x0 boxes/BoxClear.o
 .data          0x0300186c        0x0 boxes/Box1.o
 .data          0x0300186c        0x0 boxes/Box2.o
 .data          0x0300186c        0x0 boxes/Box3.o
 .data          0x0300186c        0x0 boxes/Box4.o
 .data          0x0300186c        0x0 boxes/Box5.o
 .data          0x0300186c        0x0 boxes/Box6.o
 .data          0x0300186c        0x0 boxes/Box7.o
 .data          0x0300186c        0x0 boxes/Box8.o
 .data          0x0300186c        0x0 boxes/Box9.o
 .data          0x0300186c        0x0 dropbox/DBox1clear.o
 .data          0x0300186c        0x0 dropbox/DBox2clear.o
 .data          0x0300186c        0x0 dropbox/DBox3clear.o
 .data          0x0300186c        0x0 dropbox/DBox4clear.o
 .data          0x0300186c        0x0 dropbox/DBox5clear.o
 .data          0x0300186c        0x0 dropbox/DBox6clear.o
 .data          0x0300186c        0x0 dropbox/DBox7clear.o
 .data          0x0300186c        0x0 dropbox/DBox8clear.o
 .data          0x0300186c        0x0 dropbox/DBox9clear.o
 .data          0x0300186c        0x0 dropbox/DBoxclear.o
 .data          0x0300186c        0x0 levels/StageTutPnP.o
 .data          0x0300186c        0x0 levels/StageTutPnPWALLS.o
 .data          0x0300186c        0x0 levels/Stage1Color.o
 .data          0x0300186c        0x0 levels/Stage1ColorWalls.o
 .data          0x0300186c        0x0 levels/Stage2ColorCombo.o
 .data          0x0300186c        0x0 levels/Stage2ColorComboWALL.o
 .data          0x0300186c        0x0 levels/Stage3NumberCombo.o
 .data          0x0300186c        0x0 levels/Stage3NumberComboWalls.o
 .data          0x0300186c        0x0 levels/Stage4.o
 .data          0x0300186c        0x0 levels/Stage4Walls.o
 .data          0x0300186c        0x0 levels/Stage5new.o
 .data          0x0300186c        0x0 levels/Stage5newWalls.o
 .data          0x0300186c        0x0 levels/Stage6Both.o
 .data          0x0300186c        0x0 levels/Stage6BothWalls.o
 .data          0x0300186c        0x0 levels/Stage7Both.o
 .data          0x0300186c        0x0 levels/Stage7BothWalls.o
 .data          0x0300186c        0x0 levels/Stage9Both.o
 .data          0x0300186c        0x0 levels/Stage9Walls.o
 .data          0x0300186c        0x0 other/EndZone.o
 .data          0x0300186c        0x0 player.o
 .data          0x0300186c        0x0 other/MovingBlocks.o
 .data          0x0300186c        0x8 tonclib/lib\libtonc.a(tonc_input.o)
                0x0300186c                __key_rpt
 .data          0x03001874        0x0 tonclib/lib\libtonc.a(tonc_oam.o)
 .data          0x03001874        0x0 tonclib/lib\libtonc.a(tte_init_se.o)
 .data          0x03001874        0x4 tonclib/lib\libtonc.a(tte_main.o)
                0x03001874                gp_tte_context
 .data          0x03001878        0x0 tonclib/lib\libtonc.a(tonc_bios.o)
 .data          0x03001878        0x0 tonclib/lib\libtonc.a(tonc_bios_ex.o)
 .data          0x03001878        0x0 tonclib/lib\libtonc.a(tonc_memcpy.o)
 .data          0x03001878        0x0 tonclib/lib\libtonc.a(sys8.o)
 .data          0x03001878        0x0 tonclib/lib\libtonc.a(tonc_surface.o)
 .data          0x03001878        0x0 tonclib/lib\libtonc.a(se_drawg.o)
 .data          0x03001878        0x0 tonclib/lib\libtonc.a(tonc_sbmp16.o)
 .data          0x03001878        0x0 tonclib/lib\libtonc.a(tonc_memset.o)
 .data          0x03001878        0x0 q:/devkitpro1.5.3/devkitarm/bin/../lib/gcc/arm-none-eabi/4.7.1/thumb\libgcc.a(_divsi3.o)
 .data          0x03001878        0x0 q:/devkitpro1.5.3/devkitarm/bin/../lib/gcc/arm-none-eabi/4.7.1/thumb\libgcc.a(_dvmd_tls.o)
 .data          0x03001878        0x4 q:/devkitpro1.5.3/devkitarm/bin/../lib/gcc/arm-none-eabi/4.7.1/../../../../arm-none-eabi/lib/thumb\libc.a(lib_a-ctype_.o)
                0x03001878                __ctype_ptr__
 .data          0x0300187c        0x0 q:/devkitpro1.5.3/devkitarm/bin/../lib/gcc/arm-none-eabi/4.7.1/../../../../arm-none-eabi/lib/thumb\libc.a(lib_a-init.o)
 .data          0x0300187c        0x0 q:/devkitpro1.5.3/devkitarm/bin/../lib/gcc/arm-none-eabi/4.7.1/../../../../arm-none-eabi/lib/thumb\libc.a(lib_a-memcpy-stub.o)
 .data          0x0300187c        0x0 q:/devkitpro1.5.3/devkitarm/bin/../lib/gcc/arm-none-eabi/4.7.1/../../../../arm-none-eabi/lib/thumb\libc.a(lib_a-memset.o)
 .data          0x0300187c        0x0 q:/devkitpro1.5.3/devkitarm/bin/../lib/gcc/arm-none-eabi/4.7.1/../../../../arm-none-eabi/lib/thumb\libc.a(lib_a-sprintf.o)
 .data          0x0300187c        0x0 q:/devkitpro1.5.3/devkitarm/bin/../lib/gcc/arm-none-eabi/4.7.1/../../../../arm-none-eabi/lib/thumb\libc.a(lib_a-strtol.o)
 .data          0x0300187c        0x0 q:/devkitpro1.5.3/devkitarm/bin/../lib/gcc/arm-none-eabi/4.7.1/../../../../arm-none-eabi/lib/thumb\libc.a(lib_a-svfprintf.o)
 .data          0x0300187c        0x0 q:/devkitpro1.5.3/devkitarm/bin/../lib/gcc/arm-none-eabi/4.7.1/../../../../arm-none-eabi/lib/thumb\libc.a(lib_a-wcrtomb.o)
 .data          0x0300187c        0x0 q:/devkitpro1.5.3/devkitarm/bin/../lib/gcc/arm-none-eabi/4.7.1/../../../../arm-none-eabi/lib/thumb\libc.a(lib_a-wcsrtombs.o)
 .data          0x0300187c        0x4 q:/devkitpro1.5.3/devkitarm/bin/../lib/gcc/arm-none-eabi/4.7.1/../../../../arm-none-eabi/lib/thumb\libc.a(lib_a-wctomb_r.o)
                0x0300187c                __wctomb
 .data          0x03001880        0x0 q:/devkitpro1.5.3/devkitarm/bin/../lib/gcc/arm-none-eabi/4.7.1/../../../../arm-none-eabi/lib/thumb\libc.a(lib_a-dtoa.o)
 .data          0x03001880        0x0 q:/devkitpro1.5.3/devkitarm/bin/../lib/gcc/arm-none-eabi/4.7.1/../../../../arm-none-eabi/lib/thumb\libc.a(lib_a-freer.o)
 .data          0x03001880      0x430 q:/devkitpro1.5.3/devkitarm/bin/../lib/gcc/arm-none-eabi/4.7.1/../../../../arm-none-eabi/lib/thumb\libc.a(lib_a-impure.o)
                0x03001880                _impure_ptr
 .data          0x03001cb0      0x17c q:/devkitpro1.5.3/devkitarm/bin/../lib/gcc/arm-none-eabi/4.7.1/../../../../arm-none-eabi/lib/thumb\libc.a(lib_a-locale.o)
                0x03001cb0                __default_locale
                0x03001dd0                __mb_cur_max
 .data          0x03001e2c      0x410 q:/devkitpro1.5.3/devkitarm/bin/../lib/gcc/arm-none-eabi/4.7.1/../../../../arm-none-eabi/lib/thumb\libc.a(lib_a-mallocr.o)
                0x03001e2c                __malloc_av_
                0x03002234                __malloc_sbrk_base
                0x03002238                __malloc_trim_threshold
 .data          0x0300223c        0x4 q:/devkitpro1.5.3/devkitarm/bin/../lib/gcc/arm-none-eabi/4.7.1/../../../../arm-none-eabi/lib/thumb\libc.a(lib_a-mbtowc_r.o)
                0x0300223c                __mbtowc
 .data          0x03002240        0x0 q:/devkitpro1.5.3/devkitarm/bin/../lib/gcc/arm-none-eabi/4.7.1/../../../../arm-none-eabi/lib/thumb\libc.a(lib_a-memchr-stub.o)
 .data          0x03002240        0x0 q:/devkitpro1.5.3/devkitarm/bin/../lib/gcc/arm-none-eabi/4.7.1/../../../../arm-none-eabi/lib/thumb\libc.a(lib_a-mlock.o)
 .data          0x03002240        0x0 q:/devkitpro1.5.3/devkitarm/bin/../lib/gcc/arm-none-eabi/4.7.1/../../../../arm-none-eabi/lib/thumb\libc.a(lib_a-mprec.o)
 .data          0x03002240        0x0 q:/devkitpro1.5.3/devkitarm/bin/../lib/gcc/arm-none-eabi/4.7.1/../../../../arm-none-eabi/lib/thumb\libc.a(lib_a-s_fpclassify.o)
 .data          0x03002240        0x0 q:/devkitpro1.5.3/devkitarm/bin/../lib/gcc/arm-none-eabi/4.7.1/../../../../arm-none-eabi/lib/thumb\libc.a(lib_a-strcasecmp.o)
 .data          0x03002240        0x0 q:/devkitpro1.5.3/devkitarm/bin/../lib/gcc/arm-none-eabi/4.7.1/../../../../arm-none-eabi/lib/thumb\libc.a(lib_a-strcat.o)
 .data          0x03002240        0x0 q:/devkitpro1.5.3/devkitarm/bin/../lib/gcc/arm-none-eabi/4.7.1/../../../../arm-none-eabi/lib/thumb\libc.a(lib_a-strchr.o)
 .data          0x03002240        0x0 q:/devkitpro1.5.3/devkitarm/bin/../lib/gcc/arm-none-eabi/4.7.1/../../../../arm-none-eabi/lib/thumb\libc.a(lib_a-strcmp.o)
 .data          0x03002240        0x0 q:/devkitpro1.5.3/devkitarm/bin/../lib/gcc/arm-none-eabi/4.7.1/../../../../arm-none-eabi/lib/thumb\libc.a(lib_a-strcpy.o)
 .data          0x03002240        0x0 q:/devkitpro1.5.3/devkitarm/bin/../lib/gcc/arm-none-eabi/4.7.1/../../../../arm-none-eabi/lib/thumb\libc.a(lib_a-strlcpy.o)
 .data          0x03002240        0x0 q:/devkitpro1.5.3/devkitarm/bin/../lib/gcc/arm-none-eabi/4.7.1/../../../../arm-none-eabi/lib/thumb\libc.a(lib_a-strlen.o)
 .data          0x03002240        0x0 q:/devkitpro1.5.3/devkitarm/bin/../lib/gcc/arm-none-eabi/4.7.1/../../../../arm-none-eabi/lib/thumb\libc.a(lib_a-strncasecmp.o)
 .data          0x03002240        0x0 q:/devkitpro1.5.3/devkitarm/bin/../lib/gcc/arm-none-eabi/4.7.1/../../../../arm-none-eabi/lib/thumb\libc.a(lib_a-strncmp.o)
 .data          0x03002240        0x0 q:/devkitpro1.5.3/devkitarm/bin/../lib/gcc/arm-none-eabi/4.7.1/../../../../arm-none-eabi/lib/thumb\libc.a(lib_a-strncpy.o)
 .data          0x03002240        0x0 q:/devkitpro1.5.3/devkitarm/bin/../lib/gcc/arm-none-eabi/4.7.1/../../../../arm-none-eabi/lib/thumb\libc.a(lib_a-svfiprintf.o)
 .data          0x03002240        0x0 q:/devkitpro1.5.3/devkitarm/bin/../lib/gcc/arm-none-eabi/4.7.1/../../../../arm-none-eabi/lib/thumb\libc.a(lib_a-wcsnrtombs.o)
 .data          0x03002240        0x0 q:/devkitpro1.5.3/devkitarm/bin/../lib/gcc/arm-none-eabi/4.7.1/../../../../arm-none-eabi/lib/thumb\libc.a(lib_a-callocr.o)
 .data          0x03002240        0x0 q:/devkitpro1.5.3/devkitarm/bin/../lib/gcc/arm-none-eabi/4.7.1/../../../../arm-none-eabi/lib/thumb\libc.a(lib_a-getenv_r.o)
 .data          0x03002240        0x0 q:/devkitpro1.5.3/devkitarm/bin/../lib/gcc/arm-none-eabi/4.7.1/../../../../arm-none-eabi/lib/thumb\libc.a(lib_a-memmove.o)
 .data          0x03002240        0x0 q:/devkitpro1.5.3/devkitarm/bin/../lib/gcc/arm-none-eabi/4.7.1/../../../../arm-none-eabi/lib/thumb\libc.a(lib_a-reallocr.o)
 .data          0x03002240        0x4 q:/devkitpro1.5.3/devkitarm/bin/../lib/gcc/arm-none-eabi/4.7.1/../../../../arm-none-eabi/lib/thumb\libc.a(lib_a-environ.o)
                0x03002240                environ
 .data          0x03002244        0x0 q:/devkitpro1.5.3/devkitarm/bin/../lib/gcc/arm-none-eabi/4.7.1/../../../../arm-none-eabi/lib/thumb\libc.a(lib_a-envlock.o)
 .data          0x03002244        0x0 q:/devkitpro1.5.3/devkitarm/bin/../lib/gcc/arm-none-eabi/4.7.1/../../../../arm-none-eabi/lib/thumb\libsysbase.a(sbrk.o)
 .data          0x03002244        0x0 q:/devkitpro1.5.3/devkitarm/bin/../lib/gcc/arm-none-eabi/4.7.1/../../../../arm-none-eabi/lib/thumb\libsysbase.a(malloc_vars.o)
 .data          0x03002244        0x0 q:/devkitpro1.5.3/devkitarm/bin/../lib/gcc/arm-none-eabi/4.7.1/thumb\libgcc.a(_udivsi3.o)
 .data          0x03002244        0x0 q:/devkitpro1.5.3/devkitarm/bin/../lib/gcc/arm-none-eabi/4.7.1/thumb\libgcc.a(_arm_addsubdf3.o)
 .data          0x03002244        0x0 q:/devkitpro1.5.3/devkitarm/bin/../lib/gcc/arm-none-eabi/4.7.1/thumb\libgcc.a(_arm_muldivdf3.o)
 .data          0x03002244        0x0 q:/devkitpro1.5.3/devkitarm/bin/../lib/gcc/arm-none-eabi/4.7.1/thumb\libgcc.a(_arm_cmpdf2.o)
 .data          0x03002244        0x0 q:/devkitpro1.5.3/devkitarm/bin/../lib/gcc/arm-none-eabi/4.7.1/thumb\libgcc.a(_arm_fixdfsi.o)
 .data          0x03002244        0x0 q:/devkitpro1.5.3/devkitarm/bin/../lib/gcc/arm-none-eabi/4.7.1/thumb\libgcc.a(_aeabi_uldivmod.o)
 .data          0x03002244        0x0 q:/devkitpro1.5.3/devkitarm/bin/../lib/gcc/arm-none-eabi/4.7.1/thumb\libgcc.a(bpabi.o)
 .data          0x03002244        0x0 q:/devkitpro1.5.3/devkitarm/bin/../lib/gcc/arm-none-eabi/4.7.1/thumb\libgcc.a(_muldi3.o)
 .data          0x03002244        0x0 q:/devkitpro1.5.3/devkitarm/bin/../lib/gcc/arm-none-eabi/4.7.1/thumb\libgcc.a(_divdi3.o)
 .data          0x03002244        0x0 q:/devkitpro1.5.3/devkitarm/bin/../lib/gcc/arm-none-eabi/4.7.1/thumb\libgcc.a(_udivdi3.o)
 .data          0x03002244        0x0 q:/devkitpro1.5.3/devkitarm/bin/../lib/gcc/arm-none-eabi/4.7.1/thumb\libgcc.a(_clzsi2.o)
 .data          0x03002244        0x0 q:/devkitpro1.5.3/devkitarm/bin/../lib/gcc/arm-none-eabi/4.7.1/thumb/crtend.o
 .data          0x03002244        0x0 q:/devkitpro1.5.3/devkitarm/bin/../lib/gcc/arm-none-eabi/4.7.1/thumb/crtn.o
 *(.data.*)
 *(.gnu.linkonce.d*)
                0x03002244                . = ALIGN (0x4)
                0x0801c408                __preinit_lma = (__data_lma + SIZEOF (.data))

.igot.plt       0x03002244        0x0 load address 0x0801c408
 .igot.plt      0x00000000        0x0 q:/devkitpro1.5.3/devkitarm/bin/../lib/gcc/arm-none-eabi/4.7.1/../../../../arm-none-eabi/lib/thumb/gba_crt0.o

.tm_clone_table
                0x03002244        0x0 load address 0x0801c408
 .tm_clone_table
                0x03002244        0x0 q:/devkitpro1.5.3/devkitarm/bin/../lib/gcc/arm-none-eabi/4.7.1/thumb/crtbegin.o
 .tm_clone_table
                0x03002244        0x0 q:/devkitpro1.5.3/devkitarm/bin/../lib/gcc/arm-none-eabi/4.7.1/thumb/crtend.o

.preinit_array  0x03002244        0x0 load address 0x0801c408
                0x03002244                __preinit_array_start = ABSOLUTE (.)
 *(.preinit_array)
                0x03002244                __preinit_array_end = ABSOLUTE (.)
                0x0801c408                __init_lma = (__preinit_lma + SIZEOF (.preinit_array))

.init_array     0x03002244        0x4 load address 0x0801c408
                0x03002244                __init_array_start = ABSOLUTE (.)
 *(SORT(.init_array.*))
 *(.init_array)
 .init_array    0x03002244        0x4 q:/devkitpro1.5.3/devkitarm/bin/../lib/gcc/arm-none-eabi/4.7.1/thumb/crtbegin.o
                0x03002248                __init_array_end = ABSOLUTE (.)
                0x0801c40c                __fini_lma = (__init_lma + SIZEOF (.init_array))

.fini_array     0x03002248        0x4 load address 0x0801c40c
                0x03002248                __fini_array_start = ABSOLUTE (.)
 *(SORT(.fini_array.*))
 *(.fini_array)
 .fini_array    0x03002248        0x4 q:/devkitpro1.5.3/devkitarm/bin/../lib/gcc/arm-none-eabi/4.7.1/thumb/crtbegin.o
                0x0300224c                __fini_array_end = ABSOLUTE (.)
                0x0801c410                __jcr_lma = (__fini_lma + SIZEOF (.fini_array))

.jcr            0x0300224c        0x4 load address 0x0801c410
 *(.jcr)
 .jcr           0x0300224c        0x0 q:/devkitpro1.5.3/devkitarm/bin/../lib/gcc/arm-none-eabi/4.7.1/thumb/crtbegin.o
 .jcr           0x0300224c        0x4 q:/devkitpro1.5.3/devkitarm/bin/../lib/gcc/arm-none-eabi/4.7.1/thumb/crtend.o
                0x03002250                __data_end__ = ABSOLUTE (.)
                0x0801c414                __iwram_overlay_lma = (__jcr_lma + SIZEOF (.jcr))
                0x03002250                __iwram_overlay_start = .

.iwram0         0x03002250        0x0 load address 0x0801c414
 *(.iwram0)
                0x03002250                . = ALIGN (0x4)
                0x0801c414                PROVIDE (__load_start_iwram0, LOADADDR (.iwram0))
                0x0801c414                PROVIDE (__load_stop_iwram0, (LOADADDR (.iwram0) + SIZEOF (.iwram0)))

.iwram1         0x03002250        0x0
 *(.iwram1)
                0x03002250                . = ALIGN (0x4)
                0x03002250                PROVIDE (__load_start_iwram1, LOADADDR (.iwram1))
                0x03002250                PROVIDE (__load_stop_iwram1, (LOADADDR (.iwram1) + SIZEOF (.iwram1)))

.iwram2         0x03002250        0x0
 *(.iwram2)
                0x03002250                . = ALIGN (0x4)
                0x03002250                PROVIDE (__load_start_iwram2, LOADADDR (.iwram2))
                0x03002250                PROVIDE (__load_stop_iwram2, (LOADADDR (.iwram2) + SIZEOF (.iwram2)))

.iwram3         0x03002250        0x0
 *(.iwram3)
                0x03002250                . = ALIGN (0x4)
                0x03002250                PROVIDE (__load_start_iwram3, LOADADDR (.iwram3))
                0x03002250                PROVIDE (__load_stop_iwram3, (LOADADDR (.iwram3) + SIZEOF (.iwram3)))

.iwram4         0x03002250        0x0
 *(.iwram4)
                0x03002250                . = ALIGN (0x4)
                0x03002250                PROVIDE (__load_start_iwram4, LOADADDR (.iwram4))
                0x03002250                PROVIDE (__load_stop_iwram4, (LOADADDR (.iwram4) + SIZEOF (.iwram4)))

.iwram5         0x03002250        0x0
 *(.iwram5)
                0x03002250                . = ALIGN (0x4)
                0x03002250                PROVIDE (__load_start_iwram5, LOADADDR (.iwram5))
                0x03002250                PROVIDE (__load_stop_iwram5, (LOADADDR (.iwram5) + SIZEOF (.iwram5)))

.iwram6         0x03002250        0x0
 *(.iwram6)
                0x03002250                . = ALIGN (0x4)
                0x03002250                PROVIDE (__load_start_iwram6, LOADADDR (.iwram6))
                0x03002250                PROVIDE (__load_stop_iwram6, (LOADADDR (.iwram6) + SIZEOF (.iwram6)))

.iwram7         0x03002250        0x0
 *(.iwram7)
                0x03002250                . = ALIGN (0x4)
                0x03002250                PROVIDE (__load_start_iwram7, LOADADDR (.iwram7))
                0x03002250                PROVIDE (__load_stop_iwram7, (LOADADDR (.iwram7) + SIZEOF (.iwram7)))

.iwram8         0x03002250        0x0
 *(.iwram8)
                0x03002250                . = ALIGN (0x4)
                0x03002250                PROVIDE (__load_start_iwram8, LOADADDR (.iwram8))
                0x03002250                PROVIDE (__load_stop_iwram8, (LOADADDR (.iwram8) + SIZEOF (.iwram8)))

.iwram9         0x03002250        0x0
 *(.iwram9)
                0x03002250                . = ALIGN (0x4)
                0x03002250                PROVIDE (__load_start_iwram9, LOADADDR (.iwram9))
                0x03002250                PROVIDE (__load_stop_iwram9, (LOADADDR (.iwram9) + SIZEOF (.iwram9)))
                0x03002250                __iwram_overlay_end = .
                0x0801c414                __ewram_lma = (__iwram_overlay_lma + (__iwram_overlay_end - __iwram_overlay_start))
                0x03002250                __iheap_start = .
                0x02000000                __ewram_start = ORIGIN (ewram)

.ewram          0x02000000       0x14 load address 0x0801c414
 *(.ewram)
 .ewram         0x02000000       0x14 tonclib/lib\libtonc.a(tonc_sbmp16.o)
                0x02000000                m5_surface
                0x02000014                . = ALIGN (0x4)
                0x02000014                __ewram_end = ABSOLUTE (.)
                0x0801c428                __pad_lma = (__ewram_lma + SIZEOF (.ewram))

.sbss           0x02000014        0x0
                0x02000014                __sbss_start__ = ABSOLUTE (.)
 *(.sbss)
                0x02000014                . = ALIGN (0x4)
                0x02000014                __sbss_end__ = ABSOLUTE (.)
                0x02000014                __end__ = ABSOLUTE (.)
                0x02000014                __eheap_start = ABSOLUTE (.)

.pad            0x02000014        0x8 load address 0x0801c428
                0x02000014        0x4 LONG 0x52416b64
                0x02000018        0x4 LONG 0x4d
                0x0200001c                . = ALIGN (0x4)
                0x0801c430                __rom_end__ = (__pad_lma + SIZEOF (.pad))

.stab
 *(.stab)

.stabstr
 *(.stabstr)

.stab.excl
 *(.stab.excl)

.stab.exclstr
 *(.stab.exclstr)

.stab.index
 *(.stab.index)

.stab.indexstr
 *(.stab.indexstr)

.comment        0x00000000       0x22
 *(.comment)
 .comment       0x00000000       0x22 q:/devkitpro1.5.3/devkitarm/bin/../lib/gcc/arm-none-eabi/4.7.1/thumb/crtbegin.o
                                 0x23 (size before relaxing)
 .comment       0x00000000       0x23 main.o
 .comment       0x00000000       0x23 boxes/BoxClear.o
 .comment       0x00000000       0x23 boxes/Box1.o
 .comment       0x00000000       0x23 boxes/Box2.o
 .comment       0x00000000       0x23 boxes/Box3.o
 .comment       0x00000000       0x23 boxes/Box4.o
 .comment       0x00000000       0x23 boxes/Box5.o
 .comment       0x00000000       0x23 boxes/Box6.o
 .comment       0x00000000       0x23 boxes/Box7.o
 .comment       0x00000000       0x23 boxes/Box8.o
 .comment       0x00000000       0x23 boxes/Box9.o
 .comment       0x00000000       0x23 dropbox/DBox1clear.o
 .comment       0x00000000       0x23 dropbox/DBox2clear.o
 .comment       0x00000000       0x23 dropbox/DBox3clear.o
 .comment       0x00000000       0x23 dropbox/DBox4clear.o
 .comment       0x00000000       0x23 dropbox/DBox5clear.o
 .comment       0x00000000       0x23 dropbox/DBox6clear.o
 .comment       0x00000000       0x23 dropbox/DBox7clear.o
 .comment       0x00000000       0x23 dropbox/DBox8clear.o
 .comment       0x00000000       0x23 dropbox/DBox9clear.o
 .comment       0x00000000       0x23 dropbox/DBoxclear.o
 .comment       0x00000000       0x23 levels/StageTutPnP.o
 .comment       0x00000000       0x23 levels/StageTutPnPWALLS.o
 .comment       0x00000000       0x23 levels/Stage1Color.o
 .comment       0x00000000       0x23 levels/Stage1ColorWalls.o
 .comment       0x00000000       0x23 levels/Stage2ColorCombo.o
 .comment       0x00000000       0x23 levels/Stage2ColorComboWALL.o
 .comment       0x00000000       0x23 levels/Stage3NumberCombo.o
 .comment       0x00000000       0x23 levels/Stage3NumberComboWalls.o
 .comment       0x00000000       0x23 levels/Stage4.o
 .comment       0x00000000       0x23 levels/Stage4Walls.o
 .comment       0x00000000       0x23 levels/Stage5new.o
 .comment       0x00000000       0x23 levels/Stage5newWalls.o
 .comment       0x00000000       0x23 levels/Stage6Both.o
 .comment       0x00000000       0x23 levels/Stage6BothWalls.o
 .comment       0x00000000       0x23 levels/Stage7Both.o
 .comment       0x00000000       0x23 levels/Stage7BothWalls.o
 .comment       0x00000000       0x23 levels/Stage9Both.o
 .comment       0x00000000       0x23 levels/Stage9Walls.o
 .comment       0x00000000       0x23 other/EndZone.o
 .comment       0x00000000       0x23 player.o
 .comment       0x00000000       0x23 other/MovingBlocks.o
 .comment       0x00000000       0x23 tonclib/lib\libtonc.a(tonc_input.o)
 .comment       0x00000000       0x23 tonclib/lib\libtonc.a(tonc_oam.o)
 .comment       0x00000000       0x23 tonclib/lib\libtonc.a(tte_init_se.o)
 .comment       0x00000000       0x23 tonclib/lib\libtonc.a(tte_main.o)
 .comment       0x00000000       0x23 tonclib/lib\libtonc.a(tonc_surface.o)
 .comment       0x00000000       0x23 tonclib/lib\libtonc.a(se_drawg.o)
 .comment       0x00000000       0x23 tonclib/lib\libtonc.a(tonc_sbmp16.o)
 .comment       0x00000000       0x23 q:/devkitpro1.5.3/devkitarm/bin/../lib/gcc/arm-none-eabi/4.7.1/../../../../arm-none-eabi/lib/thumb\libc.a(lib_a-ctype_.o)
 .comment       0x00000000       0x23 q:/devkitpro1.5.3/devkitarm/bin/../lib/gcc/arm-none-eabi/4.7.1/../../../../arm-none-eabi/lib/thumb\libc.a(lib_a-init.o)
 .comment       0x00000000       0x23 q:/devkitpro1.5.3/devkitarm/bin/../lib/gcc/arm-none-eabi/4.7.1/../../../../arm-none-eabi/lib/thumb\libc.a(lib_a-memcpy-stub.o)
 .comment       0x00000000       0x23 q:/devkitpro1.5.3/devkitarm/bin/../lib/gcc/arm-none-eabi/4.7.1/../../../../arm-none-eabi/lib/thumb\libc.a(lib_a-memset.o)
 .comment       0x00000000       0x23 q:/devkitpro1.5.3/devkitarm/bin/../lib/gcc/arm-none-eabi/4.7.1/../../../../arm-none-eabi/lib/thumb\libc.a(lib_a-sprintf.o)
 .comment       0x00000000       0x23 q:/devkitpro1.5.3/devkitarm/bin/../lib/gcc/arm-none-eabi/4.7.1/../../../../arm-none-eabi/lib/thumb\libc.a(lib_a-strtol.o)
 .comment       0x00000000       0x23 q:/devkitpro1.5.3/devkitarm/bin/../lib/gcc/arm-none-eabi/4.7.1/../../../../arm-none-eabi/lib/thumb\libc.a(lib_a-svfprintf.o)
 .comment       0x00000000       0x23 q:/devkitpro1.5.3/devkitarm/bin/../lib/gcc/arm-none-eabi/4.7.1/../../../../arm-none-eabi/lib/thumb\libc.a(lib_a-wcrtomb.o)
 .comment       0x00000000       0x23 q:/devkitpro1.5.3/devkitarm/bin/../lib/gcc/arm-none-eabi/4.7.1/../../../../arm-none-eabi/lib/thumb\libc.a(lib_a-wcsrtombs.o)
 .comment       0x00000000       0x23 q:/devkitpro1.5.3/devkitarm/bin/../lib/gcc/arm-none-eabi/4.7.1/../../../../arm-none-eabi/lib/thumb\libc.a(lib_a-wctomb_r.o)
 .comment       0x00000000       0x23 q:/devkitpro1.5.3/devkitarm/bin/../lib/gcc/arm-none-eabi/4.7.1/../../../../arm-none-eabi/lib/thumb\libc.a(lib_a-dtoa.o)
 .comment       0x00000000       0x23 q:/devkitpro1.5.3/devkitarm/bin/../lib/gcc/arm-none-eabi/4.7.1/../../../../arm-none-eabi/lib/thumb\libc.a(lib_a-freer.o)
 .comment       0x00000000       0x23 q:/devkitpro1.5.3/devkitarm/bin/../lib/gcc/arm-none-eabi/4.7.1/../../../../arm-none-eabi/lib/thumb\libc.a(lib_a-impure.o)
 .comment       0x00000000       0x23 q:/devkitpro1.5.3/devkitarm/bin/../lib/gcc/arm-none-eabi/4.7.1/../../../../arm-none-eabi/lib/thumb\libc.a(lib_a-locale.o)
 .comment       0x00000000       0x23 q:/devkitpro1.5.3/devkitarm/bin/../lib/gcc/arm-none-eabi/4.7.1/../../../../arm-none-eabi/lib/thumb\libc.a(lib_a-mallocr.o)
 .comment       0x00000000       0x23 q:/devkitpro1.5.3/devkitarm/bin/../lib/gcc/arm-none-eabi/4.7.1/../../../../arm-none-eabi/lib/thumb\libc.a(lib_a-mbtowc_r.o)
 .comment       0x00000000       0x23 q:/devkitpro1.5.3/devkitarm/bin/../lib/gcc/arm-none-eabi/4.7.1/../../../../arm-none-eabi/lib/thumb\libc.a(lib_a-memchr-stub.o)
 .comment       0x00000000       0x23 q:/devkitpro1.5.3/devkitarm/bin/../lib/gcc/arm-none-eabi/4.7.1/../../../../arm-none-eabi/lib/thumb\libc.a(lib_a-mlock.o)
 .comment       0x00000000       0x23 q:/devkitpro1.5.3/devkitarm/bin/../lib/gcc/arm-none-eabi/4.7.1/../../../../arm-none-eabi/lib/thumb\libc.a(lib_a-mprec.o)
 .comment       0x00000000       0x23 q:/devkitpro1.5.3/devkitarm/bin/../lib/gcc/arm-none-eabi/4.7.1/../../../../arm-none-eabi/lib/thumb\libc.a(lib_a-s_fpclassify.o)
 .comment       0x00000000       0x23 q:/devkitpro1.5.3/devkitarm/bin/../lib/gcc/arm-none-eabi/4.7.1/../../../../arm-none-eabi/lib/thumb\libc.a(lib_a-strcasecmp.o)
 .comment       0x00000000       0x23 q:/devkitpro1.5.3/devkitarm/bin/../lib/gcc/arm-none-eabi/4.7.1/../../../../arm-none-eabi/lib/thumb\libc.a(lib_a-strcat.o)
 .comment       0x00000000       0x23 q:/devkitpro1.5.3/devkitarm/bin/../lib/gcc/arm-none-eabi/4.7.1/../../../../arm-none-eabi/lib/thumb\libc.a(lib_a-strchr.o)
 .comment       0x00000000       0x23 q:/devkitpro1.5.3/devkitarm/bin/../lib/gcc/arm-none-eabi/4.7.1/../../../../arm-none-eabi/lib/thumb\libc.a(lib_a-strcmp.o)
 .comment       0x00000000       0x23 q:/devkitpro1.5.3/devkitarm/bin/../lib/gcc/arm-none-eabi/4.7.1/../../../../arm-none-eabi/lib/thumb\libc.a(lib_a-strcpy.o)
 .comment       0x00000000       0x23 q:/devkitpro1.5.3/devkitarm/bin/../lib/gcc/arm-none-eabi/4.7.1/../../../../arm-none-eabi/lib/thumb\libc.a(lib_a-strlcpy.o)
 .comment       0x00000000       0x23 q:/devkitpro1.5.3/devkitarm/bin/../lib/gcc/arm-none-eabi/4.7.1/../../../../arm-none-eabi/lib/thumb\libc.a(lib_a-strlen.o)
 .comment       0x00000000       0x23 q:/devkitpro1.5.3/devkitarm/bin/../lib/gcc/arm-none-eabi/4.7.1/../../../../arm-none-eabi/lib/thumb\libc.a(lib_a-strncasecmp.o)
 .comment       0x00000000       0x23 q:/devkitpro1.5.3/devkitarm/bin/../lib/gcc/arm-none-eabi/4.7.1/../../../../arm-none-eabi/lib/thumb\libc.a(lib_a-strncmp.o)
 .comment       0x00000000       0x23 q:/devkitpro1.5.3/devkitarm/bin/../lib/gcc/arm-none-eabi/4.7.1/../../../../arm-none-eabi/lib/thumb\libc.a(lib_a-strncpy.o)
 .comment       0x00000000       0x23 q:/devkitpro1.5.3/devkitarm/bin/../lib/gcc/arm-none-eabi/4.7.1/../../../../arm-none-eabi/lib/thumb\libc.a(lib_a-svfiprintf.o)
 .comment       0x00000000       0x23 q:/devkitpro1.5.3/devkitarm/bin/../lib/gcc/arm-none-eabi/4.7.1/../../../../arm-none-eabi/lib/thumb\libc.a(lib_a-wcsnrtombs.o)
 .comment       0x00000000       0x23 q:/devkitpro1.5.3/devkitarm/bin/../lib/gcc/arm-none-eabi/4.7.1/../../../../arm-none-eabi/lib/thumb\libc.a(lib_a-callocr.o)
 .comment       0x00000000       0x23 q:/devkitpro1.5.3/devkitarm/bin/../lib/gcc/arm-none-eabi/4.7.1/../../../../arm-none-eabi/lib/thumb\libc.a(lib_a-getenv_r.o)
 .comment       0x00000000       0x23 q:/devkitpro1.5.3/devkitarm/bin/../lib/gcc/arm-none-eabi/4.7.1/../../../../arm-none-eabi/lib/thumb\libc.a(lib_a-memmove.o)
 .comment       0x00000000       0x23 q:/devkitpro1.5.3/devkitarm/bin/../lib/gcc/arm-none-eabi/4.7.1/../../../../arm-none-eabi/lib/thumb\libc.a(lib_a-reallocr.o)
 .comment       0x00000000       0x23 q:/devkitpro1.5.3/devkitarm/bin/../lib/gcc/arm-none-eabi/4.7.1/../../../../arm-none-eabi/lib/thumb\libc.a(lib_a-environ.o)
 .comment       0x00000000       0x23 q:/devkitpro1.5.3/devkitarm/bin/../lib/gcc/arm-none-eabi/4.7.1/../../../../arm-none-eabi/lib/thumb\libc.a(lib_a-envlock.o)
 .comment       0x00000000       0x23 q:/devkitpro1.5.3/devkitarm/bin/../lib/gcc/arm-none-eabi/4.7.1/../../../../arm-none-eabi/lib/thumb\libsysbase.a(sbrk.o)
 .comment       0x00000000       0x23 q:/devkitpro1.5.3/devkitarm/bin/../lib/gcc/arm-none-eabi/4.7.1/../../../../arm-none-eabi/lib/thumb\libsysbase.a(malloc_vars.o)
 .comment       0x00000000       0x23 q:/devkitpro1.5.3/devkitarm/bin/../lib/gcc/arm-none-eabi/4.7.1/thumb\libgcc.a(bpabi.o)
 .comment       0x00000000       0x23 q:/devkitpro1.5.3/devkitarm/bin/../lib/gcc/arm-none-eabi/4.7.1/thumb\libgcc.a(_muldi3.o)
 .comment       0x00000000       0x23 q:/devkitpro1.5.3/devkitarm/bin/../lib/gcc/arm-none-eabi/4.7.1/thumb\libgcc.a(_divdi3.o)
 .comment       0x00000000       0x23 q:/devkitpro1.5.3/devkitarm/bin/../lib/gcc/arm-none-eabi/4.7.1/thumb\libgcc.a(_udivdi3.o)
 .comment       0x00000000       0x23 q:/devkitpro1.5.3/devkitarm/bin/../lib/gcc/arm-none-eabi/4.7.1/thumb/crtend.o

.debug
 *(.debug)

.line
 *(.line)

.debug_srcinfo
 *(.debug_srcinfo)

.debug_sfnames
 *(.debug_sfnames)

.debug_aranges
 *(.debug_aranges)

.debug_pubnames
 *(.debug_pubnames)

.debug_info
 *(.debug_info)

.debug_abbrev
 *(.debug_abbrev)

.debug_line
 *(.debug_line)

.debug_frame
 *(.debug_frame)

.debug_str
 *(.debug_str)

.debug_loc
 *(.debug_loc)

.debug_macinfo
 *(.debug_macinfo)

.debug_weaknames
 *(.debug_weaknames)

.debug_funcnames
 *(.debug_funcnames)

.debug_typenames
 *(.debug_typenames)

.debug_varnames
 *(.debug_varnames)

.stack          0x00080000        0x0
                0x00080000                _stack = .
 *(.stack)

.note.gnu.arm.ident
 *(.note.gnu.arm.ident)

.ARM.attributes
                0x00000000       0x2d
 *(.ARM.attributes)
 .ARM.attributes
                0x00000000       0x18 q:/devkitpro1.5.3/devkitarm/bin/../lib/gcc/arm-none-eabi/4.7.1/../../../../arm-none-eabi/lib/thumb/gba_crt0.o
 .ARM.attributes
                0x00000018       0x18 q:/devkitpro1.5.3/devkitarm/bin/../lib/gcc/arm-none-eabi/4.7.1/thumb/crti.o
 .ARM.attributes
                0x00000030       0x32 q:/devkitpro1.5.3/devkitarm/bin/../lib/gcc/arm-none-eabi/4.7.1/thumb/crtbegin.o
 .ARM.attributes
                0x00000062       0x32 main.o
 .ARM.attributes
                0x00000094       0x32 boxes/BoxClear.o
 .ARM.attributes
                0x000000c6       0x32 boxes/Box1.o
 .ARM.attributes
                0x000000f8       0x32 boxes/Box2.o
 .ARM.attributes
                0x0000012a       0x32 boxes/Box3.o
 .ARM.attributes
                0x0000015c       0x32 boxes/Box4.o
 .ARM.attributes
                0x0000018e       0x32 boxes/Box5.o
 .ARM.attributes
                0x000001c0       0x32 boxes/Box6.o
 .ARM.attributes
                0x000001f2       0x32 boxes/Box7.o
 .ARM.attributes
                0x00000224       0x32 boxes/Box8.o
 .ARM.attributes
                0x00000256       0x32 boxes/Box9.o
 .ARM.attributes
                0x00000288       0x32 dropbox/DBox1clear.o
 .ARM.attributes
                0x000002ba       0x32 dropbox/DBox2clear.o
 .ARM.attributes
                0x000002ec       0x32 dropbox/DBox3clear.o
 .ARM.attributes
                0x0000031e       0x32 dropbox/DBox4clear.o
 .ARM.attributes
                0x00000350       0x32 dropbox/DBox5clear.o
 .ARM.attributes
                0x00000382       0x32 dropbox/DBox6clear.o
 .ARM.attributes
                0x000003b4       0x32 dropbox/DBox7clear.o
 .ARM.attributes
                0x000003e6       0x32 dropbox/DBox8clear.o
 .ARM.attributes
                0x00000418       0x32 dropbox/DBox9clear.o
 .ARM.attributes
                0x0000044a       0x32 dropbox/DBoxclear.o
 .ARM.attributes
                0x0000047c       0x32 levels/StageTutPnP.o
 .ARM.attributes
                0x000004ae       0x32 levels/StageTutPnPWALLS.o
 .ARM.attributes
                0x000004e0       0x32 levels/Stage1Color.o
 .ARM.attributes
                0x00000512       0x32 levels/Stage1ColorWalls.o
 .ARM.attributes
                0x00000544       0x32 levels/Stage2ColorCombo.o
 .ARM.attributes
                0x00000576       0x32 levels/Stage2ColorComboWALL.o
 .ARM.attributes
                0x000005a8       0x32 levels/Stage3NumberCombo.o
 .ARM.attributes
                0x000005da       0x32 levels/Stage3NumberComboWalls.o
 .ARM.attributes
                0x0000060c       0x32 levels/Stage4.o
 .ARM.attributes
                0x0000063e       0x32 levels/Stage4Walls.o
 .ARM.attributes
                0x00000670       0x32 levels/Stage5new.o
 .ARM.attributes
                0x000006a2       0x32 levels/Stage5newWalls.o
 .ARM.attributes
                0x000006d4       0x32 levels/Stage6Both.o
 .ARM.attributes
                0x00000706       0x32 levels/Stage6BothWalls.o
 .ARM.attributes
                0x00000738       0x32 levels/Stage7Both.o
 .ARM.attributes
                0x0000076a       0x32 levels/Stage7BothWalls.o
 .ARM.attributes
                0x0000079c       0x32 levels/Stage9Both.o
 .ARM.attributes
                0x000007ce       0x32 levels/Stage9Walls.o
 .ARM.attributes
                0x00000800       0x32 other/EndZone.o
 .ARM.attributes
                0x00000832       0x32 player.o
 .ARM.attributes
                0x00000864       0x32 other/MovingBlocks.o
 .ARM.attributes
                0x00000896       0x32 tonclib/lib\libtonc.a(tonc_input.o)
 .ARM.attributes
                0x000008c8       0x32 tonclib/lib\libtonc.a(tonc_oam.o)
 .ARM.attributes
                0x000008fa       0x32 tonclib/lib\libtonc.a(tte_init_se.o)
 .ARM.attributes
                0x0000092c       0x32 tonclib/lib\libtonc.a(tte_main.o)
 .ARM.attributes
                0x0000095e       0x16 tonclib/lib\libtonc.a(tonc_bios.o)
 .ARM.attributes
                0x00000974       0x16 tonclib/lib\libtonc.a(tonc_bios_ex.o)
 .ARM.attributes
                0x0000098a       0x18 tonclib/lib\libtonc.a(tonc_memcpy.o)
 .ARM.attributes
                0x000009a2       0x16 tonclib/lib\libtonc.a(sys8.o)
 .ARM.attributes
                0x000009b8       0x32 tonclib/lib\libtonc.a(tonc_surface.o)
 .ARM.attributes
                0x000009ea       0x32 tonclib/lib\libtonc.a(se_drawg.o)
 .ARM.attributes
                0x00000a1c       0x32 tonclib/lib\libtonc.a(tonc_sbmp16.o)
 .ARM.attributes
                0x00000a4e       0x18 tonclib/lib\libtonc.a(tonc_memset.o)
 .ARM.attributes
                0x00000a66       0x1a q:/devkitpro1.5.3/devkitarm/bin/../lib/gcc/arm-none-eabi/4.7.1/thumb\libgcc.a(_divsi3.o)
 .ARM.attributes
                0x00000a80       0x18 q:/devkitpro1.5.3/devkitarm/bin/../lib/gcc/arm-none-eabi/4.7.1/thumb\libgcc.a(_dvmd_tls.o)
 .ARM.attributes
                0x00000a98       0x32 q:/devkitpro1.5.3/devkitarm/bin/../lib/gcc/arm-none-eabi/4.7.1/../../../../arm-none-eabi/lib/thumb\libc.a(lib_a-ctype_.o)
 .ARM.attributes
                0x00000aca       0x32 q:/devkitpro1.5.3/devkitarm/bin/../lib/gcc/arm-none-eabi/4.7.1/../../../../arm-none-eabi/lib/thumb\libc.a(lib_a-init.o)
 .ARM.attributes
                0x00000afc       0x32 q:/devkitpro1.5.3/devkitarm/bin/../lib/gcc/arm-none-eabi/4.7.1/../../../../arm-none-eabi/lib/thumb\libc.a(lib_a-memcpy-stub.o)
 .ARM.attributes
                0x00000b2e       0x32 q:/devkitpro1.5.3/devkitarm/bin/../lib/gcc/arm-none-eabi/4.7.1/../../../../arm-none-eabi/lib/thumb\libc.a(lib_a-memset.o)
 .ARM.attributes